============================= test session starts ==============================
platform linux -- Python 3.12.3, pytest-7.4.4, pluggy-1.6.0 -- /mnt/d/workspace/ChatApplication/project-code/backend/venv/bin/python3
cachedir: .pytest_cache
rootdir: /mnt/d/workspace/ChatApplication/project-code/backend
configfile: pytest.ini
plugins: asyncio-0.23.4, cov-4.1.0
asyncio: mode=Mode.AUTO
collecting ... collected 25 items

tests/unit/models/test_chat.py::test_chat_session_creation_with_user ERROR [  4%]
tests/unit/models/test_chat.py::test_chat_session_anonymous_user ERROR   [  8%]
tests/unit/models/test_chat.py::test_chat_session_metadata_jsonb ERROR   [ 12%]
tests/unit/models/test_chat.py::test_message_cascade_delete ERROR        [ 16%]
tests/unit/models/test_chat.py::test_message_role_enum_and_jsonb ERROR   [ 20%]
tests/unit/models/test_document.py::test_document_soft_delete ERROR      [ 24%]
tests/unit/models/test_document.py::test_document_cascade_delete_chunks ERROR [ 28%]
tests/unit/models/test_document.py::test_document_chunk_vector_embedding SKIPPED [ 32%]
tests/unit/models/test_document.py::test_document_chunk_ordering ERROR   [ 36%]
tests/unit/models/test_relationships.py::test_async_relationship_loading ERROR [ 40%]
tests/unit/models/test_relationships.py::test_timestamp_automatic_updates ERROR [ 44%]
tests/unit/models/test_relationships.py::test_complex_query_multiple_relationships ERROR [ 48%]
tests/unit/models/test_relationships.py::test_bidirectional_relationships ERROR [ 52%]
tests/unit/models/test_source.py::test_data_source_with_all_source_types ERROR [ 56%]
tests/unit/models/test_source.py::test_data_source_config_jsonb ERROR    [ 60%]
tests/unit/models/test_source.py::test_sync_log_creation_and_metrics ERROR [ 64%]
tests/unit/models/test_source.py::test_sync_status_enum_transitions ERROR [ 68%]
tests/unit/models/test_user.py::test_user_creation_with_all_fields ERROR [ 72%]
tests/unit/models/test_user.py::test_user_email_unique_constraint ERROR  [ 76%]
tests/unit/models/test_user.py::test_user_role_enum_validation ERROR     [ 80%]
tests/unit/models/test_user.py::test_user_default_values ERROR           [ 84%]
tests/integration/models/test_model_integration.py::test_index_existence_verification ERROR [ 88%]
tests/integration/models/test_model_integration.py::test_full_crud_operations ERROR [ 92%]
tests/integration/models/test_model_integration.py::test_constraint_enforcement ERROR [ 96%]
tests/integration/models/test_model_integration.py::test_default_values_applied ERROR [100%]

==================================== ERRORS ====================================
____________ ERROR at setup of test_chat_session_creation_with_user ____________
venv/lib/python3.12/site-packages/sqlalchemy/engine/base.py:1969: in _exec_single_context
    self.dialect.do_execute(
        context    = <sqlalchemy.dialects.sqlite.aiosqlite.SQLiteExecutionContext_aiosqlite object at 0x78efe0bd21b0>
        cursor     = <sqlalchemy.dialects.sqlite.aiosqlite.AsyncAdapt_aiosqlite_cursor object at 0x78efe0ba7e20>
        dialect    = <sqlalchemy.dialects.sqlite.aiosqlite.SQLiteDialect_aiosqlite object at 0x78efe0cc3620>
        effective_parameters = ()
        evt_handled = False
        parameters = [()]
        self       = <sqlalchemy.engine.base.Connection object at 0x78efe0bd0380>
        statement  = <sqlalchemy.dialects.sqlite.base.SQLiteDDLCompiler object at 0x78efe0bd18e0>
        str_statement = 'CREATE UNIQUE INDEX ix_users_email ON users (email)'
venv/lib/python3.12/site-packages/sqlalchemy/engine/default.py:922: in do_execute
    cursor.execute(statement, parameters)
        context    = <sqlalchemy.dialects.sqlite.aiosqlite.SQLiteExecutionContext_aiosqlite object at 0x78efe0bd21b0>
        cursor     = <sqlalchemy.dialects.sqlite.aiosqlite.AsyncAdapt_aiosqlite_cursor object at 0x78efe0ba7e20>
        parameters = ()
        self       = <sqlalchemy.dialects.sqlite.aiosqlite.SQLiteDialect_aiosqlite object at 0x78efe0cc3620>
        statement  = 'CREATE UNIQUE INDEX ix_users_email ON users (email)'
venv/lib/python3.12/site-packages/sqlalchemy/dialects/sqlite/aiosqlite.py:146: in execute
    self._adapt_connection._handle_exception(error)
        _cursor    = <aiosqlite.cursor.Cursor object at 0x78efe0bd2210>
        operation  = 'CREATE UNIQUE INDEX ix_users_email ON users (email)'
        parameters = ()
        self       = <sqlalchemy.dialects.sqlite.aiosqlite.AsyncAdapt_aiosqlite_cursor object at 0x78efe0ba7e20>
venv/lib/python3.12/site-packages/sqlalchemy/dialects/sqlite/aiosqlite.py:298: in _handle_exception
    raise error
        error      = OperationalError('index ix_users_email already exists')
        self       = <AdaptedConnection <aiosqlite.core.Connection object at 0x78efe0bd0950>>
venv/lib/python3.12/site-packages/sqlalchemy/dialects/sqlite/aiosqlite.py:128: in execute
    self.await_(_cursor.execute(operation, parameters))
        _cursor    = <aiosqlite.cursor.Cursor object at 0x78efe0bd2210>
        operation  = 'CREATE UNIQUE INDEX ix_users_email ON users (email)'
        parameters = ()
        self       = <sqlalchemy.dialects.sqlite.aiosqlite.AsyncAdapt_aiosqlite_cursor object at 0x78efe0ba7e20>
venv/lib/python3.12/site-packages/sqlalchemy/util/_concurrency_py3k.py:130: in await_only
    return current.driver.switch(awaitable)  # type: ignore[no-any-return]
        awaitable  = <coroutine object Cursor.execute at 0x78efe0be19a0>
        current    = <_AsyncIoGreenlet object at 0x78efe0b41940 (otid=0x1d6ace30) dead>
venv/lib/python3.12/site-packages/sqlalchemy/util/_concurrency_py3k.py:195: in greenlet_spawn
    value = await result
        _require_await = False
        args       = (<sqlalchemy.engine.base.Connection object at 0x78efe0bd0380>,)
        context    = <_AsyncIoGreenlet object at 0x78efe0b41940 (otid=0x1d6ace30) dead>
        fn         = <bound method MetaData.create_all of MetaData()>
        kwargs     = {}
        result     = <coroutine object Cursor.execute at 0x78efe0be19a0>
        switch_occurred = True
        value      = <aiosqlite.cursor.Cursor object at 0x78efe0bd2210>
venv/lib/python3.12/site-packages/aiosqlite/cursor.py:40: in execute
    await self._execute(self._cursor.execute, sql, parameters)
        parameters = ()
        self       = <aiosqlite.cursor.Cursor object at 0x78efe0bd2210>
        sql        = 'CREATE UNIQUE INDEX ix_users_email ON users (email)'
venv/lib/python3.12/site-packages/aiosqlite/cursor.py:32: in _execute
    return await self._conn._execute(fn, *args, **kwargs)
        args       = ('CREATE UNIQUE INDEX ix_users_email ON users (email)', ())
        fn         = <built-in method execute of sqlite3.Cursor object at 0x78efe0bb97c0>
        kwargs     = {}
        self       = <aiosqlite.cursor.Cursor object at 0x78efe0bd2210>
venv/lib/python3.12/site-packages/aiosqlite/core.py:160: in _execute
    return await future
        args       = ('CREATE UNIQUE INDEX ix_users_email ON users (email)', ())
        fn         = <built-in method execute of sqlite3.Cursor object at 0x78efe0bb97c0>
        function   = functools.partial(<built-in method execute of sqlite3.Cursor object at 0x78efe0bb97c0>, 'CREATE UNIQUE INDEX ix_users_email ON users (email)', ())
        future     = <Future finished exception=OperationalError('index ix_users_email already exists')>
        kwargs     = {}
        self       = <aiosqlite.core.Connection object at 0x78efe0bd0950>
venv/lib/python3.12/site-packages/aiosqlite/core.py:63: in _connection_worker_thread
    result = function()
E   sqlite3.OperationalError: index ix_users_email already exists
        function   = functools.partial(<built-in method rollback of sqlite3.Connection object at 0x78efe0b6f2e0>)
        future     = <Future finished result=None>
        result     = None
        tx         = <_queue.SimpleQueue object at 0x78efe0bd7060>

The above exception was the direct cause of the following exception:
venv/lib/python3.12/site-packages/pytest_asyncio/plugin.py:336: in _asyncgen_fixture_wrapper
    result = event_loop.run_until_complete(setup())
        event_loop = <_UnixSelectorEventLoop running=False closed=False debug=False>
        event_loop_fixture_id = '_session_event_loop'
        finalizer  = <function _wrap_asyncgen_fixture.<locals>._asyncgen_fixture_wrapper.<locals>.finalizer at 0x78efe0ba99e0>
        fixture    = <function engine at 0x78f001182b60>
        fixturedef = <FixtureDef argname='engine' scope='session' baseid='tests'>
        func       = <function engine at 0x78f001182b60>
        gen_obj    = <async_generator object engine at 0x78efe0b6ec50>
        kwargs     = {}
        request    = <SubRequest 'engine' for <Coroutine test_chat_session_creation_with_user>>
        setup      = <function _wrap_asyncgen_fixture.<locals>._asyncgen_fixture_wrapper.<locals>.setup at 0x78efe0ba9a80>
/usr/lib/python3.12/asyncio/base_events.py:687: in run_until_complete
    return future.result()
        future     = <Task finished name='Task-1' coro=<_wrap_asyncgen_fixture.<locals>._asyncgen_fixture_wrapper.<locals>.setup() done, defined at /mnt/d/workspace/ChatApplication/project-code/backend/venv/lib/python3.12/site-packages/pytest_asyncio/plugin.py:317> exception=OperationalError('(sqlite3.OperationalError) index ix_users_email already exists')>
        new_task   = True
        self       = <_UnixSelectorEventLoop running=False closed=False debug=False>
venv/lib/python3.12/site-packages/pytest_asyncio/plugin.py:318: in setup
    res = await gen_obj.__anext__()
        gen_obj    = <async_generator object engine at 0x78efe0b6ec50>
tests/conftest.py:62: in engine
    await conn.run_sync(Base.metadata.create_all)
        conn       = <sqlalchemy.ext.asyncio.engine.AsyncConnection object at 0x78efe0bd6850>
        test_engine = <sqlalchemy.ext.asyncio.engine.AsyncEngine object at 0x78f001041090>
venv/lib/python3.12/site-packages/sqlalchemy/ext/asyncio/engine.py:891: in run_sync
    return await greenlet_spawn(fn, self._proxied, *arg, **kw)
        arg        = ()
        fn         = <bound method MetaData.create_all of MetaData()>
        kw         = {}
        self       = <sqlalchemy.ext.asyncio.engine.AsyncConnection object at 0x78efe0bd6850>
venv/lib/python3.12/site-packages/sqlalchemy/util/_concurrency_py3k.py:200: in greenlet_spawn
    result = context.throw(*sys.exc_info())
        _require_await = False
        args       = (<sqlalchemy.engine.base.Connection object at 0x78efe0bd0380>,)
        context    = <_AsyncIoGreenlet object at 0x78efe0b41940 (otid=0x1d6ace30) dead>
        fn         = <bound method MetaData.create_all of MetaData()>
        kwargs     = {}
        result     = <coroutine object Cursor.execute at 0x78efe0be19a0>
        switch_occurred = True
        value      = <aiosqlite.cursor.Cursor object at 0x78efe0bd2210>
venv/lib/python3.12/site-packages/sqlalchemy/sql/schema.py:5832: in create_all
    bind._run_ddl_visitor(
        bind       = <sqlalchemy.engine.base.Connection object at 0x78efe0bd0380>
        checkfirst = True
        self       = MetaData()
        tables     = None
venv/lib/python3.12/site-packages/sqlalchemy/engine/base.py:2448: in _run_ddl_visitor
    visitorcallable(self.dialect, self, **kwargs).traverse_single(element)
        element    = MetaData()
        kwargs     = {'checkfirst': True, 'tables': None}
        self       = <sqlalchemy.engine.base.Connection object at 0x78efe0bd0380>
        visitorcallable = <class 'sqlalchemy.sql.ddl.SchemaGenerator'>
venv/lib/python3.12/site-packages/sqlalchemy/sql/visitors.py:671: in traverse_single
    return meth(obj, **kw)
        kw         = {}
        meth       = <bound method SchemaGenerator.visit_metadata of <sqlalchemy.sql.ddl.SchemaGenerator object at 0x78efe0ce40d0>>
        obj        = MetaData()
        self       = <sqlalchemy.sql.ddl.SchemaGenerator object at 0x78efe0ce40d0>
        v          = <sqlalchemy.sql.ddl.SchemaGenerator object at 0x78efe0ce40d0>
venv/lib/python3.12/site-packages/sqlalchemy/sql/ddl.py:919: in visit_metadata
    self.traverse_single(
        collection = [(Table('users', MetaData(), Column('id', GUID(), table=<users>, primary_key=True, nullable=False, default=CallableColumnDefault(<function uuid4 at 0x78f001182de0>)), Column('email', String(length=255), table=<users>), Column('password_hash', String(length=255), table=<users>), Column('role', Enum('ADMIN', 'USER', 'ANONYMOUS', name='user_role'), table=<users>, nullable=False, default=ScalarElementColumnDefault(<UserRole.ANONYMOUS: 'anonymous'>)), Column('is_active', Boolean(), table=<users>, nullable=False, default=ScalarElementColumnDefault(True)), Column('created_at', DateTime(timezone=True), table=<users>, nullable=False, default=CallableColumnDefault(<function datetime.utcnow at 0x78f0011e8ea0>)), Column('last_login', DateTime(timezone=True), table=<users>), schema=None),
  set()),
 (Table('chat_sessions', MetaData(), Column('id', GUID(), table=<chat_sessions>, primary_key=True, nullable=False, default=CallableColumnDefault(<function uuid4 at 0x78f001078720>)), Column('user_id', GUID(), ForeignKey('users.id'), table=<chat_sessions>), Column('session_token', String(length=255), table=<chat_sessions>, nullable=False), Column('created_at', DateTime(timezone=True), table=<chat_sessions>, nullable=False, default=CallableColumnDefault(<function datetime.utcnow at 0x78f0010787c0>)), Column('updated_at', DateTime(timezone=True), table=<chat_sessions>, nullable=False, onupdate=CallableColumnDefault(<function datetime.utcnow at 0x78f001078ae0>), default=CallableColumnDefault(<function datetime.utcnow at 0x78f001078a40>)), Column('metadata', JSON(), table=<chat_sessions>, default=CallableColumnDefault(<function dict at 0x78f001078b80>)), schema=None),
  {ForeignKeyConstraint(<sqlalchemy.sql.base.ReadOnlyColumnCollection object at 0x78efdb3365c0>, None, ondelete='SET NULL', table=Table('chat_sessions', MetaData(), Column('id', GUID(), table=<chat_sessions>, primary_key=True, nullable=False, default=CallableColumnDefault(<function uuid4 at 0x78f001078720>)), Column('user_id', GUID(), ForeignKey('users.id'), table=<chat_sessions>), Column('session_token', String(length=255), table=<chat_sessions>, nullable=False), Column('created_at', DateTime(timezone=True), table=<chat_sessions>, nullable=False, default=CallableColumnDefault(<function datetime.utcnow at 0x78f0010787c0>)), Column('updated_at', DateTime(timezone=True), table=<chat_sessions>, nullable=False, onupdate=CallableColumnDefault(<function datetime.utcnow at 0x78f001078ae0>), default=CallableColumnDefault(<function datetime.utcnow at 0x78f001078a40>)), Column('metadata', JSON(), table=<chat_sessions>, default=CallableColumnDefault(<function dict at 0x78f001078b80>)), schema=None))}),
 (Table('data_sources', MetaData(), Column('id', GUID(), table=<data_sources>, primary_key=True, nullable=False, default=CallableColumnDefault(<function uuid4 at 0x78f00107bd80>)), Column('name', String(length=255), table=<data_sources>, nullable=False), Column('type', Enum('CONFLUENCE', 'JIRA', 'GITHUB', 'ONBOARDING', name='source_type'), table=<data_sources>, nullable=False), Column('config', JSON(), table=<data_sources>, nullable=False, default=CallableColumnDefault(<function dict at 0x78f001018040>)), Column('last_sync_at', DateTime(timezone=True), table=<data_sources>), Column('sync_status', Enum('PENDING', 'SYNCING', 'SUCCESS', 'FAILED', name='sync_status'), table=<data_sources>, nullable=False, default=ScalarElementColumnDefault(<SyncStatus.PENDING: 'pending'>)), Column('sync_error', Text(), table=<data_sources>), Column('created_by', GUID(), ForeignKey('users.id'), table=<data_sources>, nullable=False), Column('is_active', Boolean(), table=<data_sources>, nullable=False, default=ScalarElementColumnDefault(True)), schema=None),
  {ForeignKeyConstraint(<sqlalchemy.sql.base.ReadOnlyColumnCollection object at 0x78efdb336610>, None, ondelete='CASCADE', table=Table('data_sources', MetaData(), Column('id', GUID(), table=<data_sources>, primary_key=True, nullable=False, default=CallableColumnDefault(<function uuid4 at 0x78f00107bd80>)), Column('name', String(length=255), table=<data_sources>, nullable=False), Column('type', Enum('CONFLUENCE', 'JIRA', 'GITHUB', 'ONBOARDING', name='source_type'), table=<data_sources>, nullable=False), Column('config', JSON(), table=<data_sources>, nullable=False, default=CallableColumnDefault(<function dict at 0x78f001018040>)), Column('last_sync_at', DateTime(timezone=True), table=<data_sources>), Column('sync_status', Enum('PENDING', 'SYNCING', 'SUCCESS', 'FAILED', name='sync_status'), table=<data_sources>, nullable=False, default=ScalarElementColumnDefault(<SyncStatus.PENDING: 'pending'>)), Column('sync_error', Text(), table=<data_sources>), Column('created_by', GUID(), ForeignKey('users.id'), table=<data_sources>, nullable=False), Column('is_active', Boolean(), table=<data_sources>, nullable=False, default=ScalarElementColumnDefault(True)), schema=None))}),
 (Table('messages', MetaData(), Column('id', GUID(), table=<messages>, primary_key=True, nullable=False, default=CallableColumnDefault(<function uuid4 at 0x78f00107a020>)), Column('session_id', GUID(), ForeignKey('chat_sessions.id'), table=<messages>, nullable=False), Column('role', Enum('USER', 'ASSISTANT', 'SYSTEM', name='message_role'), table=<messages>, nullable=False), Column('content', Text(), table=<messages>, nullable=False), Column('created_at', DateTime(timezone=True), table=<messages>, nullable=False, default=CallableColumnDefault(<function datetime.utcnow at 0x78f00107a3e0>)), Column('sources', JSON(), table=<messages>, default=CallableColumnDefault(<function dict at 0x78f00107a520>)), Column('feedback', JSON(), table=<messages>, default=CallableColumnDefault(<function dict at 0x78f00107a660>)), schema=None),
  {ForeignKeyConstraint(<sqlalchemy.sql.base.ReadOnlyColumnCollection object at 0x78efdb3366b0>, None, ondelete='CASCADE', table=Table('messages', MetaData(), Column('id', GUID(), table=<messages>, primary_key=True, nullable=False, default=CallableColumnDefault(<function uuid4 at 0x78f00107a020>)), Column('session_id', GUID(), ForeignKey('chat_sessions.id'), table=<messages>, nullable=False), Column('role', Enum('USER', 'ASSISTANT', 'SYSTEM', name='message_role'), table=<messages>, nullable=False), Column('content', Text(), table=<messages>, nullable=False), Column('created_at', DateTime(timezone=True), table=<messages>, nullable=False, default=CallableColumnDefault(<function datetime.utcnow at 0x78f00107a3e0>)), Column('sources', JSON(), table=<messages>, default=CallableColumnDefault(<function dict at 0x78f00107a520>)), Column('feedback', JSON(), table=<messages>, default=CallableColumnDefault(<function dict at 0x78f00107a660>)), schema=None))}),
 (Table('sync_logs', MetaData(), Column('id', GUID(), table=<sync_logs>, primary_key=True, nullable=False, default=CallableColumnDefault(<function uuid4 at 0x78f00101a3e0>)), Column('source_id', GUID(), ForeignKey('data_sources.id'), table=<sync_logs>, nullable=False), Column('started_at', DateTime(timezone=True), table=<sync_logs>, nullable=False, default=CallableColumnDefault(<function datetime.utcnow at 0x78f00101a480>)), Column('completed_at', DateTime(timezone=True), table=<sync_logs>), Column('status', Enum('PENDING', 'SYNCING', 'SUCCESS', 'FAILED', name='sync_status'), table=<sync_logs>, nullable=False, default=ScalarElementColumnDefault(<SyncStatus.PENDING: 'pending'>)), Column('documents_processed', Integer(), table=<sync_logs>, nullable=False, default=ScalarElementColumnDefault(0)), Column('documents_added', Integer(), table=<sync_logs>, nullable=False, default=ScalarElementColumnDefault(0)), Column('documents_updated', Integer(), table=<sync_logs>, nullable=False, default=ScalarElementColumnDefault(0)), Column('documents_deleted', Integer(), table=<sync_logs>, nullable=False, default=ScalarElementColumnDefault(0)), Column('error_log', Text(), table=<sync_logs>), schema=None),
  {ForeignKeyConstraint(<sqlalchemy.sql.base.ReadOnlyColumnCollection object at 0x78efdb336660>, None, ondelete='CASCADE', table=Table('sync_logs', MetaData(), Column('id', GUID(), table=<sync_logs>, primary_key=True, nullable=False, default=CallableColumnDefault(<function uuid4 at 0x78f00101a3e0>)), Column('source_id', GUID(), ForeignKey('data_sources.id'), table=<sync_logs>, nullable=False), Column('started_at', DateTime(timezone=True), table=<sync_logs>, nullable=False, default=CallableColumnDefault(<function datetime.utcnow at 0x78f00101a480>)), Column('completed_at', DateTime(timezone=True), table=<sync_logs>), Column('status', Enum('PENDING', 'SYNCING', 'SUCCESS', 'FAILED', name='sync_status'), table=<sync_logs>, nullable=False, default=ScalarElementColumnDefault(<SyncStatus.PENDING: 'pending'>)), Column('documents_processed', Integer(), table=<sync_logs>, nullable=False, default=ScalarElementColumnDefault(0)), Column('documents_added', Integer(), table=<sync_logs>, nullable=False, default=ScalarElementColumnDefault(0)), Column('documents_updated', Integer(), table=<sync_logs>, nullable=False, default=ScalarElementColumnDefault(0)), Column('documents_deleted', Integer(), table=<sync_logs>, nullable=False, default=ScalarElementColumnDefault(0)), Column('error_log', Text(), table=<sync_logs>), schema=None))}),
 (Table('documents', MetaData(), Column('id', UUID(), table=<documents>, primary_key=True, nullable=False, default=CallableColumnDefault(<function uuid4 at 0x78f00101bec0>)), Column('source_id', UUID(), ForeignKey('data_sources.id'), table=<documents>, nullable=False), Column('external_id', String(length=255), table=<documents>, nullable=False), Column('title', Text(), table=<documents>, nullable=False), Column('content', Text(), table=<documents>, nullable=False), Column('url', Text(), table=<documents>), Column('metadata', JSONB(astext_type=Text()), table=<documents>, default=CallableColumnDefault(<function dict at 0x78f000fec360>)), Column('created_at', DateTime(timezone=True), table=<documents>, nullable=False, default=CallableColumnDefault(<function datetime.utcnow at 0x78efe0cbef20>)), Column('updated_at', DateTime(timezone=True), table=<documents>, nullable=False, onupdate=CallableColumnDefault(<function datetime.utcnow at 0x78efe0cbf060>), default=CallableColumnDefault(<function datetime.utcnow at 0x78efe0cbefc0>)), Column('is_deleted', Boolean(), table=<documents>, nullable=False, default=ScalarElementColumnDefault(False)), schema=None),
  {ForeignKeyConstraint(<sqlalchemy.sql.base.ReadOnlyColumnCollection object at 0x78efdb336750>, None, ondelete='CASCADE', table=Table('documents', MetaData(), Column('id', UUID(), table=<documents>, primary_key=True, nullable=False, default=CallableColumnDefault(<function uuid4 at 0x78f00101bec0>)), Column('source_id', UUID(), ForeignKey('data_sources.id'), table=<documents>, nullable=False), Column('external_id', String(length=255), table=<documents>, nullable=False), Column('title', Text(), table=<documents>, nullable=False), Column('content', Text(), table=<documents>, nullable=False), Column('url', Text(), table=<documents>), Column('metadata', JSONB(astext_type=Text()), table=<documents>, default=CallableColumnDefault(<function dict at 0x78f000fec360>)), Column('created_at', DateTime(timezone=True), table=<documents>, nullable=False, default=CallableColumnDefault(<function datetime.utcnow at 0x78efe0cbef20>)), Column('updated_at', DateTime(timezone=True), table=<documents>, nullable=False, onupdate=CallableColumnDefault(<function datetime.utcnow at 0x78efe0cbf060>), default=CallableColumnDefault(<function datetime.utcnow at 0x78efe0cbefc0>)), Column('is_deleted', Boolean(), table=<documents>, nullable=False, default=ScalarElementColumnDefault(False)), schema=None))}),
 (Table('document_chunks', MetaData(), Column('id', UUID(), table=<document_chunks>, primary_key=True, nullable=False, default=CallableColumnDefault(<function uuid4 at 0x78efe0ce0720>)), Column('document_id', UUID(), ForeignKey('documents.id'), table=<document_chunks>, nullable=False), Column('chunk_index', Integer(), table=<document_chunks>, nullable=False), Column('content', Text(), table=<document_chunks>, nullable=False), Column('embedding', Vector(dim=384), table=<document_chunks>), Column('metadata', JSONB(astext_type=Text()), table=<document_chunks>, default=CallableColumnDefault(<function dict at 0x78efe0ce07c0>)), Column('created_at', DateTime(timezone=True), table=<document_chunks>, nullable=False, default=CallableColumnDefault(<function datetime.utcnow at 0x78efe0ce09a0>)), schema=None),
  {ForeignKeyConstraint(<sqlalchemy.sql.base.ReadOnlyColumnCollection object at 0x78efdb3367a0>, None, ondelete='CASCADE', table=Table('document_chunks', MetaData(), Column('id', UUID(), table=<document_chunks>, primary_key=True, nullable=False, default=CallableColumnDefault(<function uuid4 at 0x78efe0ce0720>)), Column('document_id', UUID(), ForeignKey('documents.id'), table=<document_chunks>, nullable=False), Column('chunk_index', Integer(), table=<document_chunks>, nullable=False), Column('content', Text(), table=<document_chunks>, nullable=False), Column('embedding', Vector(dim=384), table=<document_chunks>), Column('metadata', JSONB(astext_type=Text()), table=<document_chunks>, default=CallableColumnDefault(<function dict at 0x78efe0ce07c0>)), Column('created_at', DateTime(timezone=True), table=<document_chunks>, nullable=False, default=CallableColumnDefault(<function datetime.utcnow at 0x78efe0ce09a0>)), schema=None))}),
 (None, [])]
        event_collection = [Table('users', MetaData(), Column('id', GUID(), table=<users>, primary_key=True, nullable=False, default=CallableColumnDefault(<function uuid4 at 0x78f001182de0>)), Column('email', String(length=255), table=<users>), Column('password_hash', String(length=255), table=<users>), Column('role', Enum('ADMIN', 'USER', 'ANONYMOUS', name='user_role'), table=<users>, nullable=False, default=ScalarElementColumnDefault(<UserRole.ANONYMOUS: 'anonymous'>)), Column('is_active', Boolean(), table=<users>, nullable=False, default=ScalarElementColumnDefault(True)), Column('created_at', DateTime(timezone=True), table=<users>, nullable=False, default=CallableColumnDefault(<function datetime.utcnow at 0x78f0011e8ea0>)), Column('last_login', DateTime(timezone=True), table=<users>), schema=None),
 Table('chat_sessions', MetaData(), Column('id', GUID(), table=<chat_sessions>, primary_key=True, nullable=False, default=CallableColumnDefault(<function uuid4 at 0x78f001078720>)), Column('user_id', GUID(), ForeignKey('users.id'), table=<chat_sessions>), Column('session_token', String(length=255), table=<chat_sessions>, nullable=False), Column('created_at', DateTime(timezone=True), table=<chat_sessions>, nullable=False, default=CallableColumnDefault(<function datetime.utcnow at 0x78f0010787c0>)), Column('updated_at', DateTime(timezone=True), table=<chat_sessions>, nullable=False, onupdate=CallableColumnDefault(<function datetime.utcnow at 0x78f001078ae0>), default=CallableColumnDefault(<function datetime.utcnow at 0x78f001078a40>)), Column('metadata', JSON(), table=<chat_sessions>, default=CallableColumnDefault(<function dict at 0x78f001078b80>)), schema=None),
 Table('data_sources', MetaData(), Column('id', GUID(), table=<data_sources>, primary_key=True, nullable=False, default=CallableColumnDefault(<function uuid4 at 0x78f00107bd80>)), Column('name', String(length=255), table=<data_sources>, nullable=False), Column('type', Enum('CONFLUENCE', 'JIRA', 'GITHUB', 'ONBOARDING', name='source_type'), table=<data_sources>, nullable=False), Column('config', JSON(), table=<data_sources>, nullable=False, default=CallableColumnDefault(<function dict at 0x78f001018040>)), Column('last_sync_at', DateTime(timezone=True), table=<data_sources>), Column('sync_status', Enum('PENDING', 'SYNCING', 'SUCCESS', 'FAILED', name='sync_status'), table=<data_sources>, nullable=False, default=ScalarElementColumnDefault(<SyncStatus.PENDING: 'pending'>)), Column('sync_error', Text(), table=<data_sources>), Column('created_by', GUID(), ForeignKey('users.id'), table=<data_sources>, nullable=False), Column('is_active', Boolean(), table=<data_sources>, nullable=False, default=ScalarElementColumnDefault(True)), schema=None),
 Table('messages', MetaData(), Column('id', GUID(), table=<messages>, primary_key=True, nullable=False, default=CallableColumnDefault(<function uuid4 at 0x78f00107a020>)), Column('session_id', GUID(), ForeignKey('chat_sessions.id'), table=<messages>, nullable=False), Column('role', Enum('USER', 'ASSISTANT', 'SYSTEM', name='message_role'), table=<messages>, nullable=False), Column('content', Text(), table=<messages>, nullable=False), Column('created_at', DateTime(timezone=True), table=<messages>, nullable=False, default=CallableColumnDefault(<function datetime.utcnow at 0x78f00107a3e0>)), Column('sources', JSON(), table=<messages>, default=CallableColumnDefault(<function dict at 0x78f00107a520>)), Column('feedback', JSON(), table=<messages>, default=CallableColumnDefault(<function dict at 0x78f00107a660>)), schema=None),
 Table('sync_logs', MetaData(), Column('id', GUID(), table=<sync_logs>, primary_key=True, nullable=False, default=CallableColumnDefault(<function uuid4 at 0x78f00101a3e0>)), Column('source_id', GUID(), ForeignKey('data_sources.id'), table=<sync_logs>, nullable=False), Column('started_at', DateTime(timezone=True), table=<sync_logs>, nullable=False, default=CallableColumnDefault(<function datetime.utcnow at 0x78f00101a480>)), Column('completed_at', DateTime(timezone=True), table=<sync_logs>), Column('status', Enum('PENDING', 'SYNCING', 'SUCCESS', 'FAILED', name='sync_status'), table=<sync_logs>, nullable=False, default=ScalarElementColumnDefault(<SyncStatus.PENDING: 'pending'>)), Column('documents_processed', Integer(), table=<sync_logs>, nullable=False, default=ScalarElementColumnDefault(0)), Column('documents_added', Integer(), table=<sync_logs>, nullable=False, default=ScalarElementColumnDefault(0)), Column('documents_updated', Integer(), table=<sync_logs>, nullable=False, default=ScalarElementColumnDefault(0)), Column('documents_deleted', Integer(), table=<sync_logs>, nullable=False, default=ScalarElementColumnDefault(0)), Column('error_log', Text(), table=<sync_logs>), schema=None),
 Table('documents', MetaData(), Column('id', UUID(), table=<documents>, primary_key=True, nullable=False, default=CallableColumnDefault(<function uuid4 at 0x78f00101bec0>)), Column('source_id', UUID(), ForeignKey('data_sources.id'), table=<documents>, nullable=False), Column('external_id', String(length=255), table=<documents>, nullable=False), Column('title', Text(), table=<documents>, nullable=False), Column('content', Text(), table=<documents>, nullable=False), Column('url', Text(), table=<documents>), Column('metadata', JSONB(astext_type=Text()), table=<documents>, default=CallableColumnDefault(<function dict at 0x78f000fec360>)), Column('created_at', DateTime(timezone=True), table=<documents>, nullable=False, default=CallableColumnDefault(<function datetime.utcnow at 0x78efe0cbef20>)), Column('updated_at', DateTime(timezone=True), table=<documents>, nullable=False, onupdate=CallableColumnDefault(<function datetime.utcnow at 0x78efe0cbf060>), default=CallableColumnDefault(<function datetime.utcnow at 0x78efe0cbefc0>)), Column('is_deleted', Boolean(), table=<documents>, nullable=False, default=ScalarElementColumnDefault(False)), schema=None),
 Table('document_chunks', MetaData(), Column('id', UUID(), table=<document_chunks>, primary_key=True, nullable=False, default=CallableColumnDefault(<function uuid4 at 0x78efe0ce0720>)), Column('document_id', UUID(), ForeignKey('documents.id'), table=<document_chunks>, nullable=False), Column('chunk_index', Integer(), table=<document_chunks>, nullable=False), Column('content', Text(), table=<document_chunks>, nullable=False), Column('embedding', Vector(dim=384), table=<document_chunks>), Column('metadata', JSONB(astext_type=Text()), table=<document_chunks>, default=CallableColumnDefault(<function dict at 0x78efe0ce07c0>)), Column('created_at', DateTime(timezone=True), table=<document_chunks>, nullable=False, default=CallableColumnDefault(<function datetime.utcnow at 0x78efe0ce09a0>)), schema=None)]
        fkcs       = set()
        metadata   = MetaData()
        self       = <sqlalchemy.sql.ddl.SchemaGenerator object at 0x78efe0ce40d0>
        seq_coll   = []
        table      = Table('users', MetaData(), Column('id', GUID(), table=<users>, primary_key=True, nullable=False, default=CallableColumnDefault(<function uuid4 at 0x78f001182de0>)), Column('email', String(length=255), table=<users>), Column('password_hash', String(length=255), table=<users>), Column('role', Enum('ADMIN', 'USER', 'ANONYMOUS', name='user_role'), table=<users>, nullable=False, default=ScalarElementColumnDefault(<UserRole.ANONYMOUS: 'anonymous'>)), Column('is_active', Boolean(), table=<users>, nullable=False, default=ScalarElementColumnDefault(True)), Column('created_at', DateTime(timezone=True), table=<users>, nullable=False, default=CallableColumnDefault(<function datetime.utcnow at 0x78f0011e8ea0>)), Column('last_login', DateTime(timezone=True), table=<users>), schema=None)
        tables     = [Table('users', MetaData(), Column('id', GUID(), table=<users>, primary_key=True, nullable=False, default=CallableColumnDefault(<function uuid4 at 0x78f001182de0>)), Column('email', String(length=255), table=<users>), Column('password_hash', String(length=255), table=<users>), Column('role', Enum('ADMIN', 'USER', 'ANONYMOUS', name='user_role'), table=<users>, nullable=False, default=ScalarElementColumnDefault(<UserRole.ANONYMOUS: 'anonymous'>)), Column('is_active', Boolean(), table=<users>, nullable=False, default=ScalarElementColumnDefault(True)), Column('created_at', DateTime(timezone=True), table=<users>, nullable=False, default=CallableColumnDefault(<function datetime.utcnow at 0x78f0011e8ea0>)), Column('last_login', DateTime(timezone=True), table=<users>), schema=None),
 Table('chat_sessions', MetaData(), Column('id', GUID(), table=<chat_sessions>, primary_key=True, nullable=False, default=CallableColumnDefault(<function uuid4 at 0x78f001078720>)), Column('user_id', GUID(), ForeignKey('users.id'), table=<chat_sessions>), Column('session_token', String(length=255), table=<chat_sessions>, nullable=False), Column('created_at', DateTime(timezone=True), table=<chat_sessions>, nullable=False, default=CallableColumnDefault(<function datetime.utcnow at 0x78f0010787c0>)), Column('updated_at', DateTime(timezone=True), table=<chat_sessions>, nullable=False, onupdate=CallableColumnDefault(<function datetime.utcnow at 0x78f001078ae0>), default=CallableColumnDefault(<function datetime.utcnow at 0x78f001078a40>)), Column('metadata', JSON(), table=<chat_sessions>, default=CallableColumnDefault(<function dict at 0x78f001078b80>)), schema=None),
 Table('messages', MetaData(), Column('id', GUID(), table=<messages>, primary_key=True, nullable=False, default=CallableColumnDefault(<function uuid4 at 0x78f00107a020>)), Column('session_id', GUID(), ForeignKey('chat_sessions.id'), table=<messages>, nullable=False), Column('role', Enum('USER', 'ASSISTANT', 'SYSTEM', name='message_role'), table=<messages>, nullable=False), Column('content', Text(), table=<messages>, nullable=False), Column('created_at', DateTime(timezone=True), table=<messages>, nullable=False, default=CallableColumnDefault(<function datetime.utcnow at 0x78f00107a3e0>)), Column('sources', JSON(), table=<messages>, default=CallableColumnDefault(<function dict at 0x78f00107a520>)), Column('feedback', JSON(), table=<messages>, default=CallableColumnDefault(<function dict at 0x78f00107a660>)), schema=None),
 Table('data_sources', MetaData(), Column('id', GUID(), table=<data_sources>, primary_key=True, nullable=False, default=CallableColumnDefault(<function uuid4 at 0x78f00107bd80>)), Column('name', String(length=255), table=<data_sources>, nullable=False), Column('type', Enum('CONFLUENCE', 'JIRA', 'GITHUB', 'ONBOARDING', name='source_type'), table=<data_sources>, nullable=False), Column('config', JSON(), table=<data_sources>, nullable=False, default=CallableColumnDefault(<function dict at 0x78f001018040>)), Column('last_sync_at', DateTime(timezone=True), table=<data_sources>), Column('sync_status', Enum('PENDING', 'SYNCING', 'SUCCESS', 'FAILED', name='sync_status'), table=<data_sources>, nullable=False, default=ScalarElementColumnDefault(<SyncStatus.PENDING: 'pending'>)), Column('sync_error', Text(), table=<data_sources>), Column('created_by', GUID(), ForeignKey('users.id'), table=<data_sources>, nullable=False), Column('is_active', Boolean(), table=<data_sources>, nullable=False, default=ScalarElementColumnDefault(True)), schema=None),
 Table('sync_logs', MetaData(), Column('id', GUID(), table=<sync_logs>, primary_key=True, nullable=False, default=CallableColumnDefault(<function uuid4 at 0x78f00101a3e0>)), Column('source_id', GUID(), ForeignKey('data_sources.id'), table=<sync_logs>, nullable=False), Column('started_at', DateTime(timezone=True), table=<sync_logs>, nullable=False, default=CallableColumnDefault(<function datetime.utcnow at 0x78f00101a480>)), Column('completed_at', DateTime(timezone=True), table=<sync_logs>), Column('status', Enum('PENDING', 'SYNCING', 'SUCCESS', 'FAILED', name='sync_status'), table=<sync_logs>, nullable=False, default=ScalarElementColumnDefault(<SyncStatus.PENDING: 'pending'>)), Column('documents_processed', Integer(), table=<sync_logs>, nullable=False, default=ScalarElementColumnDefault(0)), Column('documents_added', Integer(), table=<sync_logs>, nullable=False, default=ScalarElementColumnDefault(0)), Column('documents_updated', Integer(), table=<sync_logs>, nullable=False, default=ScalarElementColumnDefault(0)), Column('documents_deleted', Integer(), table=<sync_logs>, nullable=False, default=ScalarElementColumnDefault(0)), Column('error_log', Text(), table=<sync_logs>), schema=None),
 Table('documents', MetaData(), Column('id', UUID(), table=<documents>, primary_key=True, nullable=False, default=CallableColumnDefault(<function uuid4 at 0x78f00101bec0>)), Column('source_id', UUID(), ForeignKey('data_sources.id'), table=<documents>, nullable=False), Column('external_id', String(length=255), table=<documents>, nullable=False), Column('title', Text(), table=<documents>, nullable=False), Column('content', Text(), table=<documents>, nullable=False), Column('url', Text(), table=<documents>), Column('metadata', JSONB(astext_type=Text()), table=<documents>, default=CallableColumnDefault(<function dict at 0x78f000fec360>)), Column('created_at', DateTime(timezone=True), table=<documents>, nullable=False, default=CallableColumnDefault(<function datetime.utcnow at 0x78efe0cbef20>)), Column('updated_at', DateTime(timezone=True), table=<documents>, nullable=False, onupdate=CallableColumnDefault(<function datetime.utcnow at 0x78efe0cbf060>), default=CallableColumnDefault(<function datetime.utcnow at 0x78efe0cbefc0>)), Column('is_deleted', Boolean(), table=<documents>, nullable=False, default=ScalarElementColumnDefault(False)), schema=None),
 Table('document_chunks', MetaData(), Column('id', UUID(), table=<document_chunks>, primary_key=True, nullable=False, default=CallableColumnDefault(<function uuid4 at 0x78efe0ce0720>)), Column('document_id', UUID(), ForeignKey('documents.id'), table=<document_chunks>, nullable=False), Column('chunk_index', Integer(), table=<document_chunks>, nullable=False), Column('content', Text(), table=<document_chunks>, nullable=False), Column('embedding', Vector(dim=384), table=<document_chunks>), Column('metadata', JSONB(astext_type=Text()), table=<document_chunks>, default=CallableColumnDefault(<function dict at 0x78efe0ce07c0>)), Column('created_at', DateTime(timezone=True), table=<document_chunks>, nullable=False, default=CallableColumnDefault(<function datetime.utcnow at 0x78efe0ce09a0>)), schema=None)]
venv/lib/python3.12/site-packages/sqlalchemy/sql/visitors.py:671: in traverse_single
    return meth(obj, **kw)
        kw         = {'_is_metadata_operation': True,
 'create_ok': True,
 'include_foreign_key_constraints': set()}
        meth       = <bound method SchemaGenerator.visit_table of <sqlalchemy.sql.ddl.SchemaGenerator object at 0x78efe0ce40d0>>
        obj        = Table('users', MetaData(), Column('id', GUID(), table=<users>, primary_key=True, nullable=False, default=CallableColumnDefault(<function uuid4 at 0x78f001182de0>)), Column('email', String(length=255), table=<users>), Column('password_hash', String(length=255), table=<users>), Column('role', Enum('ADMIN', 'USER', 'ANONYMOUS', name='user_role'), table=<users>, nullable=False, default=ScalarElementColumnDefault(<UserRole.ANONYMOUS: 'anonymous'>)), Column('is_active', Boolean(), table=<users>, nullable=False, default=ScalarElementColumnDefault(True)), Column('created_at', DateTime(timezone=True), table=<users>, nullable=False, default=CallableColumnDefault(<function datetime.utcnow at 0x78f0011e8ea0>)), Column('last_login', DateTime(timezone=True), table=<users>), schema=None)
        self       = <sqlalchemy.sql.ddl.SchemaGenerator object at 0x78efe0ce40d0>
        v          = <sqlalchemy.sql.ddl.SchemaGenerator object at 0x78efe0ce40d0>
venv/lib/python3.12/site-packages/sqlalchemy/sql/ddl.py:961: in visit_table
    self.traverse_single(index, create_ok=True)
        _is_metadata_operation = True
        column     = Column('last_login', DateTime(timezone=True), table=<users>)
        create_ok  = True
        include_foreign_key_constraints = None
        index      = Index('ix_users_email', Column('email', String(length=255), table=<users>), unique=True)
        self       = <sqlalchemy.sql.ddl.SchemaGenerator object at 0x78efe0ce40d0>
        table      = Table('users', MetaData(), Column('id', GUID(), table=<users>, primary_key=True, nullable=False, default=CallableColumnDefault(<function uuid4 at 0x78f001182de0>)), Column('email', String(length=255), table=<users>), Column('password_hash', String(length=255), table=<users>), Column('role', Enum('ADMIN', 'USER', 'ANONYMOUS', name='user_role'), table=<users>, nullable=False, default=ScalarElementColumnDefault(<UserRole.ANONYMOUS: 'anonymous'>)), Column('is_active', Boolean(), table=<users>, nullable=False, default=ScalarElementColumnDefault(True)), Column('created_at', DateTime(timezone=True), table=<users>, nullable=False, default=CallableColumnDefault(<function datetime.utcnow at 0x78f0011e8ea0>)), Column('last_login', DateTime(timezone=True), table=<users>), schema=None)
venv/lib/python3.12/site-packages/sqlalchemy/sql/visitors.py:671: in traverse_single
    return meth(obj, **kw)
        kw         = {'create_ok': True}
        meth       = <bound method SchemaGenerator.visit_index of <sqlalchemy.sql.ddl.SchemaGenerator object at 0x78efe0ce40d0>>
        obj        = Index('ix_users_email', Column('email', String(length=255), table=<users>), unique=True)
        self       = <sqlalchemy.sql.ddl.SchemaGenerator object at 0x78efe0ce40d0>
        v          = <sqlalchemy.sql.ddl.SchemaGenerator object at 0x78efe0ce40d0>
venv/lib/python3.12/site-packages/sqlalchemy/sql/ddl.py:998: in visit_index
    CreateIndex(index)._invoke_with(self.connection)
        create_ok  = True
        index      = Index('ix_users_email', Column('email', String(length=255), table=<users>), unique=True)
        self       = <sqlalchemy.sql.ddl.SchemaGenerator object at 0x78efe0ce40d0>
venv/lib/python3.12/site-packages/sqlalchemy/sql/ddl.py:315: in _invoke_with
    return bind.execute(self)
        bind       = <sqlalchemy.engine.base.Connection object at 0x78efe0bd0380>
        self       = <sqlalchemy.sql.ddl.CreateIndex object at 0x78f000fe2900>
venv/lib/python3.12/site-packages/sqlalchemy/engine/base.py:1416: in execute
    return meth(
        distilled_parameters = ()
        execution_options = None
        meth       = <bound method ExecutableDDLElement._execute_on_connection of <sqlalchemy.sql.ddl.CreateIndex object at 0x78f000fe2900>>
        parameters = None
        self       = <sqlalchemy.engine.base.Connection object at 0x78efe0bd0380>
        statement  = <sqlalchemy.sql.ddl.CreateIndex object at 0x78f000fe2900>
venv/lib/python3.12/site-packages/sqlalchemy/sql/ddl.py:181: in _execute_on_connection
    return connection._execute_ddl(
        connection = <sqlalchemy.engine.base.Connection object at 0x78efe0bd0380>
        distilled_params = ()
        execution_options = immutabledict({})
        self       = <sqlalchemy.sql.ddl.CreateIndex object at 0x78f000fe2900>
venv/lib/python3.12/site-packages/sqlalchemy/engine/base.py:1528: in _execute_ddl
    ret = self._execute_context(
        compiled   = <sqlalchemy.dialects.sqlite.base.SQLiteDDLCompiler object at 0x78efe0bd18e0>
        ddl        = <sqlalchemy.sql.ddl.CreateIndex object at 0x78f000fe2900>
        dialect    = <sqlalchemy.dialects.sqlite.aiosqlite.SQLiteDialect_aiosqlite object at 0x78efe0cc3620>
        distilled_parameters = ()
        event_multiparams = None
        event_params = None
        exec_opts  = immutabledict({})
        execution_options = immutabledict({})
        schema_translate_map = None
        self       = <sqlalchemy.engine.base.Connection object at 0x78efe0bd0380>
venv/lib/python3.12/site-packages/sqlalchemy/engine/base.py:1848: in _execute_context
    return self._exec_single_context(
        args       = (<sqlalchemy.dialects.sqlite.base.SQLiteDDLCompiler object at 0x78efe0bd18e0>,)
        conn       = <sqlalchemy.pool.base._ConnectionFairy object at 0x78efe0ba6930>
        constructor = <bound method DefaultExecutionContext._init_ddl of <class 'sqlalchemy.dialects.sqlite.aiosqlite.SQLiteExecutionContext_aiosqlite'>>
        context    = <sqlalchemy.dialects.sqlite.aiosqlite.SQLiteExecutionContext_aiosqlite object at 0x78efe0bd21b0>
        dialect    = <sqlalchemy.dialects.sqlite.aiosqlite.SQLiteDialect_aiosqlite object at 0x78efe0cc3620>
        execution_options = immutabledict({})
        kw         = {}
        parameters = None
        self       = <sqlalchemy.engine.base.Connection object at 0x78efe0bd0380>
        statement  = <sqlalchemy.dialects.sqlite.base.SQLiteDDLCompiler object at 0x78efe0bd18e0>
venv/lib/python3.12/site-packages/sqlalchemy/engine/base.py:1988: in _exec_single_context
    self._handle_dbapi_exception(
        context    = <sqlalchemy.dialects.sqlite.aiosqlite.SQLiteExecutionContext_aiosqlite object at 0x78efe0bd21b0>
        cursor     = <sqlalchemy.dialects.sqlite.aiosqlite.AsyncAdapt_aiosqlite_cursor object at 0x78efe0ba7e20>
        dialect    = <sqlalchemy.dialects.sqlite.aiosqlite.SQLiteDialect_aiosqlite object at 0x78efe0cc3620>
        effective_parameters = ()
        evt_handled = False
        parameters = [()]
        self       = <sqlalchemy.engine.base.Connection object at 0x78efe0bd0380>
        statement  = <sqlalchemy.dialects.sqlite.base.SQLiteDDLCompiler object at 0x78efe0bd18e0>
        str_statement = 'CREATE UNIQUE INDEX ix_users_email ON users (email)'
venv/lib/python3.12/site-packages/sqlalchemy/engine/base.py:2344: in _handle_dbapi_exception
    raise sqlalchemy_exception.with_traceback(exc_info[2]) from e
        context    = <sqlalchemy.dialects.sqlite.aiosqlite.SQLiteExecutionContext_aiosqlite object at 0x78efe0bd21b0>
        cursor     = <sqlalchemy.dialects.sqlite.aiosqlite.AsyncAdapt_aiosqlite_cursor object at 0x78efe0ba7e20>
        e          = OperationalError('index ix_users_email already exists')
        exc_info   = (<class 'sqlite3.OperationalError'>,
 OperationalError('index ix_users_email already exists'),
 <traceback object at 0x78efe0201740>)
        invalidate_pool_on_disconnect = True
        is_exit_exception = False
        is_sub_exec = False
        ismulti    = False
        newraise   = None
        parameters = ()
        self       = <sqlalchemy.engine.base.Connection object at 0x78efe0bd0380>
        should_wrap = True
        sqlalchemy_exception = OperationalError('(sqlite3.OperationalError) index ix_users_email already exists')
        statement  = 'CREATE UNIQUE INDEX ix_users_email ON users (email)'
venv/lib/python3.12/site-packages/sqlalchemy/engine/base.py:1969: in _exec_single_context
    self.dialect.do_execute(
        context    = <sqlalchemy.dialects.sqlite.aiosqlite.SQLiteExecutionContext_aiosqlite object at 0x78efe0bd21b0>
        cursor     = <sqlalchemy.dialects.sqlite.aiosqlite.AsyncAdapt_aiosqlite_cursor object at 0x78efe0ba7e20>
        dialect    = <sqlalchemy.dialects.sqlite.aiosqlite.SQLiteDialect_aiosqlite object at 0x78efe0cc3620>
        effective_parameters = ()
        evt_handled = False
        parameters = [()]
        self       = <sqlalchemy.engine.base.Connection object at 0x78efe0bd0380>
        statement  = <sqlalchemy.dialects.sqlite.base.SQLiteDDLCompiler object at 0x78efe0bd18e0>
        str_statement = 'CREATE UNIQUE INDEX ix_users_email ON users (email)'
venv/lib/python3.12/site-packages/sqlalchemy/engine/default.py:922: in do_execute
    cursor.execute(statement, parameters)
        context    = <sqlalchemy.dialects.sqlite.aiosqlite.SQLiteExecutionContext_aiosqlite object at 0x78efe0bd21b0>
        cursor     = <sqlalchemy.dialects.sqlite.aiosqlite.AsyncAdapt_aiosqlite_cursor object at 0x78efe0ba7e20>
        parameters = ()
        self       = <sqlalchemy.dialects.sqlite.aiosqlite.SQLiteDialect_aiosqlite object at 0x78efe0cc3620>
        statement  = 'CREATE UNIQUE INDEX ix_users_email ON users (email)'
venv/lib/python3.12/site-packages/sqlalchemy/dialects/sqlite/aiosqlite.py:146: in execute
    self._adapt_connection._handle_exception(error)
        _cursor    = <aiosqlite.cursor.Cursor object at 0x78efe0bd2210>
        operation  = 'CREATE UNIQUE INDEX ix_users_email ON users (email)'
        parameters = ()
        self       = <sqlalchemy.dialects.sqlite.aiosqlite.AsyncAdapt_aiosqlite_cursor object at 0x78efe0ba7e20>
venv/lib/python3.12/site-packages/sqlalchemy/dialects/sqlite/aiosqlite.py:298: in _handle_exception
    raise error
        error      = OperationalError('index ix_users_email already exists')
        self       = <AdaptedConnection <aiosqlite.core.Connection object at 0x78efe0bd0950>>
venv/lib/python3.12/site-packages/sqlalchemy/dialects/sqlite/aiosqlite.py:128: in execute
    self.await_(_cursor.execute(operation, parameters))
        _cursor    = <aiosqlite.cursor.Cursor object at 0x78efe0bd2210>
        operation  = 'CREATE UNIQUE INDEX ix_users_email ON users (email)'
        parameters = ()
        self       = <sqlalchemy.dialects.sqlite.aiosqlite.AsyncAdapt_aiosqlite_cursor object at 0x78efe0ba7e20>
venv/lib/python3.12/site-packages/sqlalchemy/util/_concurrency_py3k.py:130: in await_only
    return current.driver.switch(awaitable)  # type: ignore[no-any-return]
        awaitable  = <coroutine object Cursor.execute at 0x78efe0be19a0>
        current    = <_AsyncIoGreenlet object at 0x78efe0b41940 (otid=0x1d6ace30) dead>
venv/lib/python3.12/site-packages/sqlalchemy/util/_concurrency_py3k.py:195: in greenlet_spawn
    value = await result
        _require_await = False
        args       = (<sqlalchemy.engine.base.Connection object at 0x78efe0bd0380>,)
        context    = <_AsyncIoGreenlet object at 0x78efe0b41940 (otid=0x1d6ace30) dead>
        fn         = <bound method MetaData.create_all of MetaData()>
        kwargs     = {}
        result     = <coroutine object Cursor.execute at 0x78efe0be19a0>
        switch_occurred = True
        value      = <aiosqlite.cursor.Cursor object at 0x78efe0bd2210>
venv/lib/python3.12/site-packages/aiosqlite/cursor.py:40: in execute
    await self._execute(self._cursor.execute, sql, parameters)
        parameters = ()
        self       = <aiosqlite.cursor.Cursor object at 0x78efe0bd2210>
        sql        = 'CREATE UNIQUE INDEX ix_users_email ON users (email)'
venv/lib/python3.12/site-packages/aiosqlite/cursor.py:32: in _execute
    return await self._conn._execute(fn, *args, **kwargs)
        args       = ('CREATE UNIQUE INDEX ix_users_email ON users (email)', ())
        fn         = <built-in method execute of sqlite3.Cursor object at 0x78efe0bb97c0>
        kwargs     = {}
        self       = <aiosqlite.cursor.Cursor object at 0x78efe0bd2210>
venv/lib/python3.12/site-packages/aiosqlite/core.py:160: in _execute
    return await future
        args       = ('CREATE UNIQUE INDEX ix_users_email ON users (email)', ())
        fn         = <built-in method execute of sqlite3.Cursor object at 0x78efe0bb97c0>
        function   = functools.partial(<built-in method execute of sqlite3.Cursor object at 0x78efe0bb97c0>, 'CREATE UNIQUE INDEX ix_users_email ON users (email)', ())
        future     = <Future finished exception=OperationalError('index ix_users_email already exists')>
        kwargs     = {}
        self       = <aiosqlite.core.Connection object at 0x78efe0bd0950>
venv/lib/python3.12/site-packages/aiosqlite/core.py:63: in _connection_worker_thread
    result = function()
E   sqlalchemy.exc.OperationalError: (sqlite3.OperationalError) index ix_users_email already exists
E   [SQL: CREATE UNIQUE INDEX ix_users_email ON users (email)]
E   (Background on this error at: https://sqlalche.me/e/20/e3q8)
        function   = functools.partial(<built-in method rollback of sqlite3.Connection object at 0x78efe0b6f2e0>)
        future     = <Future finished result=None>
        result     = None
        tx         = <_queue.SimpleQueue object at 0x78efe0bd7060>
______________ ERROR at setup of test_chat_session_anonymous_user ______________
venv/lib/python3.12/site-packages/sqlalchemy/engine/base.py:1969: in _exec_single_context
    self.dialect.do_execute(
        context    = <sqlalchemy.dialects.sqlite.aiosqlite.SQLiteExecutionContext_aiosqlite object at 0x78efe0bd21b0>
        cursor     = <sqlalchemy.dialects.sqlite.aiosqlite.AsyncAdapt_aiosqlite_cursor object at 0x78efe0ba7e20>
        dialect    = <sqlalchemy.dialects.sqlite.aiosqlite.SQLiteDialect_aiosqlite object at 0x78efe0cc3620>
        effective_parameters = ()
        evt_handled = False
        parameters = [()]
        self       = <sqlalchemy.engine.base.Connection object at 0x78efe0bd0380>
        statement  = <sqlalchemy.dialects.sqlite.base.SQLiteDDLCompiler object at 0x78efe0bd18e0>
        str_statement = 'CREATE UNIQUE INDEX ix_users_email ON users (email)'
venv/lib/python3.12/site-packages/sqlalchemy/engine/default.py:922: in do_execute
    cursor.execute(statement, parameters)
        context    = <sqlalchemy.dialects.sqlite.aiosqlite.SQLiteExecutionContext_aiosqlite object at 0x78efe0bd21b0>
        cursor     = <sqlalchemy.dialects.sqlite.aiosqlite.AsyncAdapt_aiosqlite_cursor object at 0x78efe0ba7e20>
        parameters = ()
        self       = <sqlalchemy.dialects.sqlite.aiosqlite.SQLiteDialect_aiosqlite object at 0x78efe0cc3620>
        statement  = 'CREATE UNIQUE INDEX ix_users_email ON users (email)'
venv/lib/python3.12/site-packages/sqlalchemy/dialects/sqlite/aiosqlite.py:146: in execute
    self._adapt_connection._handle_exception(error)
        _cursor    = <aiosqlite.cursor.Cursor object at 0x78efe0bd2210>
        operation  = 'CREATE UNIQUE INDEX ix_users_email ON users (email)'
        parameters = ()
        self       = <sqlalchemy.dialects.sqlite.aiosqlite.AsyncAdapt_aiosqlite_cursor object at 0x78efe0ba7e20>
venv/lib/python3.12/site-packages/sqlalchemy/dialects/sqlite/aiosqlite.py:298: in _handle_exception
    raise error
        error      = OperationalError('index ix_users_email already exists')
        self       = <AdaptedConnection <aiosqlite.core.Connection object at 0x78efe0bd0950>>
venv/lib/python3.12/site-packages/sqlalchemy/dialects/sqlite/aiosqlite.py:128: in execute
    self.await_(_cursor.execute(operation, parameters))
        _cursor    = <aiosqlite.cursor.Cursor object at 0x78efe0bd2210>
        operation  = 'CREATE UNIQUE INDEX ix_users_email ON users (email)'
        parameters = ()
        self       = <sqlalchemy.dialects.sqlite.aiosqlite.AsyncAdapt_aiosqlite_cursor object at 0x78efe0ba7e20>
venv/lib/python3.12/site-packages/sqlalchemy/util/_concurrency_py3k.py:130: in await_only
    return current.driver.switch(awaitable)  # type: ignore[no-any-return]
        awaitable  = <coroutine object Cursor.execute at 0x78efe0be19a0>
        current    = <_AsyncIoGreenlet object at 0x78efe0b41940 (otid=0x1d6ace30) dead>
venv/lib/python3.12/site-packages/sqlalchemy/util/_concurrency_py3k.py:195: in greenlet_spawn
    value = await result
        _require_await = False
        args       = (<sqlalchemy.engine.base.Connection object at 0x78efe0bd0380>,)
        context    = <_AsyncIoGreenlet object at 0x78efe0b41940 (otid=0x1d6ace30) dead>
        fn         = <bound method MetaData.create_all of MetaData()>
        kwargs     = {}
        result     = <coroutine object Cursor.execute at 0x78efe0be19a0>
        switch_occurred = True
        value      = <aiosqlite.cursor.Cursor object at 0x78efe0bd2210>
venv/lib/python3.12/site-packages/aiosqlite/cursor.py:40: in execute
    await self._execute(self._cursor.execute, sql, parameters)
        parameters = ()
        self       = <aiosqlite.cursor.Cursor object at 0x78efe0bd2210>
        sql        = 'CREATE UNIQUE INDEX ix_users_email ON users (email)'
venv/lib/python3.12/site-packages/aiosqlite/cursor.py:32: in _execute
    return await self._conn._execute(fn, *args, **kwargs)
        args       = ('CREATE UNIQUE INDEX ix_users_email ON users (email)', ())
        fn         = <built-in method execute of sqlite3.Cursor object at 0x78efe0bb97c0>
        kwargs     = {}
        self       = <aiosqlite.cursor.Cursor object at 0x78efe0bd2210>
venv/lib/python3.12/site-packages/aiosqlite/core.py:160: in _execute
    return await future
        args       = ('CREATE UNIQUE INDEX ix_users_email ON users (email)', ())
        fn         = <built-in method execute of sqlite3.Cursor object at 0x78efe0bb97c0>
        function   = functools.partial(<built-in method execute of sqlite3.Cursor object at 0x78efe0bb97c0>, 'CREATE UNIQUE INDEX ix_users_email ON users (email)', ())
        future     = <Future finished exception=OperationalError('index ix_users_email already exists')>
        kwargs     = {}
        self       = <aiosqlite.core.Connection object at 0x78efe0bd0950>
venv/lib/python3.12/site-packages/aiosqlite/core.py:63: in _connection_worker_thread
    result = function()
E   sqlite3.OperationalError: index ix_users_email already exists
        function   = functools.partial(<built-in method rollback of sqlite3.Connection object at 0x78efe0b6f2e0>)
        future     = <Future finished result=None>
        result     = None
        tx         = <_queue.SimpleQueue object at 0x78efe0bd7060>

The above exception was the direct cause of the following exception:
venv/lib/python3.12/site-packages/pytest_asyncio/plugin.py:336: in _asyncgen_fixture_wrapper
    result = event_loop.run_until_complete(setup())
        event_loop = <_UnixSelectorEventLoop running=False closed=False debug=False>
        event_loop_fixture_id = '_session_event_loop'
        finalizer  = <function _wrap_asyncgen_fixture.<locals>._asyncgen_fixture_wrapper.<locals>.finalizer at 0x78efe0ba99e0>
        fixture    = <function engine at 0x78f001182b60>
        fixturedef = <FixtureDef argname='engine' scope='session' baseid='tests'>
        func       = <function engine at 0x78f001182b60>
        gen_obj    = <async_generator object engine at 0x78efe0b6ec50>
        kwargs     = {}
        request    = <SubRequest 'engine' for <Coroutine test_chat_session_creation_with_user>>
        setup      = <function _wrap_asyncgen_fixture.<locals>._asyncgen_fixture_wrapper.<locals>.setup at 0x78efe0ba9a80>
/usr/lib/python3.12/asyncio/base_events.py:687: in run_until_complete
    return future.result()
        future     = <Task finished name='Task-1' coro=<_wrap_asyncgen_fixture.<locals>._asyncgen_fixture_wrapper.<locals>.setup() done, defined at /mnt/d/workspace/ChatApplication/project-code/backend/venv/lib/python3.12/site-packages/pytest_asyncio/plugin.py:317> exception=OperationalError('(sqlite3.OperationalError) index ix_users_email already exists')>
        new_task   = True
        self       = <_UnixSelectorEventLoop running=False closed=False debug=False>
venv/lib/python3.12/site-packages/pytest_asyncio/plugin.py:318: in setup
    res = await gen_obj.__anext__()
        gen_obj    = <async_generator object engine at 0x78efe0b6ec50>
tests/conftest.py:62: in engine
    await conn.run_sync(Base.metadata.create_all)
        conn       = <sqlalchemy.ext.asyncio.engine.AsyncConnection object at 0x78efe0bd6850>
        test_engine = <sqlalchemy.ext.asyncio.engine.AsyncEngine object at 0x78f001041090>
venv/lib/python3.12/site-packages/sqlalchemy/ext/asyncio/engine.py:891: in run_sync
    return await greenlet_spawn(fn, self._proxied, *arg, **kw)
        arg        = ()
        fn         = <bound method MetaData.create_all of MetaData()>
        kw         = {}
        self       = <sqlalchemy.ext.asyncio.engine.AsyncConnection object at 0x78efe0bd6850>
venv/lib/python3.12/site-packages/sqlalchemy/util/_concurrency_py3k.py:200: in greenlet_spawn
    result = context.throw(*sys.exc_info())
        _require_await = False
        args       = (<sqlalchemy.engine.base.Connection object at 0x78efe0bd0380>,)
        context    = <_AsyncIoGreenlet object at 0x78efe0b41940 (otid=0x1d6ace30) dead>
        fn         = <bound method MetaData.create_all of MetaData()>
        kwargs     = {}
        result     = <coroutine object Cursor.execute at 0x78efe0be19a0>
        switch_occurred = True
        value      = <aiosqlite.cursor.Cursor object at 0x78efe0bd2210>
venv/lib/python3.12/site-packages/sqlalchemy/sql/schema.py:5832: in create_all
    bind._run_ddl_visitor(
        bind       = <sqlalchemy.engine.base.Connection object at 0x78efe0bd0380>
        checkfirst = True
        self       = MetaData()
        tables     = None
venv/lib/python3.12/site-packages/sqlalchemy/engine/base.py:2448: in _run_ddl_visitor
    visitorcallable(self.dialect, self, **kwargs).traverse_single(element)
        element    = MetaData()
        kwargs     = {'checkfirst': True, 'tables': None}
        self       = <sqlalchemy.engine.base.Connection object at 0x78efe0bd0380>
        visitorcallable = <class 'sqlalchemy.sql.ddl.SchemaGenerator'>
venv/lib/python3.12/site-packages/sqlalchemy/sql/visitors.py:671: in traverse_single
    return meth(obj, **kw)
        kw         = {}
        meth       = <bound method SchemaGenerator.visit_metadata of <sqlalchemy.sql.ddl.SchemaGenerator object at 0x78efe0ce40d0>>
        obj        = MetaData()
        self       = <sqlalchemy.sql.ddl.SchemaGenerator object at 0x78efe0ce40d0>
        v          = <sqlalchemy.sql.ddl.SchemaGenerator object at 0x78efe0ce40d0>
venv/lib/python3.12/site-packages/sqlalchemy/sql/ddl.py:919: in visit_metadata
    self.traverse_single(
        collection = [(Table('users', MetaData(), Column('id', GUID(), table=<users>, primary_key=True, nullable=False, default=CallableColumnDefault(<function uuid4 at 0x78f001182de0>)), Column('email', String(length=255), table=<users>), Column('password_hash', String(length=255), table=<users>), Column('role', Enum('ADMIN', 'USER', 'ANONYMOUS', name='user_role'), table=<users>, nullable=False, default=ScalarElementColumnDefault(<UserRole.ANONYMOUS: 'anonymous'>)), Column('is_active', Boolean(), table=<users>, nullable=False, default=ScalarElementColumnDefault(True)), Column('created_at', DateTime(timezone=True), table=<users>, nullable=False, default=CallableColumnDefault(<function datetime.utcnow at 0x78f0011e8ea0>)), Column('last_login', DateTime(timezone=True), table=<users>), schema=None),
  set()),
 (Table('chat_sessions', MetaData(), Column('id', GUID(), table=<chat_sessions>, primary_key=True, nullable=False, default=CallableColumnDefault(<function uuid4 at 0x78f001078720>)), Column('user_id', GUID(), ForeignKey('users.id'), table=<chat_sessions>), Column('session_token', String(length=255), table=<chat_sessions>, nullable=False), Column('created_at', DateTime(timezone=True), table=<chat_sessions>, nullable=False, default=CallableColumnDefault(<function datetime.utcnow at 0x78f0010787c0>)), Column('updated_at', DateTime(timezone=True), table=<chat_sessions>, nullable=False, onupdate=CallableColumnDefault(<function datetime.utcnow at 0x78f001078ae0>), default=CallableColumnDefault(<function datetime.utcnow at 0x78f001078a40>)), Column('metadata', JSON(), table=<chat_sessions>, default=CallableColumnDefault(<function dict at 0x78f001078b80>)), schema=None),
  {ForeignKeyConstraint(<sqlalchemy.sql.base.ReadOnlyColumnCollection object at 0x78efdb3365c0>, None, ondelete='SET NULL', table=Table('chat_sessions', MetaData(), Column('id', GUID(), table=<chat_sessions>, primary_key=True, nullable=False, default=CallableColumnDefault(<function uuid4 at 0x78f001078720>)), Column('user_id', GUID(), ForeignKey('users.id'), table=<chat_sessions>), Column('session_token', String(length=255), table=<chat_sessions>, nullable=False), Column('created_at', DateTime(timezone=True), table=<chat_sessions>, nullable=False, default=CallableColumnDefault(<function datetime.utcnow at 0x78f0010787c0>)), Column('updated_at', DateTime(timezone=True), table=<chat_sessions>, nullable=False, onupdate=CallableColumnDefault(<function datetime.utcnow at 0x78f001078ae0>), default=CallableColumnDefault(<function datetime.utcnow at 0x78f001078a40>)), Column('metadata', JSON(), table=<chat_sessions>, default=CallableColumnDefault(<function dict at 0x78f001078b80>)), schema=None))}),
 (Table('data_sources', MetaData(), Column('id', GUID(), table=<data_sources>, primary_key=True, nullable=False, default=CallableColumnDefault(<function uuid4 at 0x78f00107bd80>)), Column('name', String(length=255), table=<data_sources>, nullable=False), Column('type', Enum('CONFLUENCE', 'JIRA', 'GITHUB', 'ONBOARDING', name='source_type'), table=<data_sources>, nullable=False), Column('config', JSON(), table=<data_sources>, nullable=False, default=CallableColumnDefault(<function dict at 0x78f001018040>)), Column('last_sync_at', DateTime(timezone=True), table=<data_sources>), Column('sync_status', Enum('PENDING', 'SYNCING', 'SUCCESS', 'FAILED', name='sync_status'), table=<data_sources>, nullable=False, default=ScalarElementColumnDefault(<SyncStatus.PENDING: 'pending'>)), Column('sync_error', Text(), table=<data_sources>), Column('created_by', GUID(), ForeignKey('users.id'), table=<data_sources>, nullable=False), Column('is_active', Boolean(), table=<data_sources>, nullable=False, default=ScalarElementColumnDefault(True)), schema=None),
  {ForeignKeyConstraint(<sqlalchemy.sql.base.ReadOnlyColumnCollection object at 0x78efdb336610>, None, ondelete='CASCADE', table=Table('data_sources', MetaData(), Column('id', GUID(), table=<data_sources>, primary_key=True, nullable=False, default=CallableColumnDefault(<function uuid4 at 0x78f00107bd80>)), Column('name', String(length=255), table=<data_sources>, nullable=False), Column('type', Enum('CONFLUENCE', 'JIRA', 'GITHUB', 'ONBOARDING', name='source_type'), table=<data_sources>, nullable=False), Column('config', JSON(), table=<data_sources>, nullable=False, default=CallableColumnDefault(<function dict at 0x78f001018040>)), Column('last_sync_at', DateTime(timezone=True), table=<data_sources>), Column('sync_status', Enum('PENDING', 'SYNCING', 'SUCCESS', 'FAILED', name='sync_status'), table=<data_sources>, nullable=False, default=ScalarElementColumnDefault(<SyncStatus.PENDING: 'pending'>)), Column('sync_error', Text(), table=<data_sources>), Column('created_by', GUID(), ForeignKey('users.id'), table=<data_sources>, nullable=False), Column('is_active', Boolean(), table=<data_sources>, nullable=False, default=ScalarElementColumnDefault(True)), schema=None))}),
 (Table('messages', MetaData(), Column('id', GUID(), table=<messages>, primary_key=True, nullable=False, default=CallableColumnDefault(<function uuid4 at 0x78f00107a020>)), Column('session_id', GUID(), ForeignKey('chat_sessions.id'), table=<messages>, nullable=False), Column('role', Enum('USER', 'ASSISTANT', 'SYSTEM', name='message_role'), table=<messages>, nullable=False), Column('content', Text(), table=<messages>, nullable=False), Column('created_at', DateTime(timezone=True), table=<messages>, nullable=False, default=CallableColumnDefault(<function datetime.utcnow at 0x78f00107a3e0>)), Column('sources', JSON(), table=<messages>, default=CallableColumnDefault(<function dict at 0x78f00107a520>)), Column('feedback', JSON(), table=<messages>, default=CallableColumnDefault(<function dict at 0x78f00107a660>)), schema=None),
  {ForeignKeyConstraint(<sqlalchemy.sql.base.ReadOnlyColumnCollection object at 0x78efdb3366b0>, None, ondelete='CASCADE', table=Table('messages', MetaData(), Column('id', GUID(), table=<messages>, primary_key=True, nullable=False, default=CallableColumnDefault(<function uuid4 at 0x78f00107a020>)), Column('session_id', GUID(), ForeignKey('chat_sessions.id'), table=<messages>, nullable=False), Column('role', Enum('USER', 'ASSISTANT', 'SYSTEM', name='message_role'), table=<messages>, nullable=False), Column('content', Text(), table=<messages>, nullable=False), Column('created_at', DateTime(timezone=True), table=<messages>, nullable=False, default=CallableColumnDefault(<function datetime.utcnow at 0x78f00107a3e0>)), Column('sources', JSON(), table=<messages>, default=CallableColumnDefault(<function dict at 0x78f00107a520>)), Column('feedback', JSON(), table=<messages>, default=CallableColumnDefault(<function dict at 0x78f00107a660>)), schema=None))}),
 (Table('sync_logs', MetaData(), Column('id', GUID(), table=<sync_logs>, primary_key=True, nullable=False, default=CallableColumnDefault(<function uuid4 at 0x78f00101a3e0>)), Column('source_id', GUID(), ForeignKey('data_sources.id'), table=<sync_logs>, nullable=False), Column('started_at', DateTime(timezone=True), table=<sync_logs>, nullable=False, default=CallableColumnDefault(<function datetime.utcnow at 0x78f00101a480>)), Column('completed_at', DateTime(timezone=True), table=<sync_logs>), Column('status', Enum('PENDING', 'SYNCING', 'SUCCESS', 'FAILED', name='sync_status'), table=<sync_logs>, nullable=False, default=ScalarElementColumnDefault(<SyncStatus.PENDING: 'pending'>)), Column('documents_processed', Integer(), table=<sync_logs>, nullable=False, default=ScalarElementColumnDefault(0)), Column('documents_added', Integer(), table=<sync_logs>, nullable=False, default=ScalarElementColumnDefault(0)), Column('documents_updated', Integer(), table=<sync_logs>, nullable=False, default=ScalarElementColumnDefault(0)), Column('documents_deleted', Integer(), table=<sync_logs>, nullable=False, default=ScalarElementColumnDefault(0)), Column('error_log', Text(), table=<sync_logs>), schema=None),
  {ForeignKeyConstraint(<sqlalchemy.sql.base.ReadOnlyColumnCollection object at 0x78efdb336660>, None, ondelete='CASCADE', table=Table('sync_logs', MetaData(), Column('id', GUID(), table=<sync_logs>, primary_key=True, nullable=False, default=CallableColumnDefault(<function uuid4 at 0x78f00101a3e0>)), Column('source_id', GUID(), ForeignKey('data_sources.id'), table=<sync_logs>, nullable=False), Column('started_at', DateTime(timezone=True), table=<sync_logs>, nullable=False, default=CallableColumnDefault(<function datetime.utcnow at 0x78f00101a480>)), Column('completed_at', DateTime(timezone=True), table=<sync_logs>), Column('status', Enum('PENDING', 'SYNCING', 'SUCCESS', 'FAILED', name='sync_status'), table=<sync_logs>, nullable=False, default=ScalarElementColumnDefault(<SyncStatus.PENDING: 'pending'>)), Column('documents_processed', Integer(), table=<sync_logs>, nullable=False, default=ScalarElementColumnDefault(0)), Column('documents_added', Integer(), table=<sync_logs>, nullable=False, default=ScalarElementColumnDefault(0)), Column('documents_updated', Integer(), table=<sync_logs>, nullable=False, default=ScalarElementColumnDefault(0)), Column('documents_deleted', Integer(), table=<sync_logs>, nullable=False, default=ScalarElementColumnDefault(0)), Column('error_log', Text(), table=<sync_logs>), schema=None))}),
 (Table('documents', MetaData(), Column('id', UUID(), table=<documents>, primary_key=True, nullable=False, default=CallableColumnDefault(<function uuid4 at 0x78f00101bec0>)), Column('source_id', UUID(), ForeignKey('data_sources.id'), table=<documents>, nullable=False), Column('external_id', String(length=255), table=<documents>, nullable=False), Column('title', Text(), table=<documents>, nullable=False), Column('content', Text(), table=<documents>, nullable=False), Column('url', Text(), table=<documents>), Column('metadata', JSONB(astext_type=Text()), table=<documents>, default=CallableColumnDefault(<function dict at 0x78f000fec360>)), Column('created_at', DateTime(timezone=True), table=<documents>, nullable=False, default=CallableColumnDefault(<function datetime.utcnow at 0x78efe0cbef20>)), Column('updated_at', DateTime(timezone=True), table=<documents>, nullable=False, onupdate=CallableColumnDefault(<function datetime.utcnow at 0x78efe0cbf060>), default=CallableColumnDefault(<function datetime.utcnow at 0x78efe0cbefc0>)), Column('is_deleted', Boolean(), table=<documents>, nullable=False, default=ScalarElementColumnDefault(False)), schema=None),
  {ForeignKeyConstraint(<sqlalchemy.sql.base.ReadOnlyColumnCollection object at 0x78efdb336750>, None, ondelete='CASCADE', table=Table('documents', MetaData(), Column('id', UUID(), table=<documents>, primary_key=True, nullable=False, default=CallableColumnDefault(<function uuid4 at 0x78f00101bec0>)), Column('source_id', UUID(), ForeignKey('data_sources.id'), table=<documents>, nullable=False), Column('external_id', String(length=255), table=<documents>, nullable=False), Column('title', Text(), table=<documents>, nullable=False), Column('content', Text(), table=<documents>, nullable=False), Column('url', Text(), table=<documents>), Column('metadata', JSONB(astext_type=Text()), table=<documents>, default=CallableColumnDefault(<function dict at 0x78f000fec360>)), Column('created_at', DateTime(timezone=True), table=<documents>, nullable=False, default=CallableColumnDefault(<function datetime.utcnow at 0x78efe0cbef20>)), Column('updated_at', DateTime(timezone=True), table=<documents>, nullable=False, onupdate=CallableColumnDefault(<function datetime.utcnow at 0x78efe0cbf060>), default=CallableColumnDefault(<function datetime.utcnow at 0x78efe0cbefc0>)), Column('is_deleted', Boolean(), table=<documents>, nullable=False, default=ScalarElementColumnDefault(False)), schema=None))}),
 (Table('document_chunks', MetaData(), Column('id', UUID(), table=<document_chunks>, primary_key=True, nullable=False, default=CallableColumnDefault(<function uuid4 at 0x78efe0ce0720>)), Column('document_id', UUID(), ForeignKey('documents.id'), table=<document_chunks>, nullable=False), Column('chunk_index', Integer(), table=<document_chunks>, nullable=False), Column('content', Text(), table=<document_chunks>, nullable=False), Column('embedding', Vector(dim=384), table=<document_chunks>), Column('metadata', JSONB(astext_type=Text()), table=<document_chunks>, default=CallableColumnDefault(<function dict at 0x78efe0ce07c0>)), Column('created_at', DateTime(timezone=True), table=<document_chunks>, nullable=False, default=CallableColumnDefault(<function datetime.utcnow at 0x78efe0ce09a0>)), schema=None),
  {ForeignKeyConstraint(<sqlalchemy.sql.base.ReadOnlyColumnCollection object at 0x78efdb3367a0>, None, ondelete='CASCADE', table=Table('document_chunks', MetaData(), Column('id', UUID(), table=<document_chunks>, primary_key=True, nullable=False, default=CallableColumnDefault(<function uuid4 at 0x78efe0ce0720>)), Column('document_id', UUID(), ForeignKey('documents.id'), table=<document_chunks>, nullable=False), Column('chunk_index', Integer(), table=<document_chunks>, nullable=False), Column('content', Text(), table=<document_chunks>, nullable=False), Column('embedding', Vector(dim=384), table=<document_chunks>), Column('metadata', JSONB(astext_type=Text()), table=<document_chunks>, default=CallableColumnDefault(<function dict at 0x78efe0ce07c0>)), Column('created_at', DateTime(timezone=True), table=<document_chunks>, nullable=False, default=CallableColumnDefault(<function datetime.utcnow at 0x78efe0ce09a0>)), schema=None))}),
 (None, [])]
        event_collection = [Table('users', MetaData(), Column('id', GUID(), table=<users>, primary_key=True, nullable=False, default=CallableColumnDefault(<function uuid4 at 0x78f001182de0>)), Column('email', String(length=255), table=<users>), Column('password_hash', String(length=255), table=<users>), Column('role', Enum('ADMIN', 'USER', 'ANONYMOUS', name='user_role'), table=<users>, nullable=False, default=ScalarElementColumnDefault(<UserRole.ANONYMOUS: 'anonymous'>)), Column('is_active', Boolean(), table=<users>, nullable=False, default=ScalarElementColumnDefault(True)), Column('created_at', DateTime(timezone=True), table=<users>, nullable=False, default=CallableColumnDefault(<function datetime.utcnow at 0x78f0011e8ea0>)), Column('last_login', DateTime(timezone=True), table=<users>), schema=None),
 Table('chat_sessions', MetaData(), Column('id', GUID(), table=<chat_sessions>, primary_key=True, nullable=False, default=CallableColumnDefault(<function uuid4 at 0x78f001078720>)), Column('user_id', GUID(), ForeignKey('users.id'), table=<chat_sessions>), Column('session_token', String(length=255), table=<chat_sessions>, nullable=False), Column('created_at', DateTime(timezone=True), table=<chat_sessions>, nullable=False, default=CallableColumnDefault(<function datetime.utcnow at 0x78f0010787c0>)), Column('updated_at', DateTime(timezone=True), table=<chat_sessions>, nullable=False, onupdate=CallableColumnDefault(<function datetime.utcnow at 0x78f001078ae0>), default=CallableColumnDefault(<function datetime.utcnow at 0x78f001078a40>)), Column('metadata', JSON(), table=<chat_sessions>, default=CallableColumnDefault(<function dict at 0x78f001078b80>)), schema=None),
 Table('data_sources', MetaData(), Column('id', GUID(), table=<data_sources>, primary_key=True, nullable=False, default=CallableColumnDefault(<function uuid4 at 0x78f00107bd80>)), Column('name', String(length=255), table=<data_sources>, nullable=False), Column('type', Enum('CONFLUENCE', 'JIRA', 'GITHUB', 'ONBOARDING', name='source_type'), table=<data_sources>, nullable=False), Column('config', JSON(), table=<data_sources>, nullable=False, default=CallableColumnDefault(<function dict at 0x78f001018040>)), Column('last_sync_at', DateTime(timezone=True), table=<data_sources>), Column('sync_status', Enum('PENDING', 'SYNCING', 'SUCCESS', 'FAILED', name='sync_status'), table=<data_sources>, nullable=False, default=ScalarElementColumnDefault(<SyncStatus.PENDING: 'pending'>)), Column('sync_error', Text(), table=<data_sources>), Column('created_by', GUID(), ForeignKey('users.id'), table=<data_sources>, nullable=False), Column('is_active', Boolean(), table=<data_sources>, nullable=False, default=ScalarElementColumnDefault(True)), schema=None),
 Table('messages', MetaData(), Column('id', GUID(), table=<messages>, primary_key=True, nullable=False, default=CallableColumnDefault(<function uuid4 at 0x78f00107a020>)), Column('session_id', GUID(), ForeignKey('chat_sessions.id'), table=<messages>, nullable=False), Column('role', Enum('USER', 'ASSISTANT', 'SYSTEM', name='message_role'), table=<messages>, nullable=False), Column('content', Text(), table=<messages>, nullable=False), Column('created_at', DateTime(timezone=True), table=<messages>, nullable=False, default=CallableColumnDefault(<function datetime.utcnow at 0x78f00107a3e0>)), Column('sources', JSON(), table=<messages>, default=CallableColumnDefault(<function dict at 0x78f00107a520>)), Column('feedback', JSON(), table=<messages>, default=CallableColumnDefault(<function dict at 0x78f00107a660>)), schema=None),
 Table('sync_logs', MetaData(), Column('id', GUID(), table=<sync_logs>, primary_key=True, nullable=False, default=CallableColumnDefault(<function uuid4 at 0x78f00101a3e0>)), Column('source_id', GUID(), ForeignKey('data_sources.id'), table=<sync_logs>, nullable=False), Column('started_at', DateTime(timezone=True), table=<sync_logs>, nullable=False, default=CallableColumnDefault(<function datetime.utcnow at 0x78f00101a480>)), Column('completed_at', DateTime(timezone=True), table=<sync_logs>), Column('status', Enum('PENDING', 'SYNCING', 'SUCCESS', 'FAILED', name='sync_status'), table=<sync_logs>, nullable=False, default=ScalarElementColumnDefault(<SyncStatus.PENDING: 'pending'>)), Column('documents_processed', Integer(), table=<sync_logs>, nullable=False, default=ScalarElementColumnDefault(0)), Column('documents_added', Integer(), table=<sync_logs>, nullable=False, default=ScalarElementColumnDefault(0)), Column('documents_updated', Integer(), table=<sync_logs>, nullable=False, default=ScalarElementColumnDefault(0)), Column('documents_deleted', Integer(), table=<sync_logs>, nullable=False, default=ScalarElementColumnDefault(0)), Column('error_log', Text(), table=<sync_logs>), schema=None),
 Table('documents', MetaData(), Column('id', UUID(), table=<documents>, primary_key=True, nullable=False, default=CallableColumnDefault(<function uuid4 at 0x78f00101bec0>)), Column('source_id', UUID(), ForeignKey('data_sources.id'), table=<documents>, nullable=False), Column('external_id', String(length=255), table=<documents>, nullable=False), Column('title', Text(), table=<documents>, nullable=False), Column('content', Text(), table=<documents>, nullable=False), Column('url', Text(), table=<documents>), Column('metadata', JSONB(astext_type=Text()), table=<documents>, default=CallableColumnDefault(<function dict at 0x78f000fec360>)), Column('created_at', DateTime(timezone=True), table=<documents>, nullable=False, default=CallableColumnDefault(<function datetime.utcnow at 0x78efe0cbef20>)), Column('updated_at', DateTime(timezone=True), table=<documents>, nullable=False, onupdate=CallableColumnDefault(<function datetime.utcnow at 0x78efe0cbf060>), default=CallableColumnDefault(<function datetime.utcnow at 0x78efe0cbefc0>)), Column('is_deleted', Boolean(), table=<documents>, nullable=False, default=ScalarElementColumnDefault(False)), schema=None),
 Table('document_chunks', MetaData(), Column('id', UUID(), table=<document_chunks>, primary_key=True, nullable=False, default=CallableColumnDefault(<function uuid4 at 0x78efe0ce0720>)), Column('document_id', UUID(), ForeignKey('documents.id'), table=<document_chunks>, nullable=False), Column('chunk_index', Integer(), table=<document_chunks>, nullable=False), Column('content', Text(), table=<document_chunks>, nullable=False), Column('embedding', Vector(dim=384), table=<document_chunks>), Column('metadata', JSONB(astext_type=Text()), table=<document_chunks>, default=CallableColumnDefault(<function dict at 0x78efe0ce07c0>)), Column('created_at', DateTime(timezone=True), table=<document_chunks>, nullable=False, default=CallableColumnDefault(<function datetime.utcnow at 0x78efe0ce09a0>)), schema=None)]
        fkcs       = set()
        metadata   = MetaData()
        self       = <sqlalchemy.sql.ddl.SchemaGenerator object at 0x78efe0ce40d0>
        seq_coll   = []
        table      = Table('users', MetaData(), Column('id', GUID(), table=<users>, primary_key=True, nullable=False, default=CallableColumnDefault(<function uuid4 at 0x78f001182de0>)), Column('email', String(length=255), table=<users>), Column('password_hash', String(length=255), table=<users>), Column('role', Enum('ADMIN', 'USER', 'ANONYMOUS', name='user_role'), table=<users>, nullable=False, default=ScalarElementColumnDefault(<UserRole.ANONYMOUS: 'anonymous'>)), Column('is_active', Boolean(), table=<users>, nullable=False, default=ScalarElementColumnDefault(True)), Column('created_at', DateTime(timezone=True), table=<users>, nullable=False, default=CallableColumnDefault(<function datetime.utcnow at 0x78f0011e8ea0>)), Column('last_login', DateTime(timezone=True), table=<users>), schema=None)
        tables     = [Table('users', MetaData(), Column('id', GUID(), table=<users>, primary_key=True, nullable=False, default=CallableColumnDefault(<function uuid4 at 0x78f001182de0>)), Column('email', String(length=255), table=<users>), Column('password_hash', String(length=255), table=<users>), Column('role', Enum('ADMIN', 'USER', 'ANONYMOUS', name='user_role'), table=<users>, nullable=False, default=ScalarElementColumnDefault(<UserRole.ANONYMOUS: 'anonymous'>)), Column('is_active', Boolean(), table=<users>, nullable=False, default=ScalarElementColumnDefault(True)), Column('created_at', DateTime(timezone=True), table=<users>, nullable=False, default=CallableColumnDefault(<function datetime.utcnow at 0x78f0011e8ea0>)), Column('last_login', DateTime(timezone=True), table=<users>), schema=None),
 Table('chat_sessions', MetaData(), Column('id', GUID(), table=<chat_sessions>, primary_key=True, nullable=False, default=CallableColumnDefault(<function uuid4 at 0x78f001078720>)), Column('user_id', GUID(), ForeignKey('users.id'), table=<chat_sessions>), Column('session_token', String(length=255), table=<chat_sessions>, nullable=False), Column('created_at', DateTime(timezone=True), table=<chat_sessions>, nullable=False, default=CallableColumnDefault(<function datetime.utcnow at 0x78f0010787c0>)), Column('updated_at', DateTime(timezone=True), table=<chat_sessions>, nullable=False, onupdate=CallableColumnDefault(<function datetime.utcnow at 0x78f001078ae0>), default=CallableColumnDefault(<function datetime.utcnow at 0x78f001078a40>)), Column('metadata', JSON(), table=<chat_sessions>, default=CallableColumnDefault(<function dict at 0x78f001078b80>)), schema=None),
 Table('messages', MetaData(), Column('id', GUID(), table=<messages>, primary_key=True, nullable=False, default=CallableColumnDefault(<function uuid4 at 0x78f00107a020>)), Column('session_id', GUID(), ForeignKey('chat_sessions.id'), table=<messages>, nullable=False), Column('role', Enum('USER', 'ASSISTANT', 'SYSTEM', name='message_role'), table=<messages>, nullable=False), Column('content', Text(), table=<messages>, nullable=False), Column('created_at', DateTime(timezone=True), table=<messages>, nullable=False, default=CallableColumnDefault(<function datetime.utcnow at 0x78f00107a3e0>)), Column('sources', JSON(), table=<messages>, default=CallableColumnDefault(<function dict at 0x78f00107a520>)), Column('feedback', JSON(), table=<messages>, default=CallableColumnDefault(<function dict at 0x78f00107a660>)), schema=None),
 Table('data_sources', MetaData(), Column('id', GUID(), table=<data_sources>, primary_key=True, nullable=False, default=CallableColumnDefault(<function uuid4 at 0x78f00107bd80>)), Column('name', String(length=255), table=<data_sources>, nullable=False), Column('type', Enum('CONFLUENCE', 'JIRA', 'GITHUB', 'ONBOARDING', name='source_type'), table=<data_sources>, nullable=False), Column('config', JSON(), table=<data_sources>, nullable=False, default=CallableColumnDefault(<function dict at 0x78f001018040>)), Column('last_sync_at', DateTime(timezone=True), table=<data_sources>), Column('sync_status', Enum('PENDING', 'SYNCING', 'SUCCESS', 'FAILED', name='sync_status'), table=<data_sources>, nullable=False, default=ScalarElementColumnDefault(<SyncStatus.PENDING: 'pending'>)), Column('sync_error', Text(), table=<data_sources>), Column('created_by', GUID(), ForeignKey('users.id'), table=<data_sources>, nullable=False), Column('is_active', Boolean(), table=<data_sources>, nullable=False, default=ScalarElementColumnDefault(True)), schema=None),
 Table('sync_logs', MetaData(), Column('id', GUID(), table=<sync_logs>, primary_key=True, nullable=False, default=CallableColumnDefault(<function uuid4 at 0x78f00101a3e0>)), Column('source_id', GUID(), ForeignKey('data_sources.id'), table=<sync_logs>, nullable=False), Column('started_at', DateTime(timezone=True), table=<sync_logs>, nullable=False, default=CallableColumnDefault(<function datetime.utcnow at 0x78f00101a480>)), Column('completed_at', DateTime(timezone=True), table=<sync_logs>), Column('status', Enum('PENDING', 'SYNCING', 'SUCCESS', 'FAILED', name='sync_status'), table=<sync_logs>, nullable=False, default=ScalarElementColumnDefault(<SyncStatus.PENDING: 'pending'>)), Column('documents_processed', Integer(), table=<sync_logs>, nullable=False, default=ScalarElementColumnDefault(0)), Column('documents_added', Integer(), table=<sync_logs>, nullable=False, default=ScalarElementColumnDefault(0)), Column('documents_updated', Integer(), table=<sync_logs>, nullable=False, default=ScalarElementColumnDefault(0)), Column('documents_deleted', Integer(), table=<sync_logs>, nullable=False, default=ScalarElementColumnDefault(0)), Column('error_log', Text(), table=<sync_logs>), schema=None),
 Table('documents', MetaData(), Column('id', UUID(), table=<documents>, primary_key=True, nullable=False, default=CallableColumnDefault(<function uuid4 at 0x78f00101bec0>)), Column('source_id', UUID(), ForeignKey('data_sources.id'), table=<documents>, nullable=False), Column('external_id', String(length=255), table=<documents>, nullable=False), Column('title', Text(), table=<documents>, nullable=False), Column('content', Text(), table=<documents>, nullable=False), Column('url', Text(), table=<documents>), Column('metadata', JSONB(astext_type=Text()), table=<documents>, default=CallableColumnDefault(<function dict at 0x78f000fec360>)), Column('created_at', DateTime(timezone=True), table=<documents>, nullable=False, default=CallableColumnDefault(<function datetime.utcnow at 0x78efe0cbef20>)), Column('updated_at', DateTime(timezone=True), table=<documents>, nullable=False, onupdate=CallableColumnDefault(<function datetime.utcnow at 0x78efe0cbf060>), default=CallableColumnDefault(<function datetime.utcnow at 0x78efe0cbefc0>)), Column('is_deleted', Boolean(), table=<documents>, nullable=False, default=ScalarElementColumnDefault(False)), schema=None),
 Table('document_chunks', MetaData(), Column('id', UUID(), table=<document_chunks>, primary_key=True, nullable=False, default=CallableColumnDefault(<function uuid4 at 0x78efe0ce0720>)), Column('document_id', UUID(), ForeignKey('documents.id'), table=<document_chunks>, nullable=False), Column('chunk_index', Integer(), table=<document_chunks>, nullable=False), Column('content', Text(), table=<document_chunks>, nullable=False), Column('embedding', Vector(dim=384), table=<document_chunks>), Column('metadata', JSONB(astext_type=Text()), table=<document_chunks>, default=CallableColumnDefault(<function dict at 0x78efe0ce07c0>)), Column('created_at', DateTime(timezone=True), table=<document_chunks>, nullable=False, default=CallableColumnDefault(<function datetime.utcnow at 0x78efe0ce09a0>)), schema=None)]
venv/lib/python3.12/site-packages/sqlalchemy/sql/visitors.py:671: in traverse_single
    return meth(obj, **kw)
        kw         = {'_is_metadata_operation': True,
 'create_ok': True,
 'include_foreign_key_constraints': set()}
        meth       = <bound method SchemaGenerator.visit_table of <sqlalchemy.sql.ddl.SchemaGenerator object at 0x78efe0ce40d0>>
        obj        = Table('users', MetaData(), Column('id', GUID(), table=<users>, primary_key=True, nullable=False, default=CallableColumnDefault(<function uuid4 at 0x78f001182de0>)), Column('email', String(length=255), table=<users>), Column('password_hash', String(length=255), table=<users>), Column('role', Enum('ADMIN', 'USER', 'ANONYMOUS', name='user_role'), table=<users>, nullable=False, default=ScalarElementColumnDefault(<UserRole.ANONYMOUS: 'anonymous'>)), Column('is_active', Boolean(), table=<users>, nullable=False, default=ScalarElementColumnDefault(True)), Column('created_at', DateTime(timezone=True), table=<users>, nullable=False, default=CallableColumnDefault(<function datetime.utcnow at 0x78f0011e8ea0>)), Column('last_login', DateTime(timezone=True), table=<users>), schema=None)
        self       = <sqlalchemy.sql.ddl.SchemaGenerator object at 0x78efe0ce40d0>
        v          = <sqlalchemy.sql.ddl.SchemaGenerator object at 0x78efe0ce40d0>
venv/lib/python3.12/site-packages/sqlalchemy/sql/ddl.py:961: in visit_table
    self.traverse_single(index, create_ok=True)
        _is_metadata_operation = True
        column     = Column('last_login', DateTime(timezone=True), table=<users>)
        create_ok  = True
        include_foreign_key_constraints = None
        index      = Index('ix_users_email', Column('email', String(length=255), table=<users>), unique=True)
        self       = <sqlalchemy.sql.ddl.SchemaGenerator object at 0x78efe0ce40d0>
        table      = Table('users', MetaData(), Column('id', GUID(), table=<users>, primary_key=True, nullable=False, default=CallableColumnDefault(<function uuid4 at 0x78f001182de0>)), Column('email', String(length=255), table=<users>), Column('password_hash', String(length=255), table=<users>), Column('role', Enum('ADMIN', 'USER', 'ANONYMOUS', name='user_role'), table=<users>, nullable=False, default=ScalarElementColumnDefault(<UserRole.ANONYMOUS: 'anonymous'>)), Column('is_active', Boolean(), table=<users>, nullable=False, default=ScalarElementColumnDefault(True)), Column('created_at', DateTime(timezone=True), table=<users>, nullable=False, default=CallableColumnDefault(<function datetime.utcnow at 0x78f0011e8ea0>)), Column('last_login', DateTime(timezone=True), table=<users>), schema=None)
venv/lib/python3.12/site-packages/sqlalchemy/sql/visitors.py:671: in traverse_single
    return meth(obj, **kw)
        kw         = {'create_ok': True}
        meth       = <bound method SchemaGenerator.visit_index of <sqlalchemy.sql.ddl.SchemaGenerator object at 0x78efe0ce40d0>>
        obj        = Index('ix_users_email', Column('email', String(length=255), table=<users>), unique=True)
        self       = <sqlalchemy.sql.ddl.SchemaGenerator object at 0x78efe0ce40d0>
        v          = <sqlalchemy.sql.ddl.SchemaGenerator object at 0x78efe0ce40d0>
venv/lib/python3.12/site-packages/sqlalchemy/sql/ddl.py:998: in visit_index
    CreateIndex(index)._invoke_with(self.connection)
        create_ok  = True
        index      = Index('ix_users_email', Column('email', String(length=255), table=<users>), unique=True)
        self       = <sqlalchemy.sql.ddl.SchemaGenerator object at 0x78efe0ce40d0>
venv/lib/python3.12/site-packages/sqlalchemy/sql/ddl.py:315: in _invoke_with
    return bind.execute(self)
        bind       = <sqlalchemy.engine.base.Connection object at 0x78efe0bd0380>
        self       = <sqlalchemy.sql.ddl.CreateIndex object at 0x78f000fe2900>
venv/lib/python3.12/site-packages/sqlalchemy/engine/base.py:1416: in execute
    return meth(
        distilled_parameters = ()
        execution_options = None
        meth       = <bound method ExecutableDDLElement._execute_on_connection of <sqlalchemy.sql.ddl.CreateIndex object at 0x78f000fe2900>>
        parameters = None
        self       = <sqlalchemy.engine.base.Connection object at 0x78efe0bd0380>
        statement  = <sqlalchemy.sql.ddl.CreateIndex object at 0x78f000fe2900>
venv/lib/python3.12/site-packages/sqlalchemy/sql/ddl.py:181: in _execute_on_connection
    return connection._execute_ddl(
        connection = <sqlalchemy.engine.base.Connection object at 0x78efe0bd0380>
        distilled_params = ()
        execution_options = immutabledict({})
        self       = <sqlalchemy.sql.ddl.CreateIndex object at 0x78f000fe2900>
venv/lib/python3.12/site-packages/sqlalchemy/engine/base.py:1528: in _execute_ddl
    ret = self._execute_context(
        compiled   = <sqlalchemy.dialects.sqlite.base.SQLiteDDLCompiler object at 0x78efe0bd18e0>
        ddl        = <sqlalchemy.sql.ddl.CreateIndex object at 0x78f000fe2900>
        dialect    = <sqlalchemy.dialects.sqlite.aiosqlite.SQLiteDialect_aiosqlite object at 0x78efe0cc3620>
        distilled_parameters = ()
        event_multiparams = None
        event_params = None
        exec_opts  = immutabledict({})
        execution_options = immutabledict({})
        schema_translate_map = None
        self       = <sqlalchemy.engine.base.Connection object at 0x78efe0bd0380>
venv/lib/python3.12/site-packages/sqlalchemy/engine/base.py:1848: in _execute_context
    return self._exec_single_context(
        args       = (<sqlalchemy.dialects.sqlite.base.SQLiteDDLCompiler object at 0x78efe0bd18e0>,)
        conn       = <sqlalchemy.pool.base._ConnectionFairy object at 0x78efe0ba6930>
        constructor = <bound method DefaultExecutionContext._init_ddl of <class 'sqlalchemy.dialects.sqlite.aiosqlite.SQLiteExecutionContext_aiosqlite'>>
        context    = <sqlalchemy.dialects.sqlite.aiosqlite.SQLiteExecutionContext_aiosqlite object at 0x78efe0bd21b0>
        dialect    = <sqlalchemy.dialects.sqlite.aiosqlite.SQLiteDialect_aiosqlite object at 0x78efe0cc3620>
        execution_options = immutabledict({})
        kw         = {}
        parameters = None
        self       = <sqlalchemy.engine.base.Connection object at 0x78efe0bd0380>
        statement  = <sqlalchemy.dialects.sqlite.base.SQLiteDDLCompiler object at 0x78efe0bd18e0>
venv/lib/python3.12/site-packages/sqlalchemy/engine/base.py:1988: in _exec_single_context
    self._handle_dbapi_exception(
        context    = <sqlalchemy.dialects.sqlite.aiosqlite.SQLiteExecutionContext_aiosqlite object at 0x78efe0bd21b0>
        cursor     = <sqlalchemy.dialects.sqlite.aiosqlite.AsyncAdapt_aiosqlite_cursor object at 0x78efe0ba7e20>
        dialect    = <sqlalchemy.dialects.sqlite.aiosqlite.SQLiteDialect_aiosqlite object at 0x78efe0cc3620>
        effective_parameters = ()
        evt_handled = False
        parameters = [()]
        self       = <sqlalchemy.engine.base.Connection object at 0x78efe0bd0380>
        statement  = <sqlalchemy.dialects.sqlite.base.SQLiteDDLCompiler object at 0x78efe0bd18e0>
        str_statement = 'CREATE UNIQUE INDEX ix_users_email ON users (email)'
venv/lib/python3.12/site-packages/sqlalchemy/engine/base.py:2344: in _handle_dbapi_exception
    raise sqlalchemy_exception.with_traceback(exc_info[2]) from e
        context    = <sqlalchemy.dialects.sqlite.aiosqlite.SQLiteExecutionContext_aiosqlite object at 0x78efe0bd21b0>
        cursor     = <sqlalchemy.dialects.sqlite.aiosqlite.AsyncAdapt_aiosqlite_cursor object at 0x78efe0ba7e20>
        e          = OperationalError('index ix_users_email already exists')
        exc_info   = (<class 'sqlite3.OperationalError'>,
 OperationalError('index ix_users_email already exists'),
 <traceback object at 0x78efe0201740>)
        invalidate_pool_on_disconnect = True
        is_exit_exception = False
        is_sub_exec = False
        ismulti    = False
        newraise   = None
        parameters = ()
        self       = <sqlalchemy.engine.base.Connection object at 0x78efe0bd0380>
        should_wrap = True
        sqlalchemy_exception = OperationalError('(sqlite3.OperationalError) index ix_users_email already exists')
        statement  = 'CREATE UNIQUE INDEX ix_users_email ON users (email)'
venv/lib/python3.12/site-packages/sqlalchemy/engine/base.py:1969: in _exec_single_context
    self.dialect.do_execute(
        context    = <sqlalchemy.dialects.sqlite.aiosqlite.SQLiteExecutionContext_aiosqlite object at 0x78efe0bd21b0>
        cursor     = <sqlalchemy.dialects.sqlite.aiosqlite.AsyncAdapt_aiosqlite_cursor object at 0x78efe0ba7e20>
        dialect    = <sqlalchemy.dialects.sqlite.aiosqlite.SQLiteDialect_aiosqlite object at 0x78efe0cc3620>
        effective_parameters = ()
        evt_handled = False
        parameters = [()]
        self       = <sqlalchemy.engine.base.Connection object at 0x78efe0bd0380>
        statement  = <sqlalchemy.dialects.sqlite.base.SQLiteDDLCompiler object at 0x78efe0bd18e0>
        str_statement = 'CREATE UNIQUE INDEX ix_users_email ON users (email)'
venv/lib/python3.12/site-packages/sqlalchemy/engine/default.py:922: in do_execute
    cursor.execute(statement, parameters)
        context    = <sqlalchemy.dialects.sqlite.aiosqlite.SQLiteExecutionContext_aiosqlite object at 0x78efe0bd21b0>
        cursor     = <sqlalchemy.dialects.sqlite.aiosqlite.AsyncAdapt_aiosqlite_cursor object at 0x78efe0ba7e20>
        parameters = ()
        self       = <sqlalchemy.dialects.sqlite.aiosqlite.SQLiteDialect_aiosqlite object at 0x78efe0cc3620>
        statement  = 'CREATE UNIQUE INDEX ix_users_email ON users (email)'
venv/lib/python3.12/site-packages/sqlalchemy/dialects/sqlite/aiosqlite.py:146: in execute
    self._adapt_connection._handle_exception(error)
        _cursor    = <aiosqlite.cursor.Cursor object at 0x78efe0bd2210>
        operation  = 'CREATE UNIQUE INDEX ix_users_email ON users (email)'
        parameters = ()
        self       = <sqlalchemy.dialects.sqlite.aiosqlite.AsyncAdapt_aiosqlite_cursor object at 0x78efe0ba7e20>
venv/lib/python3.12/site-packages/sqlalchemy/dialects/sqlite/aiosqlite.py:298: in _handle_exception
    raise error
        error      = OperationalError('index ix_users_email already exists')
        self       = <AdaptedConnection <aiosqlite.core.Connection object at 0x78efe0bd0950>>
venv/lib/python3.12/site-packages/sqlalchemy/dialects/sqlite/aiosqlite.py:128: in execute
    self.await_(_cursor.execute(operation, parameters))
        _cursor    = <aiosqlite.cursor.Cursor object at 0x78efe0bd2210>
        operation  = 'CREATE UNIQUE INDEX ix_users_email ON users (email)'
        parameters = ()
        self       = <sqlalchemy.dialects.sqlite.aiosqlite.AsyncAdapt_aiosqlite_cursor object at 0x78efe0ba7e20>
venv/lib/python3.12/site-packages/sqlalchemy/util/_concurrency_py3k.py:130: in await_only
    return current.driver.switch(awaitable)  # type: ignore[no-any-return]
        awaitable  = <coroutine object Cursor.execute at 0x78efe0be19a0>
        current    = <_AsyncIoGreenlet object at 0x78efe0b41940 (otid=0x1d6ace30) dead>
venv/lib/python3.12/site-packages/sqlalchemy/util/_concurrency_py3k.py:195: in greenlet_spawn
    value = await result
        _require_await = False
        args       = (<sqlalchemy.engine.base.Connection object at 0x78efe0bd0380>,)
        context    = <_AsyncIoGreenlet object at 0x78efe0b41940 (otid=0x1d6ace30) dead>
        fn         = <bound method MetaData.create_all of MetaData()>
        kwargs     = {}
        result     = <coroutine object Cursor.execute at 0x78efe0be19a0>
        switch_occurred = True
        value      = <aiosqlite.cursor.Cursor object at 0x78efe0bd2210>
venv/lib/python3.12/site-packages/aiosqlite/cursor.py:40: in execute
    await self._execute(self._cursor.execute, sql, parameters)
        parameters = ()
        self       = <aiosqlite.cursor.Cursor object at 0x78efe0bd2210>
        sql        = 'CREATE UNIQUE INDEX ix_users_email ON users (email)'
venv/lib/python3.12/site-packages/aiosqlite/cursor.py:32: in _execute
    return await self._conn._execute(fn, *args, **kwargs)
        args       = ('CREATE UNIQUE INDEX ix_users_email ON users (email)', ())
        fn         = <built-in method execute of sqlite3.Cursor object at 0x78efe0bb97c0>
        kwargs     = {}
        self       = <aiosqlite.cursor.Cursor object at 0x78efe0bd2210>
venv/lib/python3.12/site-packages/aiosqlite/core.py:160: in _execute
    return await future
        args       = ('CREATE UNIQUE INDEX ix_users_email ON users (email)', ())
        fn         = <built-in method execute of sqlite3.Cursor object at 0x78efe0bb97c0>
        function   = functools.partial(<built-in method execute of sqlite3.Cursor object at 0x78efe0bb97c0>, 'CREATE UNIQUE INDEX ix_users_email ON users (email)', ())
        future     = <Future finished exception=OperationalError('index ix_users_email already exists')>
        kwargs     = {}
        self       = <aiosqlite.core.Connection object at 0x78efe0bd0950>
venv/lib/python3.12/site-packages/aiosqlite/core.py:63: in _connection_worker_thread
    result = function()
E   sqlalchemy.exc.OperationalError: (sqlite3.OperationalError) index ix_users_email already exists
E   [SQL: CREATE UNIQUE INDEX ix_users_email ON users (email)]
E   (Background on this error at: https://sqlalche.me/e/20/e3q8)
        function   = functools.partial(<built-in method rollback of sqlite3.Connection object at 0x78efe0b6f2e0>)
        future     = <Future finished result=None>
        result     = None
        tx         = <_queue.SimpleQueue object at 0x78efe0bd7060>
______________ ERROR at setup of test_chat_session_metadata_jsonb ______________
venv/lib/python3.12/site-packages/sqlalchemy/engine/base.py:1969: in _exec_single_context
    self.dialect.do_execute(
        context    = <sqlalchemy.dialects.sqlite.aiosqlite.SQLiteExecutionContext_aiosqlite object at 0x78efe0bd21b0>
        cursor     = <sqlalchemy.dialects.sqlite.aiosqlite.AsyncAdapt_aiosqlite_cursor object at 0x78efe0ba7e20>
        dialect    = <sqlalchemy.dialects.sqlite.aiosqlite.SQLiteDialect_aiosqlite object at 0x78efe0cc3620>
        effective_parameters = ()
        evt_handled = False
        parameters = [()]
        self       = <sqlalchemy.engine.base.Connection object at 0x78efe0bd0380>
        statement  = <sqlalchemy.dialects.sqlite.base.SQLiteDDLCompiler object at 0x78efe0bd18e0>
        str_statement = 'CREATE UNIQUE INDEX ix_users_email ON users (email)'
venv/lib/python3.12/site-packages/sqlalchemy/engine/default.py:922: in do_execute
    cursor.execute(statement, parameters)
        context    = <sqlalchemy.dialects.sqlite.aiosqlite.SQLiteExecutionContext_aiosqlite object at 0x78efe0bd21b0>
        cursor     = <sqlalchemy.dialects.sqlite.aiosqlite.AsyncAdapt_aiosqlite_cursor object at 0x78efe0ba7e20>
        parameters = ()
        self       = <sqlalchemy.dialects.sqlite.aiosqlite.SQLiteDialect_aiosqlite object at 0x78efe0cc3620>
        statement  = 'CREATE UNIQUE INDEX ix_users_email ON users (email)'
venv/lib/python3.12/site-packages/sqlalchemy/dialects/sqlite/aiosqlite.py:146: in execute
    self._adapt_connection._handle_exception(error)
        _cursor    = <aiosqlite.cursor.Cursor object at 0x78efe0bd2210>
        operation  = 'CREATE UNIQUE INDEX ix_users_email ON users (email)'
        parameters = ()
        self       = <sqlalchemy.dialects.sqlite.aiosqlite.AsyncAdapt_aiosqlite_cursor object at 0x78efe0ba7e20>
venv/lib/python3.12/site-packages/sqlalchemy/dialects/sqlite/aiosqlite.py:298: in _handle_exception
    raise error
        error      = OperationalError('index ix_users_email already exists')
        self       = <AdaptedConnection <aiosqlite.core.Connection object at 0x78efe0bd0950>>
venv/lib/python3.12/site-packages/sqlalchemy/dialects/sqlite/aiosqlite.py:128: in execute
    self.await_(_cursor.execute(operation, parameters))
        _cursor    = <aiosqlite.cursor.Cursor object at 0x78efe0bd2210>
        operation  = 'CREATE UNIQUE INDEX ix_users_email ON users (email)'
        parameters = ()
        self       = <sqlalchemy.dialects.sqlite.aiosqlite.AsyncAdapt_aiosqlite_cursor object at 0x78efe0ba7e20>
venv/lib/python3.12/site-packages/sqlalchemy/util/_concurrency_py3k.py:130: in await_only
    return current.driver.switch(awaitable)  # type: ignore[no-any-return]
        awaitable  = <coroutine object Cursor.execute at 0x78efe0be19a0>
        current    = <_AsyncIoGreenlet object at 0x78efe0b41940 (otid=0x1d6ace30) dead>
venv/lib/python3.12/site-packages/sqlalchemy/util/_concurrency_py3k.py:195: in greenlet_spawn
    value = await result
        _require_await = False
        args       = (<sqlalchemy.engine.base.Connection object at 0x78efe0bd0380>,)
        context    = <_AsyncIoGreenlet object at 0x78efe0b41940 (otid=0x1d6ace30) dead>
        fn         = <bound method MetaData.create_all of MetaData()>
        kwargs     = {}
        result     = <coroutine object Cursor.execute at 0x78efe0be19a0>
        switch_occurred = True
        value      = <aiosqlite.cursor.Cursor object at 0x78efe0bd2210>
venv/lib/python3.12/site-packages/aiosqlite/cursor.py:40: in execute
    await self._execute(self._cursor.execute, sql, parameters)
        parameters = ()
        self       = <aiosqlite.cursor.Cursor object at 0x78efe0bd2210>
        sql        = 'CREATE UNIQUE INDEX ix_users_email ON users (email)'
venv/lib/python3.12/site-packages/aiosqlite/cursor.py:32: in _execute
    return await self._conn._execute(fn, *args, **kwargs)
        args       = ('CREATE UNIQUE INDEX ix_users_email ON users (email)', ())
        fn         = <built-in method execute of sqlite3.Cursor object at 0x78efe0bb97c0>
        kwargs     = {}
        self       = <aiosqlite.cursor.Cursor object at 0x78efe0bd2210>
venv/lib/python3.12/site-packages/aiosqlite/core.py:160: in _execute
    return await future
        args       = ('CREATE UNIQUE INDEX ix_users_email ON users (email)', ())
        fn         = <built-in method execute of sqlite3.Cursor object at 0x78efe0bb97c0>
        function   = functools.partial(<built-in method execute of sqlite3.Cursor object at 0x78efe0bb97c0>, 'CREATE UNIQUE INDEX ix_users_email ON users (email)', ())
        future     = <Future finished exception=OperationalError('index ix_users_email already exists')>
        kwargs     = {}
        self       = <aiosqlite.core.Connection object at 0x78efe0bd0950>
venv/lib/python3.12/site-packages/aiosqlite/core.py:63: in _connection_worker_thread
    result = function()
E   sqlite3.OperationalError: index ix_users_email already exists
        function   = functools.partial(<built-in method rollback of sqlite3.Connection object at 0x78efe0b6f2e0>)
        future     = <Future finished result=None>
        result     = None
        tx         = <_queue.SimpleQueue object at 0x78efe0bd7060>

The above exception was the direct cause of the following exception:
venv/lib/python3.12/site-packages/pytest_asyncio/plugin.py:336: in _asyncgen_fixture_wrapper
    result = event_loop.run_until_complete(setup())
        event_loop = <_UnixSelectorEventLoop running=False closed=False debug=False>
        event_loop_fixture_id = '_session_event_loop'
        finalizer  = <function _wrap_asyncgen_fixture.<locals>._asyncgen_fixture_wrapper.<locals>.finalizer at 0x78efe0ba99e0>
        fixture    = <function engine at 0x78f001182b60>
        fixturedef = <FixtureDef argname='engine' scope='session' baseid='tests'>
        func       = <function engine at 0x78f001182b60>
        gen_obj    = <async_generator object engine at 0x78efe0b6ec50>
        kwargs     = {}
        request    = <SubRequest 'engine' for <Coroutine test_chat_session_creation_with_user>>
        setup      = <function _wrap_asyncgen_fixture.<locals>._asyncgen_fixture_wrapper.<locals>.setup at 0x78efe0ba9a80>
/usr/lib/python3.12/asyncio/base_events.py:687: in run_until_complete
    return future.result()
        future     = <Task finished name='Task-1' coro=<_wrap_asyncgen_fixture.<locals>._asyncgen_fixture_wrapper.<locals>.setup() done, defined at /mnt/d/workspace/ChatApplication/project-code/backend/venv/lib/python3.12/site-packages/pytest_asyncio/plugin.py:317> exception=OperationalError('(sqlite3.OperationalError) index ix_users_email already exists')>
        new_task   = True
        self       = <_UnixSelectorEventLoop running=False closed=False debug=False>
venv/lib/python3.12/site-packages/pytest_asyncio/plugin.py:318: in setup
    res = await gen_obj.__anext__()
        gen_obj    = <async_generator object engine at 0x78efe0b6ec50>
tests/conftest.py:62: in engine
    await conn.run_sync(Base.metadata.create_all)
        conn       = <sqlalchemy.ext.asyncio.engine.AsyncConnection object at 0x78efe0bd6850>
        test_engine = <sqlalchemy.ext.asyncio.engine.AsyncEngine object at 0x78f001041090>
venv/lib/python3.12/site-packages/sqlalchemy/ext/asyncio/engine.py:891: in run_sync
    return await greenlet_spawn(fn, self._proxied, *arg, **kw)
        arg        = ()
        fn         = <bound method MetaData.create_all of MetaData()>
        kw         = {}
        self       = <sqlalchemy.ext.asyncio.engine.AsyncConnection object at 0x78efe0bd6850>
venv/lib/python3.12/site-packages/sqlalchemy/util/_concurrency_py3k.py:200: in greenlet_spawn
    result = context.throw(*sys.exc_info())
        _require_await = False
        args       = (<sqlalchemy.engine.base.Connection object at 0x78efe0bd0380>,)
        context    = <_AsyncIoGreenlet object at 0x78efe0b41940 (otid=0x1d6ace30) dead>
        fn         = <bound method MetaData.create_all of MetaData()>
        kwargs     = {}
        result     = <coroutine object Cursor.execute at 0x78efe0be19a0>
        switch_occurred = True
        value      = <aiosqlite.cursor.Cursor object at 0x78efe0bd2210>
venv/lib/python3.12/site-packages/sqlalchemy/sql/schema.py:5832: in create_all
    bind._run_ddl_visitor(
        bind       = <sqlalchemy.engine.base.Connection object at 0x78efe0bd0380>
        checkfirst = True
        self       = MetaData()
        tables     = None
venv/lib/python3.12/site-packages/sqlalchemy/engine/base.py:2448: in _run_ddl_visitor
    visitorcallable(self.dialect, self, **kwargs).traverse_single(element)
        element    = MetaData()
        kwargs     = {'checkfirst': True, 'tables': None}
        self       = <sqlalchemy.engine.base.Connection object at 0x78efe0bd0380>
        visitorcallable = <class 'sqlalchemy.sql.ddl.SchemaGenerator'>
venv/lib/python3.12/site-packages/sqlalchemy/sql/visitors.py:671: in traverse_single
    return meth(obj, **kw)
        kw         = {}
        meth       = <bound method SchemaGenerator.visit_metadata of <sqlalchemy.sql.ddl.SchemaGenerator object at 0x78efe0ce40d0>>
        obj        = MetaData()
        self       = <sqlalchemy.sql.ddl.SchemaGenerator object at 0x78efe0ce40d0>
        v          = <sqlalchemy.sql.ddl.SchemaGenerator object at 0x78efe0ce40d0>
venv/lib/python3.12/site-packages/sqlalchemy/sql/ddl.py:919: in visit_metadata
    self.traverse_single(
        collection = [(Table('users', MetaData(), Column('id', GUID(), table=<users>, primary_key=True, nullable=False, default=CallableColumnDefault(<function uuid4 at 0x78f001182de0>)), Column('email', String(length=255), table=<users>), Column('password_hash', String(length=255), table=<users>), Column('role', Enum('ADMIN', 'USER', 'ANONYMOUS', name='user_role'), table=<users>, nullable=False, default=ScalarElementColumnDefault(<UserRole.ANONYMOUS: 'anonymous'>)), Column('is_active', Boolean(), table=<users>, nullable=False, default=ScalarElementColumnDefault(True)), Column('created_at', DateTime(timezone=True), table=<users>, nullable=False, default=CallableColumnDefault(<function datetime.utcnow at 0x78f0011e8ea0>)), Column('last_login', DateTime(timezone=True), table=<users>), schema=None),
  set()),
 (Table('chat_sessions', MetaData(), Column('id', GUID(), table=<chat_sessions>, primary_key=True, nullable=False, default=CallableColumnDefault(<function uuid4 at 0x78f001078720>)), Column('user_id', GUID(), ForeignKey('users.id'), table=<chat_sessions>), Column('session_token', String(length=255), table=<chat_sessions>, nullable=False), Column('created_at', DateTime(timezone=True), table=<chat_sessions>, nullable=False, default=CallableColumnDefault(<function datetime.utcnow at 0x78f0010787c0>)), Column('updated_at', DateTime(timezone=True), table=<chat_sessions>, nullable=False, onupdate=CallableColumnDefault(<function datetime.utcnow at 0x78f001078ae0>), default=CallableColumnDefault(<function datetime.utcnow at 0x78f001078a40>)), Column('metadata', JSON(), table=<chat_sessions>, default=CallableColumnDefault(<function dict at 0x78f001078b80>)), schema=None),
  {ForeignKeyConstraint(<sqlalchemy.sql.base.ReadOnlyColumnCollection object at 0x78efdb3365c0>, None, ondelete='SET NULL', table=Table('chat_sessions', MetaData(), Column('id', GUID(), table=<chat_sessions>, primary_key=True, nullable=False, default=CallableColumnDefault(<function uuid4 at 0x78f001078720>)), Column('user_id', GUID(), ForeignKey('users.id'), table=<chat_sessions>), Column('session_token', String(length=255), table=<chat_sessions>, nullable=False), Column('created_at', DateTime(timezone=True), table=<chat_sessions>, nullable=False, default=CallableColumnDefault(<function datetime.utcnow at 0x78f0010787c0>)), Column('updated_at', DateTime(timezone=True), table=<chat_sessions>, nullable=False, onupdate=CallableColumnDefault(<function datetime.utcnow at 0x78f001078ae0>), default=CallableColumnDefault(<function datetime.utcnow at 0x78f001078a40>)), Column('metadata', JSON(), table=<chat_sessions>, default=CallableColumnDefault(<function dict at 0x78f001078b80>)), schema=None))}),
 (Table('data_sources', MetaData(), Column('id', GUID(), table=<data_sources>, primary_key=True, nullable=False, default=CallableColumnDefault(<function uuid4 at 0x78f00107bd80>)), Column('name', String(length=255), table=<data_sources>, nullable=False), Column('type', Enum('CONFLUENCE', 'JIRA', 'GITHUB', 'ONBOARDING', name='source_type'), table=<data_sources>, nullable=False), Column('config', JSON(), table=<data_sources>, nullable=False, default=CallableColumnDefault(<function dict at 0x78f001018040>)), Column('last_sync_at', DateTime(timezone=True), table=<data_sources>), Column('sync_status', Enum('PENDING', 'SYNCING', 'SUCCESS', 'FAILED', name='sync_status'), table=<data_sources>, nullable=False, default=ScalarElementColumnDefault(<SyncStatus.PENDING: 'pending'>)), Column('sync_error', Text(), table=<data_sources>), Column('created_by', GUID(), ForeignKey('users.id'), table=<data_sources>, nullable=False), Column('is_active', Boolean(), table=<data_sources>, nullable=False, default=ScalarElementColumnDefault(True)), schema=None),
  {ForeignKeyConstraint(<sqlalchemy.sql.base.ReadOnlyColumnCollection object at 0x78efdb336610>, None, ondelete='CASCADE', table=Table('data_sources', MetaData(), Column('id', GUID(), table=<data_sources>, primary_key=True, nullable=False, default=CallableColumnDefault(<function uuid4 at 0x78f00107bd80>)), Column('name', String(length=255), table=<data_sources>, nullable=False), Column('type', Enum('CONFLUENCE', 'JIRA', 'GITHUB', 'ONBOARDING', name='source_type'), table=<data_sources>, nullable=False), Column('config', JSON(), table=<data_sources>, nullable=False, default=CallableColumnDefault(<function dict at 0x78f001018040>)), Column('last_sync_at', DateTime(timezone=True), table=<data_sources>), Column('sync_status', Enum('PENDING', 'SYNCING', 'SUCCESS', 'FAILED', name='sync_status'), table=<data_sources>, nullable=False, default=ScalarElementColumnDefault(<SyncStatus.PENDING: 'pending'>)), Column('sync_error', Text(), table=<data_sources>), Column('created_by', GUID(), ForeignKey('users.id'), table=<data_sources>, nullable=False), Column('is_active', Boolean(), table=<data_sources>, nullable=False, default=ScalarElementColumnDefault(True)), schema=None))}),
 (Table('messages', MetaData(), Column('id', GUID(), table=<messages>, primary_key=True, nullable=False, default=CallableColumnDefault(<function uuid4 at 0x78f00107a020>)), Column('session_id', GUID(), ForeignKey('chat_sessions.id'), table=<messages>, nullable=False), Column('role', Enum('USER', 'ASSISTANT', 'SYSTEM', name='message_role'), table=<messages>, nullable=False), Column('content', Text(), table=<messages>, nullable=False), Column('created_at', DateTime(timezone=True), table=<messages>, nullable=False, default=CallableColumnDefault(<function datetime.utcnow at 0x78f00107a3e0>)), Column('sources', JSON(), table=<messages>, default=CallableColumnDefault(<function dict at 0x78f00107a520>)), Column('feedback', JSON(), table=<messages>, default=CallableColumnDefault(<function dict at 0x78f00107a660>)), schema=None),
  {ForeignKeyConstraint(<sqlalchemy.sql.base.ReadOnlyColumnCollection object at 0x78efdb3366b0>, None, ondelete='CASCADE', table=Table('messages', MetaData(), Column('id', GUID(), table=<messages>, primary_key=True, nullable=False, default=CallableColumnDefault(<function uuid4 at 0x78f00107a020>)), Column('session_id', GUID(), ForeignKey('chat_sessions.id'), table=<messages>, nullable=False), Column('role', Enum('USER', 'ASSISTANT', 'SYSTEM', name='message_role'), table=<messages>, nullable=False), Column('content', Text(), table=<messages>, nullable=False), Column('created_at', DateTime(timezone=True), table=<messages>, nullable=False, default=CallableColumnDefault(<function datetime.utcnow at 0x78f00107a3e0>)), Column('sources', JSON(), table=<messages>, default=CallableColumnDefault(<function dict at 0x78f00107a520>)), Column('feedback', JSON(), table=<messages>, default=CallableColumnDefault(<function dict at 0x78f00107a660>)), schema=None))}),
 (Table('sync_logs', MetaData(), Column('id', GUID(), table=<sync_logs>, primary_key=True, nullable=False, default=CallableColumnDefault(<function uuid4 at 0x78f00101a3e0>)), Column('source_id', GUID(), ForeignKey('data_sources.id'), table=<sync_logs>, nullable=False), Column('started_at', DateTime(timezone=True), table=<sync_logs>, nullable=False, default=CallableColumnDefault(<function datetime.utcnow at 0x78f00101a480>)), Column('completed_at', DateTime(timezone=True), table=<sync_logs>), Column('status', Enum('PENDING', 'SYNCING', 'SUCCESS', 'FAILED', name='sync_status'), table=<sync_logs>, nullable=False, default=ScalarElementColumnDefault(<SyncStatus.PENDING: 'pending'>)), Column('documents_processed', Integer(), table=<sync_logs>, nullable=False, default=ScalarElementColumnDefault(0)), Column('documents_added', Integer(), table=<sync_logs>, nullable=False, default=ScalarElementColumnDefault(0)), Column('documents_updated', Integer(), table=<sync_logs>, nullable=False, default=ScalarElementColumnDefault(0)), Column('documents_deleted', Integer(), table=<sync_logs>, nullable=False, default=ScalarElementColumnDefault(0)), Column('error_log', Text(), table=<sync_logs>), schema=None),
  {ForeignKeyConstraint(<sqlalchemy.sql.base.ReadOnlyColumnCollection object at 0x78efdb336660>, None, ondelete='CASCADE', table=Table('sync_logs', MetaData(), Column('id', GUID(), table=<sync_logs>, primary_key=True, nullable=False, default=CallableColumnDefault(<function uuid4 at 0x78f00101a3e0>)), Column('source_id', GUID(), ForeignKey('data_sources.id'), table=<sync_logs>, nullable=False), Column('started_at', DateTime(timezone=True), table=<sync_logs>, nullable=False, default=CallableColumnDefault(<function datetime.utcnow at 0x78f00101a480>)), Column('completed_at', DateTime(timezone=True), table=<sync_logs>), Column('status', Enum('PENDING', 'SYNCING', 'SUCCESS', 'FAILED', name='sync_status'), table=<sync_logs>, nullable=False, default=ScalarElementColumnDefault(<SyncStatus.PENDING: 'pending'>)), Column('documents_processed', Integer(), table=<sync_logs>, nullable=False, default=ScalarElementColumnDefault(0)), Column('documents_added', Integer(), table=<sync_logs>, nullable=False, default=ScalarElementColumnDefault(0)), Column('documents_updated', Integer(), table=<sync_logs>, nullable=False, default=ScalarElementColumnDefault(0)), Column('documents_deleted', Integer(), table=<sync_logs>, nullable=False, default=ScalarElementColumnDefault(0)), Column('error_log', Text(), table=<sync_logs>), schema=None))}),
 (Table('documents', MetaData(), Column('id', UUID(), table=<documents>, primary_key=True, nullable=False, default=CallableColumnDefault(<function uuid4 at 0x78f00101bec0>)), Column('source_id', UUID(), ForeignKey('data_sources.id'), table=<documents>, nullable=False), Column('external_id', String(length=255), table=<documents>, nullable=False), Column('title', Text(), table=<documents>, nullable=False), Column('content', Text(), table=<documents>, nullable=False), Column('url', Text(), table=<documents>), Column('metadata', JSONB(astext_type=Text()), table=<documents>, default=CallableColumnDefault(<function dict at 0x78f000fec360>)), Column('created_at', DateTime(timezone=True), table=<documents>, nullable=False, default=CallableColumnDefault(<function datetime.utcnow at 0x78efe0cbef20>)), Column('updated_at', DateTime(timezone=True), table=<documents>, nullable=False, onupdate=CallableColumnDefault(<function datetime.utcnow at 0x78efe0cbf060>), default=CallableColumnDefault(<function datetime.utcnow at 0x78efe0cbefc0>)), Column('is_deleted', Boolean(), table=<documents>, nullable=False, default=ScalarElementColumnDefault(False)), schema=None),
  {ForeignKeyConstraint(<sqlalchemy.sql.base.ReadOnlyColumnCollection object at 0x78efdb336750>, None, ondelete='CASCADE', table=Table('documents', MetaData(), Column('id', UUID(), table=<documents>, primary_key=True, nullable=False, default=CallableColumnDefault(<function uuid4 at 0x78f00101bec0>)), Column('source_id', UUID(), ForeignKey('data_sources.id'), table=<documents>, nullable=False), Column('external_id', String(length=255), table=<documents>, nullable=False), Column('title', Text(), table=<documents>, nullable=False), Column('content', Text(), table=<documents>, nullable=False), Column('url', Text(), table=<documents>), Column('metadata', JSONB(astext_type=Text()), table=<documents>, default=CallableColumnDefault(<function dict at 0x78f000fec360>)), Column('created_at', DateTime(timezone=True), table=<documents>, nullable=False, default=CallableColumnDefault(<function datetime.utcnow at 0x78efe0cbef20>)), Column('updated_at', DateTime(timezone=True), table=<documents>, nullable=False, onupdate=CallableColumnDefault(<function datetime.utcnow at 0x78efe0cbf060>), default=CallableColumnDefault(<function datetime.utcnow at 0x78efe0cbefc0>)), Column('is_deleted', Boolean(), table=<documents>, nullable=False, default=ScalarElementColumnDefault(False)), schema=None))}),
 (Table('document_chunks', MetaData(), Column('id', UUID(), table=<document_chunks>, primary_key=True, nullable=False, default=CallableColumnDefault(<function uuid4 at 0x78efe0ce0720>)), Column('document_id', UUID(), ForeignKey('documents.id'), table=<document_chunks>, nullable=False), Column('chunk_index', Integer(), table=<document_chunks>, nullable=False), Column('content', Text(), table=<document_chunks>, nullable=False), Column('embedding', Vector(dim=384), table=<document_chunks>), Column('metadata', JSONB(astext_type=Text()), table=<document_chunks>, default=CallableColumnDefault(<function dict at 0x78efe0ce07c0>)), Column('created_at', DateTime(timezone=True), table=<document_chunks>, nullable=False, default=CallableColumnDefault(<function datetime.utcnow at 0x78efe0ce09a0>)), schema=None),
  {ForeignKeyConstraint(<sqlalchemy.sql.base.ReadOnlyColumnCollection object at 0x78efdb3367a0>, None, ondelete='CASCADE', table=Table('document_chunks', MetaData(), Column('id', UUID(), table=<document_chunks>, primary_key=True, nullable=False, default=CallableColumnDefault(<function uuid4 at 0x78efe0ce0720>)), Column('document_id', UUID(), ForeignKey('documents.id'), table=<document_chunks>, nullable=False), Column('chunk_index', Integer(), table=<document_chunks>, nullable=False), Column('content', Text(), table=<document_chunks>, nullable=False), Column('embedding', Vector(dim=384), table=<document_chunks>), Column('metadata', JSONB(astext_type=Text()), table=<document_chunks>, default=CallableColumnDefault(<function dict at 0x78efe0ce07c0>)), Column('created_at', DateTime(timezone=True), table=<document_chunks>, nullable=False, default=CallableColumnDefault(<function datetime.utcnow at 0x78efe0ce09a0>)), schema=None))}),
 (None, [])]
        event_collection = [Table('users', MetaData(), Column('id', GUID(), table=<users>, primary_key=True, nullable=False, default=CallableColumnDefault(<function uuid4 at 0x78f001182de0>)), Column('email', String(length=255), table=<users>), Column('password_hash', String(length=255), table=<users>), Column('role', Enum('ADMIN', 'USER', 'ANONYMOUS', name='user_role'), table=<users>, nullable=False, default=ScalarElementColumnDefault(<UserRole.ANONYMOUS: 'anonymous'>)), Column('is_active', Boolean(), table=<users>, nullable=False, default=ScalarElementColumnDefault(True)), Column('created_at', DateTime(timezone=True), table=<users>, nullable=False, default=CallableColumnDefault(<function datetime.utcnow at 0x78f0011e8ea0>)), Column('last_login', DateTime(timezone=True), table=<users>), schema=None),
 Table('chat_sessions', MetaData(), Column('id', GUID(), table=<chat_sessions>, primary_key=True, nullable=False, default=CallableColumnDefault(<function uuid4 at 0x78f001078720>)), Column('user_id', GUID(), ForeignKey('users.id'), table=<chat_sessions>), Column('session_token', String(length=255), table=<chat_sessions>, nullable=False), Column('created_at', DateTime(timezone=True), table=<chat_sessions>, nullable=False, default=CallableColumnDefault(<function datetime.utcnow at 0x78f0010787c0>)), Column('updated_at', DateTime(timezone=True), table=<chat_sessions>, nullable=False, onupdate=CallableColumnDefault(<function datetime.utcnow at 0x78f001078ae0>), default=CallableColumnDefault(<function datetime.utcnow at 0x78f001078a40>)), Column('metadata', JSON(), table=<chat_sessions>, default=CallableColumnDefault(<function dict at 0x78f001078b80>)), schema=None),
 Table('data_sources', MetaData(), Column('id', GUID(), table=<data_sources>, primary_key=True, nullable=False, default=CallableColumnDefault(<function uuid4 at 0x78f00107bd80>)), Column('name', String(length=255), table=<data_sources>, nullable=False), Column('type', Enum('CONFLUENCE', 'JIRA', 'GITHUB', 'ONBOARDING', name='source_type'), table=<data_sources>, nullable=False), Column('config', JSON(), table=<data_sources>, nullable=False, default=CallableColumnDefault(<function dict at 0x78f001018040>)), Column('last_sync_at', DateTime(timezone=True), table=<data_sources>), Column('sync_status', Enum('PENDING', 'SYNCING', 'SUCCESS', 'FAILED', name='sync_status'), table=<data_sources>, nullable=False, default=ScalarElementColumnDefault(<SyncStatus.PENDING: 'pending'>)), Column('sync_error', Text(), table=<data_sources>), Column('created_by', GUID(), ForeignKey('users.id'), table=<data_sources>, nullable=False), Column('is_active', Boolean(), table=<data_sources>, nullable=False, default=ScalarElementColumnDefault(True)), schema=None),
 Table('messages', MetaData(), Column('id', GUID(), table=<messages>, primary_key=True, nullable=False, default=CallableColumnDefault(<function uuid4 at 0x78f00107a020>)), Column('session_id', GUID(), ForeignKey('chat_sessions.id'), table=<messages>, nullable=False), Column('role', Enum('USER', 'ASSISTANT', 'SYSTEM', name='message_role'), table=<messages>, nullable=False), Column('content', Text(), table=<messages>, nullable=False), Column('created_at', DateTime(timezone=True), table=<messages>, nullable=False, default=CallableColumnDefault(<function datetime.utcnow at 0x78f00107a3e0>)), Column('sources', JSON(), table=<messages>, default=CallableColumnDefault(<function dict at 0x78f00107a520>)), Column('feedback', JSON(), table=<messages>, default=CallableColumnDefault(<function dict at 0x78f00107a660>)), schema=None),
 Table('sync_logs', MetaData(), Column('id', GUID(), table=<sync_logs>, primary_key=True, nullable=False, default=CallableColumnDefault(<function uuid4 at 0x78f00101a3e0>)), Column('source_id', GUID(), ForeignKey('data_sources.id'), table=<sync_logs>, nullable=False), Column('started_at', DateTime(timezone=True), table=<sync_logs>, nullable=False, default=CallableColumnDefault(<function datetime.utcnow at 0x78f00101a480>)), Column('completed_at', DateTime(timezone=True), table=<sync_logs>), Column('status', Enum('PENDING', 'SYNCING', 'SUCCESS', 'FAILED', name='sync_status'), table=<sync_logs>, nullable=False, default=ScalarElementColumnDefault(<SyncStatus.PENDING: 'pending'>)), Column('documents_processed', Integer(), table=<sync_logs>, nullable=False, default=ScalarElementColumnDefault(0)), Column('documents_added', Integer(), table=<sync_logs>, nullable=False, default=ScalarElementColumnDefault(0)), Column('documents_updated', Integer(), table=<sync_logs>, nullable=False, default=ScalarElementColumnDefault(0)), Column('documents_deleted', Integer(), table=<sync_logs>, nullable=False, default=ScalarElementColumnDefault(0)), Column('error_log', Text(), table=<sync_logs>), schema=None),
 Table('documents', MetaData(), Column('id', UUID(), table=<documents>, primary_key=True, nullable=False, default=CallableColumnDefault(<function uuid4 at 0x78f00101bec0>)), Column('source_id', UUID(), ForeignKey('data_sources.id'), table=<documents>, nullable=False), Column('external_id', String(length=255), table=<documents>, nullable=False), Column('title', Text(), table=<documents>, nullable=False), Column('content', Text(), table=<documents>, nullable=False), Column('url', Text(), table=<documents>), Column('metadata', JSONB(astext_type=Text()), table=<documents>, default=CallableColumnDefault(<function dict at 0x78f000fec360>)), Column('created_at', DateTime(timezone=True), table=<documents>, nullable=False, default=CallableColumnDefault(<function datetime.utcnow at 0x78efe0cbef20>)), Column('updated_at', DateTime(timezone=True), table=<documents>, nullable=False, onupdate=CallableColumnDefault(<function datetime.utcnow at 0x78efe0cbf060>), default=CallableColumnDefault(<function datetime.utcnow at 0x78efe0cbefc0>)), Column('is_deleted', Boolean(), table=<documents>, nullable=False, default=ScalarElementColumnDefault(False)), schema=None),
 Table('document_chunks', MetaData(), Column('id', UUID(), table=<document_chunks>, primary_key=True, nullable=False, default=CallableColumnDefault(<function uuid4 at 0x78efe0ce0720>)), Column('document_id', UUID(), ForeignKey('documents.id'), table=<document_chunks>, nullable=False), Column('chunk_index', Integer(), table=<document_chunks>, nullable=False), Column('content', Text(), table=<document_chunks>, nullable=False), Column('embedding', Vector(dim=384), table=<document_chunks>), Column('metadata', JSONB(astext_type=Text()), table=<document_chunks>, default=CallableColumnDefault(<function dict at 0x78efe0ce07c0>)), Column('created_at', DateTime(timezone=True), table=<document_chunks>, nullable=False, default=CallableColumnDefault(<function datetime.utcnow at 0x78efe0ce09a0>)), schema=None)]
        fkcs       = set()
        metadata   = MetaData()
        self       = <sqlalchemy.sql.ddl.SchemaGenerator object at 0x78efe0ce40d0>
        seq_coll   = []
        table      = Table('users', MetaData(), Column('id', GUID(), table=<users>, primary_key=True, nullable=False, default=CallableColumnDefault(<function uuid4 at 0x78f001182de0>)), Column('email', String(length=255), table=<users>), Column('password_hash', String(length=255), table=<users>), Column('role', Enum('ADMIN', 'USER', 'ANONYMOUS', name='user_role'), table=<users>, nullable=False, default=ScalarElementColumnDefault(<UserRole.ANONYMOUS: 'anonymous'>)), Column('is_active', Boolean(), table=<users>, nullable=False, default=ScalarElementColumnDefault(True)), Column('created_at', DateTime(timezone=True), table=<users>, nullable=False, default=CallableColumnDefault(<function datetime.utcnow at 0x78f0011e8ea0>)), Column('last_login', DateTime(timezone=True), table=<users>), schema=None)
        tables     = [Table('users', MetaData(), Column('id', GUID(), table=<users>, primary_key=True, nullable=False, default=CallableColumnDefault(<function uuid4 at 0x78f001182de0>)), Column('email', String(length=255), table=<users>), Column('password_hash', String(length=255), table=<users>), Column('role', Enum('ADMIN', 'USER', 'ANONYMOUS', name='user_role'), table=<users>, nullable=False, default=ScalarElementColumnDefault(<UserRole.ANONYMOUS: 'anonymous'>)), Column('is_active', Boolean(), table=<users>, nullable=False, default=ScalarElementColumnDefault(True)), Column('created_at', DateTime(timezone=True), table=<users>, nullable=False, default=CallableColumnDefault(<function datetime.utcnow at 0x78f0011e8ea0>)), Column('last_login', DateTime(timezone=True), table=<users>), schema=None),
 Table('chat_sessions', MetaData(), Column('id', GUID(), table=<chat_sessions>, primary_key=True, nullable=False, default=CallableColumnDefault(<function uuid4 at 0x78f001078720>)), Column('user_id', GUID(), ForeignKey('users.id'), table=<chat_sessions>), Column('session_token', String(length=255), table=<chat_sessions>, nullable=False), Column('created_at', DateTime(timezone=True), table=<chat_sessions>, nullable=False, default=CallableColumnDefault(<function datetime.utcnow at 0x78f0010787c0>)), Column('updated_at', DateTime(timezone=True), table=<chat_sessions>, nullable=False, onupdate=CallableColumnDefault(<function datetime.utcnow at 0x78f001078ae0>), default=CallableColumnDefault(<function datetime.utcnow at 0x78f001078a40>)), Column('metadata', JSON(), table=<chat_sessions>, default=CallableColumnDefault(<function dict at 0x78f001078b80>)), schema=None),
 Table('messages', MetaData(), Column('id', GUID(), table=<messages>, primary_key=True, nullable=False, default=CallableColumnDefault(<function uuid4 at 0x78f00107a020>)), Column('session_id', GUID(), ForeignKey('chat_sessions.id'), table=<messages>, nullable=False), Column('role', Enum('USER', 'ASSISTANT', 'SYSTEM', name='message_role'), table=<messages>, nullable=False), Column('content', Text(), table=<messages>, nullable=False), Column('created_at', DateTime(timezone=True), table=<messages>, nullable=False, default=CallableColumnDefault(<function datetime.utcnow at 0x78f00107a3e0>)), Column('sources', JSON(), table=<messages>, default=CallableColumnDefault(<function dict at 0x78f00107a520>)), Column('feedback', JSON(), table=<messages>, default=CallableColumnDefault(<function dict at 0x78f00107a660>)), schema=None),
 Table('data_sources', MetaData(), Column('id', GUID(), table=<data_sources>, primary_key=True, nullable=False, default=CallableColumnDefault(<function uuid4 at 0x78f00107bd80>)), Column('name', String(length=255), table=<data_sources>, nullable=False), Column('type', Enum('CONFLUENCE', 'JIRA', 'GITHUB', 'ONBOARDING', name='source_type'), table=<data_sources>, nullable=False), Column('config', JSON(), table=<data_sources>, nullable=False, default=CallableColumnDefault(<function dict at 0x78f001018040>)), Column('last_sync_at', DateTime(timezone=True), table=<data_sources>), Column('sync_status', Enum('PENDING', 'SYNCING', 'SUCCESS', 'FAILED', name='sync_status'), table=<data_sources>, nullable=False, default=ScalarElementColumnDefault(<SyncStatus.PENDING: 'pending'>)), Column('sync_error', Text(), table=<data_sources>), Column('created_by', GUID(), ForeignKey('users.id'), table=<data_sources>, nullable=False), Column('is_active', Boolean(), table=<data_sources>, nullable=False, default=ScalarElementColumnDefault(True)), schema=None),
 Table('sync_logs', MetaData(), Column('id', GUID(), table=<sync_logs>, primary_key=True, nullable=False, default=CallableColumnDefault(<function uuid4 at 0x78f00101a3e0>)), Column('source_id', GUID(), ForeignKey('data_sources.id'), table=<sync_logs>, nullable=False), Column('started_at', DateTime(timezone=True), table=<sync_logs>, nullable=False, default=CallableColumnDefault(<function datetime.utcnow at 0x78f00101a480>)), Column('completed_at', DateTime(timezone=True), table=<sync_logs>), Column('status', Enum('PENDING', 'SYNCING', 'SUCCESS', 'FAILED', name='sync_status'), table=<sync_logs>, nullable=False, default=ScalarElementColumnDefault(<SyncStatus.PENDING: 'pending'>)), Column('documents_processed', Integer(), table=<sync_logs>, nullable=False, default=ScalarElementColumnDefault(0)), Column('documents_added', Integer(), table=<sync_logs>, nullable=False, default=ScalarElementColumnDefault(0)), Column('documents_updated', Integer(), table=<sync_logs>, nullable=False, default=ScalarElementColumnDefault(0)), Column('documents_deleted', Integer(), table=<sync_logs>, nullable=False, default=ScalarElementColumnDefault(0)), Column('error_log', Text(), table=<sync_logs>), schema=None),
 Table('documents', MetaData(), Column('id', UUID(), table=<documents>, primary_key=True, nullable=False, default=CallableColumnDefault(<function uuid4 at 0x78f00101bec0>)), Column('source_id', UUID(), ForeignKey('data_sources.id'), table=<documents>, nullable=False), Column('external_id', String(length=255), table=<documents>, nullable=False), Column('title', Text(), table=<documents>, nullable=False), Column('content', Text(), table=<documents>, nullable=False), Column('url', Text(), table=<documents>), Column('metadata', JSONB(astext_type=Text()), table=<documents>, default=CallableColumnDefault(<function dict at 0x78f000fec360>)), Column('created_at', DateTime(timezone=True), table=<documents>, nullable=False, default=CallableColumnDefault(<function datetime.utcnow at 0x78efe0cbef20>)), Column('updated_at', DateTime(timezone=True), table=<documents>, nullable=False, onupdate=CallableColumnDefault(<function datetime.utcnow at 0x78efe0cbf060>), default=CallableColumnDefault(<function datetime.utcnow at 0x78efe0cbefc0>)), Column('is_deleted', Boolean(), table=<documents>, nullable=False, default=ScalarElementColumnDefault(False)), schema=None),
 Table('document_chunks', MetaData(), Column('id', UUID(), table=<document_chunks>, primary_key=True, nullable=False, default=CallableColumnDefault(<function uuid4 at 0x78efe0ce0720>)), Column('document_id', UUID(), ForeignKey('documents.id'), table=<document_chunks>, nullable=False), Column('chunk_index', Integer(), table=<document_chunks>, nullable=False), Column('content', Text(), table=<document_chunks>, nullable=False), Column('embedding', Vector(dim=384), table=<document_chunks>), Column('metadata', JSONB(astext_type=Text()), table=<document_chunks>, default=CallableColumnDefault(<function dict at 0x78efe0ce07c0>)), Column('created_at', DateTime(timezone=True), table=<document_chunks>, nullable=False, default=CallableColumnDefault(<function datetime.utcnow at 0x78efe0ce09a0>)), schema=None)]
venv/lib/python3.12/site-packages/sqlalchemy/sql/visitors.py:671: in traverse_single
    return meth(obj, **kw)
        kw         = {'_is_metadata_operation': True,
 'create_ok': True,
 'include_foreign_key_constraints': set()}
        meth       = <bound method SchemaGenerator.visit_table of <sqlalchemy.sql.ddl.SchemaGenerator object at 0x78efe0ce40d0>>
        obj        = Table('users', MetaData(), Column('id', GUID(), table=<users>, primary_key=True, nullable=False, default=CallableColumnDefault(<function uuid4 at 0x78f001182de0>)), Column('email', String(length=255), table=<users>), Column('password_hash', String(length=255), table=<users>), Column('role', Enum('ADMIN', 'USER', 'ANONYMOUS', name='user_role'), table=<users>, nullable=False, default=ScalarElementColumnDefault(<UserRole.ANONYMOUS: 'anonymous'>)), Column('is_active', Boolean(), table=<users>, nullable=False, default=ScalarElementColumnDefault(True)), Column('created_at', DateTime(timezone=True), table=<users>, nullable=False, default=CallableColumnDefault(<function datetime.utcnow at 0x78f0011e8ea0>)), Column('last_login', DateTime(timezone=True), table=<users>), schema=None)
        self       = <sqlalchemy.sql.ddl.SchemaGenerator object at 0x78efe0ce40d0>
        v          = <sqlalchemy.sql.ddl.SchemaGenerator object at 0x78efe0ce40d0>
venv/lib/python3.12/site-packages/sqlalchemy/sql/ddl.py:961: in visit_table
    self.traverse_single(index, create_ok=True)
        _is_metadata_operation = True
        column     = Column('last_login', DateTime(timezone=True), table=<users>)
        create_ok  = True
        include_foreign_key_constraints = None
        index      = Index('ix_users_email', Column('email', String(length=255), table=<users>), unique=True)
        self       = <sqlalchemy.sql.ddl.SchemaGenerator object at 0x78efe0ce40d0>
        table      = Table('users', MetaData(), Column('id', GUID(), table=<users>, primary_key=True, nullable=False, default=CallableColumnDefault(<function uuid4 at 0x78f001182de0>)), Column('email', String(length=255), table=<users>), Column('password_hash', String(length=255), table=<users>), Column('role', Enum('ADMIN', 'USER', 'ANONYMOUS', name='user_role'), table=<users>, nullable=False, default=ScalarElementColumnDefault(<UserRole.ANONYMOUS: 'anonymous'>)), Column('is_active', Boolean(), table=<users>, nullable=False, default=ScalarElementColumnDefault(True)), Column('created_at', DateTime(timezone=True), table=<users>, nullable=False, default=CallableColumnDefault(<function datetime.utcnow at 0x78f0011e8ea0>)), Column('last_login', DateTime(timezone=True), table=<users>), schema=None)
venv/lib/python3.12/site-packages/sqlalchemy/sql/visitors.py:671: in traverse_single
    return meth(obj, **kw)
        kw         = {'create_ok': True}
        meth       = <bound method SchemaGenerator.visit_index of <sqlalchemy.sql.ddl.SchemaGenerator object at 0x78efe0ce40d0>>
        obj        = Index('ix_users_email', Column('email', String(length=255), table=<users>), unique=True)
        self       = <sqlalchemy.sql.ddl.SchemaGenerator object at 0x78efe0ce40d0>
        v          = <sqlalchemy.sql.ddl.SchemaGenerator object at 0x78efe0ce40d0>
venv/lib/python3.12/site-packages/sqlalchemy/sql/ddl.py:998: in visit_index
    CreateIndex(index)._invoke_with(self.connection)
        create_ok  = True
        index      = Index('ix_users_email', Column('email', String(length=255), table=<users>), unique=True)
        self       = <sqlalchemy.sql.ddl.SchemaGenerator object at 0x78efe0ce40d0>
venv/lib/python3.12/site-packages/sqlalchemy/sql/ddl.py:315: in _invoke_with
    return bind.execute(self)
        bind       = <sqlalchemy.engine.base.Connection object at 0x78efe0bd0380>
        self       = <sqlalchemy.sql.ddl.CreateIndex object at 0x78f000fe2900>
venv/lib/python3.12/site-packages/sqlalchemy/engine/base.py:1416: in execute
    return meth(
        distilled_parameters = ()
        execution_options = None
        meth       = <bound method ExecutableDDLElement._execute_on_connection of <sqlalchemy.sql.ddl.CreateIndex object at 0x78f000fe2900>>
        parameters = None
        self       = <sqlalchemy.engine.base.Connection object at 0x78efe0bd0380>
        statement  = <sqlalchemy.sql.ddl.CreateIndex object at 0x78f000fe2900>
venv/lib/python3.12/site-packages/sqlalchemy/sql/ddl.py:181: in _execute_on_connection
    return connection._execute_ddl(
        connection = <sqlalchemy.engine.base.Connection object at 0x78efe0bd0380>
        distilled_params = ()
        execution_options = immutabledict({})
        self       = <sqlalchemy.sql.ddl.CreateIndex object at 0x78f000fe2900>
venv/lib/python3.12/site-packages/sqlalchemy/engine/base.py:1528: in _execute_ddl
    ret = self._execute_context(
        compiled   = <sqlalchemy.dialects.sqlite.base.SQLiteDDLCompiler object at 0x78efe0bd18e0>
        ddl        = <sqlalchemy.sql.ddl.CreateIndex object at 0x78f000fe2900>
        dialect    = <sqlalchemy.dialects.sqlite.aiosqlite.SQLiteDialect_aiosqlite object at 0x78efe0cc3620>
        distilled_parameters = ()
        event_multiparams = None
        event_params = None
        exec_opts  = immutabledict({})
        execution_options = immutabledict({})
        schema_translate_map = None
        self       = <sqlalchemy.engine.base.Connection object at 0x78efe0bd0380>
venv/lib/python3.12/site-packages/sqlalchemy/engine/base.py:1848: in _execute_context
    return self._exec_single_context(
        args       = (<sqlalchemy.dialects.sqlite.base.SQLiteDDLCompiler object at 0x78efe0bd18e0>,)
        conn       = <sqlalchemy.pool.base._ConnectionFairy object at 0x78efe0ba6930>
        constructor = <bound method DefaultExecutionContext._init_ddl of <class 'sqlalchemy.dialects.sqlite.aiosqlite.SQLiteExecutionContext_aiosqlite'>>
        context    = <sqlalchemy.dialects.sqlite.aiosqlite.SQLiteExecutionContext_aiosqlite object at 0x78efe0bd21b0>
        dialect    = <sqlalchemy.dialects.sqlite.aiosqlite.SQLiteDialect_aiosqlite object at 0x78efe0cc3620>
        execution_options = immutabledict({})
        kw         = {}
        parameters = None
        self       = <sqlalchemy.engine.base.Connection object at 0x78efe0bd0380>
        statement  = <sqlalchemy.dialects.sqlite.base.SQLiteDDLCompiler object at 0x78efe0bd18e0>
venv/lib/python3.12/site-packages/sqlalchemy/engine/base.py:1988: in _exec_single_context
    self._handle_dbapi_exception(
        context    = <sqlalchemy.dialects.sqlite.aiosqlite.SQLiteExecutionContext_aiosqlite object at 0x78efe0bd21b0>
        cursor     = <sqlalchemy.dialects.sqlite.aiosqlite.AsyncAdapt_aiosqlite_cursor object at 0x78efe0ba7e20>
        dialect    = <sqlalchemy.dialects.sqlite.aiosqlite.SQLiteDialect_aiosqlite object at 0x78efe0cc3620>
        effective_parameters = ()
        evt_handled = False
        parameters = [()]
        self       = <sqlalchemy.engine.base.Connection object at 0x78efe0bd0380>
        statement  = <sqlalchemy.dialects.sqlite.base.SQLiteDDLCompiler object at 0x78efe0bd18e0>
        str_statement = 'CREATE UNIQUE INDEX ix_users_email ON users (email)'
venv/lib/python3.12/site-packages/sqlalchemy/engine/base.py:2344: in _handle_dbapi_exception
    raise sqlalchemy_exception.with_traceback(exc_info[2]) from e
        context    = <sqlalchemy.dialects.sqlite.aiosqlite.SQLiteExecutionContext_aiosqlite object at 0x78efe0bd21b0>
        cursor     = <sqlalchemy.dialects.sqlite.aiosqlite.AsyncAdapt_aiosqlite_cursor object at 0x78efe0ba7e20>
        e          = OperationalError('index ix_users_email already exists')
        exc_info   = (<class 'sqlite3.OperationalError'>,
 OperationalError('index ix_users_email already exists'),
 <traceback object at 0x78efe0201740>)
        invalidate_pool_on_disconnect = True
        is_exit_exception = False
        is_sub_exec = False
        ismulti    = False
        newraise   = None
        parameters = ()
        self       = <sqlalchemy.engine.base.Connection object at 0x78efe0bd0380>
        should_wrap = True
        sqlalchemy_exception = OperationalError('(sqlite3.OperationalError) index ix_users_email already exists')
        statement  = 'CREATE UNIQUE INDEX ix_users_email ON users (email)'
venv/lib/python3.12/site-packages/sqlalchemy/engine/base.py:1969: in _exec_single_context
    self.dialect.do_execute(
        context    = <sqlalchemy.dialects.sqlite.aiosqlite.SQLiteExecutionContext_aiosqlite object at 0x78efe0bd21b0>
        cursor     = <sqlalchemy.dialects.sqlite.aiosqlite.AsyncAdapt_aiosqlite_cursor object at 0x78efe0ba7e20>
        dialect    = <sqlalchemy.dialects.sqlite.aiosqlite.SQLiteDialect_aiosqlite object at 0x78efe0cc3620>
        effective_parameters = ()
        evt_handled = False
        parameters = [()]
        self       = <sqlalchemy.engine.base.Connection object at 0x78efe0bd0380>
        statement  = <sqlalchemy.dialects.sqlite.base.SQLiteDDLCompiler object at 0x78efe0bd18e0>
        str_statement = 'CREATE UNIQUE INDEX ix_users_email ON users (email)'
venv/lib/python3.12/site-packages/sqlalchemy/engine/default.py:922: in do_execute
    cursor.execute(statement, parameters)
        context    = <sqlalchemy.dialects.sqlite.aiosqlite.SQLiteExecutionContext_aiosqlite object at 0x78efe0bd21b0>
        cursor     = <sqlalchemy.dialects.sqlite.aiosqlite.AsyncAdapt_aiosqlite_cursor object at 0x78efe0ba7e20>
        parameters = ()
        self       = <sqlalchemy.dialects.sqlite.aiosqlite.SQLiteDialect_aiosqlite object at 0x78efe0cc3620>
        statement  = 'CREATE UNIQUE INDEX ix_users_email ON users (email)'
venv/lib/python3.12/site-packages/sqlalchemy/dialects/sqlite/aiosqlite.py:146: in execute
    self._adapt_connection._handle_exception(error)
        _cursor    = <aiosqlite.cursor.Cursor object at 0x78efe0bd2210>
        operation  = 'CREATE UNIQUE INDEX ix_users_email ON users (email)'
        parameters = ()
        self       = <sqlalchemy.dialects.sqlite.aiosqlite.AsyncAdapt_aiosqlite_cursor object at 0x78efe0ba7e20>
venv/lib/python3.12/site-packages/sqlalchemy/dialects/sqlite/aiosqlite.py:298: in _handle_exception
    raise error
        error      = OperationalError('index ix_users_email already exists')
        self       = <AdaptedConnection <aiosqlite.core.Connection object at 0x78efe0bd0950>>
venv/lib/python3.12/site-packages/sqlalchemy/dialects/sqlite/aiosqlite.py:128: in execute
    self.await_(_cursor.execute(operation, parameters))
        _cursor    = <aiosqlite.cursor.Cursor object at 0x78efe0bd2210>
        operation  = 'CREATE UNIQUE INDEX ix_users_email ON users (email)'
        parameters = ()
        self       = <sqlalchemy.dialects.sqlite.aiosqlite.AsyncAdapt_aiosqlite_cursor object at 0x78efe0ba7e20>
venv/lib/python3.12/site-packages/sqlalchemy/util/_concurrency_py3k.py:130: in await_only
    return current.driver.switch(awaitable)  # type: ignore[no-any-return]
        awaitable  = <coroutine object Cursor.execute at 0x78efe0be19a0>
        current    = <_AsyncIoGreenlet object at 0x78efe0b41940 (otid=0x1d6ace30) dead>
venv/lib/python3.12/site-packages/sqlalchemy/util/_concurrency_py3k.py:195: in greenlet_spawn
    value = await result
        _require_await = False
        args       = (<sqlalchemy.engine.base.Connection object at 0x78efe0bd0380>,)
        context    = <_AsyncIoGreenlet object at 0x78efe0b41940 (otid=0x1d6ace30) dead>
        fn         = <bound method MetaData.create_all of MetaData()>
        kwargs     = {}
        result     = <coroutine object Cursor.execute at 0x78efe0be19a0>
        switch_occurred = True
        value      = <aiosqlite.cursor.Cursor object at 0x78efe0bd2210>
venv/lib/python3.12/site-packages/aiosqlite/cursor.py:40: in execute
    await self._execute(self._cursor.execute, sql, parameters)
        parameters = ()
        self       = <aiosqlite.cursor.Cursor object at 0x78efe0bd2210>
        sql        = 'CREATE UNIQUE INDEX ix_users_email ON users (email)'
venv/lib/python3.12/site-packages/aiosqlite/cursor.py:32: in _execute
    return await self._conn._execute(fn, *args, **kwargs)
        args       = ('CREATE UNIQUE INDEX ix_users_email ON users (email)', ())
        fn         = <built-in method execute of sqlite3.Cursor object at 0x78efe0bb97c0>
        kwargs     = {}
        self       = <aiosqlite.cursor.Cursor object at 0x78efe0bd2210>
venv/lib/python3.12/site-packages/aiosqlite/core.py:160: in _execute
    return await future
        args       = ('CREATE UNIQUE INDEX ix_users_email ON users (email)', ())
        fn         = <built-in method execute of sqlite3.Cursor object at 0x78efe0bb97c0>
        function   = functools.partial(<built-in method execute of sqlite3.Cursor object at 0x78efe0bb97c0>, 'CREATE UNIQUE INDEX ix_users_email ON users (email)', ())
        future     = <Future finished exception=OperationalError('index ix_users_email already exists')>
        kwargs     = {}
        self       = <aiosqlite.core.Connection object at 0x78efe0bd0950>
venv/lib/python3.12/site-packages/aiosqlite/core.py:63: in _connection_worker_thread
    result = function()
E   sqlalchemy.exc.OperationalError: (sqlite3.OperationalError) index ix_users_email already exists
E   [SQL: CREATE UNIQUE INDEX ix_users_email ON users (email)]
E   (Background on this error at: https://sqlalche.me/e/20/e3q8)
        function   = functools.partial(<built-in method rollback of sqlite3.Connection object at 0x78efe0b6f2e0>)
        future     = <Future finished result=None>
        result     = None
        tx         = <_queue.SimpleQueue object at 0x78efe0bd7060>
________________ ERROR at setup of test_message_cascade_delete _________________
venv/lib/python3.12/site-packages/sqlalchemy/engine/base.py:1969: in _exec_single_context
    self.dialect.do_execute(
        context    = <sqlalchemy.dialects.sqlite.aiosqlite.SQLiteExecutionContext_aiosqlite object at 0x78efe0bd21b0>
        cursor     = <sqlalchemy.dialects.sqlite.aiosqlite.AsyncAdapt_aiosqlite_cursor object at 0x78efe0ba7e20>
        dialect    = <sqlalchemy.dialects.sqlite.aiosqlite.SQLiteDialect_aiosqlite object at 0x78efe0cc3620>
        effective_parameters = ()
        evt_handled = False
        parameters = [()]
        self       = <sqlalchemy.engine.base.Connection object at 0x78efe0bd0380>
        statement  = <sqlalchemy.dialects.sqlite.base.SQLiteDDLCompiler object at 0x78efe0bd18e0>
        str_statement = 'CREATE UNIQUE INDEX ix_users_email ON users (email)'
venv/lib/python3.12/site-packages/sqlalchemy/engine/default.py:922: in do_execute
    cursor.execute(statement, parameters)
        context    = <sqlalchemy.dialects.sqlite.aiosqlite.SQLiteExecutionContext_aiosqlite object at 0x78efe0bd21b0>
        cursor     = <sqlalchemy.dialects.sqlite.aiosqlite.AsyncAdapt_aiosqlite_cursor object at 0x78efe0ba7e20>
        parameters = ()
        self       = <sqlalchemy.dialects.sqlite.aiosqlite.SQLiteDialect_aiosqlite object at 0x78efe0cc3620>
        statement  = 'CREATE UNIQUE INDEX ix_users_email ON users (email)'
venv/lib/python3.12/site-packages/sqlalchemy/dialects/sqlite/aiosqlite.py:146: in execute
    self._adapt_connection._handle_exception(error)
        _cursor    = <aiosqlite.cursor.Cursor object at 0x78efe0bd2210>
        operation  = 'CREATE UNIQUE INDEX ix_users_email ON users (email)'
        parameters = ()
        self       = <sqlalchemy.dialects.sqlite.aiosqlite.AsyncAdapt_aiosqlite_cursor object at 0x78efe0ba7e20>
venv/lib/python3.12/site-packages/sqlalchemy/dialects/sqlite/aiosqlite.py:298: in _handle_exception
    raise error
        error      = OperationalError('index ix_users_email already exists')
        self       = <AdaptedConnection <aiosqlite.core.Connection object at 0x78efe0bd0950>>
venv/lib/python3.12/site-packages/sqlalchemy/dialects/sqlite/aiosqlite.py:128: in execute
    self.await_(_cursor.execute(operation, parameters))
        _cursor    = <aiosqlite.cursor.Cursor object at 0x78efe0bd2210>
        operation  = 'CREATE UNIQUE INDEX ix_users_email ON users (email)'
        parameters = ()
        self       = <sqlalchemy.dialects.sqlite.aiosqlite.AsyncAdapt_aiosqlite_cursor object at 0x78efe0ba7e20>
venv/lib/python3.12/site-packages/sqlalchemy/util/_concurrency_py3k.py:130: in await_only
    return current.driver.switch(awaitable)  # type: ignore[no-any-return]
        awaitable  = <coroutine object Cursor.execute at 0x78efe0be19a0>
        current    = <_AsyncIoGreenlet object at 0x78efe0b41940 (otid=0x1d6ace30) dead>
venv/lib/python3.12/site-packages/sqlalchemy/util/_concurrency_py3k.py:195: in greenlet_spawn
    value = await result
        _require_await = False
        args       = (<sqlalchemy.engine.base.Connection object at 0x78efe0bd0380>,)
        context    = <_AsyncIoGreenlet object at 0x78efe0b41940 (otid=0x1d6ace30) dead>
        fn         = <bound method MetaData.create_all of MetaData()>
        kwargs     = {}
        result     = <coroutine object Cursor.execute at 0x78efe0be19a0>
        switch_occurred = True
        value      = <aiosqlite.cursor.Cursor object at 0x78efe0bd2210>
venv/lib/python3.12/site-packages/aiosqlite/cursor.py:40: in execute
    await self._execute(self._cursor.execute, sql, parameters)
        parameters = ()
        self       = <aiosqlite.cursor.Cursor object at 0x78efe0bd2210>
        sql        = 'CREATE UNIQUE INDEX ix_users_email ON users (email)'
venv/lib/python3.12/site-packages/aiosqlite/cursor.py:32: in _execute
    return await self._conn._execute(fn, *args, **kwargs)
        args       = ('CREATE UNIQUE INDEX ix_users_email ON users (email)', ())
        fn         = <built-in method execute of sqlite3.Cursor object at 0x78efe0bb97c0>
        kwargs     = {}
        self       = <aiosqlite.cursor.Cursor object at 0x78efe0bd2210>
venv/lib/python3.12/site-packages/aiosqlite/core.py:160: in _execute
    return await future
        args       = ('CREATE UNIQUE INDEX ix_users_email ON users (email)', ())
        fn         = <built-in method execute of sqlite3.Cursor object at 0x78efe0bb97c0>
        function   = functools.partial(<built-in method execute of sqlite3.Cursor object at 0x78efe0bb97c0>, 'CREATE UNIQUE INDEX ix_users_email ON users (email)', ())
        future     = <Future finished exception=OperationalError('index ix_users_email already exists')>
        kwargs     = {}
        self       = <aiosqlite.core.Connection object at 0x78efe0bd0950>
venv/lib/python3.12/site-packages/aiosqlite/core.py:63: in _connection_worker_thread
    result = function()
E   sqlite3.OperationalError: index ix_users_email already exists
        function   = functools.partial(<built-in method rollback of sqlite3.Connection object at 0x78efe0b6f2e0>)
        future     = <Future finished result=None>
        result     = None
        tx         = <_queue.SimpleQueue object at 0x78efe0bd7060>

The above exception was the direct cause of the following exception:
venv/lib/python3.12/site-packages/pytest_asyncio/plugin.py:336: in _asyncgen_fixture_wrapper
    result = event_loop.run_until_complete(setup())
        event_loop = <_UnixSelectorEventLoop running=False closed=False debug=False>
        event_loop_fixture_id = '_session_event_loop'
        finalizer  = <function _wrap_asyncgen_fixture.<locals>._asyncgen_fixture_wrapper.<locals>.finalizer at 0x78efe0ba99e0>
        fixture    = <function engine at 0x78f001182b60>
        fixturedef = <FixtureDef argname='engine' scope='session' baseid='tests'>
        func       = <function engine at 0x78f001182b60>
        gen_obj    = <async_generator object engine at 0x78efe0b6ec50>
        kwargs     = {}
        request    = <SubRequest 'engine' for <Coroutine test_chat_session_creation_with_user>>
        setup      = <function _wrap_asyncgen_fixture.<locals>._asyncgen_fixture_wrapper.<locals>.setup at 0x78efe0ba9a80>
/usr/lib/python3.12/asyncio/base_events.py:687: in run_until_complete
    return future.result()
        future     = <Task finished name='Task-1' coro=<_wrap_asyncgen_fixture.<locals>._asyncgen_fixture_wrapper.<locals>.setup() done, defined at /mnt/d/workspace/ChatApplication/project-code/backend/venv/lib/python3.12/site-packages/pytest_asyncio/plugin.py:317> exception=OperationalError('(sqlite3.OperationalError) index ix_users_email already exists')>
        new_task   = True
        self       = <_UnixSelectorEventLoop running=False closed=False debug=False>
venv/lib/python3.12/site-packages/pytest_asyncio/plugin.py:318: in setup
    res = await gen_obj.__anext__()
        gen_obj    = <async_generator object engine at 0x78efe0b6ec50>
tests/conftest.py:62: in engine
    await conn.run_sync(Base.metadata.create_all)
        conn       = <sqlalchemy.ext.asyncio.engine.AsyncConnection object at 0x78efe0bd6850>
        test_engine = <sqlalchemy.ext.asyncio.engine.AsyncEngine object at 0x78f001041090>
venv/lib/python3.12/site-packages/sqlalchemy/ext/asyncio/engine.py:891: in run_sync
    return await greenlet_spawn(fn, self._proxied, *arg, **kw)
        arg        = ()
        fn         = <bound method MetaData.create_all of MetaData()>
        kw         = {}
        self       = <sqlalchemy.ext.asyncio.engine.AsyncConnection object at 0x78efe0bd6850>
venv/lib/python3.12/site-packages/sqlalchemy/util/_concurrency_py3k.py:200: in greenlet_spawn
    result = context.throw(*sys.exc_info())
        _require_await = False
        args       = (<sqlalchemy.engine.base.Connection object at 0x78efe0bd0380>,)
        context    = <_AsyncIoGreenlet object at 0x78efe0b41940 (otid=0x1d6ace30) dead>
        fn         = <bound method MetaData.create_all of MetaData()>
        kwargs     = {}
        result     = <coroutine object Cursor.execute at 0x78efe0be19a0>
        switch_occurred = True
        value      = <aiosqlite.cursor.Cursor object at 0x78efe0bd2210>
venv/lib/python3.12/site-packages/sqlalchemy/sql/schema.py:5832: in create_all
    bind._run_ddl_visitor(
        bind       = <sqlalchemy.engine.base.Connection object at 0x78efe0bd0380>
        checkfirst = True
        self       = MetaData()
        tables     = None
venv/lib/python3.12/site-packages/sqlalchemy/engine/base.py:2448: in _run_ddl_visitor
    visitorcallable(self.dialect, self, **kwargs).traverse_single(element)
        element    = MetaData()
        kwargs     = {'checkfirst': True, 'tables': None}
        self       = <sqlalchemy.engine.base.Connection object at 0x78efe0bd0380>
        visitorcallable = <class 'sqlalchemy.sql.ddl.SchemaGenerator'>
venv/lib/python3.12/site-packages/sqlalchemy/sql/visitors.py:671: in traverse_single
    return meth(obj, **kw)
        kw         = {}
        meth       = <bound method SchemaGenerator.visit_metadata of <sqlalchemy.sql.ddl.SchemaGenerator object at 0x78efe0ce40d0>>
        obj        = MetaData()
        self       = <sqlalchemy.sql.ddl.SchemaGenerator object at 0x78efe0ce40d0>
        v          = <sqlalchemy.sql.ddl.SchemaGenerator object at 0x78efe0ce40d0>
venv/lib/python3.12/site-packages/sqlalchemy/sql/ddl.py:919: in visit_metadata
    self.traverse_single(
        collection = [(Table('users', MetaData(), Column('id', GUID(), table=<users>, primary_key=True, nullable=False, default=CallableColumnDefault(<function uuid4 at 0x78f001182de0>)), Column('email', String(length=255), table=<users>), Column('password_hash', String(length=255), table=<users>), Column('role', Enum('ADMIN', 'USER', 'ANONYMOUS', name='user_role'), table=<users>, nullable=False, default=ScalarElementColumnDefault(<UserRole.ANONYMOUS: 'anonymous'>)), Column('is_active', Boolean(), table=<users>, nullable=False, default=ScalarElementColumnDefault(True)), Column('created_at', DateTime(timezone=True), table=<users>, nullable=False, default=CallableColumnDefault(<function datetime.utcnow at 0x78f0011e8ea0>)), Column('last_login', DateTime(timezone=True), table=<users>), schema=None),
  set()),
 (Table('chat_sessions', MetaData(), Column('id', GUID(), table=<chat_sessions>, primary_key=True, nullable=False, default=CallableColumnDefault(<function uuid4 at 0x78f001078720>)), Column('user_id', GUID(), ForeignKey('users.id'), table=<chat_sessions>), Column('session_token', String(length=255), table=<chat_sessions>, nullable=False), Column('created_at', DateTime(timezone=True), table=<chat_sessions>, nullable=False, default=CallableColumnDefault(<function datetime.utcnow at 0x78f0010787c0>)), Column('updated_at', DateTime(timezone=True), table=<chat_sessions>, nullable=False, onupdate=CallableColumnDefault(<function datetime.utcnow at 0x78f001078ae0>), default=CallableColumnDefault(<function datetime.utcnow at 0x78f001078a40>)), Column('metadata', JSON(), table=<chat_sessions>, default=CallableColumnDefault(<function dict at 0x78f001078b80>)), schema=None),
  {ForeignKeyConstraint(<sqlalchemy.sql.base.ReadOnlyColumnCollection object at 0x78efdb3365c0>, None, ondelete='SET NULL', table=Table('chat_sessions', MetaData(), Column('id', GUID(), table=<chat_sessions>, primary_key=True, nullable=False, default=CallableColumnDefault(<function uuid4 at 0x78f001078720>)), Column('user_id', GUID(), ForeignKey('users.id'), table=<chat_sessions>), Column('session_token', String(length=255), table=<chat_sessions>, nullable=False), Column('created_at', DateTime(timezone=True), table=<chat_sessions>, nullable=False, default=CallableColumnDefault(<function datetime.utcnow at 0x78f0010787c0>)), Column('updated_at', DateTime(timezone=True), table=<chat_sessions>, nullable=False, onupdate=CallableColumnDefault(<function datetime.utcnow at 0x78f001078ae0>), default=CallableColumnDefault(<function datetime.utcnow at 0x78f001078a40>)), Column('metadata', JSON(), table=<chat_sessions>, default=CallableColumnDefault(<function dict at 0x78f001078b80>)), schema=None))}),
 (Table('data_sources', MetaData(), Column('id', GUID(), table=<data_sources>, primary_key=True, nullable=False, default=CallableColumnDefault(<function uuid4 at 0x78f00107bd80>)), Column('name', String(length=255), table=<data_sources>, nullable=False), Column('type', Enum('CONFLUENCE', 'JIRA', 'GITHUB', 'ONBOARDING', name='source_type'), table=<data_sources>, nullable=False), Column('config', JSON(), table=<data_sources>, nullable=False, default=CallableColumnDefault(<function dict at 0x78f001018040>)), Column('last_sync_at', DateTime(timezone=True), table=<data_sources>), Column('sync_status', Enum('PENDING', 'SYNCING', 'SUCCESS', 'FAILED', name='sync_status'), table=<data_sources>, nullable=False, default=ScalarElementColumnDefault(<SyncStatus.PENDING: 'pending'>)), Column('sync_error', Text(), table=<data_sources>), Column('created_by', GUID(), ForeignKey('users.id'), table=<data_sources>, nullable=False), Column('is_active', Boolean(), table=<data_sources>, nullable=False, default=ScalarElementColumnDefault(True)), schema=None),
  {ForeignKeyConstraint(<sqlalchemy.sql.base.ReadOnlyColumnCollection object at 0x78efdb336610>, None, ondelete='CASCADE', table=Table('data_sources', MetaData(), Column('id', GUID(), table=<data_sources>, primary_key=True, nullable=False, default=CallableColumnDefault(<function uuid4 at 0x78f00107bd80>)), Column('name', String(length=255), table=<data_sources>, nullable=False), Column('type', Enum('CONFLUENCE', 'JIRA', 'GITHUB', 'ONBOARDING', name='source_type'), table=<data_sources>, nullable=False), Column('config', JSON(), table=<data_sources>, nullable=False, default=CallableColumnDefault(<function dict at 0x78f001018040>)), Column('last_sync_at', DateTime(timezone=True), table=<data_sources>), Column('sync_status', Enum('PENDING', 'SYNCING', 'SUCCESS', 'FAILED', name='sync_status'), table=<data_sources>, nullable=False, default=ScalarElementColumnDefault(<SyncStatus.PENDING: 'pending'>)), Column('sync_error', Text(), table=<data_sources>), Column('created_by', GUID(), ForeignKey('users.id'), table=<data_sources>, nullable=False), Column('is_active', Boolean(), table=<data_sources>, nullable=False, default=ScalarElementColumnDefault(True)), schema=None))}),
 (Table('messages', MetaData(), Column('id', GUID(), table=<messages>, primary_key=True, nullable=False, default=CallableColumnDefault(<function uuid4 at 0x78f00107a020>)), Column('session_id', GUID(), ForeignKey('chat_sessions.id'), table=<messages>, nullable=False), Column('role', Enum('USER', 'ASSISTANT', 'SYSTEM', name='message_role'), table=<messages>, nullable=False), Column('content', Text(), table=<messages>, nullable=False), Column('created_at', DateTime(timezone=True), table=<messages>, nullable=False, default=CallableColumnDefault(<function datetime.utcnow at 0x78f00107a3e0>)), Column('sources', JSON(), table=<messages>, default=CallableColumnDefault(<function dict at 0x78f00107a520>)), Column('feedback', JSON(), table=<messages>, default=CallableColumnDefault(<function dict at 0x78f00107a660>)), schema=None),
  {ForeignKeyConstraint(<sqlalchemy.sql.base.ReadOnlyColumnCollection object at 0x78efdb3366b0>, None, ondelete='CASCADE', table=Table('messages', MetaData(), Column('id', GUID(), table=<messages>, primary_key=True, nullable=False, default=CallableColumnDefault(<function uuid4 at 0x78f00107a020>)), Column('session_id', GUID(), ForeignKey('chat_sessions.id'), table=<messages>, nullable=False), Column('role', Enum('USER', 'ASSISTANT', 'SYSTEM', name='message_role'), table=<messages>, nullable=False), Column('content', Text(), table=<messages>, nullable=False), Column('created_at', DateTime(timezone=True), table=<messages>, nullable=False, default=CallableColumnDefault(<function datetime.utcnow at 0x78f00107a3e0>)), Column('sources', JSON(), table=<messages>, default=CallableColumnDefault(<function dict at 0x78f00107a520>)), Column('feedback', JSON(), table=<messages>, default=CallableColumnDefault(<function dict at 0x78f00107a660>)), schema=None))}),
 (Table('sync_logs', MetaData(), Column('id', GUID(), table=<sync_logs>, primary_key=True, nullable=False, default=CallableColumnDefault(<function uuid4 at 0x78f00101a3e0>)), Column('source_id', GUID(), ForeignKey('data_sources.id'), table=<sync_logs>, nullable=False), Column('started_at', DateTime(timezone=True), table=<sync_logs>, nullable=False, default=CallableColumnDefault(<function datetime.utcnow at 0x78f00101a480>)), Column('completed_at', DateTime(timezone=True), table=<sync_logs>), Column('status', Enum('PENDING', 'SYNCING', 'SUCCESS', 'FAILED', name='sync_status'), table=<sync_logs>, nullable=False, default=ScalarElementColumnDefault(<SyncStatus.PENDING: 'pending'>)), Column('documents_processed', Integer(), table=<sync_logs>, nullable=False, default=ScalarElementColumnDefault(0)), Column('documents_added', Integer(), table=<sync_logs>, nullable=False, default=ScalarElementColumnDefault(0)), Column('documents_updated', Integer(), table=<sync_logs>, nullable=False, default=ScalarElementColumnDefault(0)), Column('documents_deleted', Integer(), table=<sync_logs>, nullable=False, default=ScalarElementColumnDefault(0)), Column('error_log', Text(), table=<sync_logs>), schema=None),
  {ForeignKeyConstraint(<sqlalchemy.sql.base.ReadOnlyColumnCollection object at 0x78efdb336660>, None, ondelete='CASCADE', table=Table('sync_logs', MetaData(), Column('id', GUID(), table=<sync_logs>, primary_key=True, nullable=False, default=CallableColumnDefault(<function uuid4 at 0x78f00101a3e0>)), Column('source_id', GUID(), ForeignKey('data_sources.id'), table=<sync_logs>, nullable=False), Column('started_at', DateTime(timezone=True), table=<sync_logs>, nullable=False, default=CallableColumnDefault(<function datetime.utcnow at 0x78f00101a480>)), Column('completed_at', DateTime(timezone=True), table=<sync_logs>), Column('status', Enum('PENDING', 'SYNCING', 'SUCCESS', 'FAILED', name='sync_status'), table=<sync_logs>, nullable=False, default=ScalarElementColumnDefault(<SyncStatus.PENDING: 'pending'>)), Column('documents_processed', Integer(), table=<sync_logs>, nullable=False, default=ScalarElementColumnDefault(0)), Column('documents_added', Integer(), table=<sync_logs>, nullable=False, default=ScalarElementColumnDefault(0)), Column('documents_updated', Integer(), table=<sync_logs>, nullable=False, default=ScalarElementColumnDefault(0)), Column('documents_deleted', Integer(), table=<sync_logs>, nullable=False, default=ScalarElementColumnDefault(0)), Column('error_log', Text(), table=<sync_logs>), schema=None))}),
 (Table('documents', MetaData(), Column('id', UUID(), table=<documents>, primary_key=True, nullable=False, default=CallableColumnDefault(<function uuid4 at 0x78f00101bec0>)), Column('source_id', UUID(), ForeignKey('data_sources.id'), table=<documents>, nullable=False), Column('external_id', String(length=255), table=<documents>, nullable=False), Column('title', Text(), table=<documents>, nullable=False), Column('content', Text(), table=<documents>, nullable=False), Column('url', Text(), table=<documents>), Column('metadata', JSONB(astext_type=Text()), table=<documents>, default=CallableColumnDefault(<function dict at 0x78f000fec360>)), Column('created_at', DateTime(timezone=True), table=<documents>, nullable=False, default=CallableColumnDefault(<function datetime.utcnow at 0x78efe0cbef20>)), Column('updated_at', DateTime(timezone=True), table=<documents>, nullable=False, onupdate=CallableColumnDefault(<function datetime.utcnow at 0x78efe0cbf060>), default=CallableColumnDefault(<function datetime.utcnow at 0x78efe0cbefc0>)), Column('is_deleted', Boolean(), table=<documents>, nullable=False, default=ScalarElementColumnDefault(False)), schema=None),
  {ForeignKeyConstraint(<sqlalchemy.sql.base.ReadOnlyColumnCollection object at 0x78efdb336750>, None, ondelete='CASCADE', table=Table('documents', MetaData(), Column('id', UUID(), table=<documents>, primary_key=True, nullable=False, default=CallableColumnDefault(<function uuid4 at 0x78f00101bec0>)), Column('source_id', UUID(), ForeignKey('data_sources.id'), table=<documents>, nullable=False), Column('external_id', String(length=255), table=<documents>, nullable=False), Column('title', Text(), table=<documents>, nullable=False), Column('content', Text(), table=<documents>, nullable=False), Column('url', Text(), table=<documents>), Column('metadata', JSONB(astext_type=Text()), table=<documents>, default=CallableColumnDefault(<function dict at 0x78f000fec360>)), Column('created_at', DateTime(timezone=True), table=<documents>, nullable=False, default=CallableColumnDefault(<function datetime.utcnow at 0x78efe0cbef20>)), Column('updated_at', DateTime(timezone=True), table=<documents>, nullable=False, onupdate=CallableColumnDefault(<function datetime.utcnow at 0x78efe0cbf060>), default=CallableColumnDefault(<function datetime.utcnow at 0x78efe0cbefc0>)), Column('is_deleted', Boolean(), table=<documents>, nullable=False, default=ScalarElementColumnDefault(False)), schema=None))}),
 (Table('document_chunks', MetaData(), Column('id', UUID(), table=<document_chunks>, primary_key=True, nullable=False, default=CallableColumnDefault(<function uuid4 at 0x78efe0ce0720>)), Column('document_id', UUID(), ForeignKey('documents.id'), table=<document_chunks>, nullable=False), Column('chunk_index', Integer(), table=<document_chunks>, nullable=False), Column('content', Text(), table=<document_chunks>, nullable=False), Column('embedding', Vector(dim=384), table=<document_chunks>), Column('metadata', JSONB(astext_type=Text()), table=<document_chunks>, default=CallableColumnDefault(<function dict at 0x78efe0ce07c0>)), Column('created_at', DateTime(timezone=True), table=<document_chunks>, nullable=False, default=CallableColumnDefault(<function datetime.utcnow at 0x78efe0ce09a0>)), schema=None),
  {ForeignKeyConstraint(<sqlalchemy.sql.base.ReadOnlyColumnCollection object at 0x78efdb3367a0>, None, ondelete='CASCADE', table=Table('document_chunks', MetaData(), Column('id', UUID(), table=<document_chunks>, primary_key=True, nullable=False, default=CallableColumnDefault(<function uuid4 at 0x78efe0ce0720>)), Column('document_id', UUID(), ForeignKey('documents.id'), table=<document_chunks>, nullable=False), Column('chunk_index', Integer(), table=<document_chunks>, nullable=False), Column('content', Text(), table=<document_chunks>, nullable=False), Column('embedding', Vector(dim=384), table=<document_chunks>), Column('metadata', JSONB(astext_type=Text()), table=<document_chunks>, default=CallableColumnDefault(<function dict at 0x78efe0ce07c0>)), Column('created_at', DateTime(timezone=True), table=<document_chunks>, nullable=False, default=CallableColumnDefault(<function datetime.utcnow at 0x78efe0ce09a0>)), schema=None))}),
 (None, [])]
        event_collection = [Table('users', MetaData(), Column('id', GUID(), table=<users>, primary_key=True, nullable=False, default=CallableColumnDefault(<function uuid4 at 0x78f001182de0>)), Column('email', String(length=255), table=<users>), Column('password_hash', String(length=255), table=<users>), Column('role', Enum('ADMIN', 'USER', 'ANONYMOUS', name='user_role'), table=<users>, nullable=False, default=ScalarElementColumnDefault(<UserRole.ANONYMOUS: 'anonymous'>)), Column('is_active', Boolean(), table=<users>, nullable=False, default=ScalarElementColumnDefault(True)), Column('created_at', DateTime(timezone=True), table=<users>, nullable=False, default=CallableColumnDefault(<function datetime.utcnow at 0x78f0011e8ea0>)), Column('last_login', DateTime(timezone=True), table=<users>), schema=None),
 Table('chat_sessions', MetaData(), Column('id', GUID(), table=<chat_sessions>, primary_key=True, nullable=False, default=CallableColumnDefault(<function uuid4 at 0x78f001078720>)), Column('user_id', GUID(), ForeignKey('users.id'), table=<chat_sessions>), Column('session_token', String(length=255), table=<chat_sessions>, nullable=False), Column('created_at', DateTime(timezone=True), table=<chat_sessions>, nullable=False, default=CallableColumnDefault(<function datetime.utcnow at 0x78f0010787c0>)), Column('updated_at', DateTime(timezone=True), table=<chat_sessions>, nullable=False, onupdate=CallableColumnDefault(<function datetime.utcnow at 0x78f001078ae0>), default=CallableColumnDefault(<function datetime.utcnow at 0x78f001078a40>)), Column('metadata', JSON(), table=<chat_sessions>, default=CallableColumnDefault(<function dict at 0x78f001078b80>)), schema=None),
 Table('data_sources', MetaData(), Column('id', GUID(), table=<data_sources>, primary_key=True, nullable=False, default=CallableColumnDefault(<function uuid4 at 0x78f00107bd80>)), Column('name', String(length=255), table=<data_sources>, nullable=False), Column('type', Enum('CONFLUENCE', 'JIRA', 'GITHUB', 'ONBOARDING', name='source_type'), table=<data_sources>, nullable=False), Column('config', JSON(), table=<data_sources>, nullable=False, default=CallableColumnDefault(<function dict at 0x78f001018040>)), Column('last_sync_at', DateTime(timezone=True), table=<data_sources>), Column('sync_status', Enum('PENDING', 'SYNCING', 'SUCCESS', 'FAILED', name='sync_status'), table=<data_sources>, nullable=False, default=ScalarElementColumnDefault(<SyncStatus.PENDING: 'pending'>)), Column('sync_error', Text(), table=<data_sources>), Column('created_by', GUID(), ForeignKey('users.id'), table=<data_sources>, nullable=False), Column('is_active', Boolean(), table=<data_sources>, nullable=False, default=ScalarElementColumnDefault(True)), schema=None),
 Table('messages', MetaData(), Column('id', GUID(), table=<messages>, primary_key=True, nullable=False, default=CallableColumnDefault(<function uuid4 at 0x78f00107a020>)), Column('session_id', GUID(), ForeignKey('chat_sessions.id'), table=<messages>, nullable=False), Column('role', Enum('USER', 'ASSISTANT', 'SYSTEM', name='message_role'), table=<messages>, nullable=False), Column('content', Text(), table=<messages>, nullable=False), Column('created_at', DateTime(timezone=True), table=<messages>, nullable=False, default=CallableColumnDefault(<function datetime.utcnow at 0x78f00107a3e0>)), Column('sources', JSON(), table=<messages>, default=CallableColumnDefault(<function dict at 0x78f00107a520>)), Column('feedback', JSON(), table=<messages>, default=CallableColumnDefault(<function dict at 0x78f00107a660>)), schema=None),
 Table('sync_logs', MetaData(), Column('id', GUID(), table=<sync_logs>, primary_key=True, nullable=False, default=CallableColumnDefault(<function uuid4 at 0x78f00101a3e0>)), Column('source_id', GUID(), ForeignKey('data_sources.id'), table=<sync_logs>, nullable=False), Column('started_at', DateTime(timezone=True), table=<sync_logs>, nullable=False, default=CallableColumnDefault(<function datetime.utcnow at 0x78f00101a480>)), Column('completed_at', DateTime(timezone=True), table=<sync_logs>), Column('status', Enum('PENDING', 'SYNCING', 'SUCCESS', 'FAILED', name='sync_status'), table=<sync_logs>, nullable=False, default=ScalarElementColumnDefault(<SyncStatus.PENDING: 'pending'>)), Column('documents_processed', Integer(), table=<sync_logs>, nullable=False, default=ScalarElementColumnDefault(0)), Column('documents_added', Integer(), table=<sync_logs>, nullable=False, default=ScalarElementColumnDefault(0)), Column('documents_updated', Integer(), table=<sync_logs>, nullable=False, default=ScalarElementColumnDefault(0)), Column('documents_deleted', Integer(), table=<sync_logs>, nullable=False, default=ScalarElementColumnDefault(0)), Column('error_log', Text(), table=<sync_logs>), schema=None),
 Table('documents', MetaData(), Column('id', UUID(), table=<documents>, primary_key=True, nullable=False, default=CallableColumnDefault(<function uuid4 at 0x78f00101bec0>)), Column('source_id', UUID(), ForeignKey('data_sources.id'), table=<documents>, nullable=False), Column('external_id', String(length=255), table=<documents>, nullable=False), Column('title', Text(), table=<documents>, nullable=False), Column('content', Text(), table=<documents>, nullable=False), Column('url', Text(), table=<documents>), Column('metadata', JSONB(astext_type=Text()), table=<documents>, default=CallableColumnDefault(<function dict at 0x78f000fec360>)), Column('created_at', DateTime(timezone=True), table=<documents>, nullable=False, default=CallableColumnDefault(<function datetime.utcnow at 0x78efe0cbef20>)), Column('updated_at', DateTime(timezone=True), table=<documents>, nullable=False, onupdate=CallableColumnDefault(<function datetime.utcnow at 0x78efe0cbf060>), default=CallableColumnDefault(<function datetime.utcnow at 0x78efe0cbefc0>)), Column('is_deleted', Boolean(), table=<documents>, nullable=False, default=ScalarElementColumnDefault(False)), schema=None),
 Table('document_chunks', MetaData(), Column('id', UUID(), table=<document_chunks>, primary_key=True, nullable=False, default=CallableColumnDefault(<function uuid4 at 0x78efe0ce0720>)), Column('document_id', UUID(), ForeignKey('documents.id'), table=<document_chunks>, nullable=False), Column('chunk_index', Integer(), table=<document_chunks>, nullable=False), Column('content', Text(), table=<document_chunks>, nullable=False), Column('embedding', Vector(dim=384), table=<document_chunks>), Column('metadata', JSONB(astext_type=Text()), table=<document_chunks>, default=CallableColumnDefault(<function dict at 0x78efe0ce07c0>)), Column('created_at', DateTime(timezone=True), table=<document_chunks>, nullable=False, default=CallableColumnDefault(<function datetime.utcnow at 0x78efe0ce09a0>)), schema=None)]
        fkcs       = set()
        metadata   = MetaData()
        self       = <sqlalchemy.sql.ddl.SchemaGenerator object at 0x78efe0ce40d0>
        seq_coll   = []
        table      = Table('users', MetaData(), Column('id', GUID(), table=<users>, primary_key=True, nullable=False, default=CallableColumnDefault(<function uuid4 at 0x78f001182de0>)), Column('email', String(length=255), table=<users>), Column('password_hash', String(length=255), table=<users>), Column('role', Enum('ADMIN', 'USER', 'ANONYMOUS', name='user_role'), table=<users>, nullable=False, default=ScalarElementColumnDefault(<UserRole.ANONYMOUS: 'anonymous'>)), Column('is_active', Boolean(), table=<users>, nullable=False, default=ScalarElementColumnDefault(True)), Column('created_at', DateTime(timezone=True), table=<users>, nullable=False, default=CallableColumnDefault(<function datetime.utcnow at 0x78f0011e8ea0>)), Column('last_login', DateTime(timezone=True), table=<users>), schema=None)
        tables     = [Table('users', MetaData(), Column('id', GUID(), table=<users>, primary_key=True, nullable=False, default=CallableColumnDefault(<function uuid4 at 0x78f001182de0>)), Column('email', String(length=255), table=<users>), Column('password_hash', String(length=255), table=<users>), Column('role', Enum('ADMIN', 'USER', 'ANONYMOUS', name='user_role'), table=<users>, nullable=False, default=ScalarElementColumnDefault(<UserRole.ANONYMOUS: 'anonymous'>)), Column('is_active', Boolean(), table=<users>, nullable=False, default=ScalarElementColumnDefault(True)), Column('created_at', DateTime(timezone=True), table=<users>, nullable=False, default=CallableColumnDefault(<function datetime.utcnow at 0x78f0011e8ea0>)), Column('last_login', DateTime(timezone=True), table=<users>), schema=None),
 Table('chat_sessions', MetaData(), Column('id', GUID(), table=<chat_sessions>, primary_key=True, nullable=False, default=CallableColumnDefault(<function uuid4 at 0x78f001078720>)), Column('user_id', GUID(), ForeignKey('users.id'), table=<chat_sessions>), Column('session_token', String(length=255), table=<chat_sessions>, nullable=False), Column('created_at', DateTime(timezone=True), table=<chat_sessions>, nullable=False, default=CallableColumnDefault(<function datetime.utcnow at 0x78f0010787c0>)), Column('updated_at', DateTime(timezone=True), table=<chat_sessions>, nullable=False, onupdate=CallableColumnDefault(<function datetime.utcnow at 0x78f001078ae0>), default=CallableColumnDefault(<function datetime.utcnow at 0x78f001078a40>)), Column('metadata', JSON(), table=<chat_sessions>, default=CallableColumnDefault(<function dict at 0x78f001078b80>)), schema=None),
 Table('messages', MetaData(), Column('id', GUID(), table=<messages>, primary_key=True, nullable=False, default=CallableColumnDefault(<function uuid4 at 0x78f00107a020>)), Column('session_id', GUID(), ForeignKey('chat_sessions.id'), table=<messages>, nullable=False), Column('role', Enum('USER', 'ASSISTANT', 'SYSTEM', name='message_role'), table=<messages>, nullable=False), Column('content', Text(), table=<messages>, nullable=False), Column('created_at', DateTime(timezone=True), table=<messages>, nullable=False, default=CallableColumnDefault(<function datetime.utcnow at 0x78f00107a3e0>)), Column('sources', JSON(), table=<messages>, default=CallableColumnDefault(<function dict at 0x78f00107a520>)), Column('feedback', JSON(), table=<messages>, default=CallableColumnDefault(<function dict at 0x78f00107a660>)), schema=None),
 Table('data_sources', MetaData(), Column('id', GUID(), table=<data_sources>, primary_key=True, nullable=False, default=CallableColumnDefault(<function uuid4 at 0x78f00107bd80>)), Column('name', String(length=255), table=<data_sources>, nullable=False), Column('type', Enum('CONFLUENCE', 'JIRA', 'GITHUB', 'ONBOARDING', name='source_type'), table=<data_sources>, nullable=False), Column('config', JSON(), table=<data_sources>, nullable=False, default=CallableColumnDefault(<function dict at 0x78f001018040>)), Column('last_sync_at', DateTime(timezone=True), table=<data_sources>), Column('sync_status', Enum('PENDING', 'SYNCING', 'SUCCESS', 'FAILED', name='sync_status'), table=<data_sources>, nullable=False, default=ScalarElementColumnDefault(<SyncStatus.PENDING: 'pending'>)), Column('sync_error', Text(), table=<data_sources>), Column('created_by', GUID(), ForeignKey('users.id'), table=<data_sources>, nullable=False), Column('is_active', Boolean(), table=<data_sources>, nullable=False, default=ScalarElementColumnDefault(True)), schema=None),
 Table('sync_logs', MetaData(), Column('id', GUID(), table=<sync_logs>, primary_key=True, nullable=False, default=CallableColumnDefault(<function uuid4 at 0x78f00101a3e0>)), Column('source_id', GUID(), ForeignKey('data_sources.id'), table=<sync_logs>, nullable=False), Column('started_at', DateTime(timezone=True), table=<sync_logs>, nullable=False, default=CallableColumnDefault(<function datetime.utcnow at 0x78f00101a480>)), Column('completed_at', DateTime(timezone=True), table=<sync_logs>), Column('status', Enum('PENDING', 'SYNCING', 'SUCCESS', 'FAILED', name='sync_status'), table=<sync_logs>, nullable=False, default=ScalarElementColumnDefault(<SyncStatus.PENDING: 'pending'>)), Column('documents_processed', Integer(), table=<sync_logs>, nullable=False, default=ScalarElementColumnDefault(0)), Column('documents_added', Integer(), table=<sync_logs>, nullable=False, default=ScalarElementColumnDefault(0)), Column('documents_updated', Integer(), table=<sync_logs>, nullable=False, default=ScalarElementColumnDefault(0)), Column('documents_deleted', Integer(), table=<sync_logs>, nullable=False, default=ScalarElementColumnDefault(0)), Column('error_log', Text(), table=<sync_logs>), schema=None),
 Table('documents', MetaData(), Column('id', UUID(), table=<documents>, primary_key=True, nullable=False, default=CallableColumnDefault(<function uuid4 at 0x78f00101bec0>)), Column('source_id', UUID(), ForeignKey('data_sources.id'), table=<documents>, nullable=False), Column('external_id', String(length=255), table=<documents>, nullable=False), Column('title', Text(), table=<documents>, nullable=False), Column('content', Text(), table=<documents>, nullable=False), Column('url', Text(), table=<documents>), Column('metadata', JSONB(astext_type=Text()), table=<documents>, default=CallableColumnDefault(<function dict at 0x78f000fec360>)), Column('created_at', DateTime(timezone=True), table=<documents>, nullable=False, default=CallableColumnDefault(<function datetime.utcnow at 0x78efe0cbef20>)), Column('updated_at', DateTime(timezone=True), table=<documents>, nullable=False, onupdate=CallableColumnDefault(<function datetime.utcnow at 0x78efe0cbf060>), default=CallableColumnDefault(<function datetime.utcnow at 0x78efe0cbefc0>)), Column('is_deleted', Boolean(), table=<documents>, nullable=False, default=ScalarElementColumnDefault(False)), schema=None),
 Table('document_chunks', MetaData(), Column('id', UUID(), table=<document_chunks>, primary_key=True, nullable=False, default=CallableColumnDefault(<function uuid4 at 0x78efe0ce0720>)), Column('document_id', UUID(), ForeignKey('documents.id'), table=<document_chunks>, nullable=False), Column('chunk_index', Integer(), table=<document_chunks>, nullable=False), Column('content', Text(), table=<document_chunks>, nullable=False), Column('embedding', Vector(dim=384), table=<document_chunks>), Column('metadata', JSONB(astext_type=Text()), table=<document_chunks>, default=CallableColumnDefault(<function dict at 0x78efe0ce07c0>)), Column('created_at', DateTime(timezone=True), table=<document_chunks>, nullable=False, default=CallableColumnDefault(<function datetime.utcnow at 0x78efe0ce09a0>)), schema=None)]
venv/lib/python3.12/site-packages/sqlalchemy/sql/visitors.py:671: in traverse_single
    return meth(obj, **kw)
        kw         = {'_is_metadata_operation': True,
 'create_ok': True,
 'include_foreign_key_constraints': set()}
        meth       = <bound method SchemaGenerator.visit_table of <sqlalchemy.sql.ddl.SchemaGenerator object at 0x78efe0ce40d0>>
        obj        = Table('users', MetaData(), Column('id', GUID(), table=<users>, primary_key=True, nullable=False, default=CallableColumnDefault(<function uuid4 at 0x78f001182de0>)), Column('email', String(length=255), table=<users>), Column('password_hash', String(length=255), table=<users>), Column('role', Enum('ADMIN', 'USER', 'ANONYMOUS', name='user_role'), table=<users>, nullable=False, default=ScalarElementColumnDefault(<UserRole.ANONYMOUS: 'anonymous'>)), Column('is_active', Boolean(), table=<users>, nullable=False, default=ScalarElementColumnDefault(True)), Column('created_at', DateTime(timezone=True), table=<users>, nullable=False, default=CallableColumnDefault(<function datetime.utcnow at 0x78f0011e8ea0>)), Column('last_login', DateTime(timezone=True), table=<users>), schema=None)
        self       = <sqlalchemy.sql.ddl.SchemaGenerator object at 0x78efe0ce40d0>
        v          = <sqlalchemy.sql.ddl.SchemaGenerator object at 0x78efe0ce40d0>
venv/lib/python3.12/site-packages/sqlalchemy/sql/ddl.py:961: in visit_table
    self.traverse_single(index, create_ok=True)
        _is_metadata_operation = True
        column     = Column('last_login', DateTime(timezone=True), table=<users>)
        create_ok  = True
        include_foreign_key_constraints = None
        index      = Index('ix_users_email', Column('email', String(length=255), table=<users>), unique=True)
        self       = <sqlalchemy.sql.ddl.SchemaGenerator object at 0x78efe0ce40d0>
        table      = Table('users', MetaData(), Column('id', GUID(), table=<users>, primary_key=True, nullable=False, default=CallableColumnDefault(<function uuid4 at 0x78f001182de0>)), Column('email', String(length=255), table=<users>), Column('password_hash', String(length=255), table=<users>), Column('role', Enum('ADMIN', 'USER', 'ANONYMOUS', name='user_role'), table=<users>, nullable=False, default=ScalarElementColumnDefault(<UserRole.ANONYMOUS: 'anonymous'>)), Column('is_active', Boolean(), table=<users>, nullable=False, default=ScalarElementColumnDefault(True)), Column('created_at', DateTime(timezone=True), table=<users>, nullable=False, default=CallableColumnDefault(<function datetime.utcnow at 0x78f0011e8ea0>)), Column('last_login', DateTime(timezone=True), table=<users>), schema=None)
venv/lib/python3.12/site-packages/sqlalchemy/sql/visitors.py:671: in traverse_single
    return meth(obj, **kw)
        kw         = {'create_ok': True}
        meth       = <bound method SchemaGenerator.visit_index of <sqlalchemy.sql.ddl.SchemaGenerator object at 0x78efe0ce40d0>>
        obj        = Index('ix_users_email', Column('email', String(length=255), table=<users>), unique=True)
        self       = <sqlalchemy.sql.ddl.SchemaGenerator object at 0x78efe0ce40d0>
        v          = <sqlalchemy.sql.ddl.SchemaGenerator object at 0x78efe0ce40d0>
venv/lib/python3.12/site-packages/sqlalchemy/sql/ddl.py:998: in visit_index
    CreateIndex(index)._invoke_with(self.connection)
        create_ok  = True
        index      = Index('ix_users_email', Column('email', String(length=255), table=<users>), unique=True)
        self       = <sqlalchemy.sql.ddl.SchemaGenerator object at 0x78efe0ce40d0>
venv/lib/python3.12/site-packages/sqlalchemy/sql/ddl.py:315: in _invoke_with
    return bind.execute(self)
        bind       = <sqlalchemy.engine.base.Connection object at 0x78efe0bd0380>
        self       = <sqlalchemy.sql.ddl.CreateIndex object at 0x78f000fe2900>
venv/lib/python3.12/site-packages/sqlalchemy/engine/base.py:1416: in execute
    return meth(
        distilled_parameters = ()
        execution_options = None
        meth       = <bound method ExecutableDDLElement._execute_on_connection of <sqlalchemy.sql.ddl.CreateIndex object at 0x78f000fe2900>>
        parameters = None
        self       = <sqlalchemy.engine.base.Connection object at 0x78efe0bd0380>
        statement  = <sqlalchemy.sql.ddl.CreateIndex object at 0x78f000fe2900>
venv/lib/python3.12/site-packages/sqlalchemy/sql/ddl.py:181: in _execute_on_connection
    return connection._execute_ddl(
        connection = <sqlalchemy.engine.base.Connection object at 0x78efe0bd0380>
        distilled_params = ()
        execution_options = immutabledict({})
        self       = <sqlalchemy.sql.ddl.CreateIndex object at 0x78f000fe2900>
venv/lib/python3.12/site-packages/sqlalchemy/engine/base.py:1528: in _execute_ddl
    ret = self._execute_context(
        compiled   = <sqlalchemy.dialects.sqlite.base.SQLiteDDLCompiler object at 0x78efe0bd18e0>
        ddl        = <sqlalchemy.sql.ddl.CreateIndex object at 0x78f000fe2900>
        dialect    = <sqlalchemy.dialects.sqlite.aiosqlite.SQLiteDialect_aiosqlite object at 0x78efe0cc3620>
        distilled_parameters = ()
        event_multiparams = None
        event_params = None
        exec_opts  = immutabledict({})
        execution_options = immutabledict({})
        schema_translate_map = None
        self       = <sqlalchemy.engine.base.Connection object at 0x78efe0bd0380>
venv/lib/python3.12/site-packages/sqlalchemy/engine/base.py:1848: in _execute_context
    return self._exec_single_context(
        args       = (<sqlalchemy.dialects.sqlite.base.SQLiteDDLCompiler object at 0x78efe0bd18e0>,)
        conn       = <sqlalchemy.pool.base._ConnectionFairy object at 0x78efe0ba6930>
        constructor = <bound method DefaultExecutionContext._init_ddl of <class 'sqlalchemy.dialects.sqlite.aiosqlite.SQLiteExecutionContext_aiosqlite'>>
        context    = <sqlalchemy.dialects.sqlite.aiosqlite.SQLiteExecutionContext_aiosqlite object at 0x78efe0bd21b0>
        dialect    = <sqlalchemy.dialects.sqlite.aiosqlite.SQLiteDialect_aiosqlite object at 0x78efe0cc3620>
        execution_options = immutabledict({})
        kw         = {}
        parameters = None
        self       = <sqlalchemy.engine.base.Connection object at 0x78efe0bd0380>
        statement  = <sqlalchemy.dialects.sqlite.base.SQLiteDDLCompiler object at 0x78efe0bd18e0>
venv/lib/python3.12/site-packages/sqlalchemy/engine/base.py:1988: in _exec_single_context
    self._handle_dbapi_exception(
        context    = <sqlalchemy.dialects.sqlite.aiosqlite.SQLiteExecutionContext_aiosqlite object at 0x78efe0bd21b0>
        cursor     = <sqlalchemy.dialects.sqlite.aiosqlite.AsyncAdapt_aiosqlite_cursor object at 0x78efe0ba7e20>
        dialect    = <sqlalchemy.dialects.sqlite.aiosqlite.SQLiteDialect_aiosqlite object at 0x78efe0cc3620>
        effective_parameters = ()
        evt_handled = False
        parameters = [()]
        self       = <sqlalchemy.engine.base.Connection object at 0x78efe0bd0380>
        statement  = <sqlalchemy.dialects.sqlite.base.SQLiteDDLCompiler object at 0x78efe0bd18e0>
        str_statement = 'CREATE UNIQUE INDEX ix_users_email ON users (email)'
venv/lib/python3.12/site-packages/sqlalchemy/engine/base.py:2344: in _handle_dbapi_exception
    raise sqlalchemy_exception.with_traceback(exc_info[2]) from e
        context    = <sqlalchemy.dialects.sqlite.aiosqlite.SQLiteExecutionContext_aiosqlite object at 0x78efe0bd21b0>
        cursor     = <sqlalchemy.dialects.sqlite.aiosqlite.AsyncAdapt_aiosqlite_cursor object at 0x78efe0ba7e20>
        e          = OperationalError('index ix_users_email already exists')
        exc_info   = (<class 'sqlite3.OperationalError'>,
 OperationalError('index ix_users_email already exists'),
 <traceback object at 0x78efe0201740>)
        invalidate_pool_on_disconnect = True
        is_exit_exception = False
        is_sub_exec = False
        ismulti    = False
        newraise   = None
        parameters = ()
        self       = <sqlalchemy.engine.base.Connection object at 0x78efe0bd0380>
        should_wrap = True
        sqlalchemy_exception = OperationalError('(sqlite3.OperationalError) index ix_users_email already exists')
        statement  = 'CREATE UNIQUE INDEX ix_users_email ON users (email)'
venv/lib/python3.12/site-packages/sqlalchemy/engine/base.py:1969: in _exec_single_context
    self.dialect.do_execute(
        context    = <sqlalchemy.dialects.sqlite.aiosqlite.SQLiteExecutionContext_aiosqlite object at 0x78efe0bd21b0>
        cursor     = <sqlalchemy.dialects.sqlite.aiosqlite.AsyncAdapt_aiosqlite_cursor object at 0x78efe0ba7e20>
        dialect    = <sqlalchemy.dialects.sqlite.aiosqlite.SQLiteDialect_aiosqlite object at 0x78efe0cc3620>
        effective_parameters = ()
        evt_handled = False
        parameters = [()]
        self       = <sqlalchemy.engine.base.Connection object at 0x78efe0bd0380>
        statement  = <sqlalchemy.dialects.sqlite.base.SQLiteDDLCompiler object at 0x78efe0bd18e0>
        str_statement = 'CREATE UNIQUE INDEX ix_users_email ON users (email)'
venv/lib/python3.12/site-packages/sqlalchemy/engine/default.py:922: in do_execute
    cursor.execute(statement, parameters)
        context    = <sqlalchemy.dialects.sqlite.aiosqlite.SQLiteExecutionContext_aiosqlite object at 0x78efe0bd21b0>
        cursor     = <sqlalchemy.dialects.sqlite.aiosqlite.AsyncAdapt_aiosqlite_cursor object at 0x78efe0ba7e20>
        parameters = ()
        self       = <sqlalchemy.dialects.sqlite.aiosqlite.SQLiteDialect_aiosqlite object at 0x78efe0cc3620>
        statement  = 'CREATE UNIQUE INDEX ix_users_email ON users (email)'
venv/lib/python3.12/site-packages/sqlalchemy/dialects/sqlite/aiosqlite.py:146: in execute
    self._adapt_connection._handle_exception(error)
        _cursor    = <aiosqlite.cursor.Cursor object at 0x78efe0bd2210>
        operation  = 'CREATE UNIQUE INDEX ix_users_email ON users (email)'
        parameters = ()
        self       = <sqlalchemy.dialects.sqlite.aiosqlite.AsyncAdapt_aiosqlite_cursor object at 0x78efe0ba7e20>
venv/lib/python3.12/site-packages/sqlalchemy/dialects/sqlite/aiosqlite.py:298: in _handle_exception
    raise error
        error      = OperationalError('index ix_users_email already exists')
        self       = <AdaptedConnection <aiosqlite.core.Connection object at 0x78efe0bd0950>>
venv/lib/python3.12/site-packages/sqlalchemy/dialects/sqlite/aiosqlite.py:128: in execute
    self.await_(_cursor.execute(operation, parameters))
        _cursor    = <aiosqlite.cursor.Cursor object at 0x78efe0bd2210>
        operation  = 'CREATE UNIQUE INDEX ix_users_email ON users (email)'
        parameters = ()
        self       = <sqlalchemy.dialects.sqlite.aiosqlite.AsyncAdapt_aiosqlite_cursor object at 0x78efe0ba7e20>
venv/lib/python3.12/site-packages/sqlalchemy/util/_concurrency_py3k.py:130: in await_only
    return current.driver.switch(awaitable)  # type: ignore[no-any-return]
        awaitable  = <coroutine object Cursor.execute at 0x78efe0be19a0>
        current    = <_AsyncIoGreenlet object at 0x78efe0b41940 (otid=0x1d6ace30) dead>
venv/lib/python3.12/site-packages/sqlalchemy/util/_concurrency_py3k.py:195: in greenlet_spawn
    value = await result
        _require_await = False
        args       = (<sqlalchemy.engine.base.Connection object at 0x78efe0bd0380>,)
        context    = <_AsyncIoGreenlet object at 0x78efe0b41940 (otid=0x1d6ace30) dead>
        fn         = <bound method MetaData.create_all of MetaData()>
        kwargs     = {}
        result     = <coroutine object Cursor.execute at 0x78efe0be19a0>
        switch_occurred = True
        value      = <aiosqlite.cursor.Cursor object at 0x78efe0bd2210>
venv/lib/python3.12/site-packages/aiosqlite/cursor.py:40: in execute
    await self._execute(self._cursor.execute, sql, parameters)
        parameters = ()
        self       = <aiosqlite.cursor.Cursor object at 0x78efe0bd2210>
        sql        = 'CREATE UNIQUE INDEX ix_users_email ON users (email)'
venv/lib/python3.12/site-packages/aiosqlite/cursor.py:32: in _execute
    return await self._conn._execute(fn, *args, **kwargs)
        args       = ('CREATE UNIQUE INDEX ix_users_email ON users (email)', ())
        fn         = <built-in method execute of sqlite3.Cursor object at 0x78efe0bb97c0>
        kwargs     = {}
        self       = <aiosqlite.cursor.Cursor object at 0x78efe0bd2210>
venv/lib/python3.12/site-packages/aiosqlite/core.py:160: in _execute
    return await future
        args       = ('CREATE UNIQUE INDEX ix_users_email ON users (email)', ())
        fn         = <built-in method execute of sqlite3.Cursor object at 0x78efe0bb97c0>
        function   = functools.partial(<built-in method execute of sqlite3.Cursor object at 0x78efe0bb97c0>, 'CREATE UNIQUE INDEX ix_users_email ON users (email)', ())
        future     = <Future finished exception=OperationalError('index ix_users_email already exists')>
        kwargs     = {}
        self       = <aiosqlite.core.Connection object at 0x78efe0bd0950>
venv/lib/python3.12/site-packages/aiosqlite/core.py:63: in _connection_worker_thread
    result = function()
E   sqlalchemy.exc.OperationalError: (sqlite3.OperationalError) index ix_users_email already exists
E   [SQL: CREATE UNIQUE INDEX ix_users_email ON users (email)]
E   (Background on this error at: https://sqlalche.me/e/20/e3q8)
        function   = functools.partial(<built-in method rollback of sqlite3.Connection object at 0x78efe0b6f2e0>)
        future     = <Future finished result=None>
        result     = None
        tx         = <_queue.SimpleQueue object at 0x78efe0bd7060>
______________ ERROR at setup of test_message_role_enum_and_jsonb ______________
venv/lib/python3.12/site-packages/sqlalchemy/engine/base.py:1969: in _exec_single_context
    self.dialect.do_execute(
        context    = <sqlalchemy.dialects.sqlite.aiosqlite.SQLiteExecutionContext_aiosqlite object at 0x78efe0bd21b0>
        cursor     = <sqlalchemy.dialects.sqlite.aiosqlite.AsyncAdapt_aiosqlite_cursor object at 0x78efe0ba7e20>
        dialect    = <sqlalchemy.dialects.sqlite.aiosqlite.SQLiteDialect_aiosqlite object at 0x78efe0cc3620>
        effective_parameters = ()
        evt_handled = False
        parameters = [()]
        self       = <sqlalchemy.engine.base.Connection object at 0x78efe0bd0380>
        statement  = <sqlalchemy.dialects.sqlite.base.SQLiteDDLCompiler object at 0x78efe0bd18e0>
        str_statement = 'CREATE UNIQUE INDEX ix_users_email ON users (email)'
venv/lib/python3.12/site-packages/sqlalchemy/engine/default.py:922: in do_execute
    cursor.execute(statement, parameters)
        context    = <sqlalchemy.dialects.sqlite.aiosqlite.SQLiteExecutionContext_aiosqlite object at 0x78efe0bd21b0>
        cursor     = <sqlalchemy.dialects.sqlite.aiosqlite.AsyncAdapt_aiosqlite_cursor object at 0x78efe0ba7e20>
        parameters = ()
        self       = <sqlalchemy.dialects.sqlite.aiosqlite.SQLiteDialect_aiosqlite object at 0x78efe0cc3620>
        statement  = 'CREATE UNIQUE INDEX ix_users_email ON users (email)'
venv/lib/python3.12/site-packages/sqlalchemy/dialects/sqlite/aiosqlite.py:146: in execute
    self._adapt_connection._handle_exception(error)
        _cursor    = <aiosqlite.cursor.Cursor object at 0x78efe0bd2210>
        operation  = 'CREATE UNIQUE INDEX ix_users_email ON users (email)'
        parameters = ()
        self       = <sqlalchemy.dialects.sqlite.aiosqlite.AsyncAdapt_aiosqlite_cursor object at 0x78efe0ba7e20>
venv/lib/python3.12/site-packages/sqlalchemy/dialects/sqlite/aiosqlite.py:298: in _handle_exception
    raise error
        error      = OperationalError('index ix_users_email already exists')
        self       = <AdaptedConnection <aiosqlite.core.Connection object at 0x78efe0bd0950>>
venv/lib/python3.12/site-packages/sqlalchemy/dialects/sqlite/aiosqlite.py:128: in execute
    self.await_(_cursor.execute(operation, parameters))
        _cursor    = <aiosqlite.cursor.Cursor object at 0x78efe0bd2210>
        operation  = 'CREATE UNIQUE INDEX ix_users_email ON users (email)'
        parameters = ()
        self       = <sqlalchemy.dialects.sqlite.aiosqlite.AsyncAdapt_aiosqlite_cursor object at 0x78efe0ba7e20>
venv/lib/python3.12/site-packages/sqlalchemy/util/_concurrency_py3k.py:130: in await_only
    return current.driver.switch(awaitable)  # type: ignore[no-any-return]
        awaitable  = <coroutine object Cursor.execute at 0x78efe0be19a0>
        current    = <_AsyncIoGreenlet object at 0x78efe0b41940 (otid=0x1d6ace30) dead>
venv/lib/python3.12/site-packages/sqlalchemy/util/_concurrency_py3k.py:195: in greenlet_spawn
    value = await result
        _require_await = False
        args       = (<sqlalchemy.engine.base.Connection object at 0x78efe0bd0380>,)
        context    = <_AsyncIoGreenlet object at 0x78efe0b41940 (otid=0x1d6ace30) dead>
        fn         = <bound method MetaData.create_all of MetaData()>
        kwargs     = {}
        result     = <coroutine object Cursor.execute at 0x78efe0be19a0>
        switch_occurred = True
        value      = <aiosqlite.cursor.Cursor object at 0x78efe0bd2210>
venv/lib/python3.12/site-packages/aiosqlite/cursor.py:40: in execute
    await self._execute(self._cursor.execute, sql, parameters)
        parameters = ()
        self       = <aiosqlite.cursor.Cursor object at 0x78efe0bd2210>
        sql        = 'CREATE UNIQUE INDEX ix_users_email ON users (email)'
venv/lib/python3.12/site-packages/aiosqlite/cursor.py:32: in _execute
    return await self._conn._execute(fn, *args, **kwargs)
        args       = ('CREATE UNIQUE INDEX ix_users_email ON users (email)', ())
        fn         = <built-in method execute of sqlite3.Cursor object at 0x78efe0bb97c0>
        kwargs     = {}
        self       = <aiosqlite.cursor.Cursor object at 0x78efe0bd2210>
venv/lib/python3.12/site-packages/aiosqlite/core.py:160: in _execute
    return await future
        args       = ('CREATE UNIQUE INDEX ix_users_email ON users (email)', ())
        fn         = <built-in method execute of sqlite3.Cursor object at 0x78efe0bb97c0>
        function   = functools.partial(<built-in method execute of sqlite3.Cursor object at 0x78efe0bb97c0>, 'CREATE UNIQUE INDEX ix_users_email ON users (email)', ())
        future     = <Future finished exception=OperationalError('index ix_users_email already exists')>
        kwargs     = {}
        self       = <aiosqlite.core.Connection object at 0x78efe0bd0950>
venv/lib/python3.12/site-packages/aiosqlite/core.py:63: in _connection_worker_thread
    result = function()
E   sqlite3.OperationalError: index ix_users_email already exists
        function   = functools.partial(<built-in method rollback of sqlite3.Connection object at 0x78efe0b6f2e0>)
        future     = <Future finished result=None>
        result     = None
        tx         = <_queue.SimpleQueue object at 0x78efe0bd7060>

The above exception was the direct cause of the following exception:
venv/lib/python3.12/site-packages/pytest_asyncio/plugin.py:336: in _asyncgen_fixture_wrapper
    result = event_loop.run_until_complete(setup())
        event_loop = <_UnixSelectorEventLoop running=False closed=False debug=False>
        event_loop_fixture_id = '_session_event_loop'
        finalizer  = <function _wrap_asyncgen_fixture.<locals>._asyncgen_fixture_wrapper.<locals>.finalizer at 0x78efe0ba99e0>
        fixture    = <function engine at 0x78f001182b60>
        fixturedef = <FixtureDef argname='engine' scope='session' baseid='tests'>
        func       = <function engine at 0x78f001182b60>
        gen_obj    = <async_generator object engine at 0x78efe0b6ec50>
        kwargs     = {}
        request    = <SubRequest 'engine' for <Coroutine test_chat_session_creation_with_user>>
        setup      = <function _wrap_asyncgen_fixture.<locals>._asyncgen_fixture_wrapper.<locals>.setup at 0x78efe0ba9a80>
/usr/lib/python3.12/asyncio/base_events.py:687: in run_until_complete
    return future.result()
        future     = <Task finished name='Task-1' coro=<_wrap_asyncgen_fixture.<locals>._asyncgen_fixture_wrapper.<locals>.setup() done, defined at /mnt/d/workspace/ChatApplication/project-code/backend/venv/lib/python3.12/site-packages/pytest_asyncio/plugin.py:317> exception=OperationalError('(sqlite3.OperationalError) index ix_users_email already exists')>
        new_task   = True
        self       = <_UnixSelectorEventLoop running=False closed=False debug=False>
venv/lib/python3.12/site-packages/pytest_asyncio/plugin.py:318: in setup
    res = await gen_obj.__anext__()
        gen_obj    = <async_generator object engine at 0x78efe0b6ec50>
tests/conftest.py:62: in engine
    await conn.run_sync(Base.metadata.create_all)
        conn       = <sqlalchemy.ext.asyncio.engine.AsyncConnection object at 0x78efe0bd6850>
        test_engine = <sqlalchemy.ext.asyncio.engine.AsyncEngine object at 0x78f001041090>
venv/lib/python3.12/site-packages/sqlalchemy/ext/asyncio/engine.py:891: in run_sync
    return await greenlet_spawn(fn, self._proxied, *arg, **kw)
        arg        = ()
        fn         = <bound method MetaData.create_all of MetaData()>
        kw         = {}
        self       = <sqlalchemy.ext.asyncio.engine.AsyncConnection object at 0x78efe0bd6850>
venv/lib/python3.12/site-packages/sqlalchemy/util/_concurrency_py3k.py:200: in greenlet_spawn
    result = context.throw(*sys.exc_info())
        _require_await = False
        args       = (<sqlalchemy.engine.base.Connection object at 0x78efe0bd0380>,)
        context    = <_AsyncIoGreenlet object at 0x78efe0b41940 (otid=0x1d6ace30) dead>
        fn         = <bound method MetaData.create_all of MetaData()>
        kwargs     = {}
        result     = <coroutine object Cursor.execute at 0x78efe0be19a0>
        switch_occurred = True
        value      = <aiosqlite.cursor.Cursor object at 0x78efe0bd2210>
venv/lib/python3.12/site-packages/sqlalchemy/sql/schema.py:5832: in create_all
    bind._run_ddl_visitor(
        bind       = <sqlalchemy.engine.base.Connection object at 0x78efe0bd0380>
        checkfirst = True
        self       = MetaData()
        tables     = None
venv/lib/python3.12/site-packages/sqlalchemy/engine/base.py:2448: in _run_ddl_visitor
    visitorcallable(self.dialect, self, **kwargs).traverse_single(element)
        element    = MetaData()
        kwargs     = {'checkfirst': True, 'tables': None}
        self       = <sqlalchemy.engine.base.Connection object at 0x78efe0bd0380>
        visitorcallable = <class 'sqlalchemy.sql.ddl.SchemaGenerator'>
venv/lib/python3.12/site-packages/sqlalchemy/sql/visitors.py:671: in traverse_single
    return meth(obj, **kw)
        kw         = {}
        meth       = <bound method SchemaGenerator.visit_metadata of <sqlalchemy.sql.ddl.SchemaGenerator object at 0x78efe0ce40d0>>
        obj        = MetaData()
        self       = <sqlalchemy.sql.ddl.SchemaGenerator object at 0x78efe0ce40d0>
        v          = <sqlalchemy.sql.ddl.SchemaGenerator object at 0x78efe0ce40d0>
venv/lib/python3.12/site-packages/sqlalchemy/sql/ddl.py:919: in visit_metadata
    self.traverse_single(
        collection = [(Table('users', MetaData(), Column('id', GUID(), table=<users>, primary_key=True, nullable=False, default=CallableColumnDefault(<function uuid4 at 0x78f001182de0>)), Column('email', String(length=255), table=<users>), Column('password_hash', String(length=255), table=<users>), Column('role', Enum('ADMIN', 'USER', 'ANONYMOUS', name='user_role'), table=<users>, nullable=False, default=ScalarElementColumnDefault(<UserRole.ANONYMOUS: 'anonymous'>)), Column('is_active', Boolean(), table=<users>, nullable=False, default=ScalarElementColumnDefault(True)), Column('created_at', DateTime(timezone=True), table=<users>, nullable=False, default=CallableColumnDefault(<function datetime.utcnow at 0x78f0011e8ea0>)), Column('last_login', DateTime(timezone=True), table=<users>), schema=None),
  set()),
 (Table('chat_sessions', MetaData(), Column('id', GUID(), table=<chat_sessions>, primary_key=True, nullable=False, default=CallableColumnDefault(<function uuid4 at 0x78f001078720>)), Column('user_id', GUID(), ForeignKey('users.id'), table=<chat_sessions>), Column('session_token', String(length=255), table=<chat_sessions>, nullable=False), Column('created_at', DateTime(timezone=True), table=<chat_sessions>, nullable=False, default=CallableColumnDefault(<function datetime.utcnow at 0x78f0010787c0>)), Column('updated_at', DateTime(timezone=True), table=<chat_sessions>, nullable=False, onupdate=CallableColumnDefault(<function datetime.utcnow at 0x78f001078ae0>), default=CallableColumnDefault(<function datetime.utcnow at 0x78f001078a40>)), Column('metadata', JSON(), table=<chat_sessions>, default=CallableColumnDefault(<function dict at 0x78f001078b80>)), schema=None),
  {ForeignKeyConstraint(<sqlalchemy.sql.base.ReadOnlyColumnCollection object at 0x78efdb3365c0>, None, ondelete='SET NULL', table=Table('chat_sessions', MetaData(), Column('id', GUID(), table=<chat_sessions>, primary_key=True, nullable=False, default=CallableColumnDefault(<function uuid4 at 0x78f001078720>)), Column('user_id', GUID(), ForeignKey('users.id'), table=<chat_sessions>), Column('session_token', String(length=255), table=<chat_sessions>, nullable=False), Column('created_at', DateTime(timezone=True), table=<chat_sessions>, nullable=False, default=CallableColumnDefault(<function datetime.utcnow at 0x78f0010787c0>)), Column('updated_at', DateTime(timezone=True), table=<chat_sessions>, nullable=False, onupdate=CallableColumnDefault(<function datetime.utcnow at 0x78f001078ae0>), default=CallableColumnDefault(<function datetime.utcnow at 0x78f001078a40>)), Column('metadata', JSON(), table=<chat_sessions>, default=CallableColumnDefault(<function dict at 0x78f001078b80>)), schema=None))}),
 (Table('data_sources', MetaData(), Column('id', GUID(), table=<data_sources>, primary_key=True, nullable=False, default=CallableColumnDefault(<function uuid4 at 0x78f00107bd80>)), Column('name', String(length=255), table=<data_sources>, nullable=False), Column('type', Enum('CONFLUENCE', 'JIRA', 'GITHUB', 'ONBOARDING', name='source_type'), table=<data_sources>, nullable=False), Column('config', JSON(), table=<data_sources>, nullable=False, default=CallableColumnDefault(<function dict at 0x78f001018040>)), Column('last_sync_at', DateTime(timezone=True), table=<data_sources>), Column('sync_status', Enum('PENDING', 'SYNCING', 'SUCCESS', 'FAILED', name='sync_status'), table=<data_sources>, nullable=False, default=ScalarElementColumnDefault(<SyncStatus.PENDING: 'pending'>)), Column('sync_error', Text(), table=<data_sources>), Column('created_by', GUID(), ForeignKey('users.id'), table=<data_sources>, nullable=False), Column('is_active', Boolean(), table=<data_sources>, nullable=False, default=ScalarElementColumnDefault(True)), schema=None),
  {ForeignKeyConstraint(<sqlalchemy.sql.base.ReadOnlyColumnCollection object at 0x78efdb336610>, None, ondelete='CASCADE', table=Table('data_sources', MetaData(), Column('id', GUID(), table=<data_sources>, primary_key=True, nullable=False, default=CallableColumnDefault(<function uuid4 at 0x78f00107bd80>)), Column('name', String(length=255), table=<data_sources>, nullable=False), Column('type', Enum('CONFLUENCE', 'JIRA', 'GITHUB', 'ONBOARDING', name='source_type'), table=<data_sources>, nullable=False), Column('config', JSON(), table=<data_sources>, nullable=False, default=CallableColumnDefault(<function dict at 0x78f001018040>)), Column('last_sync_at', DateTime(timezone=True), table=<data_sources>), Column('sync_status', Enum('PENDING', 'SYNCING', 'SUCCESS', 'FAILED', name='sync_status'), table=<data_sources>, nullable=False, default=ScalarElementColumnDefault(<SyncStatus.PENDING: 'pending'>)), Column('sync_error', Text(), table=<data_sources>), Column('created_by', GUID(), ForeignKey('users.id'), table=<data_sources>, nullable=False), Column('is_active', Boolean(), table=<data_sources>, nullable=False, default=ScalarElementColumnDefault(True)), schema=None))}),
 (Table('messages', MetaData(), Column('id', GUID(), table=<messages>, primary_key=True, nullable=False, default=CallableColumnDefault(<function uuid4 at 0x78f00107a020>)), Column('session_id', GUID(), ForeignKey('chat_sessions.id'), table=<messages>, nullable=False), Column('role', Enum('USER', 'ASSISTANT', 'SYSTEM', name='message_role'), table=<messages>, nullable=False), Column('content', Text(), table=<messages>, nullable=False), Column('created_at', DateTime(timezone=True), table=<messages>, nullable=False, default=CallableColumnDefault(<function datetime.utcnow at 0x78f00107a3e0>)), Column('sources', JSON(), table=<messages>, default=CallableColumnDefault(<function dict at 0x78f00107a520>)), Column('feedback', JSON(), table=<messages>, default=CallableColumnDefault(<function dict at 0x78f00107a660>)), schema=None),
  {ForeignKeyConstraint(<sqlalchemy.sql.base.ReadOnlyColumnCollection object at 0x78efdb3366b0>, None, ondelete='CASCADE', table=Table('messages', MetaData(), Column('id', GUID(), table=<messages>, primary_key=True, nullable=False, default=CallableColumnDefault(<function uuid4 at 0x78f00107a020>)), Column('session_id', GUID(), ForeignKey('chat_sessions.id'), table=<messages>, nullable=False), Column('role', Enum('USER', 'ASSISTANT', 'SYSTEM', name='message_role'), table=<messages>, nullable=False), Column('content', Text(), table=<messages>, nullable=False), Column('created_at', DateTime(timezone=True), table=<messages>, nullable=False, default=CallableColumnDefault(<function datetime.utcnow at 0x78f00107a3e0>)), Column('sources', JSON(), table=<messages>, default=CallableColumnDefault(<function dict at 0x78f00107a520>)), Column('feedback', JSON(), table=<messages>, default=CallableColumnDefault(<function dict at 0x78f00107a660>)), schema=None))}),
 (Table('sync_logs', MetaData(), Column('id', GUID(), table=<sync_logs>, primary_key=True, nullable=False, default=CallableColumnDefault(<function uuid4 at 0x78f00101a3e0>)), Column('source_id', GUID(), ForeignKey('data_sources.id'), table=<sync_logs>, nullable=False), Column('started_at', DateTime(timezone=True), table=<sync_logs>, nullable=False, default=CallableColumnDefault(<function datetime.utcnow at 0x78f00101a480>)), Column('completed_at', DateTime(timezone=True), table=<sync_logs>), Column('status', Enum('PENDING', 'SYNCING', 'SUCCESS', 'FAILED', name='sync_status'), table=<sync_logs>, nullable=False, default=ScalarElementColumnDefault(<SyncStatus.PENDING: 'pending'>)), Column('documents_processed', Integer(), table=<sync_logs>, nullable=False, default=ScalarElementColumnDefault(0)), Column('documents_added', Integer(), table=<sync_logs>, nullable=False, default=ScalarElementColumnDefault(0)), Column('documents_updated', Integer(), table=<sync_logs>, nullable=False, default=ScalarElementColumnDefault(0)), Column('documents_deleted', Integer(), table=<sync_logs>, nullable=False, default=ScalarElementColumnDefault(0)), Column('error_log', Text(), table=<sync_logs>), schema=None),
  {ForeignKeyConstraint(<sqlalchemy.sql.base.ReadOnlyColumnCollection object at 0x78efdb336660>, None, ondelete='CASCADE', table=Table('sync_logs', MetaData(), Column('id', GUID(), table=<sync_logs>, primary_key=True, nullable=False, default=CallableColumnDefault(<function uuid4 at 0x78f00101a3e0>)), Column('source_id', GUID(), ForeignKey('data_sources.id'), table=<sync_logs>, nullable=False), Column('started_at', DateTime(timezone=True), table=<sync_logs>, nullable=False, default=CallableColumnDefault(<function datetime.utcnow at 0x78f00101a480>)), Column('completed_at', DateTime(timezone=True), table=<sync_logs>), Column('status', Enum('PENDING', 'SYNCING', 'SUCCESS', 'FAILED', name='sync_status'), table=<sync_logs>, nullable=False, default=ScalarElementColumnDefault(<SyncStatus.PENDING: 'pending'>)), Column('documents_processed', Integer(), table=<sync_logs>, nullable=False, default=ScalarElementColumnDefault(0)), Column('documents_added', Integer(), table=<sync_logs>, nullable=False, default=ScalarElementColumnDefault(0)), Column('documents_updated', Integer(), table=<sync_logs>, nullable=False, default=ScalarElementColumnDefault(0)), Column('documents_deleted', Integer(), table=<sync_logs>, nullable=False, default=ScalarElementColumnDefault(0)), Column('error_log', Text(), table=<sync_logs>), schema=None))}),
 (Table('documents', MetaData(), Column('id', UUID(), table=<documents>, primary_key=True, nullable=False, default=CallableColumnDefault(<function uuid4 at 0x78f00101bec0>)), Column('source_id', UUID(), ForeignKey('data_sources.id'), table=<documents>, nullable=False), Column('external_id', String(length=255), table=<documents>, nullable=False), Column('title', Text(), table=<documents>, nullable=False), Column('content', Text(), table=<documents>, nullable=False), Column('url', Text(), table=<documents>), Column('metadata', JSONB(astext_type=Text()), table=<documents>, default=CallableColumnDefault(<function dict at 0x78f000fec360>)), Column('created_at', DateTime(timezone=True), table=<documents>, nullable=False, default=CallableColumnDefault(<function datetime.utcnow at 0x78efe0cbef20>)), Column('updated_at', DateTime(timezone=True), table=<documents>, nullable=False, onupdate=CallableColumnDefault(<function datetime.utcnow at 0x78efe0cbf060>), default=CallableColumnDefault(<function datetime.utcnow at 0x78efe0cbefc0>)), Column('is_deleted', Boolean(), table=<documents>, nullable=False, default=ScalarElementColumnDefault(False)), schema=None),
  {ForeignKeyConstraint(<sqlalchemy.sql.base.ReadOnlyColumnCollection object at 0x78efdb336750>, None, ondelete='CASCADE', table=Table('documents', MetaData(), Column('id', UUID(), table=<documents>, primary_key=True, nullable=False, default=CallableColumnDefault(<function uuid4 at 0x78f00101bec0>)), Column('source_id', UUID(), ForeignKey('data_sources.id'), table=<documents>, nullable=False), Column('external_id', String(length=255), table=<documents>, nullable=False), Column('title', Text(), table=<documents>, nullable=False), Column('content', Text(), table=<documents>, nullable=False), Column('url', Text(), table=<documents>), Column('metadata', JSONB(astext_type=Text()), table=<documents>, default=CallableColumnDefault(<function dict at 0x78f000fec360>)), Column('created_at', DateTime(timezone=True), table=<documents>, nullable=False, default=CallableColumnDefault(<function datetime.utcnow at 0x78efe0cbef20>)), Column('updated_at', DateTime(timezone=True), table=<documents>, nullable=False, onupdate=CallableColumnDefault(<function datetime.utcnow at 0x78efe0cbf060>), default=CallableColumnDefault(<function datetime.utcnow at 0x78efe0cbefc0>)), Column('is_deleted', Boolean(), table=<documents>, nullable=False, default=ScalarElementColumnDefault(False)), schema=None))}),
 (Table('document_chunks', MetaData(), Column('id', UUID(), table=<document_chunks>, primary_key=True, nullable=False, default=CallableColumnDefault(<function uuid4 at 0x78efe0ce0720>)), Column('document_id', UUID(), ForeignKey('documents.id'), table=<document_chunks>, nullable=False), Column('chunk_index', Integer(), table=<document_chunks>, nullable=False), Column('content', Text(), table=<document_chunks>, nullable=False), Column('embedding', Vector(dim=384), table=<document_chunks>), Column('metadata', JSONB(astext_type=Text()), table=<document_chunks>, default=CallableColumnDefault(<function dict at 0x78efe0ce07c0>)), Column('created_at', DateTime(timezone=True), table=<document_chunks>, nullable=False, default=CallableColumnDefault(<function datetime.utcnow at 0x78efe0ce09a0>)), schema=None),
  {ForeignKeyConstraint(<sqlalchemy.sql.base.ReadOnlyColumnCollection object at 0x78efdb3367a0>, None, ondelete='CASCADE', table=Table('document_chunks', MetaData(), Column('id', UUID(), table=<document_chunks>, primary_key=True, nullable=False, default=CallableColumnDefault(<function uuid4 at 0x78efe0ce0720>)), Column('document_id', UUID(), ForeignKey('documents.id'), table=<document_chunks>, nullable=False), Column('chunk_index', Integer(), table=<document_chunks>, nullable=False), Column('content', Text(), table=<document_chunks>, nullable=False), Column('embedding', Vector(dim=384), table=<document_chunks>), Column('metadata', JSONB(astext_type=Text()), table=<document_chunks>, default=CallableColumnDefault(<function dict at 0x78efe0ce07c0>)), Column('created_at', DateTime(timezone=True), table=<document_chunks>, nullable=False, default=CallableColumnDefault(<function datetime.utcnow at 0x78efe0ce09a0>)), schema=None))}),
 (None, [])]
        event_collection = [Table('users', MetaData(), Column('id', GUID(), table=<users>, primary_key=True, nullable=False, default=CallableColumnDefault(<function uuid4 at 0x78f001182de0>)), Column('email', String(length=255), table=<users>), Column('password_hash', String(length=255), table=<users>), Column('role', Enum('ADMIN', 'USER', 'ANONYMOUS', name='user_role'), table=<users>, nullable=False, default=ScalarElementColumnDefault(<UserRole.ANONYMOUS: 'anonymous'>)), Column('is_active', Boolean(), table=<users>, nullable=False, default=ScalarElementColumnDefault(True)), Column('created_at', DateTime(timezone=True), table=<users>, nullable=False, default=CallableColumnDefault(<function datetime.utcnow at 0x78f0011e8ea0>)), Column('last_login', DateTime(timezone=True), table=<users>), schema=None),
 Table('chat_sessions', MetaData(), Column('id', GUID(), table=<chat_sessions>, primary_key=True, nullable=False, default=CallableColumnDefault(<function uuid4 at 0x78f001078720>)), Column('user_id', GUID(), ForeignKey('users.id'), table=<chat_sessions>), Column('session_token', String(length=255), table=<chat_sessions>, nullable=False), Column('created_at', DateTime(timezone=True), table=<chat_sessions>, nullable=False, default=CallableColumnDefault(<function datetime.utcnow at 0x78f0010787c0>)), Column('updated_at', DateTime(timezone=True), table=<chat_sessions>, nullable=False, onupdate=CallableColumnDefault(<function datetime.utcnow at 0x78f001078ae0>), default=CallableColumnDefault(<function datetime.utcnow at 0x78f001078a40>)), Column('metadata', JSON(), table=<chat_sessions>, default=CallableColumnDefault(<function dict at 0x78f001078b80>)), schema=None),
 Table('data_sources', MetaData(), Column('id', GUID(), table=<data_sources>, primary_key=True, nullable=False, default=CallableColumnDefault(<function uuid4 at 0x78f00107bd80>)), Column('name', String(length=255), table=<data_sources>, nullable=False), Column('type', Enum('CONFLUENCE', 'JIRA', 'GITHUB', 'ONBOARDING', name='source_type'), table=<data_sources>, nullable=False), Column('config', JSON(), table=<data_sources>, nullable=False, default=CallableColumnDefault(<function dict at 0x78f001018040>)), Column('last_sync_at', DateTime(timezone=True), table=<data_sources>), Column('sync_status', Enum('PENDING', 'SYNCING', 'SUCCESS', 'FAILED', name='sync_status'), table=<data_sources>, nullable=False, default=ScalarElementColumnDefault(<SyncStatus.PENDING: 'pending'>)), Column('sync_error', Text(), table=<data_sources>), Column('created_by', GUID(), ForeignKey('users.id'), table=<data_sources>, nullable=False), Column('is_active', Boolean(), table=<data_sources>, nullable=False, default=ScalarElementColumnDefault(True)), schema=None),
 Table('messages', MetaData(), Column('id', GUID(), table=<messages>, primary_key=True, nullable=False, default=CallableColumnDefault(<function uuid4 at 0x78f00107a020>)), Column('session_id', GUID(), ForeignKey('chat_sessions.id'), table=<messages>, nullable=False), Column('role', Enum('USER', 'ASSISTANT', 'SYSTEM', name='message_role'), table=<messages>, nullable=False), Column('content', Text(), table=<messages>, nullable=False), Column('created_at', DateTime(timezone=True), table=<messages>, nullable=False, default=CallableColumnDefault(<function datetime.utcnow at 0x78f00107a3e0>)), Column('sources', JSON(), table=<messages>, default=CallableColumnDefault(<function dict at 0x78f00107a520>)), Column('feedback', JSON(), table=<messages>, default=CallableColumnDefault(<function dict at 0x78f00107a660>)), schema=None),
 Table('sync_logs', MetaData(), Column('id', GUID(), table=<sync_logs>, primary_key=True, nullable=False, default=CallableColumnDefault(<function uuid4 at 0x78f00101a3e0>)), Column('source_id', GUID(), ForeignKey('data_sources.id'), table=<sync_logs>, nullable=False), Column('started_at', DateTime(timezone=True), table=<sync_logs>, nullable=False, default=CallableColumnDefault(<function datetime.utcnow at 0x78f00101a480>)), Column('completed_at', DateTime(timezone=True), table=<sync_logs>), Column('status', Enum('PENDING', 'SYNCING', 'SUCCESS', 'FAILED', name='sync_status'), table=<sync_logs>, nullable=False, default=ScalarElementColumnDefault(<SyncStatus.PENDING: 'pending'>)), Column('documents_processed', Integer(), table=<sync_logs>, nullable=False, default=ScalarElementColumnDefault(0)), Column('documents_added', Integer(), table=<sync_logs>, nullable=False, default=ScalarElementColumnDefault(0)), Column('documents_updated', Integer(), table=<sync_logs>, nullable=False, default=ScalarElementColumnDefault(0)), Column('documents_deleted', Integer(), table=<sync_logs>, nullable=False, default=ScalarElementColumnDefault(0)), Column('error_log', Text(), table=<sync_logs>), schema=None),
 Table('documents', MetaData(), Column('id', UUID(), table=<documents>, primary_key=True, nullable=False, default=CallableColumnDefault(<function uuid4 at 0x78f00101bec0>)), Column('source_id', UUID(), ForeignKey('data_sources.id'), table=<documents>, nullable=False), Column('external_id', String(length=255), table=<documents>, nullable=False), Column('title', Text(), table=<documents>, nullable=False), Column('content', Text(), table=<documents>, nullable=False), Column('url', Text(), table=<documents>), Column('metadata', JSONB(astext_type=Text()), table=<documents>, default=CallableColumnDefault(<function dict at 0x78f000fec360>)), Column('created_at', DateTime(timezone=True), table=<documents>, nullable=False, default=CallableColumnDefault(<function datetime.utcnow at 0x78efe0cbef20>)), Column('updated_at', DateTime(timezone=True), table=<documents>, nullable=False, onupdate=CallableColumnDefault(<function datetime.utcnow at 0x78efe0cbf060>), default=CallableColumnDefault(<function datetime.utcnow at 0x78efe0cbefc0>)), Column('is_deleted', Boolean(), table=<documents>, nullable=False, default=ScalarElementColumnDefault(False)), schema=None),
 Table('document_chunks', MetaData(), Column('id', UUID(), table=<document_chunks>, primary_key=True, nullable=False, default=CallableColumnDefault(<function uuid4 at 0x78efe0ce0720>)), Column('document_id', UUID(), ForeignKey('documents.id'), table=<document_chunks>, nullable=False), Column('chunk_index', Integer(), table=<document_chunks>, nullable=False), Column('content', Text(), table=<document_chunks>, nullable=False), Column('embedding', Vector(dim=384), table=<document_chunks>), Column('metadata', JSONB(astext_type=Text()), table=<document_chunks>, default=CallableColumnDefault(<function dict at 0x78efe0ce07c0>)), Column('created_at', DateTime(timezone=True), table=<document_chunks>, nullable=False, default=CallableColumnDefault(<function datetime.utcnow at 0x78efe0ce09a0>)), schema=None)]
        fkcs       = set()
        metadata   = MetaData()
        self       = <sqlalchemy.sql.ddl.SchemaGenerator object at 0x78efe0ce40d0>
        seq_coll   = []
        table      = Table('users', MetaData(), Column('id', GUID(), table=<users>, primary_key=True, nullable=False, default=CallableColumnDefault(<function uuid4 at 0x78f001182de0>)), Column('email', String(length=255), table=<users>), Column('password_hash', String(length=255), table=<users>), Column('role', Enum('ADMIN', 'USER', 'ANONYMOUS', name='user_role'), table=<users>, nullable=False, default=ScalarElementColumnDefault(<UserRole.ANONYMOUS: 'anonymous'>)), Column('is_active', Boolean(), table=<users>, nullable=False, default=ScalarElementColumnDefault(True)), Column('created_at', DateTime(timezone=True), table=<users>, nullable=False, default=CallableColumnDefault(<function datetime.utcnow at 0x78f0011e8ea0>)), Column('last_login', DateTime(timezone=True), table=<users>), schema=None)
        tables     = [Table('users', MetaData(), Column('id', GUID(), table=<users>, primary_key=True, nullable=False, default=CallableColumnDefault(<function uuid4 at 0x78f001182de0>)), Column('email', String(length=255), table=<users>), Column('password_hash', String(length=255), table=<users>), Column('role', Enum('ADMIN', 'USER', 'ANONYMOUS', name='user_role'), table=<users>, nullable=False, default=ScalarElementColumnDefault(<UserRole.ANONYMOUS: 'anonymous'>)), Column('is_active', Boolean(), table=<users>, nullable=False, default=ScalarElementColumnDefault(True)), Column('created_at', DateTime(timezone=True), table=<users>, nullable=False, default=CallableColumnDefault(<function datetime.utcnow at 0x78f0011e8ea0>)), Column('last_login', DateTime(timezone=True), table=<users>), schema=None),
 Table('chat_sessions', MetaData(), Column('id', GUID(), table=<chat_sessions>, primary_key=True, nullable=False, default=CallableColumnDefault(<function uuid4 at 0x78f001078720>)), Column('user_id', GUID(), ForeignKey('users.id'), table=<chat_sessions>), Column('session_token', String(length=255), table=<chat_sessions>, nullable=False), Column('created_at', DateTime(timezone=True), table=<chat_sessions>, nullable=False, default=CallableColumnDefault(<function datetime.utcnow at 0x78f0010787c0>)), Column('updated_at', DateTime(timezone=True), table=<chat_sessions>, nullable=False, onupdate=CallableColumnDefault(<function datetime.utcnow at 0x78f001078ae0>), default=CallableColumnDefault(<function datetime.utcnow at 0x78f001078a40>)), Column('metadata', JSON(), table=<chat_sessions>, default=CallableColumnDefault(<function dict at 0x78f001078b80>)), schema=None),
 Table('messages', MetaData(), Column('id', GUID(), table=<messages>, primary_key=True, nullable=False, default=CallableColumnDefault(<function uuid4 at 0x78f00107a020>)), Column('session_id', GUID(), ForeignKey('chat_sessions.id'), table=<messages>, nullable=False), Column('role', Enum('USER', 'ASSISTANT', 'SYSTEM', name='message_role'), table=<messages>, nullable=False), Column('content', Text(), table=<messages>, nullable=False), Column('created_at', DateTime(timezone=True), table=<messages>, nullable=False, default=CallableColumnDefault(<function datetime.utcnow at 0x78f00107a3e0>)), Column('sources', JSON(), table=<messages>, default=CallableColumnDefault(<function dict at 0x78f00107a520>)), Column('feedback', JSON(), table=<messages>, default=CallableColumnDefault(<function dict at 0x78f00107a660>)), schema=None),
 Table('data_sources', MetaData(), Column('id', GUID(), table=<data_sources>, primary_key=True, nullable=False, default=CallableColumnDefault(<function uuid4 at 0x78f00107bd80>)), Column('name', String(length=255), table=<data_sources>, nullable=False), Column('type', Enum('CONFLUENCE', 'JIRA', 'GITHUB', 'ONBOARDING', name='source_type'), table=<data_sources>, nullable=False), Column('config', JSON(), table=<data_sources>, nullable=False, default=CallableColumnDefault(<function dict at 0x78f001018040>)), Column('last_sync_at', DateTime(timezone=True), table=<data_sources>), Column('sync_status', Enum('PENDING', 'SYNCING', 'SUCCESS', 'FAILED', name='sync_status'), table=<data_sources>, nullable=False, default=ScalarElementColumnDefault(<SyncStatus.PENDING: 'pending'>)), Column('sync_error', Text(), table=<data_sources>), Column('created_by', GUID(), ForeignKey('users.id'), table=<data_sources>, nullable=False), Column('is_active', Boolean(), table=<data_sources>, nullable=False, default=ScalarElementColumnDefault(True)), schema=None),
 Table('sync_logs', MetaData(), Column('id', GUID(), table=<sync_logs>, primary_key=True, nullable=False, default=CallableColumnDefault(<function uuid4 at 0x78f00101a3e0>)), Column('source_id', GUID(), ForeignKey('data_sources.id'), table=<sync_logs>, nullable=False), Column('started_at', DateTime(timezone=True), table=<sync_logs>, nullable=False, default=CallableColumnDefault(<function datetime.utcnow at 0x78f00101a480>)), Column('completed_at', DateTime(timezone=True), table=<sync_logs>), Column('status', Enum('PENDING', 'SYNCING', 'SUCCESS', 'FAILED', name='sync_status'), table=<sync_logs>, nullable=False, default=ScalarElementColumnDefault(<SyncStatus.PENDING: 'pending'>)), Column('documents_processed', Integer(), table=<sync_logs>, nullable=False, default=ScalarElementColumnDefault(0)), Column('documents_added', Integer(), table=<sync_logs>, nullable=False, default=ScalarElementColumnDefault(0)), Column('documents_updated', Integer(), table=<sync_logs>, nullable=False, default=ScalarElementColumnDefault(0)), Column('documents_deleted', Integer(), table=<sync_logs>, nullable=False, default=ScalarElementColumnDefault(0)), Column('error_log', Text(), table=<sync_logs>), schema=None),
 Table('documents', MetaData(), Column('id', UUID(), table=<documents>, primary_key=True, nullable=False, default=CallableColumnDefault(<function uuid4 at 0x78f00101bec0>)), Column('source_id', UUID(), ForeignKey('data_sources.id'), table=<documents>, nullable=False), Column('external_id', String(length=255), table=<documents>, nullable=False), Column('title', Text(), table=<documents>, nullable=False), Column('content', Text(), table=<documents>, nullable=False), Column('url', Text(), table=<documents>), Column('metadata', JSONB(astext_type=Text()), table=<documents>, default=CallableColumnDefault(<function dict at 0x78f000fec360>)), Column('created_at', DateTime(timezone=True), table=<documents>, nullable=False, default=CallableColumnDefault(<function datetime.utcnow at 0x78efe0cbef20>)), Column('updated_at', DateTime(timezone=True), table=<documents>, nullable=False, onupdate=CallableColumnDefault(<function datetime.utcnow at 0x78efe0cbf060>), default=CallableColumnDefault(<function datetime.utcnow at 0x78efe0cbefc0>)), Column('is_deleted', Boolean(), table=<documents>, nullable=False, default=ScalarElementColumnDefault(False)), schema=None),
 Table('document_chunks', MetaData(), Column('id', UUID(), table=<document_chunks>, primary_key=True, nullable=False, default=CallableColumnDefault(<function uuid4 at 0x78efe0ce0720>)), Column('document_id', UUID(), ForeignKey('documents.id'), table=<document_chunks>, nullable=False), Column('chunk_index', Integer(), table=<document_chunks>, nullable=False), Column('content', Text(), table=<document_chunks>, nullable=False), Column('embedding', Vector(dim=384), table=<document_chunks>), Column('metadata', JSONB(astext_type=Text()), table=<document_chunks>, default=CallableColumnDefault(<function dict at 0x78efe0ce07c0>)), Column('created_at', DateTime(timezone=True), table=<document_chunks>, nullable=False, default=CallableColumnDefault(<function datetime.utcnow at 0x78efe0ce09a0>)), schema=None)]
venv/lib/python3.12/site-packages/sqlalchemy/sql/visitors.py:671: in traverse_single
    return meth(obj, **kw)
        kw         = {'_is_metadata_operation': True,
 'create_ok': True,
 'include_foreign_key_constraints': set()}
        meth       = <bound method SchemaGenerator.visit_table of <sqlalchemy.sql.ddl.SchemaGenerator object at 0x78efe0ce40d0>>
        obj        = Table('users', MetaData(), Column('id', GUID(), table=<users>, primary_key=True, nullable=False, default=CallableColumnDefault(<function uuid4 at 0x78f001182de0>)), Column('email', String(length=255), table=<users>), Column('password_hash', String(length=255), table=<users>), Column('role', Enum('ADMIN', 'USER', 'ANONYMOUS', name='user_role'), table=<users>, nullable=False, default=ScalarElementColumnDefault(<UserRole.ANONYMOUS: 'anonymous'>)), Column('is_active', Boolean(), table=<users>, nullable=False, default=ScalarElementColumnDefault(True)), Column('created_at', DateTime(timezone=True), table=<users>, nullable=False, default=CallableColumnDefault(<function datetime.utcnow at 0x78f0011e8ea0>)), Column('last_login', DateTime(timezone=True), table=<users>), schema=None)
        self       = <sqlalchemy.sql.ddl.SchemaGenerator object at 0x78efe0ce40d0>
        v          = <sqlalchemy.sql.ddl.SchemaGenerator object at 0x78efe0ce40d0>
venv/lib/python3.12/site-packages/sqlalchemy/sql/ddl.py:961: in visit_table
    self.traverse_single(index, create_ok=True)
        _is_metadata_operation = True
        column     = Column('last_login', DateTime(timezone=True), table=<users>)
        create_ok  = True
        include_foreign_key_constraints = None
        index      = Index('ix_users_email', Column('email', String(length=255), table=<users>), unique=True)
        self       = <sqlalchemy.sql.ddl.SchemaGenerator object at 0x78efe0ce40d0>
        table      = Table('users', MetaData(), Column('id', GUID(), table=<users>, primary_key=True, nullable=False, default=CallableColumnDefault(<function uuid4 at 0x78f001182de0>)), Column('email', String(length=255), table=<users>), Column('password_hash', String(length=255), table=<users>), Column('role', Enum('ADMIN', 'USER', 'ANONYMOUS', name='user_role'), table=<users>, nullable=False, default=ScalarElementColumnDefault(<UserRole.ANONYMOUS: 'anonymous'>)), Column('is_active', Boolean(), table=<users>, nullable=False, default=ScalarElementColumnDefault(True)), Column('created_at', DateTime(timezone=True), table=<users>, nullable=False, default=CallableColumnDefault(<function datetime.utcnow at 0x78f0011e8ea0>)), Column('last_login', DateTime(timezone=True), table=<users>), schema=None)
venv/lib/python3.12/site-packages/sqlalchemy/sql/visitors.py:671: in traverse_single
    return meth(obj, **kw)
        kw         = {'create_ok': True}
        meth       = <bound method SchemaGenerator.visit_index of <sqlalchemy.sql.ddl.SchemaGenerator object at 0x78efe0ce40d0>>
        obj        = Index('ix_users_email', Column('email', String(length=255), table=<users>), unique=True)
        self       = <sqlalchemy.sql.ddl.SchemaGenerator object at 0x78efe0ce40d0>
        v          = <sqlalchemy.sql.ddl.SchemaGenerator object at 0x78efe0ce40d0>
venv/lib/python3.12/site-packages/sqlalchemy/sql/ddl.py:998: in visit_index
    CreateIndex(index)._invoke_with(self.connection)
        create_ok  = True
        index      = Index('ix_users_email', Column('email', String(length=255), table=<users>), unique=True)
        self       = <sqlalchemy.sql.ddl.SchemaGenerator object at 0x78efe0ce40d0>
venv/lib/python3.12/site-packages/sqlalchemy/sql/ddl.py:315: in _invoke_with
    return bind.execute(self)
        bind       = <sqlalchemy.engine.base.Connection object at 0x78efe0bd0380>
        self       = <sqlalchemy.sql.ddl.CreateIndex object at 0x78f000fe2900>
venv/lib/python3.12/site-packages/sqlalchemy/engine/base.py:1416: in execute
    return meth(
        distilled_parameters = ()
        execution_options = None
        meth       = <bound method ExecutableDDLElement._execute_on_connection of <sqlalchemy.sql.ddl.CreateIndex object at 0x78f000fe2900>>
        parameters = None
        self       = <sqlalchemy.engine.base.Connection object at 0x78efe0bd0380>
        statement  = <sqlalchemy.sql.ddl.CreateIndex object at 0x78f000fe2900>
venv/lib/python3.12/site-packages/sqlalchemy/sql/ddl.py:181: in _execute_on_connection
    return connection._execute_ddl(
        connection = <sqlalchemy.engine.base.Connection object at 0x78efe0bd0380>
        distilled_params = ()
        execution_options = immutabledict({})
        self       = <sqlalchemy.sql.ddl.CreateIndex object at 0x78f000fe2900>
venv/lib/python3.12/site-packages/sqlalchemy/engine/base.py:1528: in _execute_ddl
    ret = self._execute_context(
        compiled   = <sqlalchemy.dialects.sqlite.base.SQLiteDDLCompiler object at 0x78efe0bd18e0>
        ddl        = <sqlalchemy.sql.ddl.CreateIndex object at 0x78f000fe2900>
        dialect    = <sqlalchemy.dialects.sqlite.aiosqlite.SQLiteDialect_aiosqlite object at 0x78efe0cc3620>
        distilled_parameters = ()
        event_multiparams = None
        event_params = None
        exec_opts  = immutabledict({})
        execution_options = immutabledict({})
        schema_translate_map = None
        self       = <sqlalchemy.engine.base.Connection object at 0x78efe0bd0380>
venv/lib/python3.12/site-packages/sqlalchemy/engine/base.py:1848: in _execute_context
    return self._exec_single_context(
        args       = (<sqlalchemy.dialects.sqlite.base.SQLiteDDLCompiler object at 0x78efe0bd18e0>,)
        conn       = <sqlalchemy.pool.base._ConnectionFairy object at 0x78efe0ba6930>
        constructor = <bound method DefaultExecutionContext._init_ddl of <class 'sqlalchemy.dialects.sqlite.aiosqlite.SQLiteExecutionContext_aiosqlite'>>
        context    = <sqlalchemy.dialects.sqlite.aiosqlite.SQLiteExecutionContext_aiosqlite object at 0x78efe0bd21b0>
        dialect    = <sqlalchemy.dialects.sqlite.aiosqlite.SQLiteDialect_aiosqlite object at 0x78efe0cc3620>
        execution_options = immutabledict({})
        kw         = {}
        parameters = None
        self       = <sqlalchemy.engine.base.Connection object at 0x78efe0bd0380>
        statement  = <sqlalchemy.dialects.sqlite.base.SQLiteDDLCompiler object at 0x78efe0bd18e0>
venv/lib/python3.12/site-packages/sqlalchemy/engine/base.py:1988: in _exec_single_context
    self._handle_dbapi_exception(
        context    = <sqlalchemy.dialects.sqlite.aiosqlite.SQLiteExecutionContext_aiosqlite object at 0x78efe0bd21b0>
        cursor     = <sqlalchemy.dialects.sqlite.aiosqlite.AsyncAdapt_aiosqlite_cursor object at 0x78efe0ba7e20>
        dialect    = <sqlalchemy.dialects.sqlite.aiosqlite.SQLiteDialect_aiosqlite object at 0x78efe0cc3620>
        effective_parameters = ()
        evt_handled = False
        parameters = [()]
        self       = <sqlalchemy.engine.base.Connection object at 0x78efe0bd0380>
        statement  = <sqlalchemy.dialects.sqlite.base.SQLiteDDLCompiler object at 0x78efe0bd18e0>
        str_statement = 'CREATE UNIQUE INDEX ix_users_email ON users (email)'
venv/lib/python3.12/site-packages/sqlalchemy/engine/base.py:2344: in _handle_dbapi_exception
    raise sqlalchemy_exception.with_traceback(exc_info[2]) from e
        context    = <sqlalchemy.dialects.sqlite.aiosqlite.SQLiteExecutionContext_aiosqlite object at 0x78efe0bd21b0>
        cursor     = <sqlalchemy.dialects.sqlite.aiosqlite.AsyncAdapt_aiosqlite_cursor object at 0x78efe0ba7e20>
        e          = OperationalError('index ix_users_email already exists')
        exc_info   = (<class 'sqlite3.OperationalError'>,
 OperationalError('index ix_users_email already exists'),
 <traceback object at 0x78efe0201740>)
        invalidate_pool_on_disconnect = True
        is_exit_exception = False
        is_sub_exec = False
        ismulti    = False
        newraise   = None
        parameters = ()
        self       = <sqlalchemy.engine.base.Connection object at 0x78efe0bd0380>
        should_wrap = True
        sqlalchemy_exception = OperationalError('(sqlite3.OperationalError) index ix_users_email already exists')
        statement  = 'CREATE UNIQUE INDEX ix_users_email ON users (email)'
venv/lib/python3.12/site-packages/sqlalchemy/engine/base.py:1969: in _exec_single_context
    self.dialect.do_execute(
        context    = <sqlalchemy.dialects.sqlite.aiosqlite.SQLiteExecutionContext_aiosqlite object at 0x78efe0bd21b0>
        cursor     = <sqlalchemy.dialects.sqlite.aiosqlite.AsyncAdapt_aiosqlite_cursor object at 0x78efe0ba7e20>
        dialect    = <sqlalchemy.dialects.sqlite.aiosqlite.SQLiteDialect_aiosqlite object at 0x78efe0cc3620>
        effective_parameters = ()
        evt_handled = False
        parameters = [()]
        self       = <sqlalchemy.engine.base.Connection object at 0x78efe0bd0380>
        statement  = <sqlalchemy.dialects.sqlite.base.SQLiteDDLCompiler object at 0x78efe0bd18e0>
        str_statement = 'CREATE UNIQUE INDEX ix_users_email ON users (email)'
venv/lib/python3.12/site-packages/sqlalchemy/engine/default.py:922: in do_execute
    cursor.execute(statement, parameters)
        context    = <sqlalchemy.dialects.sqlite.aiosqlite.SQLiteExecutionContext_aiosqlite object at 0x78efe0bd21b0>
        cursor     = <sqlalchemy.dialects.sqlite.aiosqlite.AsyncAdapt_aiosqlite_cursor object at 0x78efe0ba7e20>
        parameters = ()
        self       = <sqlalchemy.dialects.sqlite.aiosqlite.SQLiteDialect_aiosqlite object at 0x78efe0cc3620>
        statement  = 'CREATE UNIQUE INDEX ix_users_email ON users (email)'
venv/lib/python3.12/site-packages/sqlalchemy/dialects/sqlite/aiosqlite.py:146: in execute
    self._adapt_connection._handle_exception(error)
        _cursor    = <aiosqlite.cursor.Cursor object at 0x78efe0bd2210>
        operation  = 'CREATE UNIQUE INDEX ix_users_email ON users (email)'
        parameters = ()
        self       = <sqlalchemy.dialects.sqlite.aiosqlite.AsyncAdapt_aiosqlite_cursor object at 0x78efe0ba7e20>
venv/lib/python3.12/site-packages/sqlalchemy/dialects/sqlite/aiosqlite.py:298: in _handle_exception
    raise error
        error      = OperationalError('index ix_users_email already exists')
        self       = <AdaptedConnection <aiosqlite.core.Connection object at 0x78efe0bd0950>>
venv/lib/python3.12/site-packages/sqlalchemy/dialects/sqlite/aiosqlite.py:128: in execute
    self.await_(_cursor.execute(operation, parameters))
        _cursor    = <aiosqlite.cursor.Cursor object at 0x78efe0bd2210>
        operation  = 'CREATE UNIQUE INDEX ix_users_email ON users (email)'
        parameters = ()
        self       = <sqlalchemy.dialects.sqlite.aiosqlite.AsyncAdapt_aiosqlite_cursor object at 0x78efe0ba7e20>
venv/lib/python3.12/site-packages/sqlalchemy/util/_concurrency_py3k.py:130: in await_only
    return current.driver.switch(awaitable)  # type: ignore[no-any-return]
        awaitable  = <coroutine object Cursor.execute at 0x78efe0be19a0>
        current    = <_AsyncIoGreenlet object at 0x78efe0b41940 (otid=0x1d6ace30) dead>
venv/lib/python3.12/site-packages/sqlalchemy/util/_concurrency_py3k.py:195: in greenlet_spawn
    value = await result
        _require_await = False
        args       = (<sqlalchemy.engine.base.Connection object at 0x78efe0bd0380>,)
        context    = <_AsyncIoGreenlet object at 0x78efe0b41940 (otid=0x1d6ace30) dead>
        fn         = <bound method MetaData.create_all of MetaData()>
        kwargs     = {}
        result     = <coroutine object Cursor.execute at 0x78efe0be19a0>
        switch_occurred = True
        value      = <aiosqlite.cursor.Cursor object at 0x78efe0bd2210>
venv/lib/python3.12/site-packages/aiosqlite/cursor.py:40: in execute
    await self._execute(self._cursor.execute, sql, parameters)
        parameters = ()
        self       = <aiosqlite.cursor.Cursor object at 0x78efe0bd2210>
        sql        = 'CREATE UNIQUE INDEX ix_users_email ON users (email)'
venv/lib/python3.12/site-packages/aiosqlite/cursor.py:32: in _execute
    return await self._conn._execute(fn, *args, **kwargs)
        args       = ('CREATE UNIQUE INDEX ix_users_email ON users (email)', ())
        fn         = <built-in method execute of sqlite3.Cursor object at 0x78efe0bb97c0>
        kwargs     = {}
        self       = <aiosqlite.cursor.Cursor object at 0x78efe0bd2210>
venv/lib/python3.12/site-packages/aiosqlite/core.py:160: in _execute
    return await future
        args       = ('CREATE UNIQUE INDEX ix_users_email ON users (email)', ())
        fn         = <built-in method execute of sqlite3.Cursor object at 0x78efe0bb97c0>
        function   = functools.partial(<built-in method execute of sqlite3.Cursor object at 0x78efe0bb97c0>, 'CREATE UNIQUE INDEX ix_users_email ON users (email)', ())
        future     = <Future finished exception=OperationalError('index ix_users_email already exists')>
        kwargs     = {}
        self       = <aiosqlite.core.Connection object at 0x78efe0bd0950>
venv/lib/python3.12/site-packages/aiosqlite/core.py:63: in _connection_worker_thread
    result = function()
E   sqlalchemy.exc.OperationalError: (sqlite3.OperationalError) index ix_users_email already exists
E   [SQL: CREATE UNIQUE INDEX ix_users_email ON users (email)]
E   (Background on this error at: https://sqlalche.me/e/20/e3q8)
        function   = functools.partial(<built-in method rollback of sqlite3.Connection object at 0x78efe0b6f2e0>)
        future     = <Future finished result=None>
        result     = None
        tx         = <_queue.SimpleQueue object at 0x78efe0bd7060>
_________________ ERROR at setup of test_document_soft_delete __________________
venv/lib/python3.12/site-packages/sqlalchemy/engine/base.py:1969: in _exec_single_context
    self.dialect.do_execute(
        context    = <sqlalchemy.dialects.sqlite.aiosqlite.SQLiteExecutionContext_aiosqlite object at 0x78efe0bd21b0>
        cursor     = <sqlalchemy.dialects.sqlite.aiosqlite.AsyncAdapt_aiosqlite_cursor object at 0x78efe0ba7e20>
        dialect    = <sqlalchemy.dialects.sqlite.aiosqlite.SQLiteDialect_aiosqlite object at 0x78efe0cc3620>
        effective_parameters = ()
        evt_handled = False
        parameters = [()]
        self       = <sqlalchemy.engine.base.Connection object at 0x78efe0bd0380>
        statement  = <sqlalchemy.dialects.sqlite.base.SQLiteDDLCompiler object at 0x78efe0bd18e0>
        str_statement = 'CREATE UNIQUE INDEX ix_users_email ON users (email)'
venv/lib/python3.12/site-packages/sqlalchemy/engine/default.py:922: in do_execute
    cursor.execute(statement, parameters)
        context    = <sqlalchemy.dialects.sqlite.aiosqlite.SQLiteExecutionContext_aiosqlite object at 0x78efe0bd21b0>
        cursor     = <sqlalchemy.dialects.sqlite.aiosqlite.AsyncAdapt_aiosqlite_cursor object at 0x78efe0ba7e20>
        parameters = ()
        self       = <sqlalchemy.dialects.sqlite.aiosqlite.SQLiteDialect_aiosqlite object at 0x78efe0cc3620>
        statement  = 'CREATE UNIQUE INDEX ix_users_email ON users (email)'
venv/lib/python3.12/site-packages/sqlalchemy/dialects/sqlite/aiosqlite.py:146: in execute
    self._adapt_connection._handle_exception(error)
        _cursor    = <aiosqlite.cursor.Cursor object at 0x78efe0bd2210>
        operation  = 'CREATE UNIQUE INDEX ix_users_email ON users (email)'
        parameters = ()
        self       = <sqlalchemy.dialects.sqlite.aiosqlite.AsyncAdapt_aiosqlite_cursor object at 0x78efe0ba7e20>
venv/lib/python3.12/site-packages/sqlalchemy/dialects/sqlite/aiosqlite.py:298: in _handle_exception
    raise error
        error      = OperationalError('index ix_users_email already exists')
        self       = <AdaptedConnection <aiosqlite.core.Connection object at 0x78efe0bd0950>>
venv/lib/python3.12/site-packages/sqlalchemy/dialects/sqlite/aiosqlite.py:128: in execute
    self.await_(_cursor.execute(operation, parameters))
        _cursor    = <aiosqlite.cursor.Cursor object at 0x78efe0bd2210>
        operation  = 'CREATE UNIQUE INDEX ix_users_email ON users (email)'
        parameters = ()
        self       = <sqlalchemy.dialects.sqlite.aiosqlite.AsyncAdapt_aiosqlite_cursor object at 0x78efe0ba7e20>
venv/lib/python3.12/site-packages/sqlalchemy/util/_concurrency_py3k.py:130: in await_only
    return current.driver.switch(awaitable)  # type: ignore[no-any-return]
        awaitable  = <coroutine object Cursor.execute at 0x78efe0be19a0>
        current    = <_AsyncIoGreenlet object at 0x78efe0b41940 (otid=0x1d6ace30) dead>
venv/lib/python3.12/site-packages/sqlalchemy/util/_concurrency_py3k.py:195: in greenlet_spawn
    value = await result
        _require_await = False
        args       = (<sqlalchemy.engine.base.Connection object at 0x78efe0bd0380>,)
        context    = <_AsyncIoGreenlet object at 0x78efe0b41940 (otid=0x1d6ace30) dead>
        fn         = <bound method MetaData.create_all of MetaData()>
        kwargs     = {}
        result     = <coroutine object Cursor.execute at 0x78efe0be19a0>
        switch_occurred = True
        value      = <aiosqlite.cursor.Cursor object at 0x78efe0bd2210>
venv/lib/python3.12/site-packages/aiosqlite/cursor.py:40: in execute
    await self._execute(self._cursor.execute, sql, parameters)
        parameters = ()
        self       = <aiosqlite.cursor.Cursor object at 0x78efe0bd2210>
        sql        = 'CREATE UNIQUE INDEX ix_users_email ON users (email)'
venv/lib/python3.12/site-packages/aiosqlite/cursor.py:32: in _execute
    return await self._conn._execute(fn, *args, **kwargs)
        args       = ('CREATE UNIQUE INDEX ix_users_email ON users (email)', ())
        fn         = <built-in method execute of sqlite3.Cursor object at 0x78efe0bb97c0>
        kwargs     = {}
        self       = <aiosqlite.cursor.Cursor object at 0x78efe0bd2210>
venv/lib/python3.12/site-packages/aiosqlite/core.py:160: in _execute
    return await future
        args       = ('CREATE UNIQUE INDEX ix_users_email ON users (email)', ())
        fn         = <built-in method execute of sqlite3.Cursor object at 0x78efe0bb97c0>
        function   = functools.partial(<built-in method execute of sqlite3.Cursor object at 0x78efe0bb97c0>, 'CREATE UNIQUE INDEX ix_users_email ON users (email)', ())
        future     = <Future finished exception=OperationalError('index ix_users_email already exists')>
        kwargs     = {}
        self       = <aiosqlite.core.Connection object at 0x78efe0bd0950>
venv/lib/python3.12/site-packages/aiosqlite/core.py:63: in _connection_worker_thread
    result = function()
E   sqlite3.OperationalError: index ix_users_email already exists
        function   = functools.partial(<built-in method rollback of sqlite3.Connection object at 0x78efe0b6f2e0>)
        future     = <Future finished result=None>
        result     = None
        tx         = <_queue.SimpleQueue object at 0x78efe0bd7060>

The above exception was the direct cause of the following exception:
venv/lib/python3.12/site-packages/pytest_asyncio/plugin.py:336: in _asyncgen_fixture_wrapper
    result = event_loop.run_until_complete(setup())
        event_loop = <_UnixSelectorEventLoop running=False closed=False debug=False>
        event_loop_fixture_id = '_session_event_loop'
        finalizer  = <function _wrap_asyncgen_fixture.<locals>._asyncgen_fixture_wrapper.<locals>.finalizer at 0x78efe0ba99e0>
        fixture    = <function engine at 0x78f001182b60>
        fixturedef = <FixtureDef argname='engine' scope='session' baseid='tests'>
        func       = <function engine at 0x78f001182b60>
        gen_obj    = <async_generator object engine at 0x78efe0b6ec50>
        kwargs     = {}
        request    = <SubRequest 'engine' for <Coroutine test_chat_session_creation_with_user>>
        setup      = <function _wrap_asyncgen_fixture.<locals>._asyncgen_fixture_wrapper.<locals>.setup at 0x78efe0ba9a80>
/usr/lib/python3.12/asyncio/base_events.py:687: in run_until_complete
    return future.result()
        future     = <Task finished name='Task-1' coro=<_wrap_asyncgen_fixture.<locals>._asyncgen_fixture_wrapper.<locals>.setup() done, defined at /mnt/d/workspace/ChatApplication/project-code/backend/venv/lib/python3.12/site-packages/pytest_asyncio/plugin.py:317> exception=OperationalError('(sqlite3.OperationalError) index ix_users_email already exists')>
        new_task   = True
        self       = <_UnixSelectorEventLoop running=False closed=False debug=False>
venv/lib/python3.12/site-packages/pytest_asyncio/plugin.py:318: in setup
    res = await gen_obj.__anext__()
        gen_obj    = <async_generator object engine at 0x78efe0b6ec50>
tests/conftest.py:62: in engine
    await conn.run_sync(Base.metadata.create_all)
        conn       = <sqlalchemy.ext.asyncio.engine.AsyncConnection object at 0x78efe0bd6850>
        test_engine = <sqlalchemy.ext.asyncio.engine.AsyncEngine object at 0x78f001041090>
venv/lib/python3.12/site-packages/sqlalchemy/ext/asyncio/engine.py:891: in run_sync
    return await greenlet_spawn(fn, self._proxied, *arg, **kw)
        arg        = ()
        fn         = <bound method MetaData.create_all of MetaData()>
        kw         = {}
        self       = <sqlalchemy.ext.asyncio.engine.AsyncConnection object at 0x78efe0bd6850>
venv/lib/python3.12/site-packages/sqlalchemy/util/_concurrency_py3k.py:200: in greenlet_spawn
    result = context.throw(*sys.exc_info())
        _require_await = False
        args       = (<sqlalchemy.engine.base.Connection object at 0x78efe0bd0380>,)
        context    = <_AsyncIoGreenlet object at 0x78efe0b41940 (otid=0x1d6ace30) dead>
        fn         = <bound method MetaData.create_all of MetaData()>
        kwargs     = {}
        result     = <coroutine object Cursor.execute at 0x78efe0be19a0>
        switch_occurred = True
        value      = <aiosqlite.cursor.Cursor object at 0x78efe0bd2210>
venv/lib/python3.12/site-packages/sqlalchemy/sql/schema.py:5832: in create_all
    bind._run_ddl_visitor(
        bind       = <sqlalchemy.engine.base.Connection object at 0x78efe0bd0380>
        checkfirst = True
        self       = MetaData()
        tables     = None
venv/lib/python3.12/site-packages/sqlalchemy/engine/base.py:2448: in _run_ddl_visitor
    visitorcallable(self.dialect, self, **kwargs).traverse_single(element)
        element    = MetaData()
        kwargs     = {'checkfirst': True, 'tables': None}
        self       = <sqlalchemy.engine.base.Connection object at 0x78efe0bd0380>
        visitorcallable = <class 'sqlalchemy.sql.ddl.SchemaGenerator'>
venv/lib/python3.12/site-packages/sqlalchemy/sql/visitors.py:671: in traverse_single
    return meth(obj, **kw)
        kw         = {}
        meth       = <bound method SchemaGenerator.visit_metadata of <sqlalchemy.sql.ddl.SchemaGenerator object at 0x78efe0ce40d0>>
        obj        = MetaData()
        self       = <sqlalchemy.sql.ddl.SchemaGenerator object at 0x78efe0ce40d0>
        v          = <sqlalchemy.sql.ddl.SchemaGenerator object at 0x78efe0ce40d0>
venv/lib/python3.12/site-packages/sqlalchemy/sql/ddl.py:919: in visit_metadata
    self.traverse_single(
        collection = [(Table('users', MetaData(), Column('id', GUID(), table=<users>, primary_key=True, nullable=False, default=CallableColumnDefault(<function uuid4 at 0x78f001182de0>)), Column('email', String(length=255), table=<users>), Column('password_hash', String(length=255), table=<users>), Column('role', Enum('ADMIN', 'USER', 'ANONYMOUS', name='user_role'), table=<users>, nullable=False, default=ScalarElementColumnDefault(<UserRole.ANONYMOUS: 'anonymous'>)), Column('is_active', Boolean(), table=<users>, nullable=False, default=ScalarElementColumnDefault(True)), Column('created_at', DateTime(timezone=True), table=<users>, nullable=False, default=CallableColumnDefault(<function datetime.utcnow at 0x78f0011e8ea0>)), Column('last_login', DateTime(timezone=True), table=<users>), schema=None),
  set()),
 (Table('chat_sessions', MetaData(), Column('id', GUID(), table=<chat_sessions>, primary_key=True, nullable=False, default=CallableColumnDefault(<function uuid4 at 0x78f001078720>)), Column('user_id', GUID(), ForeignKey('users.id'), table=<chat_sessions>), Column('session_token', String(length=255), table=<chat_sessions>, nullable=False), Column('created_at', DateTime(timezone=True), table=<chat_sessions>, nullable=False, default=CallableColumnDefault(<function datetime.utcnow at 0x78f0010787c0>)), Column('updated_at', DateTime(timezone=True), table=<chat_sessions>, nullable=False, onupdate=CallableColumnDefault(<function datetime.utcnow at 0x78f001078ae0>), default=CallableColumnDefault(<function datetime.utcnow at 0x78f001078a40>)), Column('metadata', JSON(), table=<chat_sessions>, default=CallableColumnDefault(<function dict at 0x78f001078b80>)), schema=None),
  {ForeignKeyConstraint(<sqlalchemy.sql.base.ReadOnlyColumnCollection object at 0x78efdb3365c0>, None, ondelete='SET NULL', table=Table('chat_sessions', MetaData(), Column('id', GUID(), table=<chat_sessions>, primary_key=True, nullable=False, default=CallableColumnDefault(<function uuid4 at 0x78f001078720>)), Column('user_id', GUID(), ForeignKey('users.id'), table=<chat_sessions>), Column('session_token', String(length=255), table=<chat_sessions>, nullable=False), Column('created_at', DateTime(timezone=True), table=<chat_sessions>, nullable=False, default=CallableColumnDefault(<function datetime.utcnow at 0x78f0010787c0>)), Column('updated_at', DateTime(timezone=True), table=<chat_sessions>, nullable=False, onupdate=CallableColumnDefault(<function datetime.utcnow at 0x78f001078ae0>), default=CallableColumnDefault(<function datetime.utcnow at 0x78f001078a40>)), Column('metadata', JSON(), table=<chat_sessions>, default=CallableColumnDefault(<function dict at 0x78f001078b80>)), schema=None))}),
 (Table('data_sources', MetaData(), Column('id', GUID(), table=<data_sources>, primary_key=True, nullable=False, default=CallableColumnDefault(<function uuid4 at 0x78f00107bd80>)), Column('name', String(length=255), table=<data_sources>, nullable=False), Column('type', Enum('CONFLUENCE', 'JIRA', 'GITHUB', 'ONBOARDING', name='source_type'), table=<data_sources>, nullable=False), Column('config', JSON(), table=<data_sources>, nullable=False, default=CallableColumnDefault(<function dict at 0x78f001018040>)), Column('last_sync_at', DateTime(timezone=True), table=<data_sources>), Column('sync_status', Enum('PENDING', 'SYNCING', 'SUCCESS', 'FAILED', name='sync_status'), table=<data_sources>, nullable=False, default=ScalarElementColumnDefault(<SyncStatus.PENDING: 'pending'>)), Column('sync_error', Text(), table=<data_sources>), Column('created_by', GUID(), ForeignKey('users.id'), table=<data_sources>, nullable=False), Column('is_active', Boolean(), table=<data_sources>, nullable=False, default=ScalarElementColumnDefault(True)), schema=None),
  {ForeignKeyConstraint(<sqlalchemy.sql.base.ReadOnlyColumnCollection object at 0x78efdb336610>, None, ondelete='CASCADE', table=Table('data_sources', MetaData(), Column('id', GUID(), table=<data_sources>, primary_key=True, nullable=False, default=CallableColumnDefault(<function uuid4 at 0x78f00107bd80>)), Column('name', String(length=255), table=<data_sources>, nullable=False), Column('type', Enum('CONFLUENCE', 'JIRA', 'GITHUB', 'ONBOARDING', name='source_type'), table=<data_sources>, nullable=False), Column('config', JSON(), table=<data_sources>, nullable=False, default=CallableColumnDefault(<function dict at 0x78f001018040>)), Column('last_sync_at', DateTime(timezone=True), table=<data_sources>), Column('sync_status', Enum('PENDING', 'SYNCING', 'SUCCESS', 'FAILED', name='sync_status'), table=<data_sources>, nullable=False, default=ScalarElementColumnDefault(<SyncStatus.PENDING: 'pending'>)), Column('sync_error', Text(), table=<data_sources>), Column('created_by', GUID(), ForeignKey('users.id'), table=<data_sources>, nullable=False), Column('is_active', Boolean(), table=<data_sources>, nullable=False, default=ScalarElementColumnDefault(True)), schema=None))}),
 (Table('messages', MetaData(), Column('id', GUID(), table=<messages>, primary_key=True, nullable=False, default=CallableColumnDefault(<function uuid4 at 0x78f00107a020>)), Column('session_id', GUID(), ForeignKey('chat_sessions.id'), table=<messages>, nullable=False), Column('role', Enum('USER', 'ASSISTANT', 'SYSTEM', name='message_role'), table=<messages>, nullable=False), Column('content', Text(), table=<messages>, nullable=False), Column('created_at', DateTime(timezone=True), table=<messages>, nullable=False, default=CallableColumnDefault(<function datetime.utcnow at 0x78f00107a3e0>)), Column('sources', JSON(), table=<messages>, default=CallableColumnDefault(<function dict at 0x78f00107a520>)), Column('feedback', JSON(), table=<messages>, default=CallableColumnDefault(<function dict at 0x78f00107a660>)), schema=None),
  {ForeignKeyConstraint(<sqlalchemy.sql.base.ReadOnlyColumnCollection object at 0x78efdb3366b0>, None, ondelete='CASCADE', table=Table('messages', MetaData(), Column('id', GUID(), table=<messages>, primary_key=True, nullable=False, default=CallableColumnDefault(<function uuid4 at 0x78f00107a020>)), Column('session_id', GUID(), ForeignKey('chat_sessions.id'), table=<messages>, nullable=False), Column('role', Enum('USER', 'ASSISTANT', 'SYSTEM', name='message_role'), table=<messages>, nullable=False), Column('content', Text(), table=<messages>, nullable=False), Column('created_at', DateTime(timezone=True), table=<messages>, nullable=False, default=CallableColumnDefault(<function datetime.utcnow at 0x78f00107a3e0>)), Column('sources', JSON(), table=<messages>, default=CallableColumnDefault(<function dict at 0x78f00107a520>)), Column('feedback', JSON(), table=<messages>, default=CallableColumnDefault(<function dict at 0x78f00107a660>)), schema=None))}),
 (Table('sync_logs', MetaData(), Column('id', GUID(), table=<sync_logs>, primary_key=True, nullable=False, default=CallableColumnDefault(<function uuid4 at 0x78f00101a3e0>)), Column('source_id', GUID(), ForeignKey('data_sources.id'), table=<sync_logs>, nullable=False), Column('started_at', DateTime(timezone=True), table=<sync_logs>, nullable=False, default=CallableColumnDefault(<function datetime.utcnow at 0x78f00101a480>)), Column('completed_at', DateTime(timezone=True), table=<sync_logs>), Column('status', Enum('PENDING', 'SYNCING', 'SUCCESS', 'FAILED', name='sync_status'), table=<sync_logs>, nullable=False, default=ScalarElementColumnDefault(<SyncStatus.PENDING: 'pending'>)), Column('documents_processed', Integer(), table=<sync_logs>, nullable=False, default=ScalarElementColumnDefault(0)), Column('documents_added', Integer(), table=<sync_logs>, nullable=False, default=ScalarElementColumnDefault(0)), Column('documents_updated', Integer(), table=<sync_logs>, nullable=False, default=ScalarElementColumnDefault(0)), Column('documents_deleted', Integer(), table=<sync_logs>, nullable=False, default=ScalarElementColumnDefault(0)), Column('error_log', Text(), table=<sync_logs>), schema=None),
  {ForeignKeyConstraint(<sqlalchemy.sql.base.ReadOnlyColumnCollection object at 0x78efdb336660>, None, ondelete='CASCADE', table=Table('sync_logs', MetaData(), Column('id', GUID(), table=<sync_logs>, primary_key=True, nullable=False, default=CallableColumnDefault(<function uuid4 at 0x78f00101a3e0>)), Column('source_id', GUID(), ForeignKey('data_sources.id'), table=<sync_logs>, nullable=False), Column('started_at', DateTime(timezone=True), table=<sync_logs>, nullable=False, default=CallableColumnDefault(<function datetime.utcnow at 0x78f00101a480>)), Column('completed_at', DateTime(timezone=True), table=<sync_logs>), Column('status', Enum('PENDING', 'SYNCING', 'SUCCESS', 'FAILED', name='sync_status'), table=<sync_logs>, nullable=False, default=ScalarElementColumnDefault(<SyncStatus.PENDING: 'pending'>)), Column('documents_processed', Integer(), table=<sync_logs>, nullable=False, default=ScalarElementColumnDefault(0)), Column('documents_added', Integer(), table=<sync_logs>, nullable=False, default=ScalarElementColumnDefault(0)), Column('documents_updated', Integer(), table=<sync_logs>, nullable=False, default=ScalarElementColumnDefault(0)), Column('documents_deleted', Integer(), table=<sync_logs>, nullable=False, default=ScalarElementColumnDefault(0)), Column('error_log', Text(), table=<sync_logs>), schema=None))}),
 (Table('documents', MetaData(), Column('id', UUID(), table=<documents>, primary_key=True, nullable=False, default=CallableColumnDefault(<function uuid4 at 0x78f00101bec0>)), Column('source_id', UUID(), ForeignKey('data_sources.id'), table=<documents>, nullable=False), Column('external_id', String(length=255), table=<documents>, nullable=False), Column('title', Text(), table=<documents>, nullable=False), Column('content', Text(), table=<documents>, nullable=False), Column('url', Text(), table=<documents>), Column('metadata', JSONB(astext_type=Text()), table=<documents>, default=CallableColumnDefault(<function dict at 0x78f000fec360>)), Column('created_at', DateTime(timezone=True), table=<documents>, nullable=False, default=CallableColumnDefault(<function datetime.utcnow at 0x78efe0cbef20>)), Column('updated_at', DateTime(timezone=True), table=<documents>, nullable=False, onupdate=CallableColumnDefault(<function datetime.utcnow at 0x78efe0cbf060>), default=CallableColumnDefault(<function datetime.utcnow at 0x78efe0cbefc0>)), Column('is_deleted', Boolean(), table=<documents>, nullable=False, default=ScalarElementColumnDefault(False)), schema=None),
  {ForeignKeyConstraint(<sqlalchemy.sql.base.ReadOnlyColumnCollection object at 0x78efdb336750>, None, ondelete='CASCADE', table=Table('documents', MetaData(), Column('id', UUID(), table=<documents>, primary_key=True, nullable=False, default=CallableColumnDefault(<function uuid4 at 0x78f00101bec0>)), Column('source_id', UUID(), ForeignKey('data_sources.id'), table=<documents>, nullable=False), Column('external_id', String(length=255), table=<documents>, nullable=False), Column('title', Text(), table=<documents>, nullable=False), Column('content', Text(), table=<documents>, nullable=False), Column('url', Text(), table=<documents>), Column('metadata', JSONB(astext_type=Text()), table=<documents>, default=CallableColumnDefault(<function dict at 0x78f000fec360>)), Column('created_at', DateTime(timezone=True), table=<documents>, nullable=False, default=CallableColumnDefault(<function datetime.utcnow at 0x78efe0cbef20>)), Column('updated_at', DateTime(timezone=True), table=<documents>, nullable=False, onupdate=CallableColumnDefault(<function datetime.utcnow at 0x78efe0cbf060>), default=CallableColumnDefault(<function datetime.utcnow at 0x78efe0cbefc0>)), Column('is_deleted', Boolean(), table=<documents>, nullable=False, default=ScalarElementColumnDefault(False)), schema=None))}),
 (Table('document_chunks', MetaData(), Column('id', UUID(), table=<document_chunks>, primary_key=True, nullable=False, default=CallableColumnDefault(<function uuid4 at 0x78efe0ce0720>)), Column('document_id', UUID(), ForeignKey('documents.id'), table=<document_chunks>, nullable=False), Column('chunk_index', Integer(), table=<document_chunks>, nullable=False), Column('content', Text(), table=<document_chunks>, nullable=False), Column('embedding', Vector(dim=384), table=<document_chunks>), Column('metadata', JSONB(astext_type=Text()), table=<document_chunks>, default=CallableColumnDefault(<function dict at 0x78efe0ce07c0>)), Column('created_at', DateTime(timezone=True), table=<document_chunks>, nullable=False, default=CallableColumnDefault(<function datetime.utcnow at 0x78efe0ce09a0>)), schema=None),
  {ForeignKeyConstraint(<sqlalchemy.sql.base.ReadOnlyColumnCollection object at 0x78efdb3367a0>, None, ondelete='CASCADE', table=Table('document_chunks', MetaData(), Column('id', UUID(), table=<document_chunks>, primary_key=True, nullable=False, default=CallableColumnDefault(<function uuid4 at 0x78efe0ce0720>)), Column('document_id', UUID(), ForeignKey('documents.id'), table=<document_chunks>, nullable=False), Column('chunk_index', Integer(), table=<document_chunks>, nullable=False), Column('content', Text(), table=<document_chunks>, nullable=False), Column('embedding', Vector(dim=384), table=<document_chunks>), Column('metadata', JSONB(astext_type=Text()), table=<document_chunks>, default=CallableColumnDefault(<function dict at 0x78efe0ce07c0>)), Column('created_at', DateTime(timezone=True), table=<document_chunks>, nullable=False, default=CallableColumnDefault(<function datetime.utcnow at 0x78efe0ce09a0>)), schema=None))}),
 (None, [])]
        event_collection = [Table('users', MetaData(), Column('id', GUID(), table=<users>, primary_key=True, nullable=False, default=CallableColumnDefault(<function uuid4 at 0x78f001182de0>)), Column('email', String(length=255), table=<users>), Column('password_hash', String(length=255), table=<users>), Column('role', Enum('ADMIN', 'USER', 'ANONYMOUS', name='user_role'), table=<users>, nullable=False, default=ScalarElementColumnDefault(<UserRole.ANONYMOUS: 'anonymous'>)), Column('is_active', Boolean(), table=<users>, nullable=False, default=ScalarElementColumnDefault(True)), Column('created_at', DateTime(timezone=True), table=<users>, nullable=False, default=CallableColumnDefault(<function datetime.utcnow at 0x78f0011e8ea0>)), Column('last_login', DateTime(timezone=True), table=<users>), schema=None),
 Table('chat_sessions', MetaData(), Column('id', GUID(), table=<chat_sessions>, primary_key=True, nullable=False, default=CallableColumnDefault(<function uuid4 at 0x78f001078720>)), Column('user_id', GUID(), ForeignKey('users.id'), table=<chat_sessions>), Column('session_token', String(length=255), table=<chat_sessions>, nullable=False), Column('created_at', DateTime(timezone=True), table=<chat_sessions>, nullable=False, default=CallableColumnDefault(<function datetime.utcnow at 0x78f0010787c0>)), Column('updated_at', DateTime(timezone=True), table=<chat_sessions>, nullable=False, onupdate=CallableColumnDefault(<function datetime.utcnow at 0x78f001078ae0>), default=CallableColumnDefault(<function datetime.utcnow at 0x78f001078a40>)), Column('metadata', JSON(), table=<chat_sessions>, default=CallableColumnDefault(<function dict at 0x78f001078b80>)), schema=None),
 Table('data_sources', MetaData(), Column('id', GUID(), table=<data_sources>, primary_key=True, nullable=False, default=CallableColumnDefault(<function uuid4 at 0x78f00107bd80>)), Column('name', String(length=255), table=<data_sources>, nullable=False), Column('type', Enum('CONFLUENCE', 'JIRA', 'GITHUB', 'ONBOARDING', name='source_type'), table=<data_sources>, nullable=False), Column('config', JSON(), table=<data_sources>, nullable=False, default=CallableColumnDefault(<function dict at 0x78f001018040>)), Column('last_sync_at', DateTime(timezone=True), table=<data_sources>), Column('sync_status', Enum('PENDING', 'SYNCING', 'SUCCESS', 'FAILED', name='sync_status'), table=<data_sources>, nullable=False, default=ScalarElementColumnDefault(<SyncStatus.PENDING: 'pending'>)), Column('sync_error', Text(), table=<data_sources>), Column('created_by', GUID(), ForeignKey('users.id'), table=<data_sources>, nullable=False), Column('is_active', Boolean(), table=<data_sources>, nullable=False, default=ScalarElementColumnDefault(True)), schema=None),
 Table('messages', MetaData(), Column('id', GUID(), table=<messages>, primary_key=True, nullable=False, default=CallableColumnDefault(<function uuid4 at 0x78f00107a020>)), Column('session_id', GUID(), ForeignKey('chat_sessions.id'), table=<messages>, nullable=False), Column('role', Enum('USER', 'ASSISTANT', 'SYSTEM', name='message_role'), table=<messages>, nullable=False), Column('content', Text(), table=<messages>, nullable=False), Column('created_at', DateTime(timezone=True), table=<messages>, nullable=False, default=CallableColumnDefault(<function datetime.utcnow at 0x78f00107a3e0>)), Column('sources', JSON(), table=<messages>, default=CallableColumnDefault(<function dict at 0x78f00107a520>)), Column('feedback', JSON(), table=<messages>, default=CallableColumnDefault(<function dict at 0x78f00107a660>)), schema=None),
 Table('sync_logs', MetaData(), Column('id', GUID(), table=<sync_logs>, primary_key=True, nullable=False, default=CallableColumnDefault(<function uuid4 at 0x78f00101a3e0>)), Column('source_id', GUID(), ForeignKey('data_sources.id'), table=<sync_logs>, nullable=False), Column('started_at', DateTime(timezone=True), table=<sync_logs>, nullable=False, default=CallableColumnDefault(<function datetime.utcnow at 0x78f00101a480>)), Column('completed_at', DateTime(timezone=True), table=<sync_logs>), Column('status', Enum('PENDING', 'SYNCING', 'SUCCESS', 'FAILED', name='sync_status'), table=<sync_logs>, nullable=False, default=ScalarElementColumnDefault(<SyncStatus.PENDING: 'pending'>)), Column('documents_processed', Integer(), table=<sync_logs>, nullable=False, default=ScalarElementColumnDefault(0)), Column('documents_added', Integer(), table=<sync_logs>, nullable=False, default=ScalarElementColumnDefault(0)), Column('documents_updated', Integer(), table=<sync_logs>, nullable=False, default=ScalarElementColumnDefault(0)), Column('documents_deleted', Integer(), table=<sync_logs>, nullable=False, default=ScalarElementColumnDefault(0)), Column('error_log', Text(), table=<sync_logs>), schema=None),
 Table('documents', MetaData(), Column('id', UUID(), table=<documents>, primary_key=True, nullable=False, default=CallableColumnDefault(<function uuid4 at 0x78f00101bec0>)), Column('source_id', UUID(), ForeignKey('data_sources.id'), table=<documents>, nullable=False), Column('external_id', String(length=255), table=<documents>, nullable=False), Column('title', Text(), table=<documents>, nullable=False), Column('content', Text(), table=<documents>, nullable=False), Column('url', Text(), table=<documents>), Column('metadata', JSONB(astext_type=Text()), table=<documents>, default=CallableColumnDefault(<function dict at 0x78f000fec360>)), Column('created_at', DateTime(timezone=True), table=<documents>, nullable=False, default=CallableColumnDefault(<function datetime.utcnow at 0x78efe0cbef20>)), Column('updated_at', DateTime(timezone=True), table=<documents>, nullable=False, onupdate=CallableColumnDefault(<function datetime.utcnow at 0x78efe0cbf060>), default=CallableColumnDefault(<function datetime.utcnow at 0x78efe0cbefc0>)), Column('is_deleted', Boolean(), table=<documents>, nullable=False, default=ScalarElementColumnDefault(False)), schema=None),
 Table('document_chunks', MetaData(), Column('id', UUID(), table=<document_chunks>, primary_key=True, nullable=False, default=CallableColumnDefault(<function uuid4 at 0x78efe0ce0720>)), Column('document_id', UUID(), ForeignKey('documents.id'), table=<document_chunks>, nullable=False), Column('chunk_index', Integer(), table=<document_chunks>, nullable=False), Column('content', Text(), table=<document_chunks>, nullable=False), Column('embedding', Vector(dim=384), table=<document_chunks>), Column('metadata', JSONB(astext_type=Text()), table=<document_chunks>, default=CallableColumnDefault(<function dict at 0x78efe0ce07c0>)), Column('created_at', DateTime(timezone=True), table=<document_chunks>, nullable=False, default=CallableColumnDefault(<function datetime.utcnow at 0x78efe0ce09a0>)), schema=None)]
        fkcs       = set()
        metadata   = MetaData()
        self       = <sqlalchemy.sql.ddl.SchemaGenerator object at 0x78efe0ce40d0>
        seq_coll   = []
        table      = Table('users', MetaData(), Column('id', GUID(), table=<users>, primary_key=True, nullable=False, default=CallableColumnDefault(<function uuid4 at 0x78f001182de0>)), Column('email', String(length=255), table=<users>), Column('password_hash', String(length=255), table=<users>), Column('role', Enum('ADMIN', 'USER', 'ANONYMOUS', name='user_role'), table=<users>, nullable=False, default=ScalarElementColumnDefault(<UserRole.ANONYMOUS: 'anonymous'>)), Column('is_active', Boolean(), table=<users>, nullable=False, default=ScalarElementColumnDefault(True)), Column('created_at', DateTime(timezone=True), table=<users>, nullable=False, default=CallableColumnDefault(<function datetime.utcnow at 0x78f0011e8ea0>)), Column('last_login', DateTime(timezone=True), table=<users>), schema=None)
        tables     = [Table('users', MetaData(), Column('id', GUID(), table=<users>, primary_key=True, nullable=False, default=CallableColumnDefault(<function uuid4 at 0x78f001182de0>)), Column('email', String(length=255), table=<users>), Column('password_hash', String(length=255), table=<users>), Column('role', Enum('ADMIN', 'USER', 'ANONYMOUS', name='user_role'), table=<users>, nullable=False, default=ScalarElementColumnDefault(<UserRole.ANONYMOUS: 'anonymous'>)), Column('is_active', Boolean(), table=<users>, nullable=False, default=ScalarElementColumnDefault(True)), Column('created_at', DateTime(timezone=True), table=<users>, nullable=False, default=CallableColumnDefault(<function datetime.utcnow at 0x78f0011e8ea0>)), Column('last_login', DateTime(timezone=True), table=<users>), schema=None),
 Table('chat_sessions', MetaData(), Column('id', GUID(), table=<chat_sessions>, primary_key=True, nullable=False, default=CallableColumnDefault(<function uuid4 at 0x78f001078720>)), Column('user_id', GUID(), ForeignKey('users.id'), table=<chat_sessions>), Column('session_token', String(length=255), table=<chat_sessions>, nullable=False), Column('created_at', DateTime(timezone=True), table=<chat_sessions>, nullable=False, default=CallableColumnDefault(<function datetime.utcnow at 0x78f0010787c0>)), Column('updated_at', DateTime(timezone=True), table=<chat_sessions>, nullable=False, onupdate=CallableColumnDefault(<function datetime.utcnow at 0x78f001078ae0>), default=CallableColumnDefault(<function datetime.utcnow at 0x78f001078a40>)), Column('metadata', JSON(), table=<chat_sessions>, default=CallableColumnDefault(<function dict at 0x78f001078b80>)), schema=None),
 Table('messages', MetaData(), Column('id', GUID(), table=<messages>, primary_key=True, nullable=False, default=CallableColumnDefault(<function uuid4 at 0x78f00107a020>)), Column('session_id', GUID(), ForeignKey('chat_sessions.id'), table=<messages>, nullable=False), Column('role', Enum('USER', 'ASSISTANT', 'SYSTEM', name='message_role'), table=<messages>, nullable=False), Column('content', Text(), table=<messages>, nullable=False), Column('created_at', DateTime(timezone=True), table=<messages>, nullable=False, default=CallableColumnDefault(<function datetime.utcnow at 0x78f00107a3e0>)), Column('sources', JSON(), table=<messages>, default=CallableColumnDefault(<function dict at 0x78f00107a520>)), Column('feedback', JSON(), table=<messages>, default=CallableColumnDefault(<function dict at 0x78f00107a660>)), schema=None),
 Table('data_sources', MetaData(), Column('id', GUID(), table=<data_sources>, primary_key=True, nullable=False, default=CallableColumnDefault(<function uuid4 at 0x78f00107bd80>)), Column('name', String(length=255), table=<data_sources>, nullable=False), Column('type', Enum('CONFLUENCE', 'JIRA', 'GITHUB', 'ONBOARDING', name='source_type'), table=<data_sources>, nullable=False), Column('config', JSON(), table=<data_sources>, nullable=False, default=CallableColumnDefault(<function dict at 0x78f001018040>)), Column('last_sync_at', DateTime(timezone=True), table=<data_sources>), Column('sync_status', Enum('PENDING', 'SYNCING', 'SUCCESS', 'FAILED', name='sync_status'), table=<data_sources>, nullable=False, default=ScalarElementColumnDefault(<SyncStatus.PENDING: 'pending'>)), Column('sync_error', Text(), table=<data_sources>), Column('created_by', GUID(), ForeignKey('users.id'), table=<data_sources>, nullable=False), Column('is_active', Boolean(), table=<data_sources>, nullable=False, default=ScalarElementColumnDefault(True)), schema=None),
 Table('sync_logs', MetaData(), Column('id', GUID(), table=<sync_logs>, primary_key=True, nullable=False, default=CallableColumnDefault(<function uuid4 at 0x78f00101a3e0>)), Column('source_id', GUID(), ForeignKey('data_sources.id'), table=<sync_logs>, nullable=False), Column('started_at', DateTime(timezone=True), table=<sync_logs>, nullable=False, default=CallableColumnDefault(<function datetime.utcnow at 0x78f00101a480>)), Column('completed_at', DateTime(timezone=True), table=<sync_logs>), Column('status', Enum('PENDING', 'SYNCING', 'SUCCESS', 'FAILED', name='sync_status'), table=<sync_logs>, nullable=False, default=ScalarElementColumnDefault(<SyncStatus.PENDING: 'pending'>)), Column('documents_processed', Integer(), table=<sync_logs>, nullable=False, default=ScalarElementColumnDefault(0)), Column('documents_added', Integer(), table=<sync_logs>, nullable=False, default=ScalarElementColumnDefault(0)), Column('documents_updated', Integer(), table=<sync_logs>, nullable=False, default=ScalarElementColumnDefault(0)), Column('documents_deleted', Integer(), table=<sync_logs>, nullable=False, default=ScalarElementColumnDefault(0)), Column('error_log', Text(), table=<sync_logs>), schema=None),
 Table('documents', MetaData(), Column('id', UUID(), table=<documents>, primary_key=True, nullable=False, default=CallableColumnDefault(<function uuid4 at 0x78f00101bec0>)), Column('source_id', UUID(), ForeignKey('data_sources.id'), table=<documents>, nullable=False), Column('external_id', String(length=255), table=<documents>, nullable=False), Column('title', Text(), table=<documents>, nullable=False), Column('content', Text(), table=<documents>, nullable=False), Column('url', Text(), table=<documents>), Column('metadata', JSONB(astext_type=Text()), table=<documents>, default=CallableColumnDefault(<function dict at 0x78f000fec360>)), Column('created_at', DateTime(timezone=True), table=<documents>, nullable=False, default=CallableColumnDefault(<function datetime.utcnow at 0x78efe0cbef20>)), Column('updated_at', DateTime(timezone=True), table=<documents>, nullable=False, onupdate=CallableColumnDefault(<function datetime.utcnow at 0x78efe0cbf060>), default=CallableColumnDefault(<function datetime.utcnow at 0x78efe0cbefc0>)), Column('is_deleted', Boolean(), table=<documents>, nullable=False, default=ScalarElementColumnDefault(False)), schema=None),
 Table('document_chunks', MetaData(), Column('id', UUID(), table=<document_chunks>, primary_key=True, nullable=False, default=CallableColumnDefault(<function uuid4 at 0x78efe0ce0720>)), Column('document_id', UUID(), ForeignKey('documents.id'), table=<document_chunks>, nullable=False), Column('chunk_index', Integer(), table=<document_chunks>, nullable=False), Column('content', Text(), table=<document_chunks>, nullable=False), Column('embedding', Vector(dim=384), table=<document_chunks>), Column('metadata', JSONB(astext_type=Text()), table=<document_chunks>, default=CallableColumnDefault(<function dict at 0x78efe0ce07c0>)), Column('created_at', DateTime(timezone=True), table=<document_chunks>, nullable=False, default=CallableColumnDefault(<function datetime.utcnow at 0x78efe0ce09a0>)), schema=None)]
venv/lib/python3.12/site-packages/sqlalchemy/sql/visitors.py:671: in traverse_single
    return meth(obj, **kw)
        kw         = {'_is_metadata_operation': True,
 'create_ok': True,
 'include_foreign_key_constraints': set()}
        meth       = <bound method SchemaGenerator.visit_table of <sqlalchemy.sql.ddl.SchemaGenerator object at 0x78efe0ce40d0>>
        obj        = Table('users', MetaData(), Column('id', GUID(), table=<users>, primary_key=True, nullable=False, default=CallableColumnDefault(<function uuid4 at 0x78f001182de0>)), Column('email', String(length=255), table=<users>), Column('password_hash', String(length=255), table=<users>), Column('role', Enum('ADMIN', 'USER', 'ANONYMOUS', name='user_role'), table=<users>, nullable=False, default=ScalarElementColumnDefault(<UserRole.ANONYMOUS: 'anonymous'>)), Column('is_active', Boolean(), table=<users>, nullable=False, default=ScalarElementColumnDefault(True)), Column('created_at', DateTime(timezone=True), table=<users>, nullable=False, default=CallableColumnDefault(<function datetime.utcnow at 0x78f0011e8ea0>)), Column('last_login', DateTime(timezone=True), table=<users>), schema=None)
        self       = <sqlalchemy.sql.ddl.SchemaGenerator object at 0x78efe0ce40d0>
        v          = <sqlalchemy.sql.ddl.SchemaGenerator object at 0x78efe0ce40d0>
venv/lib/python3.12/site-packages/sqlalchemy/sql/ddl.py:961: in visit_table
    self.traverse_single(index, create_ok=True)
        _is_metadata_operation = True
        column     = Column('last_login', DateTime(timezone=True), table=<users>)
        create_ok  = True
        include_foreign_key_constraints = None
        index      = Index('ix_users_email', Column('email', String(length=255), table=<users>), unique=True)
        self       = <sqlalchemy.sql.ddl.SchemaGenerator object at 0x78efe0ce40d0>
        table      = Table('users', MetaData(), Column('id', GUID(), table=<users>, primary_key=True, nullable=False, default=CallableColumnDefault(<function uuid4 at 0x78f001182de0>)), Column('email', String(length=255), table=<users>), Column('password_hash', String(length=255), table=<users>), Column('role', Enum('ADMIN', 'USER', 'ANONYMOUS', name='user_role'), table=<users>, nullable=False, default=ScalarElementColumnDefault(<UserRole.ANONYMOUS: 'anonymous'>)), Column('is_active', Boolean(), table=<users>, nullable=False, default=ScalarElementColumnDefault(True)), Column('created_at', DateTime(timezone=True), table=<users>, nullable=False, default=CallableColumnDefault(<function datetime.utcnow at 0x78f0011e8ea0>)), Column('last_login', DateTime(timezone=True), table=<users>), schema=None)
venv/lib/python3.12/site-packages/sqlalchemy/sql/visitors.py:671: in traverse_single
    return meth(obj, **kw)
        kw         = {'create_ok': True}
        meth       = <bound method SchemaGenerator.visit_index of <sqlalchemy.sql.ddl.SchemaGenerator object at 0x78efe0ce40d0>>
        obj        = Index('ix_users_email', Column('email', String(length=255), table=<users>), unique=True)
        self       = <sqlalchemy.sql.ddl.SchemaGenerator object at 0x78efe0ce40d0>
        v          = <sqlalchemy.sql.ddl.SchemaGenerator object at 0x78efe0ce40d0>
venv/lib/python3.12/site-packages/sqlalchemy/sql/ddl.py:998: in visit_index
    CreateIndex(index)._invoke_with(self.connection)
        create_ok  = True
        index      = Index('ix_users_email', Column('email', String(length=255), table=<users>), unique=True)
        self       = <sqlalchemy.sql.ddl.SchemaGenerator object at 0x78efe0ce40d0>
venv/lib/python3.12/site-packages/sqlalchemy/sql/ddl.py:315: in _invoke_with
    return bind.execute(self)
        bind       = <sqlalchemy.engine.base.Connection object at 0x78efe0bd0380>
        self       = <sqlalchemy.sql.ddl.CreateIndex object at 0x78f000fe2900>
venv/lib/python3.12/site-packages/sqlalchemy/engine/base.py:1416: in execute
    return meth(
        distilled_parameters = ()
        execution_options = None
        meth       = <bound method ExecutableDDLElement._execute_on_connection of <sqlalchemy.sql.ddl.CreateIndex object at 0x78f000fe2900>>
        parameters = None
        self       = <sqlalchemy.engine.base.Connection object at 0x78efe0bd0380>
        statement  = <sqlalchemy.sql.ddl.CreateIndex object at 0x78f000fe2900>
venv/lib/python3.12/site-packages/sqlalchemy/sql/ddl.py:181: in _execute_on_connection
    return connection._execute_ddl(
        connection = <sqlalchemy.engine.base.Connection object at 0x78efe0bd0380>
        distilled_params = ()
        execution_options = immutabledict({})
        self       = <sqlalchemy.sql.ddl.CreateIndex object at 0x78f000fe2900>
venv/lib/python3.12/site-packages/sqlalchemy/engine/base.py:1528: in _execute_ddl
    ret = self._execute_context(
        compiled   = <sqlalchemy.dialects.sqlite.base.SQLiteDDLCompiler object at 0x78efe0bd18e0>
        ddl        = <sqlalchemy.sql.ddl.CreateIndex object at 0x78f000fe2900>
        dialect    = <sqlalchemy.dialects.sqlite.aiosqlite.SQLiteDialect_aiosqlite object at 0x78efe0cc3620>
        distilled_parameters = ()
        event_multiparams = None
        event_params = None
        exec_opts  = immutabledict({})
        execution_options = immutabledict({})
        schema_translate_map = None
        self       = <sqlalchemy.engine.base.Connection object at 0x78efe0bd0380>
venv/lib/python3.12/site-packages/sqlalchemy/engine/base.py:1848: in _execute_context
    return self._exec_single_context(
        args       = (<sqlalchemy.dialects.sqlite.base.SQLiteDDLCompiler object at 0x78efe0bd18e0>,)
        conn       = <sqlalchemy.pool.base._ConnectionFairy object at 0x78efe0ba6930>
        constructor = <bound method DefaultExecutionContext._init_ddl of <class 'sqlalchemy.dialects.sqlite.aiosqlite.SQLiteExecutionContext_aiosqlite'>>
        context    = <sqlalchemy.dialects.sqlite.aiosqlite.SQLiteExecutionContext_aiosqlite object at 0x78efe0bd21b0>
        dialect    = <sqlalchemy.dialects.sqlite.aiosqlite.SQLiteDialect_aiosqlite object at 0x78efe0cc3620>
        execution_options = immutabledict({})
        kw         = {}
        parameters = None
        self       = <sqlalchemy.engine.base.Connection object at 0x78efe0bd0380>
        statement  = <sqlalchemy.dialects.sqlite.base.SQLiteDDLCompiler object at 0x78efe0bd18e0>
venv/lib/python3.12/site-packages/sqlalchemy/engine/base.py:1988: in _exec_single_context
    self._handle_dbapi_exception(
        context    = <sqlalchemy.dialects.sqlite.aiosqlite.SQLiteExecutionContext_aiosqlite object at 0x78efe0bd21b0>
        cursor     = <sqlalchemy.dialects.sqlite.aiosqlite.AsyncAdapt_aiosqlite_cursor object at 0x78efe0ba7e20>
        dialect    = <sqlalchemy.dialects.sqlite.aiosqlite.SQLiteDialect_aiosqlite object at 0x78efe0cc3620>
        effective_parameters = ()
        evt_handled = False
        parameters = [()]
        self       = <sqlalchemy.engine.base.Connection object at 0x78efe0bd0380>
        statement  = <sqlalchemy.dialects.sqlite.base.SQLiteDDLCompiler object at 0x78efe0bd18e0>
        str_statement = 'CREATE UNIQUE INDEX ix_users_email ON users (email)'
venv/lib/python3.12/site-packages/sqlalchemy/engine/base.py:2344: in _handle_dbapi_exception
    raise sqlalchemy_exception.with_traceback(exc_info[2]) from e
        context    = <sqlalchemy.dialects.sqlite.aiosqlite.SQLiteExecutionContext_aiosqlite object at 0x78efe0bd21b0>
        cursor     = <sqlalchemy.dialects.sqlite.aiosqlite.AsyncAdapt_aiosqlite_cursor object at 0x78efe0ba7e20>
        e          = OperationalError('index ix_users_email already exists')
        exc_info   = (<class 'sqlite3.OperationalError'>,
 OperationalError('index ix_users_email already exists'),
 <traceback object at 0x78efe0201740>)
        invalidate_pool_on_disconnect = True
        is_exit_exception = False
        is_sub_exec = False
        ismulti    = False
        newraise   = None
        parameters = ()
        self       = <sqlalchemy.engine.base.Connection object at 0x78efe0bd0380>
        should_wrap = True
        sqlalchemy_exception = OperationalError('(sqlite3.OperationalError) index ix_users_email already exists')
        statement  = 'CREATE UNIQUE INDEX ix_users_email ON users (email)'
venv/lib/python3.12/site-packages/sqlalchemy/engine/base.py:1969: in _exec_single_context
    self.dialect.do_execute(
        context    = <sqlalchemy.dialects.sqlite.aiosqlite.SQLiteExecutionContext_aiosqlite object at 0x78efe0bd21b0>
        cursor     = <sqlalchemy.dialects.sqlite.aiosqlite.AsyncAdapt_aiosqlite_cursor object at 0x78efe0ba7e20>
        dialect    = <sqlalchemy.dialects.sqlite.aiosqlite.SQLiteDialect_aiosqlite object at 0x78efe0cc3620>
        effective_parameters = ()
        evt_handled = False
        parameters = [()]
        self       = <sqlalchemy.engine.base.Connection object at 0x78efe0bd0380>
        statement  = <sqlalchemy.dialects.sqlite.base.SQLiteDDLCompiler object at 0x78efe0bd18e0>
        str_statement = 'CREATE UNIQUE INDEX ix_users_email ON users (email)'
venv/lib/python3.12/site-packages/sqlalchemy/engine/default.py:922: in do_execute
    cursor.execute(statement, parameters)
        context    = <sqlalchemy.dialects.sqlite.aiosqlite.SQLiteExecutionContext_aiosqlite object at 0x78efe0bd21b0>
        cursor     = <sqlalchemy.dialects.sqlite.aiosqlite.AsyncAdapt_aiosqlite_cursor object at 0x78efe0ba7e20>
        parameters = ()
        self       = <sqlalchemy.dialects.sqlite.aiosqlite.SQLiteDialect_aiosqlite object at 0x78efe0cc3620>
        statement  = 'CREATE UNIQUE INDEX ix_users_email ON users (email)'
venv/lib/python3.12/site-packages/sqlalchemy/dialects/sqlite/aiosqlite.py:146: in execute
    self._adapt_connection._handle_exception(error)
        _cursor    = <aiosqlite.cursor.Cursor object at 0x78efe0bd2210>
        operation  = 'CREATE UNIQUE INDEX ix_users_email ON users (email)'
        parameters = ()
        self       = <sqlalchemy.dialects.sqlite.aiosqlite.AsyncAdapt_aiosqlite_cursor object at 0x78efe0ba7e20>
venv/lib/python3.12/site-packages/sqlalchemy/dialects/sqlite/aiosqlite.py:298: in _handle_exception
    raise error
        error      = OperationalError('index ix_users_email already exists')
        self       = <AdaptedConnection <aiosqlite.core.Connection object at 0x78efe0bd0950>>
venv/lib/python3.12/site-packages/sqlalchemy/dialects/sqlite/aiosqlite.py:128: in execute
    self.await_(_cursor.execute(operation, parameters))
        _cursor    = <aiosqlite.cursor.Cursor object at 0x78efe0bd2210>
        operation  = 'CREATE UNIQUE INDEX ix_users_email ON users (email)'
        parameters = ()
        self       = <sqlalchemy.dialects.sqlite.aiosqlite.AsyncAdapt_aiosqlite_cursor object at 0x78efe0ba7e20>
venv/lib/python3.12/site-packages/sqlalchemy/util/_concurrency_py3k.py:130: in await_only
    return current.driver.switch(awaitable)  # type: ignore[no-any-return]
        awaitable  = <coroutine object Cursor.execute at 0x78efe0be19a0>
        current    = <_AsyncIoGreenlet object at 0x78efe0b41940 (otid=0x1d6ace30) dead>
venv/lib/python3.12/site-packages/sqlalchemy/util/_concurrency_py3k.py:195: in greenlet_spawn
    value = await result
        _require_await = False
        args       = (<sqlalchemy.engine.base.Connection object at 0x78efe0bd0380>,)
        context    = <_AsyncIoGreenlet object at 0x78efe0b41940 (otid=0x1d6ace30) dead>
        fn         = <bound method MetaData.create_all of MetaData()>
        kwargs     = {}
        result     = <coroutine object Cursor.execute at 0x78efe0be19a0>
        switch_occurred = True
        value      = <aiosqlite.cursor.Cursor object at 0x78efe0bd2210>
venv/lib/python3.12/site-packages/aiosqlite/cursor.py:40: in execute
    await self._execute(self._cursor.execute, sql, parameters)
        parameters = ()
        self       = <aiosqlite.cursor.Cursor object at 0x78efe0bd2210>
        sql        = 'CREATE UNIQUE INDEX ix_users_email ON users (email)'
venv/lib/python3.12/site-packages/aiosqlite/cursor.py:32: in _execute
    return await self._conn._execute(fn, *args, **kwargs)
        args       = ('CREATE UNIQUE INDEX ix_users_email ON users (email)', ())
        fn         = <built-in method execute of sqlite3.Cursor object at 0x78efe0bb97c0>
        kwargs     = {}
        self       = <aiosqlite.cursor.Cursor object at 0x78efe0bd2210>
venv/lib/python3.12/site-packages/aiosqlite/core.py:160: in _execute
    return await future
        args       = ('CREATE UNIQUE INDEX ix_users_email ON users (email)', ())
        fn         = <built-in method execute of sqlite3.Cursor object at 0x78efe0bb97c0>
        function   = functools.partial(<built-in method execute of sqlite3.Cursor object at 0x78efe0bb97c0>, 'CREATE UNIQUE INDEX ix_users_email ON users (email)', ())
        future     = <Future finished exception=OperationalError('index ix_users_email already exists')>
        kwargs     = {}
        self       = <aiosqlite.core.Connection object at 0x78efe0bd0950>
venv/lib/python3.12/site-packages/aiosqlite/core.py:63: in _connection_worker_thread
    result = function()
E   sqlalchemy.exc.OperationalError: (sqlite3.OperationalError) index ix_users_email already exists
E   [SQL: CREATE UNIQUE INDEX ix_users_email ON users (email)]
E   (Background on this error at: https://sqlalche.me/e/20/e3q8)
        function   = functools.partial(<built-in method rollback of sqlite3.Connection object at 0x78efe0b6f2e0>)
        future     = <Future finished result=None>
        result     = None
        tx         = <_queue.SimpleQueue object at 0x78efe0bd7060>
____________ ERROR at setup of test_document_cascade_delete_chunks _____________
venv/lib/python3.12/site-packages/sqlalchemy/engine/base.py:1969: in _exec_single_context
    self.dialect.do_execute(
        context    = <sqlalchemy.dialects.sqlite.aiosqlite.SQLiteExecutionContext_aiosqlite object at 0x78efe0bd21b0>
        cursor     = <sqlalchemy.dialects.sqlite.aiosqlite.AsyncAdapt_aiosqlite_cursor object at 0x78efe0ba7e20>
        dialect    = <sqlalchemy.dialects.sqlite.aiosqlite.SQLiteDialect_aiosqlite object at 0x78efe0cc3620>
        effective_parameters = ()
        evt_handled = False
        parameters = [()]
        self       = <sqlalchemy.engine.base.Connection object at 0x78efe0bd0380>
        statement  = <sqlalchemy.dialects.sqlite.base.SQLiteDDLCompiler object at 0x78efe0bd18e0>
        str_statement = 'CREATE UNIQUE INDEX ix_users_email ON users (email)'
venv/lib/python3.12/site-packages/sqlalchemy/engine/default.py:922: in do_execute
    cursor.execute(statement, parameters)
        context    = <sqlalchemy.dialects.sqlite.aiosqlite.SQLiteExecutionContext_aiosqlite object at 0x78efe0bd21b0>
        cursor     = <sqlalchemy.dialects.sqlite.aiosqlite.AsyncAdapt_aiosqlite_cursor object at 0x78efe0ba7e20>
        parameters = ()
        self       = <sqlalchemy.dialects.sqlite.aiosqlite.SQLiteDialect_aiosqlite object at 0x78efe0cc3620>
        statement  = 'CREATE UNIQUE INDEX ix_users_email ON users (email)'
venv/lib/python3.12/site-packages/sqlalchemy/dialects/sqlite/aiosqlite.py:146: in execute
    self._adapt_connection._handle_exception(error)
        _cursor    = <aiosqlite.cursor.Cursor object at 0x78efe0bd2210>
        operation  = 'CREATE UNIQUE INDEX ix_users_email ON users (email)'
        parameters = ()
        self       = <sqlalchemy.dialects.sqlite.aiosqlite.AsyncAdapt_aiosqlite_cursor object at 0x78efe0ba7e20>
venv/lib/python3.12/site-packages/sqlalchemy/dialects/sqlite/aiosqlite.py:298: in _handle_exception
    raise error
        error      = OperationalError('index ix_users_email already exists')
        self       = <AdaptedConnection <aiosqlite.core.Connection object at 0x78efe0bd0950>>
venv/lib/python3.12/site-packages/sqlalchemy/dialects/sqlite/aiosqlite.py:128: in execute
    self.await_(_cursor.execute(operation, parameters))
        _cursor    = <aiosqlite.cursor.Cursor object at 0x78efe0bd2210>
        operation  = 'CREATE UNIQUE INDEX ix_users_email ON users (email)'
        parameters = ()
        self       = <sqlalchemy.dialects.sqlite.aiosqlite.AsyncAdapt_aiosqlite_cursor object at 0x78efe0ba7e20>
venv/lib/python3.12/site-packages/sqlalchemy/util/_concurrency_py3k.py:130: in await_only
    return current.driver.switch(awaitable)  # type: ignore[no-any-return]
        awaitable  = <coroutine object Cursor.execute at 0x78efe0be19a0>
        current    = <_AsyncIoGreenlet object at 0x78efe0b41940 (otid=0x1d6ace30) dead>
venv/lib/python3.12/site-packages/sqlalchemy/util/_concurrency_py3k.py:195: in greenlet_spawn
    value = await result
        _require_await = False
        args       = (<sqlalchemy.engine.base.Connection object at 0x78efe0bd0380>,)
        context    = <_AsyncIoGreenlet object at 0x78efe0b41940 (otid=0x1d6ace30) dead>
        fn         = <bound method MetaData.create_all of MetaData()>
        kwargs     = {}
        result     = <coroutine object Cursor.execute at 0x78efe0be19a0>
        switch_occurred = True
        value      = <aiosqlite.cursor.Cursor object at 0x78efe0bd2210>
venv/lib/python3.12/site-packages/aiosqlite/cursor.py:40: in execute
    await self._execute(self._cursor.execute, sql, parameters)
        parameters = ()
        self       = <aiosqlite.cursor.Cursor object at 0x78efe0bd2210>
        sql        = 'CREATE UNIQUE INDEX ix_users_email ON users (email)'
venv/lib/python3.12/site-packages/aiosqlite/cursor.py:32: in _execute
    return await self._conn._execute(fn, *args, **kwargs)
        args       = ('CREATE UNIQUE INDEX ix_users_email ON users (email)', ())
        fn         = <built-in method execute of sqlite3.Cursor object at 0x78efe0bb97c0>
        kwargs     = {}
        self       = <aiosqlite.cursor.Cursor object at 0x78efe0bd2210>
venv/lib/python3.12/site-packages/aiosqlite/core.py:160: in _execute
    return await future
        args       = ('CREATE UNIQUE INDEX ix_users_email ON users (email)', ())
        fn         = <built-in method execute of sqlite3.Cursor object at 0x78efe0bb97c0>
        function   = functools.partial(<built-in method execute of sqlite3.Cursor object at 0x78efe0bb97c0>, 'CREATE UNIQUE INDEX ix_users_email ON users (email)', ())
        future     = <Future finished exception=OperationalError('index ix_users_email already exists')>
        kwargs     = {}
        self       = <aiosqlite.core.Connection object at 0x78efe0bd0950>
venv/lib/python3.12/site-packages/aiosqlite/core.py:63: in _connection_worker_thread
    result = function()
E   sqlite3.OperationalError: index ix_users_email already exists
        function   = functools.partial(<built-in method rollback of sqlite3.Connection object at 0x78efe0b6f2e0>)
        future     = <Future finished result=None>
        result     = None
        tx         = <_queue.SimpleQueue object at 0x78efe0bd7060>

The above exception was the direct cause of the following exception:
venv/lib/python3.12/site-packages/pytest_asyncio/plugin.py:336: in _asyncgen_fixture_wrapper
    result = event_loop.run_until_complete(setup())
        event_loop = <_UnixSelectorEventLoop running=False closed=False debug=False>
        event_loop_fixture_id = '_session_event_loop'
        finalizer  = <function _wrap_asyncgen_fixture.<locals>._asyncgen_fixture_wrapper.<locals>.finalizer at 0x78efe0ba99e0>
        fixture    = <function engine at 0x78f001182b60>
        fixturedef = <FixtureDef argname='engine' scope='session' baseid='tests'>
        func       = <function engine at 0x78f001182b60>
        gen_obj    = <async_generator object engine at 0x78efe0b6ec50>
        kwargs     = {}
        request    = <SubRequest 'engine' for <Coroutine test_chat_session_creation_with_user>>
        setup      = <function _wrap_asyncgen_fixture.<locals>._asyncgen_fixture_wrapper.<locals>.setup at 0x78efe0ba9a80>
/usr/lib/python3.12/asyncio/base_events.py:687: in run_until_complete
    return future.result()
        future     = <Task finished name='Task-1' coro=<_wrap_asyncgen_fixture.<locals>._asyncgen_fixture_wrapper.<locals>.setup() done, defined at /mnt/d/workspace/ChatApplication/project-code/backend/venv/lib/python3.12/site-packages/pytest_asyncio/plugin.py:317> exception=OperationalError('(sqlite3.OperationalError) index ix_users_email already exists')>
        new_task   = True
        self       = <_UnixSelectorEventLoop running=False closed=False debug=False>
venv/lib/python3.12/site-packages/pytest_asyncio/plugin.py:318: in setup
    res = await gen_obj.__anext__()
        gen_obj    = <async_generator object engine at 0x78efe0b6ec50>
tests/conftest.py:62: in engine
    await conn.run_sync(Base.metadata.create_all)
        conn       = <sqlalchemy.ext.asyncio.engine.AsyncConnection object at 0x78efe0bd6850>
        test_engine = <sqlalchemy.ext.asyncio.engine.AsyncEngine object at 0x78f001041090>
venv/lib/python3.12/site-packages/sqlalchemy/ext/asyncio/engine.py:891: in run_sync
    return await greenlet_spawn(fn, self._proxied, *arg, **kw)
        arg        = ()
        fn         = <bound method MetaData.create_all of MetaData()>
        kw         = {}
        self       = <sqlalchemy.ext.asyncio.engine.AsyncConnection object at 0x78efe0bd6850>
venv/lib/python3.12/site-packages/sqlalchemy/util/_concurrency_py3k.py:200: in greenlet_spawn
    result = context.throw(*sys.exc_info())
        _require_await = False
        args       = (<sqlalchemy.engine.base.Connection object at 0x78efe0bd0380>,)
        context    = <_AsyncIoGreenlet object at 0x78efe0b41940 (otid=0x1d6ace30) dead>
        fn         = <bound method MetaData.create_all of MetaData()>
        kwargs     = {}
        result     = <coroutine object Cursor.execute at 0x78efe0be19a0>
        switch_occurred = True
        value      = <aiosqlite.cursor.Cursor object at 0x78efe0bd2210>
venv/lib/python3.12/site-packages/sqlalchemy/sql/schema.py:5832: in create_all
    bind._run_ddl_visitor(
        bind       = <sqlalchemy.engine.base.Connection object at 0x78efe0bd0380>
        checkfirst = True
        self       = MetaData()
        tables     = None
venv/lib/python3.12/site-packages/sqlalchemy/engine/base.py:2448: in _run_ddl_visitor
    visitorcallable(self.dialect, self, **kwargs).traverse_single(element)
        element    = MetaData()
        kwargs     = {'checkfirst': True, 'tables': None}
        self       = <sqlalchemy.engine.base.Connection object at 0x78efe0bd0380>
        visitorcallable = <class 'sqlalchemy.sql.ddl.SchemaGenerator'>
venv/lib/python3.12/site-packages/sqlalchemy/sql/visitors.py:671: in traverse_single
    return meth(obj, **kw)
        kw         = {}
        meth       = <bound method SchemaGenerator.visit_metadata of <sqlalchemy.sql.ddl.SchemaGenerator object at 0x78efe0ce40d0>>
        obj        = MetaData()
        self       = <sqlalchemy.sql.ddl.SchemaGenerator object at 0x78efe0ce40d0>
        v          = <sqlalchemy.sql.ddl.SchemaGenerator object at 0x78efe0ce40d0>
venv/lib/python3.12/site-packages/sqlalchemy/sql/ddl.py:919: in visit_metadata
    self.traverse_single(
        collection = [(Table('users', MetaData(), Column('id', GUID(), table=<users>, primary_key=True, nullable=False, default=CallableColumnDefault(<function uuid4 at 0x78f001182de0>)), Column('email', String(length=255), table=<users>), Column('password_hash', String(length=255), table=<users>), Column('role', Enum('ADMIN', 'USER', 'ANONYMOUS', name='user_role'), table=<users>, nullable=False, default=ScalarElementColumnDefault(<UserRole.ANONYMOUS: 'anonymous'>)), Column('is_active', Boolean(), table=<users>, nullable=False, default=ScalarElementColumnDefault(True)), Column('created_at', DateTime(timezone=True), table=<users>, nullable=False, default=CallableColumnDefault(<function datetime.utcnow at 0x78f0011e8ea0>)), Column('last_login', DateTime(timezone=True), table=<users>), schema=None),
  set()),
 (Table('chat_sessions', MetaData(), Column('id', GUID(), table=<chat_sessions>, primary_key=True, nullable=False, default=CallableColumnDefault(<function uuid4 at 0x78f001078720>)), Column('user_id', GUID(), ForeignKey('users.id'), table=<chat_sessions>), Column('session_token', String(length=255), table=<chat_sessions>, nullable=False), Column('created_at', DateTime(timezone=True), table=<chat_sessions>, nullable=False, default=CallableColumnDefault(<function datetime.utcnow at 0x78f0010787c0>)), Column('updated_at', DateTime(timezone=True), table=<chat_sessions>, nullable=False, onupdate=CallableColumnDefault(<function datetime.utcnow at 0x78f001078ae0>), default=CallableColumnDefault(<function datetime.utcnow at 0x78f001078a40>)), Column('metadata', JSON(), table=<chat_sessions>, default=CallableColumnDefault(<function dict at 0x78f001078b80>)), schema=None),
  {ForeignKeyConstraint(<sqlalchemy.sql.base.ReadOnlyColumnCollection object at 0x78efdb3365c0>, None, ondelete='SET NULL', table=Table('chat_sessions', MetaData(), Column('id', GUID(), table=<chat_sessions>, primary_key=True, nullable=False, default=CallableColumnDefault(<function uuid4 at 0x78f001078720>)), Column('user_id', GUID(), ForeignKey('users.id'), table=<chat_sessions>), Column('session_token', String(length=255), table=<chat_sessions>, nullable=False), Column('created_at', DateTime(timezone=True), table=<chat_sessions>, nullable=False, default=CallableColumnDefault(<function datetime.utcnow at 0x78f0010787c0>)), Column('updated_at', DateTime(timezone=True), table=<chat_sessions>, nullable=False, onupdate=CallableColumnDefault(<function datetime.utcnow at 0x78f001078ae0>), default=CallableColumnDefault(<function datetime.utcnow at 0x78f001078a40>)), Column('metadata', JSON(), table=<chat_sessions>, default=CallableColumnDefault(<function dict at 0x78f001078b80>)), schema=None))}),
 (Table('data_sources', MetaData(), Column('id', GUID(), table=<data_sources>, primary_key=True, nullable=False, default=CallableColumnDefault(<function uuid4 at 0x78f00107bd80>)), Column('name', String(length=255), table=<data_sources>, nullable=False), Column('type', Enum('CONFLUENCE', 'JIRA', 'GITHUB', 'ONBOARDING', name='source_type'), table=<data_sources>, nullable=False), Column('config', JSON(), table=<data_sources>, nullable=False, default=CallableColumnDefault(<function dict at 0x78f001018040>)), Column('last_sync_at', DateTime(timezone=True), table=<data_sources>), Column('sync_status', Enum('PENDING', 'SYNCING', 'SUCCESS', 'FAILED', name='sync_status'), table=<data_sources>, nullable=False, default=ScalarElementColumnDefault(<SyncStatus.PENDING: 'pending'>)), Column('sync_error', Text(), table=<data_sources>), Column('created_by', GUID(), ForeignKey('users.id'), table=<data_sources>, nullable=False), Column('is_active', Boolean(), table=<data_sources>, nullable=False, default=ScalarElementColumnDefault(True)), schema=None),
  {ForeignKeyConstraint(<sqlalchemy.sql.base.ReadOnlyColumnCollection object at 0x78efdb336610>, None, ondelete='CASCADE', table=Table('data_sources', MetaData(), Column('id', GUID(), table=<data_sources>, primary_key=True, nullable=False, default=CallableColumnDefault(<function uuid4 at 0x78f00107bd80>)), Column('name', String(length=255), table=<data_sources>, nullable=False), Column('type', Enum('CONFLUENCE', 'JIRA', 'GITHUB', 'ONBOARDING', name='source_type'), table=<data_sources>, nullable=False), Column('config', JSON(), table=<data_sources>, nullable=False, default=CallableColumnDefault(<function dict at 0x78f001018040>)), Column('last_sync_at', DateTime(timezone=True), table=<data_sources>), Column('sync_status', Enum('PENDING', 'SYNCING', 'SUCCESS', 'FAILED', name='sync_status'), table=<data_sources>, nullable=False, default=ScalarElementColumnDefault(<SyncStatus.PENDING: 'pending'>)), Column('sync_error', Text(), table=<data_sources>), Column('created_by', GUID(), ForeignKey('users.id'), table=<data_sources>, nullable=False), Column('is_active', Boolean(), table=<data_sources>, nullable=False, default=ScalarElementColumnDefault(True)), schema=None))}),
 (Table('messages', MetaData(), Column('id', GUID(), table=<messages>, primary_key=True, nullable=False, default=CallableColumnDefault(<function uuid4 at 0x78f00107a020>)), Column('session_id', GUID(), ForeignKey('chat_sessions.id'), table=<messages>, nullable=False), Column('role', Enum('USER', 'ASSISTANT', 'SYSTEM', name='message_role'), table=<messages>, nullable=False), Column('content', Text(), table=<messages>, nullable=False), Column('created_at', DateTime(timezone=True), table=<messages>, nullable=False, default=CallableColumnDefault(<function datetime.utcnow at 0x78f00107a3e0>)), Column('sources', JSON(), table=<messages>, default=CallableColumnDefault(<function dict at 0x78f00107a520>)), Column('feedback', JSON(), table=<messages>, default=CallableColumnDefault(<function dict at 0x78f00107a660>)), schema=None),
  {ForeignKeyConstraint(<sqlalchemy.sql.base.ReadOnlyColumnCollection object at 0x78efdb3366b0>, None, ondelete='CASCADE', table=Table('messages', MetaData(), Column('id', GUID(), table=<messages>, primary_key=True, nullable=False, default=CallableColumnDefault(<function uuid4 at 0x78f00107a020>)), Column('session_id', GUID(), ForeignKey('chat_sessions.id'), table=<messages>, nullable=False), Column('role', Enum('USER', 'ASSISTANT', 'SYSTEM', name='message_role'), table=<messages>, nullable=False), Column('content', Text(), table=<messages>, nullable=False), Column('created_at', DateTime(timezone=True), table=<messages>, nullable=False, default=CallableColumnDefault(<function datetime.utcnow at 0x78f00107a3e0>)), Column('sources', JSON(), table=<messages>, default=CallableColumnDefault(<function dict at 0x78f00107a520>)), Column('feedback', JSON(), table=<messages>, default=CallableColumnDefault(<function dict at 0x78f00107a660>)), schema=None))}),
 (Table('sync_logs', MetaData(), Column('id', GUID(), table=<sync_logs>, primary_key=True, nullable=False, default=CallableColumnDefault(<function uuid4 at 0x78f00101a3e0>)), Column('source_id', GUID(), ForeignKey('data_sources.id'), table=<sync_logs>, nullable=False), Column('started_at', DateTime(timezone=True), table=<sync_logs>, nullable=False, default=CallableColumnDefault(<function datetime.utcnow at 0x78f00101a480>)), Column('completed_at', DateTime(timezone=True), table=<sync_logs>), Column('status', Enum('PENDING', 'SYNCING', 'SUCCESS', 'FAILED', name='sync_status'), table=<sync_logs>, nullable=False, default=ScalarElementColumnDefault(<SyncStatus.PENDING: 'pending'>)), Column('documents_processed', Integer(), table=<sync_logs>, nullable=False, default=ScalarElementColumnDefault(0)), Column('documents_added', Integer(), table=<sync_logs>, nullable=False, default=ScalarElementColumnDefault(0)), Column('documents_updated', Integer(), table=<sync_logs>, nullable=False, default=ScalarElementColumnDefault(0)), Column('documents_deleted', Integer(), table=<sync_logs>, nullable=False, default=ScalarElementColumnDefault(0)), Column('error_log', Text(), table=<sync_logs>), schema=None),
  {ForeignKeyConstraint(<sqlalchemy.sql.base.ReadOnlyColumnCollection object at 0x78efdb336660>, None, ondelete='CASCADE', table=Table('sync_logs', MetaData(), Column('id', GUID(), table=<sync_logs>, primary_key=True, nullable=False, default=CallableColumnDefault(<function uuid4 at 0x78f00101a3e0>)), Column('source_id', GUID(), ForeignKey('data_sources.id'), table=<sync_logs>, nullable=False), Column('started_at', DateTime(timezone=True), table=<sync_logs>, nullable=False, default=CallableColumnDefault(<function datetime.utcnow at 0x78f00101a480>)), Column('completed_at', DateTime(timezone=True), table=<sync_logs>), Column('status', Enum('PENDING', 'SYNCING', 'SUCCESS', 'FAILED', name='sync_status'), table=<sync_logs>, nullable=False, default=ScalarElementColumnDefault(<SyncStatus.PENDING: 'pending'>)), Column('documents_processed', Integer(), table=<sync_logs>, nullable=False, default=ScalarElementColumnDefault(0)), Column('documents_added', Integer(), table=<sync_logs>, nullable=False, default=ScalarElementColumnDefault(0)), Column('documents_updated', Integer(), table=<sync_logs>, nullable=False, default=ScalarElementColumnDefault(0)), Column('documents_deleted', Integer(), table=<sync_logs>, nullable=False, default=ScalarElementColumnDefault(0)), Column('error_log', Text(), table=<sync_logs>), schema=None))}),
 (Table('documents', MetaData(), Column('id', UUID(), table=<documents>, primary_key=True, nullable=False, default=CallableColumnDefault(<function uuid4 at 0x78f00101bec0>)), Column('source_id', UUID(), ForeignKey('data_sources.id'), table=<documents>, nullable=False), Column('external_id', String(length=255), table=<documents>, nullable=False), Column('title', Text(), table=<documents>, nullable=False), Column('content', Text(), table=<documents>, nullable=False), Column('url', Text(), table=<documents>), Column('metadata', JSONB(astext_type=Text()), table=<documents>, default=CallableColumnDefault(<function dict at 0x78f000fec360>)), Column('created_at', DateTime(timezone=True), table=<documents>, nullable=False, default=CallableColumnDefault(<function datetime.utcnow at 0x78efe0cbef20>)), Column('updated_at', DateTime(timezone=True), table=<documents>, nullable=False, onupdate=CallableColumnDefault(<function datetime.utcnow at 0x78efe0cbf060>), default=CallableColumnDefault(<function datetime.utcnow at 0x78efe0cbefc0>)), Column('is_deleted', Boolean(), table=<documents>, nullable=False, default=ScalarElementColumnDefault(False)), schema=None),
  {ForeignKeyConstraint(<sqlalchemy.sql.base.ReadOnlyColumnCollection object at 0x78efdb336750>, None, ondelete='CASCADE', table=Table('documents', MetaData(), Column('id', UUID(), table=<documents>, primary_key=True, nullable=False, default=CallableColumnDefault(<function uuid4 at 0x78f00101bec0>)), Column('source_id', UUID(), ForeignKey('data_sources.id'), table=<documents>, nullable=False), Column('external_id', String(length=255), table=<documents>, nullable=False), Column('title', Text(), table=<documents>, nullable=False), Column('content', Text(), table=<documents>, nullable=False), Column('url', Text(), table=<documents>), Column('metadata', JSONB(astext_type=Text()), table=<documents>, default=CallableColumnDefault(<function dict at 0x78f000fec360>)), Column('created_at', DateTime(timezone=True), table=<documents>, nullable=False, default=CallableColumnDefault(<function datetime.utcnow at 0x78efe0cbef20>)), Column('updated_at', DateTime(timezone=True), table=<documents>, nullable=False, onupdate=CallableColumnDefault(<function datetime.utcnow at 0x78efe0cbf060>), default=CallableColumnDefault(<function datetime.utcnow at 0x78efe0cbefc0>)), Column('is_deleted', Boolean(), table=<documents>, nullable=False, default=ScalarElementColumnDefault(False)), schema=None))}),
 (Table('document_chunks', MetaData(), Column('id', UUID(), table=<document_chunks>, primary_key=True, nullable=False, default=CallableColumnDefault(<function uuid4 at 0x78efe0ce0720>)), Column('document_id', UUID(), ForeignKey('documents.id'), table=<document_chunks>, nullable=False), Column('chunk_index', Integer(), table=<document_chunks>, nullable=False), Column('content', Text(), table=<document_chunks>, nullable=False), Column('embedding', Vector(dim=384), table=<document_chunks>), Column('metadata', JSONB(astext_type=Text()), table=<document_chunks>, default=CallableColumnDefault(<function dict at 0x78efe0ce07c0>)), Column('created_at', DateTime(timezone=True), table=<document_chunks>, nullable=False, default=CallableColumnDefault(<function datetime.utcnow at 0x78efe0ce09a0>)), schema=None),
  {ForeignKeyConstraint(<sqlalchemy.sql.base.ReadOnlyColumnCollection object at 0x78efdb3367a0>, None, ondelete='CASCADE', table=Table('document_chunks', MetaData(), Column('id', UUID(), table=<document_chunks>, primary_key=True, nullable=False, default=CallableColumnDefault(<function uuid4 at 0x78efe0ce0720>)), Column('document_id', UUID(), ForeignKey('documents.id'), table=<document_chunks>, nullable=False), Column('chunk_index', Integer(), table=<document_chunks>, nullable=False), Column('content', Text(), table=<document_chunks>, nullable=False), Column('embedding', Vector(dim=384), table=<document_chunks>), Column('metadata', JSONB(astext_type=Text()), table=<document_chunks>, default=CallableColumnDefault(<function dict at 0x78efe0ce07c0>)), Column('created_at', DateTime(timezone=True), table=<document_chunks>, nullable=False, default=CallableColumnDefault(<function datetime.utcnow at 0x78efe0ce09a0>)), schema=None))}),
 (None, [])]
        event_collection = [Table('users', MetaData(), Column('id', GUID(), table=<users>, primary_key=True, nullable=False, default=CallableColumnDefault(<function uuid4 at 0x78f001182de0>)), Column('email', String(length=255), table=<users>), Column('password_hash', String(length=255), table=<users>), Column('role', Enum('ADMIN', 'USER', 'ANONYMOUS', name='user_role'), table=<users>, nullable=False, default=ScalarElementColumnDefault(<UserRole.ANONYMOUS: 'anonymous'>)), Column('is_active', Boolean(), table=<users>, nullable=False, default=ScalarElementColumnDefault(True)), Column('created_at', DateTime(timezone=True), table=<users>, nullable=False, default=CallableColumnDefault(<function datetime.utcnow at 0x78f0011e8ea0>)), Column('last_login', DateTime(timezone=True), table=<users>), schema=None),
 Table('chat_sessions', MetaData(), Column('id', GUID(), table=<chat_sessions>, primary_key=True, nullable=False, default=CallableColumnDefault(<function uuid4 at 0x78f001078720>)), Column('user_id', GUID(), ForeignKey('users.id'), table=<chat_sessions>), Column('session_token', String(length=255), table=<chat_sessions>, nullable=False), Column('created_at', DateTime(timezone=True), table=<chat_sessions>, nullable=False, default=CallableColumnDefault(<function datetime.utcnow at 0x78f0010787c0>)), Column('updated_at', DateTime(timezone=True), table=<chat_sessions>, nullable=False, onupdate=CallableColumnDefault(<function datetime.utcnow at 0x78f001078ae0>), default=CallableColumnDefault(<function datetime.utcnow at 0x78f001078a40>)), Column('metadata', JSON(), table=<chat_sessions>, default=CallableColumnDefault(<function dict at 0x78f001078b80>)), schema=None),
 Table('data_sources', MetaData(), Column('id', GUID(), table=<data_sources>, primary_key=True, nullable=False, default=CallableColumnDefault(<function uuid4 at 0x78f00107bd80>)), Column('name', String(length=255), table=<data_sources>, nullable=False), Column('type', Enum('CONFLUENCE', 'JIRA', 'GITHUB', 'ONBOARDING', name='source_type'), table=<data_sources>, nullable=False), Column('config', JSON(), table=<data_sources>, nullable=False, default=CallableColumnDefault(<function dict at 0x78f001018040>)), Column('last_sync_at', DateTime(timezone=True), table=<data_sources>), Column('sync_status', Enum('PENDING', 'SYNCING', 'SUCCESS', 'FAILED', name='sync_status'), table=<data_sources>, nullable=False, default=ScalarElementColumnDefault(<SyncStatus.PENDING: 'pending'>)), Column('sync_error', Text(), table=<data_sources>), Column('created_by', GUID(), ForeignKey('users.id'), table=<data_sources>, nullable=False), Column('is_active', Boolean(), table=<data_sources>, nullable=False, default=ScalarElementColumnDefault(True)), schema=None),
 Table('messages', MetaData(), Column('id', GUID(), table=<messages>, primary_key=True, nullable=False, default=CallableColumnDefault(<function uuid4 at 0x78f00107a020>)), Column('session_id', GUID(), ForeignKey('chat_sessions.id'), table=<messages>, nullable=False), Column('role', Enum('USER', 'ASSISTANT', 'SYSTEM', name='message_role'), table=<messages>, nullable=False), Column('content', Text(), table=<messages>, nullable=False), Column('created_at', DateTime(timezone=True), table=<messages>, nullable=False, default=CallableColumnDefault(<function datetime.utcnow at 0x78f00107a3e0>)), Column('sources', JSON(), table=<messages>, default=CallableColumnDefault(<function dict at 0x78f00107a520>)), Column('feedback', JSON(), table=<messages>, default=CallableColumnDefault(<function dict at 0x78f00107a660>)), schema=None),
 Table('sync_logs', MetaData(), Column('id', GUID(), table=<sync_logs>, primary_key=True, nullable=False, default=CallableColumnDefault(<function uuid4 at 0x78f00101a3e0>)), Column('source_id', GUID(), ForeignKey('data_sources.id'), table=<sync_logs>, nullable=False), Column('started_at', DateTime(timezone=True), table=<sync_logs>, nullable=False, default=CallableColumnDefault(<function datetime.utcnow at 0x78f00101a480>)), Column('completed_at', DateTime(timezone=True), table=<sync_logs>), Column('status', Enum('PENDING', 'SYNCING', 'SUCCESS', 'FAILED', name='sync_status'), table=<sync_logs>, nullable=False, default=ScalarElementColumnDefault(<SyncStatus.PENDING: 'pending'>)), Column('documents_processed', Integer(), table=<sync_logs>, nullable=False, default=ScalarElementColumnDefault(0)), Column('documents_added', Integer(), table=<sync_logs>, nullable=False, default=ScalarElementColumnDefault(0)), Column('documents_updated', Integer(), table=<sync_logs>, nullable=False, default=ScalarElementColumnDefault(0)), Column('documents_deleted', Integer(), table=<sync_logs>, nullable=False, default=ScalarElementColumnDefault(0)), Column('error_log', Text(), table=<sync_logs>), schema=None),
 Table('documents', MetaData(), Column('id', UUID(), table=<documents>, primary_key=True, nullable=False, default=CallableColumnDefault(<function uuid4 at 0x78f00101bec0>)), Column('source_id', UUID(), ForeignKey('data_sources.id'), table=<documents>, nullable=False), Column('external_id', String(length=255), table=<documents>, nullable=False), Column('title', Text(), table=<documents>, nullable=False), Column('content', Text(), table=<documents>, nullable=False), Column('url', Text(), table=<documents>), Column('metadata', JSONB(astext_type=Text()), table=<documents>, default=CallableColumnDefault(<function dict at 0x78f000fec360>)), Column('created_at', DateTime(timezone=True), table=<documents>, nullable=False, default=CallableColumnDefault(<function datetime.utcnow at 0x78efe0cbef20>)), Column('updated_at', DateTime(timezone=True), table=<documents>, nullable=False, onupdate=CallableColumnDefault(<function datetime.utcnow at 0x78efe0cbf060>), default=CallableColumnDefault(<function datetime.utcnow at 0x78efe0cbefc0>)), Column('is_deleted', Boolean(), table=<documents>, nullable=False, default=ScalarElementColumnDefault(False)), schema=None),
 Table('document_chunks', MetaData(), Column('id', UUID(), table=<document_chunks>, primary_key=True, nullable=False, default=CallableColumnDefault(<function uuid4 at 0x78efe0ce0720>)), Column('document_id', UUID(), ForeignKey('documents.id'), table=<document_chunks>, nullable=False), Column('chunk_index', Integer(), table=<document_chunks>, nullable=False), Column('content', Text(), table=<document_chunks>, nullable=False), Column('embedding', Vector(dim=384), table=<document_chunks>), Column('metadata', JSONB(astext_type=Text()), table=<document_chunks>, default=CallableColumnDefault(<function dict at 0x78efe0ce07c0>)), Column('created_at', DateTime(timezone=True), table=<document_chunks>, nullable=False, default=CallableColumnDefault(<function datetime.utcnow at 0x78efe0ce09a0>)), schema=None)]
        fkcs       = set()
        metadata   = MetaData()
        self       = <sqlalchemy.sql.ddl.SchemaGenerator object at 0x78efe0ce40d0>
        seq_coll   = []
        table      = Table('users', MetaData(), Column('id', GUID(), table=<users>, primary_key=True, nullable=False, default=CallableColumnDefault(<function uuid4 at 0x78f001182de0>)), Column('email', String(length=255), table=<users>), Column('password_hash', String(length=255), table=<users>), Column('role', Enum('ADMIN', 'USER', 'ANONYMOUS', name='user_role'), table=<users>, nullable=False, default=ScalarElementColumnDefault(<UserRole.ANONYMOUS: 'anonymous'>)), Column('is_active', Boolean(), table=<users>, nullable=False, default=ScalarElementColumnDefault(True)), Column('created_at', DateTime(timezone=True), table=<users>, nullable=False, default=CallableColumnDefault(<function datetime.utcnow at 0x78f0011e8ea0>)), Column('last_login', DateTime(timezone=True), table=<users>), schema=None)
        tables     = [Table('users', MetaData(), Column('id', GUID(), table=<users>, primary_key=True, nullable=False, default=CallableColumnDefault(<function uuid4 at 0x78f001182de0>)), Column('email', String(length=255), table=<users>), Column('password_hash', String(length=255), table=<users>), Column('role', Enum('ADMIN', 'USER', 'ANONYMOUS', name='user_role'), table=<users>, nullable=False, default=ScalarElementColumnDefault(<UserRole.ANONYMOUS: 'anonymous'>)), Column('is_active', Boolean(), table=<users>, nullable=False, default=ScalarElementColumnDefault(True)), Column('created_at', DateTime(timezone=True), table=<users>, nullable=False, default=CallableColumnDefault(<function datetime.utcnow at 0x78f0011e8ea0>)), Column('last_login', DateTime(timezone=True), table=<users>), schema=None),
 Table('chat_sessions', MetaData(), Column('id', GUID(), table=<chat_sessions>, primary_key=True, nullable=False, default=CallableColumnDefault(<function uuid4 at 0x78f001078720>)), Column('user_id', GUID(), ForeignKey('users.id'), table=<chat_sessions>), Column('session_token', String(length=255), table=<chat_sessions>, nullable=False), Column('created_at', DateTime(timezone=True), table=<chat_sessions>, nullable=False, default=CallableColumnDefault(<function datetime.utcnow at 0x78f0010787c0>)), Column('updated_at', DateTime(timezone=True), table=<chat_sessions>, nullable=False, onupdate=CallableColumnDefault(<function datetime.utcnow at 0x78f001078ae0>), default=CallableColumnDefault(<function datetime.utcnow at 0x78f001078a40>)), Column('metadata', JSON(), table=<chat_sessions>, default=CallableColumnDefault(<function dict at 0x78f001078b80>)), schema=None),
 Table('messages', MetaData(), Column('id', GUID(), table=<messages>, primary_key=True, nullable=False, default=CallableColumnDefault(<function uuid4 at 0x78f00107a020>)), Column('session_id', GUID(), ForeignKey('chat_sessions.id'), table=<messages>, nullable=False), Column('role', Enum('USER', 'ASSISTANT', 'SYSTEM', name='message_role'), table=<messages>, nullable=False), Column('content', Text(), table=<messages>, nullable=False), Column('created_at', DateTime(timezone=True), table=<messages>, nullable=False, default=CallableColumnDefault(<function datetime.utcnow at 0x78f00107a3e0>)), Column('sources', JSON(), table=<messages>, default=CallableColumnDefault(<function dict at 0x78f00107a520>)), Column('feedback', JSON(), table=<messages>, default=CallableColumnDefault(<function dict at 0x78f00107a660>)), schema=None),
 Table('data_sources', MetaData(), Column('id', GUID(), table=<data_sources>, primary_key=True, nullable=False, default=CallableColumnDefault(<function uuid4 at 0x78f00107bd80>)), Column('name', String(length=255), table=<data_sources>, nullable=False), Column('type', Enum('CONFLUENCE', 'JIRA', 'GITHUB', 'ONBOARDING', name='source_type'), table=<data_sources>, nullable=False), Column('config', JSON(), table=<data_sources>, nullable=False, default=CallableColumnDefault(<function dict at 0x78f001018040>)), Column('last_sync_at', DateTime(timezone=True), table=<data_sources>), Column('sync_status', Enum('PENDING', 'SYNCING', 'SUCCESS', 'FAILED', name='sync_status'), table=<data_sources>, nullable=False, default=ScalarElementColumnDefault(<SyncStatus.PENDING: 'pending'>)), Column('sync_error', Text(), table=<data_sources>), Column('created_by', GUID(), ForeignKey('users.id'), table=<data_sources>, nullable=False), Column('is_active', Boolean(), table=<data_sources>, nullable=False, default=ScalarElementColumnDefault(True)), schema=None),
 Table('sync_logs', MetaData(), Column('id', GUID(), table=<sync_logs>, primary_key=True, nullable=False, default=CallableColumnDefault(<function uuid4 at 0x78f00101a3e0>)), Column('source_id', GUID(), ForeignKey('data_sources.id'), table=<sync_logs>, nullable=False), Column('started_at', DateTime(timezone=True), table=<sync_logs>, nullable=False, default=CallableColumnDefault(<function datetime.utcnow at 0x78f00101a480>)), Column('completed_at', DateTime(timezone=True), table=<sync_logs>), Column('status', Enum('PENDING', 'SYNCING', 'SUCCESS', 'FAILED', name='sync_status'), table=<sync_logs>, nullable=False, default=ScalarElementColumnDefault(<SyncStatus.PENDING: 'pending'>)), Column('documents_processed', Integer(), table=<sync_logs>, nullable=False, default=ScalarElementColumnDefault(0)), Column('documents_added', Integer(), table=<sync_logs>, nullable=False, default=ScalarElementColumnDefault(0)), Column('documents_updated', Integer(), table=<sync_logs>, nullable=False, default=ScalarElementColumnDefault(0)), Column('documents_deleted', Integer(), table=<sync_logs>, nullable=False, default=ScalarElementColumnDefault(0)), Column('error_log', Text(), table=<sync_logs>), schema=None),
 Table('documents', MetaData(), Column('id', UUID(), table=<documents>, primary_key=True, nullable=False, default=CallableColumnDefault(<function uuid4 at 0x78f00101bec0>)), Column('source_id', UUID(), ForeignKey('data_sources.id'), table=<documents>, nullable=False), Column('external_id', String(length=255), table=<documents>, nullable=False), Column('title', Text(), table=<documents>, nullable=False), Column('content', Text(), table=<documents>, nullable=False), Column('url', Text(), table=<documents>), Column('metadata', JSONB(astext_type=Text()), table=<documents>, default=CallableColumnDefault(<function dict at 0x78f000fec360>)), Column('created_at', DateTime(timezone=True), table=<documents>, nullable=False, default=CallableColumnDefault(<function datetime.utcnow at 0x78efe0cbef20>)), Column('updated_at', DateTime(timezone=True), table=<documents>, nullable=False, onupdate=CallableColumnDefault(<function datetime.utcnow at 0x78efe0cbf060>), default=CallableColumnDefault(<function datetime.utcnow at 0x78efe0cbefc0>)), Column('is_deleted', Boolean(), table=<documents>, nullable=False, default=ScalarElementColumnDefault(False)), schema=None),
 Table('document_chunks', MetaData(), Column('id', UUID(), table=<document_chunks>, primary_key=True, nullable=False, default=CallableColumnDefault(<function uuid4 at 0x78efe0ce0720>)), Column('document_id', UUID(), ForeignKey('documents.id'), table=<document_chunks>, nullable=False), Column('chunk_index', Integer(), table=<document_chunks>, nullable=False), Column('content', Text(), table=<document_chunks>, nullable=False), Column('embedding', Vector(dim=384), table=<document_chunks>), Column('metadata', JSONB(astext_type=Text()), table=<document_chunks>, default=CallableColumnDefault(<function dict at 0x78efe0ce07c0>)), Column('created_at', DateTime(timezone=True), table=<document_chunks>, nullable=False, default=CallableColumnDefault(<function datetime.utcnow at 0x78efe0ce09a0>)), schema=None)]
venv/lib/python3.12/site-packages/sqlalchemy/sql/visitors.py:671: in traverse_single
    return meth(obj, **kw)
        kw         = {'_is_metadata_operation': True,
 'create_ok': True,
 'include_foreign_key_constraints': set()}
        meth       = <bound method SchemaGenerator.visit_table of <sqlalchemy.sql.ddl.SchemaGenerator object at 0x78efe0ce40d0>>
        obj        = Table('users', MetaData(), Column('id', GUID(), table=<users>, primary_key=True, nullable=False, default=CallableColumnDefault(<function uuid4 at 0x78f001182de0>)), Column('email', String(length=255), table=<users>), Column('password_hash', String(length=255), table=<users>), Column('role', Enum('ADMIN', 'USER', 'ANONYMOUS', name='user_role'), table=<users>, nullable=False, default=ScalarElementColumnDefault(<UserRole.ANONYMOUS: 'anonymous'>)), Column('is_active', Boolean(), table=<users>, nullable=False, default=ScalarElementColumnDefault(True)), Column('created_at', DateTime(timezone=True), table=<users>, nullable=False, default=CallableColumnDefault(<function datetime.utcnow at 0x78f0011e8ea0>)), Column('last_login', DateTime(timezone=True), table=<users>), schema=None)
        self       = <sqlalchemy.sql.ddl.SchemaGenerator object at 0x78efe0ce40d0>
        v          = <sqlalchemy.sql.ddl.SchemaGenerator object at 0x78efe0ce40d0>
venv/lib/python3.12/site-packages/sqlalchemy/sql/ddl.py:961: in visit_table
    self.traverse_single(index, create_ok=True)
        _is_metadata_operation = True
        column     = Column('last_login', DateTime(timezone=True), table=<users>)
        create_ok  = True
        include_foreign_key_constraints = None
        index      = Index('ix_users_email', Column('email', String(length=255), table=<users>), unique=True)
        self       = <sqlalchemy.sql.ddl.SchemaGenerator object at 0x78efe0ce40d0>
        table      = Table('users', MetaData(), Column('id', GUID(), table=<users>, primary_key=True, nullable=False, default=CallableColumnDefault(<function uuid4 at 0x78f001182de0>)), Column('email', String(length=255), table=<users>), Column('password_hash', String(length=255), table=<users>), Column('role', Enum('ADMIN', 'USER', 'ANONYMOUS', name='user_role'), table=<users>, nullable=False, default=ScalarElementColumnDefault(<UserRole.ANONYMOUS: 'anonymous'>)), Column('is_active', Boolean(), table=<users>, nullable=False, default=ScalarElementColumnDefault(True)), Column('created_at', DateTime(timezone=True), table=<users>, nullable=False, default=CallableColumnDefault(<function datetime.utcnow at 0x78f0011e8ea0>)), Column('last_login', DateTime(timezone=True), table=<users>), schema=None)
venv/lib/python3.12/site-packages/sqlalchemy/sql/visitors.py:671: in traverse_single
    return meth(obj, **kw)
        kw         = {'create_ok': True}
        meth       = <bound method SchemaGenerator.visit_index of <sqlalchemy.sql.ddl.SchemaGenerator object at 0x78efe0ce40d0>>
        obj        = Index('ix_users_email', Column('email', String(length=255), table=<users>), unique=True)
        self       = <sqlalchemy.sql.ddl.SchemaGenerator object at 0x78efe0ce40d0>
        v          = <sqlalchemy.sql.ddl.SchemaGenerator object at 0x78efe0ce40d0>
venv/lib/python3.12/site-packages/sqlalchemy/sql/ddl.py:998: in visit_index
    CreateIndex(index)._invoke_with(self.connection)
        create_ok  = True
        index      = Index('ix_users_email', Column('email', String(length=255), table=<users>), unique=True)
        self       = <sqlalchemy.sql.ddl.SchemaGenerator object at 0x78efe0ce40d0>
venv/lib/python3.12/site-packages/sqlalchemy/sql/ddl.py:315: in _invoke_with
    return bind.execute(self)
        bind       = <sqlalchemy.engine.base.Connection object at 0x78efe0bd0380>
        self       = <sqlalchemy.sql.ddl.CreateIndex object at 0x78f000fe2900>
venv/lib/python3.12/site-packages/sqlalchemy/engine/base.py:1416: in execute
    return meth(
        distilled_parameters = ()
        execution_options = None
        meth       = <bound method ExecutableDDLElement._execute_on_connection of <sqlalchemy.sql.ddl.CreateIndex object at 0x78f000fe2900>>
        parameters = None
        self       = <sqlalchemy.engine.base.Connection object at 0x78efe0bd0380>
        statement  = <sqlalchemy.sql.ddl.CreateIndex object at 0x78f000fe2900>
venv/lib/python3.12/site-packages/sqlalchemy/sql/ddl.py:181: in _execute_on_connection
    return connection._execute_ddl(
        connection = <sqlalchemy.engine.base.Connection object at 0x78efe0bd0380>
        distilled_params = ()
        execution_options = immutabledict({})
        self       = <sqlalchemy.sql.ddl.CreateIndex object at 0x78f000fe2900>
venv/lib/python3.12/site-packages/sqlalchemy/engine/base.py:1528: in _execute_ddl
    ret = self._execute_context(
        compiled   = <sqlalchemy.dialects.sqlite.base.SQLiteDDLCompiler object at 0x78efe0bd18e0>
        ddl        = <sqlalchemy.sql.ddl.CreateIndex object at 0x78f000fe2900>
        dialect    = <sqlalchemy.dialects.sqlite.aiosqlite.SQLiteDialect_aiosqlite object at 0x78efe0cc3620>
        distilled_parameters = ()
        event_multiparams = None
        event_params = None
        exec_opts  = immutabledict({})
        execution_options = immutabledict({})
        schema_translate_map = None
        self       = <sqlalchemy.engine.base.Connection object at 0x78efe0bd0380>
venv/lib/python3.12/site-packages/sqlalchemy/engine/base.py:1848: in _execute_context
    return self._exec_single_context(
        args       = (<sqlalchemy.dialects.sqlite.base.SQLiteDDLCompiler object at 0x78efe0bd18e0>,)
        conn       = <sqlalchemy.pool.base._ConnectionFairy object at 0x78efe0ba6930>
        constructor = <bound method DefaultExecutionContext._init_ddl of <class 'sqlalchemy.dialects.sqlite.aiosqlite.SQLiteExecutionContext_aiosqlite'>>
        context    = <sqlalchemy.dialects.sqlite.aiosqlite.SQLiteExecutionContext_aiosqlite object at 0x78efe0bd21b0>
        dialect    = <sqlalchemy.dialects.sqlite.aiosqlite.SQLiteDialect_aiosqlite object at 0x78efe0cc3620>
        execution_options = immutabledict({})
        kw         = {}
        parameters = None
        self       = <sqlalchemy.engine.base.Connection object at 0x78efe0bd0380>
        statement  = <sqlalchemy.dialects.sqlite.base.SQLiteDDLCompiler object at 0x78efe0bd18e0>
venv/lib/python3.12/site-packages/sqlalchemy/engine/base.py:1988: in _exec_single_context
    self._handle_dbapi_exception(
        context    = <sqlalchemy.dialects.sqlite.aiosqlite.SQLiteExecutionContext_aiosqlite object at 0x78efe0bd21b0>
        cursor     = <sqlalchemy.dialects.sqlite.aiosqlite.AsyncAdapt_aiosqlite_cursor object at 0x78efe0ba7e20>
        dialect    = <sqlalchemy.dialects.sqlite.aiosqlite.SQLiteDialect_aiosqlite object at 0x78efe0cc3620>
        effective_parameters = ()
        evt_handled = False
        parameters = [()]
        self       = <sqlalchemy.engine.base.Connection object at 0x78efe0bd0380>
        statement  = <sqlalchemy.dialects.sqlite.base.SQLiteDDLCompiler object at 0x78efe0bd18e0>
        str_statement = 'CREATE UNIQUE INDEX ix_users_email ON users (email)'
venv/lib/python3.12/site-packages/sqlalchemy/engine/base.py:2344: in _handle_dbapi_exception
    raise sqlalchemy_exception.with_traceback(exc_info[2]) from e
        context    = <sqlalchemy.dialects.sqlite.aiosqlite.SQLiteExecutionContext_aiosqlite object at 0x78efe0bd21b0>
        cursor     = <sqlalchemy.dialects.sqlite.aiosqlite.AsyncAdapt_aiosqlite_cursor object at 0x78efe0ba7e20>
        e          = OperationalError('index ix_users_email already exists')
        exc_info   = (<class 'sqlite3.OperationalError'>,
 OperationalError('index ix_users_email already exists'),
 <traceback object at 0x78efe0201740>)
        invalidate_pool_on_disconnect = True
        is_exit_exception = False
        is_sub_exec = False
        ismulti    = False
        newraise   = None
        parameters = ()
        self       = <sqlalchemy.engine.base.Connection object at 0x78efe0bd0380>
        should_wrap = True
        sqlalchemy_exception = OperationalError('(sqlite3.OperationalError) index ix_users_email already exists')
        statement  = 'CREATE UNIQUE INDEX ix_users_email ON users (email)'
venv/lib/python3.12/site-packages/sqlalchemy/engine/base.py:1969: in _exec_single_context
    self.dialect.do_execute(
        context    = <sqlalchemy.dialects.sqlite.aiosqlite.SQLiteExecutionContext_aiosqlite object at 0x78efe0bd21b0>
        cursor     = <sqlalchemy.dialects.sqlite.aiosqlite.AsyncAdapt_aiosqlite_cursor object at 0x78efe0ba7e20>
        dialect    = <sqlalchemy.dialects.sqlite.aiosqlite.SQLiteDialect_aiosqlite object at 0x78efe0cc3620>
        effective_parameters = ()
        evt_handled = False
        parameters = [()]
        self       = <sqlalchemy.engine.base.Connection object at 0x78efe0bd0380>
        statement  = <sqlalchemy.dialects.sqlite.base.SQLiteDDLCompiler object at 0x78efe0bd18e0>
        str_statement = 'CREATE UNIQUE INDEX ix_users_email ON users (email)'
venv/lib/python3.12/site-packages/sqlalchemy/engine/default.py:922: in do_execute
    cursor.execute(statement, parameters)
        context    = <sqlalchemy.dialects.sqlite.aiosqlite.SQLiteExecutionContext_aiosqlite object at 0x78efe0bd21b0>
        cursor     = <sqlalchemy.dialects.sqlite.aiosqlite.AsyncAdapt_aiosqlite_cursor object at 0x78efe0ba7e20>
        parameters = ()
        self       = <sqlalchemy.dialects.sqlite.aiosqlite.SQLiteDialect_aiosqlite object at 0x78efe0cc3620>
        statement  = 'CREATE UNIQUE INDEX ix_users_email ON users (email)'
venv/lib/python3.12/site-packages/sqlalchemy/dialects/sqlite/aiosqlite.py:146: in execute
    self._adapt_connection._handle_exception(error)
        _cursor    = <aiosqlite.cursor.Cursor object at 0x78efe0bd2210>
        operation  = 'CREATE UNIQUE INDEX ix_users_email ON users (email)'
        parameters = ()
        self       = <sqlalchemy.dialects.sqlite.aiosqlite.AsyncAdapt_aiosqlite_cursor object at 0x78efe0ba7e20>
venv/lib/python3.12/site-packages/sqlalchemy/dialects/sqlite/aiosqlite.py:298: in _handle_exception
    raise error
        error      = OperationalError('index ix_users_email already exists')
        self       = <AdaptedConnection <aiosqlite.core.Connection object at 0x78efe0bd0950>>
venv/lib/python3.12/site-packages/sqlalchemy/dialects/sqlite/aiosqlite.py:128: in execute
    self.await_(_cursor.execute(operation, parameters))
        _cursor    = <aiosqlite.cursor.Cursor object at 0x78efe0bd2210>
        operation  = 'CREATE UNIQUE INDEX ix_users_email ON users (email)'
        parameters = ()
        self       = <sqlalchemy.dialects.sqlite.aiosqlite.AsyncAdapt_aiosqlite_cursor object at 0x78efe0ba7e20>
venv/lib/python3.12/site-packages/sqlalchemy/util/_concurrency_py3k.py:130: in await_only
    return current.driver.switch(awaitable)  # type: ignore[no-any-return]
        awaitable  = <coroutine object Cursor.execute at 0x78efe0be19a0>
        current    = <_AsyncIoGreenlet object at 0x78efe0b41940 (otid=0x1d6ace30) dead>
venv/lib/python3.12/site-packages/sqlalchemy/util/_concurrency_py3k.py:195: in greenlet_spawn
    value = await result
        _require_await = False
        args       = (<sqlalchemy.engine.base.Connection object at 0x78efe0bd0380>,)
        context    = <_AsyncIoGreenlet object at 0x78efe0b41940 (otid=0x1d6ace30) dead>
        fn         = <bound method MetaData.create_all of MetaData()>
        kwargs     = {}
        result     = <coroutine object Cursor.execute at 0x78efe0be19a0>
        switch_occurred = True
        value      = <aiosqlite.cursor.Cursor object at 0x78efe0bd2210>
venv/lib/python3.12/site-packages/aiosqlite/cursor.py:40: in execute
    await self._execute(self._cursor.execute, sql, parameters)
        parameters = ()
        self       = <aiosqlite.cursor.Cursor object at 0x78efe0bd2210>
        sql        = 'CREATE UNIQUE INDEX ix_users_email ON users (email)'
venv/lib/python3.12/site-packages/aiosqlite/cursor.py:32: in _execute
    return await self._conn._execute(fn, *args, **kwargs)
        args       = ('CREATE UNIQUE INDEX ix_users_email ON users (email)', ())
        fn         = <built-in method execute of sqlite3.Cursor object at 0x78efe0bb97c0>
        kwargs     = {}
        self       = <aiosqlite.cursor.Cursor object at 0x78efe0bd2210>
venv/lib/python3.12/site-packages/aiosqlite/core.py:160: in _execute
    return await future
        args       = ('CREATE UNIQUE INDEX ix_users_email ON users (email)', ())
        fn         = <built-in method execute of sqlite3.Cursor object at 0x78efe0bb97c0>
        function   = functools.partial(<built-in method execute of sqlite3.Cursor object at 0x78efe0bb97c0>, 'CREATE UNIQUE INDEX ix_users_email ON users (email)', ())
        future     = <Future finished exception=OperationalError('index ix_users_email already exists')>
        kwargs     = {}
        self       = <aiosqlite.core.Connection object at 0x78efe0bd0950>
venv/lib/python3.12/site-packages/aiosqlite/core.py:63: in _connection_worker_thread
    result = function()
E   sqlalchemy.exc.OperationalError: (sqlite3.OperationalError) index ix_users_email already exists
E   [SQL: CREATE UNIQUE INDEX ix_users_email ON users (email)]
E   (Background on this error at: https://sqlalche.me/e/20/e3q8)
        function   = functools.partial(<built-in method rollback of sqlite3.Connection object at 0x78efe0b6f2e0>)
        future     = <Future finished result=None>
        result     = None
        tx         = <_queue.SimpleQueue object at 0x78efe0bd7060>
________________ ERROR at setup of test_document_chunk_ordering ________________
venv/lib/python3.12/site-packages/sqlalchemy/engine/base.py:1969: in _exec_single_context
    self.dialect.do_execute(
        context    = <sqlalchemy.dialects.sqlite.aiosqlite.SQLiteExecutionContext_aiosqlite object at 0x78efe0bd21b0>
        cursor     = <sqlalchemy.dialects.sqlite.aiosqlite.AsyncAdapt_aiosqlite_cursor object at 0x78efe0ba7e20>
        dialect    = <sqlalchemy.dialects.sqlite.aiosqlite.SQLiteDialect_aiosqlite object at 0x78efe0cc3620>
        effective_parameters = ()
        evt_handled = False
        parameters = [()]
        self       = <sqlalchemy.engine.base.Connection object at 0x78efe0bd0380>
        statement  = <sqlalchemy.dialects.sqlite.base.SQLiteDDLCompiler object at 0x78efe0bd18e0>
        str_statement = 'CREATE UNIQUE INDEX ix_users_email ON users (email)'
venv/lib/python3.12/site-packages/sqlalchemy/engine/default.py:922: in do_execute
    cursor.execute(statement, parameters)
        context    = <sqlalchemy.dialects.sqlite.aiosqlite.SQLiteExecutionContext_aiosqlite object at 0x78efe0bd21b0>
        cursor     = <sqlalchemy.dialects.sqlite.aiosqlite.AsyncAdapt_aiosqlite_cursor object at 0x78efe0ba7e20>
        parameters = ()
        self       = <sqlalchemy.dialects.sqlite.aiosqlite.SQLiteDialect_aiosqlite object at 0x78efe0cc3620>
        statement  = 'CREATE UNIQUE INDEX ix_users_email ON users (email)'
venv/lib/python3.12/site-packages/sqlalchemy/dialects/sqlite/aiosqlite.py:146: in execute
    self._adapt_connection._handle_exception(error)
        _cursor    = <aiosqlite.cursor.Cursor object at 0x78efe0bd2210>
        operation  = 'CREATE UNIQUE INDEX ix_users_email ON users (email)'
        parameters = ()
        self       = <sqlalchemy.dialects.sqlite.aiosqlite.AsyncAdapt_aiosqlite_cursor object at 0x78efe0ba7e20>
venv/lib/python3.12/site-packages/sqlalchemy/dialects/sqlite/aiosqlite.py:298: in _handle_exception
    raise error
        error      = OperationalError('index ix_users_email already exists')
        self       = <AdaptedConnection <aiosqlite.core.Connection object at 0x78efe0bd0950>>
venv/lib/python3.12/site-packages/sqlalchemy/dialects/sqlite/aiosqlite.py:128: in execute
    self.await_(_cursor.execute(operation, parameters))
        _cursor    = <aiosqlite.cursor.Cursor object at 0x78efe0bd2210>
        operation  = 'CREATE UNIQUE INDEX ix_users_email ON users (email)'
        parameters = ()
        self       = <sqlalchemy.dialects.sqlite.aiosqlite.AsyncAdapt_aiosqlite_cursor object at 0x78efe0ba7e20>
venv/lib/python3.12/site-packages/sqlalchemy/util/_concurrency_py3k.py:130: in await_only
    return current.driver.switch(awaitable)  # type: ignore[no-any-return]
        awaitable  = <coroutine object Cursor.execute at 0x78efe0be19a0>
        current    = <_AsyncIoGreenlet object at 0x78efe0b41940 (otid=0x1d6ace30) dead>
venv/lib/python3.12/site-packages/sqlalchemy/util/_concurrency_py3k.py:195: in greenlet_spawn
    value = await result
        _require_await = False
        args       = (<sqlalchemy.engine.base.Connection object at 0x78efe0bd0380>,)
        context    = <_AsyncIoGreenlet object at 0x78efe0b41940 (otid=0x1d6ace30) dead>
        fn         = <bound method MetaData.create_all of MetaData()>
        kwargs     = {}
        result     = <coroutine object Cursor.execute at 0x78efe0be19a0>
        switch_occurred = True
        value      = <aiosqlite.cursor.Cursor object at 0x78efe0bd2210>
venv/lib/python3.12/site-packages/aiosqlite/cursor.py:40: in execute
    await self._execute(self._cursor.execute, sql, parameters)
        parameters = ()
        self       = <aiosqlite.cursor.Cursor object at 0x78efe0bd2210>
        sql        = 'CREATE UNIQUE INDEX ix_users_email ON users (email)'
venv/lib/python3.12/site-packages/aiosqlite/cursor.py:32: in _execute
    return await self._conn._execute(fn, *args, **kwargs)
        args       = ('CREATE UNIQUE INDEX ix_users_email ON users (email)', ())
        fn         = <built-in method execute of sqlite3.Cursor object at 0x78efe0bb97c0>
        kwargs     = {}
        self       = <aiosqlite.cursor.Cursor object at 0x78efe0bd2210>
venv/lib/python3.12/site-packages/aiosqlite/core.py:160: in _execute
    return await future
        args       = ('CREATE UNIQUE INDEX ix_users_email ON users (email)', ())
        fn         = <built-in method execute of sqlite3.Cursor object at 0x78efe0bb97c0>
        function   = functools.partial(<built-in method execute of sqlite3.Cursor object at 0x78efe0bb97c0>, 'CREATE UNIQUE INDEX ix_users_email ON users (email)', ())
        future     = <Future finished exception=OperationalError('index ix_users_email already exists')>
        kwargs     = {}
        self       = <aiosqlite.core.Connection object at 0x78efe0bd0950>
venv/lib/python3.12/site-packages/aiosqlite/core.py:63: in _connection_worker_thread
    result = function()
E   sqlite3.OperationalError: index ix_users_email already exists
        function   = functools.partial(<built-in method rollback of sqlite3.Connection object at 0x78efe0b6f2e0>)
        future     = <Future finished result=None>
        result     = None
        tx         = <_queue.SimpleQueue object at 0x78efe0bd7060>

The above exception was the direct cause of the following exception:
venv/lib/python3.12/site-packages/pytest_asyncio/plugin.py:336: in _asyncgen_fixture_wrapper
    result = event_loop.run_until_complete(setup())
        event_loop = <_UnixSelectorEventLoop running=False closed=False debug=False>
        event_loop_fixture_id = '_session_event_loop'
        finalizer  = <function _wrap_asyncgen_fixture.<locals>._asyncgen_fixture_wrapper.<locals>.finalizer at 0x78efe0ba99e0>
        fixture    = <function engine at 0x78f001182b60>
        fixturedef = <FixtureDef argname='engine' scope='session' baseid='tests'>
        func       = <function engine at 0x78f001182b60>
        gen_obj    = <async_generator object engine at 0x78efe0b6ec50>
        kwargs     = {}
        request    = <SubRequest 'engine' for <Coroutine test_chat_session_creation_with_user>>
        setup      = <function _wrap_asyncgen_fixture.<locals>._asyncgen_fixture_wrapper.<locals>.setup at 0x78efe0ba9a80>
/usr/lib/python3.12/asyncio/base_events.py:687: in run_until_complete
    return future.result()
        future     = <Task finished name='Task-1' coro=<_wrap_asyncgen_fixture.<locals>._asyncgen_fixture_wrapper.<locals>.setup() done, defined at /mnt/d/workspace/ChatApplication/project-code/backend/venv/lib/python3.12/site-packages/pytest_asyncio/plugin.py:317> exception=OperationalError('(sqlite3.OperationalError) index ix_users_email already exists')>
        new_task   = True
        self       = <_UnixSelectorEventLoop running=False closed=False debug=False>
venv/lib/python3.12/site-packages/pytest_asyncio/plugin.py:318: in setup
    res = await gen_obj.__anext__()
        gen_obj    = <async_generator object engine at 0x78efe0b6ec50>
tests/conftest.py:62: in engine
    await conn.run_sync(Base.metadata.create_all)
        conn       = <sqlalchemy.ext.asyncio.engine.AsyncConnection object at 0x78efe0bd6850>
        test_engine = <sqlalchemy.ext.asyncio.engine.AsyncEngine object at 0x78f001041090>
venv/lib/python3.12/site-packages/sqlalchemy/ext/asyncio/engine.py:891: in run_sync
    return await greenlet_spawn(fn, self._proxied, *arg, **kw)
        arg        = ()
        fn         = <bound method MetaData.create_all of MetaData()>
        kw         = {}
        self       = <sqlalchemy.ext.asyncio.engine.AsyncConnection object at 0x78efe0bd6850>
venv/lib/python3.12/site-packages/sqlalchemy/util/_concurrency_py3k.py:200: in greenlet_spawn
    result = context.throw(*sys.exc_info())
        _require_await = False
        args       = (<sqlalchemy.engine.base.Connection object at 0x78efe0bd0380>,)
        context    = <_AsyncIoGreenlet object at 0x78efe0b41940 (otid=0x1d6ace30) dead>
        fn         = <bound method MetaData.create_all of MetaData()>
        kwargs     = {}
        result     = <coroutine object Cursor.execute at 0x78efe0be19a0>
        switch_occurred = True
        value      = <aiosqlite.cursor.Cursor object at 0x78efe0bd2210>
venv/lib/python3.12/site-packages/sqlalchemy/sql/schema.py:5832: in create_all
    bind._run_ddl_visitor(
        bind       = <sqlalchemy.engine.base.Connection object at 0x78efe0bd0380>
        checkfirst = True
        self       = MetaData()
        tables     = None
venv/lib/python3.12/site-packages/sqlalchemy/engine/base.py:2448: in _run_ddl_visitor
    visitorcallable(self.dialect, self, **kwargs).traverse_single(element)
        element    = MetaData()
        kwargs     = {'checkfirst': True, 'tables': None}
        self       = <sqlalchemy.engine.base.Connection object at 0x78efe0bd0380>
        visitorcallable = <class 'sqlalchemy.sql.ddl.SchemaGenerator'>
venv/lib/python3.12/site-packages/sqlalchemy/sql/visitors.py:671: in traverse_single
    return meth(obj, **kw)
        kw         = {}
        meth       = <bound method SchemaGenerator.visit_metadata of <sqlalchemy.sql.ddl.SchemaGenerator object at 0x78efe0ce40d0>>
        obj        = MetaData()
        self       = <sqlalchemy.sql.ddl.SchemaGenerator object at 0x78efe0ce40d0>
        v          = <sqlalchemy.sql.ddl.SchemaGenerator object at 0x78efe0ce40d0>
venv/lib/python3.12/site-packages/sqlalchemy/sql/ddl.py:919: in visit_metadata
    self.traverse_single(
        collection = [(Table('users', MetaData(), Column('id', GUID(), table=<users>, primary_key=True, nullable=False, default=CallableColumnDefault(<function uuid4 at 0x78f001182de0>)), Column('email', String(length=255), table=<users>), Column('password_hash', String(length=255), table=<users>), Column('role', Enum('ADMIN', 'USER', 'ANONYMOUS', name='user_role'), table=<users>, nullable=False, default=ScalarElementColumnDefault(<UserRole.ANONYMOUS: 'anonymous'>)), Column('is_active', Boolean(), table=<users>, nullable=False, default=ScalarElementColumnDefault(True)), Column('created_at', DateTime(timezone=True), table=<users>, nullable=False, default=CallableColumnDefault(<function datetime.utcnow at 0x78f0011e8ea0>)), Column('last_login', DateTime(timezone=True), table=<users>), schema=None),
  set()),
 (Table('chat_sessions', MetaData(), Column('id', GUID(), table=<chat_sessions>, primary_key=True, nullable=False, default=CallableColumnDefault(<function uuid4 at 0x78f001078720>)), Column('user_id', GUID(), ForeignKey('users.id'), table=<chat_sessions>), Column('session_token', String(length=255), table=<chat_sessions>, nullable=False), Column('created_at', DateTime(timezone=True), table=<chat_sessions>, nullable=False, default=CallableColumnDefault(<function datetime.utcnow at 0x78f0010787c0>)), Column('updated_at', DateTime(timezone=True), table=<chat_sessions>, nullable=False, onupdate=CallableColumnDefault(<function datetime.utcnow at 0x78f001078ae0>), default=CallableColumnDefault(<function datetime.utcnow at 0x78f001078a40>)), Column('metadata', JSON(), table=<chat_sessions>, default=CallableColumnDefault(<function dict at 0x78f001078b80>)), schema=None),
  {ForeignKeyConstraint(<sqlalchemy.sql.base.ReadOnlyColumnCollection object at 0x78efdb3365c0>, None, ondelete='SET NULL', table=Table('chat_sessions', MetaData(), Column('id', GUID(), table=<chat_sessions>, primary_key=True, nullable=False, default=CallableColumnDefault(<function uuid4 at 0x78f001078720>)), Column('user_id', GUID(), ForeignKey('users.id'), table=<chat_sessions>), Column('session_token', String(length=255), table=<chat_sessions>, nullable=False), Column('created_at', DateTime(timezone=True), table=<chat_sessions>, nullable=False, default=CallableColumnDefault(<function datetime.utcnow at 0x78f0010787c0>)), Column('updated_at', DateTime(timezone=True), table=<chat_sessions>, nullable=False, onupdate=CallableColumnDefault(<function datetime.utcnow at 0x78f001078ae0>), default=CallableColumnDefault(<function datetime.utcnow at 0x78f001078a40>)), Column('metadata', JSON(), table=<chat_sessions>, default=CallableColumnDefault(<function dict at 0x78f001078b80>)), schema=None))}),
 (Table('data_sources', MetaData(), Column('id', GUID(), table=<data_sources>, primary_key=True, nullable=False, default=CallableColumnDefault(<function uuid4 at 0x78f00107bd80>)), Column('name', String(length=255), table=<data_sources>, nullable=False), Column('type', Enum('CONFLUENCE', 'JIRA', 'GITHUB', 'ONBOARDING', name='source_type'), table=<data_sources>, nullable=False), Column('config', JSON(), table=<data_sources>, nullable=False, default=CallableColumnDefault(<function dict at 0x78f001018040>)), Column('last_sync_at', DateTime(timezone=True), table=<data_sources>), Column('sync_status', Enum('PENDING', 'SYNCING', 'SUCCESS', 'FAILED', name='sync_status'), table=<data_sources>, nullable=False, default=ScalarElementColumnDefault(<SyncStatus.PENDING: 'pending'>)), Column('sync_error', Text(), table=<data_sources>), Column('created_by', GUID(), ForeignKey('users.id'), table=<data_sources>, nullable=False), Column('is_active', Boolean(), table=<data_sources>, nullable=False, default=ScalarElementColumnDefault(True)), schema=None),
  {ForeignKeyConstraint(<sqlalchemy.sql.base.ReadOnlyColumnCollection object at 0x78efdb336610>, None, ondelete='CASCADE', table=Table('data_sources', MetaData(), Column('id', GUID(), table=<data_sources>, primary_key=True, nullable=False, default=CallableColumnDefault(<function uuid4 at 0x78f00107bd80>)), Column('name', String(length=255), table=<data_sources>, nullable=False), Column('type', Enum('CONFLUENCE', 'JIRA', 'GITHUB', 'ONBOARDING', name='source_type'), table=<data_sources>, nullable=False), Column('config', JSON(), table=<data_sources>, nullable=False, default=CallableColumnDefault(<function dict at 0x78f001018040>)), Column('last_sync_at', DateTime(timezone=True), table=<data_sources>), Column('sync_status', Enum('PENDING', 'SYNCING', 'SUCCESS', 'FAILED', name='sync_status'), table=<data_sources>, nullable=False, default=ScalarElementColumnDefault(<SyncStatus.PENDING: 'pending'>)), Column('sync_error', Text(), table=<data_sources>), Column('created_by', GUID(), ForeignKey('users.id'), table=<data_sources>, nullable=False), Column('is_active', Boolean(), table=<data_sources>, nullable=False, default=ScalarElementColumnDefault(True)), schema=None))}),
 (Table('messages', MetaData(), Column('id', GUID(), table=<messages>, primary_key=True, nullable=False, default=CallableColumnDefault(<function uuid4 at 0x78f00107a020>)), Column('session_id', GUID(), ForeignKey('chat_sessions.id'), table=<messages>, nullable=False), Column('role', Enum('USER', 'ASSISTANT', 'SYSTEM', name='message_role'), table=<messages>, nullable=False), Column('content', Text(), table=<messages>, nullable=False), Column('created_at', DateTime(timezone=True), table=<messages>, nullable=False, default=CallableColumnDefault(<function datetime.utcnow at 0x78f00107a3e0>)), Column('sources', JSON(), table=<messages>, default=CallableColumnDefault(<function dict at 0x78f00107a520>)), Column('feedback', JSON(), table=<messages>, default=CallableColumnDefault(<function dict at 0x78f00107a660>)), schema=None),
  {ForeignKeyConstraint(<sqlalchemy.sql.base.ReadOnlyColumnCollection object at 0x78efdb3366b0>, None, ondelete='CASCADE', table=Table('messages', MetaData(), Column('id', GUID(), table=<messages>, primary_key=True, nullable=False, default=CallableColumnDefault(<function uuid4 at 0x78f00107a020>)), Column('session_id', GUID(), ForeignKey('chat_sessions.id'), table=<messages>, nullable=False), Column('role', Enum('USER', 'ASSISTANT', 'SYSTEM', name='message_role'), table=<messages>, nullable=False), Column('content', Text(), table=<messages>, nullable=False), Column('created_at', DateTime(timezone=True), table=<messages>, nullable=False, default=CallableColumnDefault(<function datetime.utcnow at 0x78f00107a3e0>)), Column('sources', JSON(), table=<messages>, default=CallableColumnDefault(<function dict at 0x78f00107a520>)), Column('feedback', JSON(), table=<messages>, default=CallableColumnDefault(<function dict at 0x78f00107a660>)), schema=None))}),
 (Table('sync_logs', MetaData(), Column('id', GUID(), table=<sync_logs>, primary_key=True, nullable=False, default=CallableColumnDefault(<function uuid4 at 0x78f00101a3e0>)), Column('source_id', GUID(), ForeignKey('data_sources.id'), table=<sync_logs>, nullable=False), Column('started_at', DateTime(timezone=True), table=<sync_logs>, nullable=False, default=CallableColumnDefault(<function datetime.utcnow at 0x78f00101a480>)), Column('completed_at', DateTime(timezone=True), table=<sync_logs>), Column('status', Enum('PENDING', 'SYNCING', 'SUCCESS', 'FAILED', name='sync_status'), table=<sync_logs>, nullable=False, default=ScalarElementColumnDefault(<SyncStatus.PENDING: 'pending'>)), Column('documents_processed', Integer(), table=<sync_logs>, nullable=False, default=ScalarElementColumnDefault(0)), Column('documents_added', Integer(), table=<sync_logs>, nullable=False, default=ScalarElementColumnDefault(0)), Column('documents_updated', Integer(), table=<sync_logs>, nullable=False, default=ScalarElementColumnDefault(0)), Column('documents_deleted', Integer(), table=<sync_logs>, nullable=False, default=ScalarElementColumnDefault(0)), Column('error_log', Text(), table=<sync_logs>), schema=None),
  {ForeignKeyConstraint(<sqlalchemy.sql.base.ReadOnlyColumnCollection object at 0x78efdb336660>, None, ondelete='CASCADE', table=Table('sync_logs', MetaData(), Column('id', GUID(), table=<sync_logs>, primary_key=True, nullable=False, default=CallableColumnDefault(<function uuid4 at 0x78f00101a3e0>)), Column('source_id', GUID(), ForeignKey('data_sources.id'), table=<sync_logs>, nullable=False), Column('started_at', DateTime(timezone=True), table=<sync_logs>, nullable=False, default=CallableColumnDefault(<function datetime.utcnow at 0x78f00101a480>)), Column('completed_at', DateTime(timezone=True), table=<sync_logs>), Column('status', Enum('PENDING', 'SYNCING', 'SUCCESS', 'FAILED', name='sync_status'), table=<sync_logs>, nullable=False, default=ScalarElementColumnDefault(<SyncStatus.PENDING: 'pending'>)), Column('documents_processed', Integer(), table=<sync_logs>, nullable=False, default=ScalarElementColumnDefault(0)), Column('documents_added', Integer(), table=<sync_logs>, nullable=False, default=ScalarElementColumnDefault(0)), Column('documents_updated', Integer(), table=<sync_logs>, nullable=False, default=ScalarElementColumnDefault(0)), Column('documents_deleted', Integer(), table=<sync_logs>, nullable=False, default=ScalarElementColumnDefault(0)), Column('error_log', Text(), table=<sync_logs>), schema=None))}),
 (Table('documents', MetaData(), Column('id', UUID(), table=<documents>, primary_key=True, nullable=False, default=CallableColumnDefault(<function uuid4 at 0x78f00101bec0>)), Column('source_id', UUID(), ForeignKey('data_sources.id'), table=<documents>, nullable=False), Column('external_id', String(length=255), table=<documents>, nullable=False), Column('title', Text(), table=<documents>, nullable=False), Column('content', Text(), table=<documents>, nullable=False), Column('url', Text(), table=<documents>), Column('metadata', JSONB(astext_type=Text()), table=<documents>, default=CallableColumnDefault(<function dict at 0x78f000fec360>)), Column('created_at', DateTime(timezone=True), table=<documents>, nullable=False, default=CallableColumnDefault(<function datetime.utcnow at 0x78efe0cbef20>)), Column('updated_at', DateTime(timezone=True), table=<documents>, nullable=False, onupdate=CallableColumnDefault(<function datetime.utcnow at 0x78efe0cbf060>), default=CallableColumnDefault(<function datetime.utcnow at 0x78efe0cbefc0>)), Column('is_deleted', Boolean(), table=<documents>, nullable=False, default=ScalarElementColumnDefault(False)), schema=None),
  {ForeignKeyConstraint(<sqlalchemy.sql.base.ReadOnlyColumnCollection object at 0x78efdb336750>, None, ondelete='CASCADE', table=Table('documents', MetaData(), Column('id', UUID(), table=<documents>, primary_key=True, nullable=False, default=CallableColumnDefault(<function uuid4 at 0x78f00101bec0>)), Column('source_id', UUID(), ForeignKey('data_sources.id'), table=<documents>, nullable=False), Column('external_id', String(length=255), table=<documents>, nullable=False), Column('title', Text(), table=<documents>, nullable=False), Column('content', Text(), table=<documents>, nullable=False), Column('url', Text(), table=<documents>), Column('metadata', JSONB(astext_type=Text()), table=<documents>, default=CallableColumnDefault(<function dict at 0x78f000fec360>)), Column('created_at', DateTime(timezone=True), table=<documents>, nullable=False, default=CallableColumnDefault(<function datetime.utcnow at 0x78efe0cbef20>)), Column('updated_at', DateTime(timezone=True), table=<documents>, nullable=False, onupdate=CallableColumnDefault(<function datetime.utcnow at 0x78efe0cbf060>), default=CallableColumnDefault(<function datetime.utcnow at 0x78efe0cbefc0>)), Column('is_deleted', Boolean(), table=<documents>, nullable=False, default=ScalarElementColumnDefault(False)), schema=None))}),
 (Table('document_chunks', MetaData(), Column('id', UUID(), table=<document_chunks>, primary_key=True, nullable=False, default=CallableColumnDefault(<function uuid4 at 0x78efe0ce0720>)), Column('document_id', UUID(), ForeignKey('documents.id'), table=<document_chunks>, nullable=False), Column('chunk_index', Integer(), table=<document_chunks>, nullable=False), Column('content', Text(), table=<document_chunks>, nullable=False), Column('embedding', Vector(dim=384), table=<document_chunks>), Column('metadata', JSONB(astext_type=Text()), table=<document_chunks>, default=CallableColumnDefault(<function dict at 0x78efe0ce07c0>)), Column('created_at', DateTime(timezone=True), table=<document_chunks>, nullable=False, default=CallableColumnDefault(<function datetime.utcnow at 0x78efe0ce09a0>)), schema=None),
  {ForeignKeyConstraint(<sqlalchemy.sql.base.ReadOnlyColumnCollection object at 0x78efdb3367a0>, None, ondelete='CASCADE', table=Table('document_chunks', MetaData(), Column('id', UUID(), table=<document_chunks>, primary_key=True, nullable=False, default=CallableColumnDefault(<function uuid4 at 0x78efe0ce0720>)), Column('document_id', UUID(), ForeignKey('documents.id'), table=<document_chunks>, nullable=False), Column('chunk_index', Integer(), table=<document_chunks>, nullable=False), Column('content', Text(), table=<document_chunks>, nullable=False), Column('embedding', Vector(dim=384), table=<document_chunks>), Column('metadata', JSONB(astext_type=Text()), table=<document_chunks>, default=CallableColumnDefault(<function dict at 0x78efe0ce07c0>)), Column('created_at', DateTime(timezone=True), table=<document_chunks>, nullable=False, default=CallableColumnDefault(<function datetime.utcnow at 0x78efe0ce09a0>)), schema=None))}),
 (None, [])]
        event_collection = [Table('users', MetaData(), Column('id', GUID(), table=<users>, primary_key=True, nullable=False, default=CallableColumnDefault(<function uuid4 at 0x78f001182de0>)), Column('email', String(length=255), table=<users>), Column('password_hash', String(length=255), table=<users>), Column('role', Enum('ADMIN', 'USER', 'ANONYMOUS', name='user_role'), table=<users>, nullable=False, default=ScalarElementColumnDefault(<UserRole.ANONYMOUS: 'anonymous'>)), Column('is_active', Boolean(), table=<users>, nullable=False, default=ScalarElementColumnDefault(True)), Column('created_at', DateTime(timezone=True), table=<users>, nullable=False, default=CallableColumnDefault(<function datetime.utcnow at 0x78f0011e8ea0>)), Column('last_login', DateTime(timezone=True), table=<users>), schema=None),
 Table('chat_sessions', MetaData(), Column('id', GUID(), table=<chat_sessions>, primary_key=True, nullable=False, default=CallableColumnDefault(<function uuid4 at 0x78f001078720>)), Column('user_id', GUID(), ForeignKey('users.id'), table=<chat_sessions>), Column('session_token', String(length=255), table=<chat_sessions>, nullable=False), Column('created_at', DateTime(timezone=True), table=<chat_sessions>, nullable=False, default=CallableColumnDefault(<function datetime.utcnow at 0x78f0010787c0>)), Column('updated_at', DateTime(timezone=True), table=<chat_sessions>, nullable=False, onupdate=CallableColumnDefault(<function datetime.utcnow at 0x78f001078ae0>), default=CallableColumnDefault(<function datetime.utcnow at 0x78f001078a40>)), Column('metadata', JSON(), table=<chat_sessions>, default=CallableColumnDefault(<function dict at 0x78f001078b80>)), schema=None),
 Table('data_sources', MetaData(), Column('id', GUID(), table=<data_sources>, primary_key=True, nullable=False, default=CallableColumnDefault(<function uuid4 at 0x78f00107bd80>)), Column('name', String(length=255), table=<data_sources>, nullable=False), Column('type', Enum('CONFLUENCE', 'JIRA', 'GITHUB', 'ONBOARDING', name='source_type'), table=<data_sources>, nullable=False), Column('config', JSON(), table=<data_sources>, nullable=False, default=CallableColumnDefault(<function dict at 0x78f001018040>)), Column('last_sync_at', DateTime(timezone=True), table=<data_sources>), Column('sync_status', Enum('PENDING', 'SYNCING', 'SUCCESS', 'FAILED', name='sync_status'), table=<data_sources>, nullable=False, default=ScalarElementColumnDefault(<SyncStatus.PENDING: 'pending'>)), Column('sync_error', Text(), table=<data_sources>), Column('created_by', GUID(), ForeignKey('users.id'), table=<data_sources>, nullable=False), Column('is_active', Boolean(), table=<data_sources>, nullable=False, default=ScalarElementColumnDefault(True)), schema=None),
 Table('messages', MetaData(), Column('id', GUID(), table=<messages>, primary_key=True, nullable=False, default=CallableColumnDefault(<function uuid4 at 0x78f00107a020>)), Column('session_id', GUID(), ForeignKey('chat_sessions.id'), table=<messages>, nullable=False), Column('role', Enum('USER', 'ASSISTANT', 'SYSTEM', name='message_role'), table=<messages>, nullable=False), Column('content', Text(), table=<messages>, nullable=False), Column('created_at', DateTime(timezone=True), table=<messages>, nullable=False, default=CallableColumnDefault(<function datetime.utcnow at 0x78f00107a3e0>)), Column('sources', JSON(), table=<messages>, default=CallableColumnDefault(<function dict at 0x78f00107a520>)), Column('feedback', JSON(), table=<messages>, default=CallableColumnDefault(<function dict at 0x78f00107a660>)), schema=None),
 Table('sync_logs', MetaData(), Column('id', GUID(), table=<sync_logs>, primary_key=True, nullable=False, default=CallableColumnDefault(<function uuid4 at 0x78f00101a3e0>)), Column('source_id', GUID(), ForeignKey('data_sources.id'), table=<sync_logs>, nullable=False), Column('started_at', DateTime(timezone=True), table=<sync_logs>, nullable=False, default=CallableColumnDefault(<function datetime.utcnow at 0x78f00101a480>)), Column('completed_at', DateTime(timezone=True), table=<sync_logs>), Column('status', Enum('PENDING', 'SYNCING', 'SUCCESS', 'FAILED', name='sync_status'), table=<sync_logs>, nullable=False, default=ScalarElementColumnDefault(<SyncStatus.PENDING: 'pending'>)), Column('documents_processed', Integer(), table=<sync_logs>, nullable=False, default=ScalarElementColumnDefault(0)), Column('documents_added', Integer(), table=<sync_logs>, nullable=False, default=ScalarElementColumnDefault(0)), Column('documents_updated', Integer(), table=<sync_logs>, nullable=False, default=ScalarElementColumnDefault(0)), Column('documents_deleted', Integer(), table=<sync_logs>, nullable=False, default=ScalarElementColumnDefault(0)), Column('error_log', Text(), table=<sync_logs>), schema=None),
 Table('documents', MetaData(), Column('id', UUID(), table=<documents>, primary_key=True, nullable=False, default=CallableColumnDefault(<function uuid4 at 0x78f00101bec0>)), Column('source_id', UUID(), ForeignKey('data_sources.id'), table=<documents>, nullable=False), Column('external_id', String(length=255), table=<documents>, nullable=False), Column('title', Text(), table=<documents>, nullable=False), Column('content', Text(), table=<documents>, nullable=False), Column('url', Text(), table=<documents>), Column('metadata', JSONB(astext_type=Text()), table=<documents>, default=CallableColumnDefault(<function dict at 0x78f000fec360>)), Column('created_at', DateTime(timezone=True), table=<documents>, nullable=False, default=CallableColumnDefault(<function datetime.utcnow at 0x78efe0cbef20>)), Column('updated_at', DateTime(timezone=True), table=<documents>, nullable=False, onupdate=CallableColumnDefault(<function datetime.utcnow at 0x78efe0cbf060>), default=CallableColumnDefault(<function datetime.utcnow at 0x78efe0cbefc0>)), Column('is_deleted', Boolean(), table=<documents>, nullable=False, default=ScalarElementColumnDefault(False)), schema=None),
 Table('document_chunks', MetaData(), Column('id', UUID(), table=<document_chunks>, primary_key=True, nullable=False, default=CallableColumnDefault(<function uuid4 at 0x78efe0ce0720>)), Column('document_id', UUID(), ForeignKey('documents.id'), table=<document_chunks>, nullable=False), Column('chunk_index', Integer(), table=<document_chunks>, nullable=False), Column('content', Text(), table=<document_chunks>, nullable=False), Column('embedding', Vector(dim=384), table=<document_chunks>), Column('metadata', JSONB(astext_type=Text()), table=<document_chunks>, default=CallableColumnDefault(<function dict at 0x78efe0ce07c0>)), Column('created_at', DateTime(timezone=True), table=<document_chunks>, nullable=False, default=CallableColumnDefault(<function datetime.utcnow at 0x78efe0ce09a0>)), schema=None)]
        fkcs       = set()
        metadata   = MetaData()
        self       = <sqlalchemy.sql.ddl.SchemaGenerator object at 0x78efe0ce40d0>
        seq_coll   = []
        table      = Table('users', MetaData(), Column('id', GUID(), table=<users>, primary_key=True, nullable=False, default=CallableColumnDefault(<function uuid4 at 0x78f001182de0>)), Column('email', String(length=255), table=<users>), Column('password_hash', String(length=255), table=<users>), Column('role', Enum('ADMIN', 'USER', 'ANONYMOUS', name='user_role'), table=<users>, nullable=False, default=ScalarElementColumnDefault(<UserRole.ANONYMOUS: 'anonymous'>)), Column('is_active', Boolean(), table=<users>, nullable=False, default=ScalarElementColumnDefault(True)), Column('created_at', DateTime(timezone=True), table=<users>, nullable=False, default=CallableColumnDefault(<function datetime.utcnow at 0x78f0011e8ea0>)), Column('last_login', DateTime(timezone=True), table=<users>), schema=None)
        tables     = [Table('users', MetaData(), Column('id', GUID(), table=<users>, primary_key=True, nullable=False, default=CallableColumnDefault(<function uuid4 at 0x78f001182de0>)), Column('email', String(length=255), table=<users>), Column('password_hash', String(length=255), table=<users>), Column('role', Enum('ADMIN', 'USER', 'ANONYMOUS', name='user_role'), table=<users>, nullable=False, default=ScalarElementColumnDefault(<UserRole.ANONYMOUS: 'anonymous'>)), Column('is_active', Boolean(), table=<users>, nullable=False, default=ScalarElementColumnDefault(True)), Column('created_at', DateTime(timezone=True), table=<users>, nullable=False, default=CallableColumnDefault(<function datetime.utcnow at 0x78f0011e8ea0>)), Column('last_login', DateTime(timezone=True), table=<users>), schema=None),
 Table('chat_sessions', MetaData(), Column('id', GUID(), table=<chat_sessions>, primary_key=True, nullable=False, default=CallableColumnDefault(<function uuid4 at 0x78f001078720>)), Column('user_id', GUID(), ForeignKey('users.id'), table=<chat_sessions>), Column('session_token', String(length=255), table=<chat_sessions>, nullable=False), Column('created_at', DateTime(timezone=True), table=<chat_sessions>, nullable=False, default=CallableColumnDefault(<function datetime.utcnow at 0x78f0010787c0>)), Column('updated_at', DateTime(timezone=True), table=<chat_sessions>, nullable=False, onupdate=CallableColumnDefault(<function datetime.utcnow at 0x78f001078ae0>), default=CallableColumnDefault(<function datetime.utcnow at 0x78f001078a40>)), Column('metadata', JSON(), table=<chat_sessions>, default=CallableColumnDefault(<function dict at 0x78f001078b80>)), schema=None),
 Table('messages', MetaData(), Column('id', GUID(), table=<messages>, primary_key=True, nullable=False, default=CallableColumnDefault(<function uuid4 at 0x78f00107a020>)), Column('session_id', GUID(), ForeignKey('chat_sessions.id'), table=<messages>, nullable=False), Column('role', Enum('USER', 'ASSISTANT', 'SYSTEM', name='message_role'), table=<messages>, nullable=False), Column('content', Text(), table=<messages>, nullable=False), Column('created_at', DateTime(timezone=True), table=<messages>, nullable=False, default=CallableColumnDefault(<function datetime.utcnow at 0x78f00107a3e0>)), Column('sources', JSON(), table=<messages>, default=CallableColumnDefault(<function dict at 0x78f00107a520>)), Column('feedback', JSON(), table=<messages>, default=CallableColumnDefault(<function dict at 0x78f00107a660>)), schema=None),
 Table('data_sources', MetaData(), Column('id', GUID(), table=<data_sources>, primary_key=True, nullable=False, default=CallableColumnDefault(<function uuid4 at 0x78f00107bd80>)), Column('name', String(length=255), table=<data_sources>, nullable=False), Column('type', Enum('CONFLUENCE', 'JIRA', 'GITHUB', 'ONBOARDING', name='source_type'), table=<data_sources>, nullable=False), Column('config', JSON(), table=<data_sources>, nullable=False, default=CallableColumnDefault(<function dict at 0x78f001018040>)), Column('last_sync_at', DateTime(timezone=True), table=<data_sources>), Column('sync_status', Enum('PENDING', 'SYNCING', 'SUCCESS', 'FAILED', name='sync_status'), table=<data_sources>, nullable=False, default=ScalarElementColumnDefault(<SyncStatus.PENDING: 'pending'>)), Column('sync_error', Text(), table=<data_sources>), Column('created_by', GUID(), ForeignKey('users.id'), table=<data_sources>, nullable=False), Column('is_active', Boolean(), table=<data_sources>, nullable=False, default=ScalarElementColumnDefault(True)), schema=None),
 Table('sync_logs', MetaData(), Column('id', GUID(), table=<sync_logs>, primary_key=True, nullable=False, default=CallableColumnDefault(<function uuid4 at 0x78f00101a3e0>)), Column('source_id', GUID(), ForeignKey('data_sources.id'), table=<sync_logs>, nullable=False), Column('started_at', DateTime(timezone=True), table=<sync_logs>, nullable=False, default=CallableColumnDefault(<function datetime.utcnow at 0x78f00101a480>)), Column('completed_at', DateTime(timezone=True), table=<sync_logs>), Column('status', Enum('PENDING', 'SYNCING', 'SUCCESS', 'FAILED', name='sync_status'), table=<sync_logs>, nullable=False, default=ScalarElementColumnDefault(<SyncStatus.PENDING: 'pending'>)), Column('documents_processed', Integer(), table=<sync_logs>, nullable=False, default=ScalarElementColumnDefault(0)), Column('documents_added', Integer(), table=<sync_logs>, nullable=False, default=ScalarElementColumnDefault(0)), Column('documents_updated', Integer(), table=<sync_logs>, nullable=False, default=ScalarElementColumnDefault(0)), Column('documents_deleted', Integer(), table=<sync_logs>, nullable=False, default=ScalarElementColumnDefault(0)), Column('error_log', Text(), table=<sync_logs>), schema=None),
 Table('documents', MetaData(), Column('id', UUID(), table=<documents>, primary_key=True, nullable=False, default=CallableColumnDefault(<function uuid4 at 0x78f00101bec0>)), Column('source_id', UUID(), ForeignKey('data_sources.id'), table=<documents>, nullable=False), Column('external_id', String(length=255), table=<documents>, nullable=False), Column('title', Text(), table=<documents>, nullable=False), Column('content', Text(), table=<documents>, nullable=False), Column('url', Text(), table=<documents>), Column('metadata', JSONB(astext_type=Text()), table=<documents>, default=CallableColumnDefault(<function dict at 0x78f000fec360>)), Column('created_at', DateTime(timezone=True), table=<documents>, nullable=False, default=CallableColumnDefault(<function datetime.utcnow at 0x78efe0cbef20>)), Column('updated_at', DateTime(timezone=True), table=<documents>, nullable=False, onupdate=CallableColumnDefault(<function datetime.utcnow at 0x78efe0cbf060>), default=CallableColumnDefault(<function datetime.utcnow at 0x78efe0cbefc0>)), Column('is_deleted', Boolean(), table=<documents>, nullable=False, default=ScalarElementColumnDefault(False)), schema=None),
 Table('document_chunks', MetaData(), Column('id', UUID(), table=<document_chunks>, primary_key=True, nullable=False, default=CallableColumnDefault(<function uuid4 at 0x78efe0ce0720>)), Column('document_id', UUID(), ForeignKey('documents.id'), table=<document_chunks>, nullable=False), Column('chunk_index', Integer(), table=<document_chunks>, nullable=False), Column('content', Text(), table=<document_chunks>, nullable=False), Column('embedding', Vector(dim=384), table=<document_chunks>), Column('metadata', JSONB(astext_type=Text()), table=<document_chunks>, default=CallableColumnDefault(<function dict at 0x78efe0ce07c0>)), Column('created_at', DateTime(timezone=True), table=<document_chunks>, nullable=False, default=CallableColumnDefault(<function datetime.utcnow at 0x78efe0ce09a0>)), schema=None)]
venv/lib/python3.12/site-packages/sqlalchemy/sql/visitors.py:671: in traverse_single
    return meth(obj, **kw)
        kw         = {'_is_metadata_operation': True,
 'create_ok': True,
 'include_foreign_key_constraints': set()}
        meth       = <bound method SchemaGenerator.visit_table of <sqlalchemy.sql.ddl.SchemaGenerator object at 0x78efe0ce40d0>>
        obj        = Table('users', MetaData(), Column('id', GUID(), table=<users>, primary_key=True, nullable=False, default=CallableColumnDefault(<function uuid4 at 0x78f001182de0>)), Column('email', String(length=255), table=<users>), Column('password_hash', String(length=255), table=<users>), Column('role', Enum('ADMIN', 'USER', 'ANONYMOUS', name='user_role'), table=<users>, nullable=False, default=ScalarElementColumnDefault(<UserRole.ANONYMOUS: 'anonymous'>)), Column('is_active', Boolean(), table=<users>, nullable=False, default=ScalarElementColumnDefault(True)), Column('created_at', DateTime(timezone=True), table=<users>, nullable=False, default=CallableColumnDefault(<function datetime.utcnow at 0x78f0011e8ea0>)), Column('last_login', DateTime(timezone=True), table=<users>), schema=None)
        self       = <sqlalchemy.sql.ddl.SchemaGenerator object at 0x78efe0ce40d0>
        v          = <sqlalchemy.sql.ddl.SchemaGenerator object at 0x78efe0ce40d0>
venv/lib/python3.12/site-packages/sqlalchemy/sql/ddl.py:961: in visit_table
    self.traverse_single(index, create_ok=True)
        _is_metadata_operation = True
        column     = Column('last_login', DateTime(timezone=True), table=<users>)
        create_ok  = True
        include_foreign_key_constraints = None
        index      = Index('ix_users_email', Column('email', String(length=255), table=<users>), unique=True)
        self       = <sqlalchemy.sql.ddl.SchemaGenerator object at 0x78efe0ce40d0>
        table      = Table('users', MetaData(), Column('id', GUID(), table=<users>, primary_key=True, nullable=False, default=CallableColumnDefault(<function uuid4 at 0x78f001182de0>)), Column('email', String(length=255), table=<users>), Column('password_hash', String(length=255), table=<users>), Column('role', Enum('ADMIN', 'USER', 'ANONYMOUS', name='user_role'), table=<users>, nullable=False, default=ScalarElementColumnDefault(<UserRole.ANONYMOUS: 'anonymous'>)), Column('is_active', Boolean(), table=<users>, nullable=False, default=ScalarElementColumnDefault(True)), Column('created_at', DateTime(timezone=True), table=<users>, nullable=False, default=CallableColumnDefault(<function datetime.utcnow at 0x78f0011e8ea0>)), Column('last_login', DateTime(timezone=True), table=<users>), schema=None)
venv/lib/python3.12/site-packages/sqlalchemy/sql/visitors.py:671: in traverse_single
    return meth(obj, **kw)
        kw         = {'create_ok': True}
        meth       = <bound method SchemaGenerator.visit_index of <sqlalchemy.sql.ddl.SchemaGenerator object at 0x78efe0ce40d0>>
        obj        = Index('ix_users_email', Column('email', String(length=255), table=<users>), unique=True)
        self       = <sqlalchemy.sql.ddl.SchemaGenerator object at 0x78efe0ce40d0>
        v          = <sqlalchemy.sql.ddl.SchemaGenerator object at 0x78efe0ce40d0>
venv/lib/python3.12/site-packages/sqlalchemy/sql/ddl.py:998: in visit_index
    CreateIndex(index)._invoke_with(self.connection)
        create_ok  = True
        index      = Index('ix_users_email', Column('email', String(length=255), table=<users>), unique=True)
        self       = <sqlalchemy.sql.ddl.SchemaGenerator object at 0x78efe0ce40d0>
venv/lib/python3.12/site-packages/sqlalchemy/sql/ddl.py:315: in _invoke_with
    return bind.execute(self)
        bind       = <sqlalchemy.engine.base.Connection object at 0x78efe0bd0380>
        self       = <sqlalchemy.sql.ddl.CreateIndex object at 0x78f000fe2900>
venv/lib/python3.12/site-packages/sqlalchemy/engine/base.py:1416: in execute
    return meth(
        distilled_parameters = ()
        execution_options = None
        meth       = <bound method ExecutableDDLElement._execute_on_connection of <sqlalchemy.sql.ddl.CreateIndex object at 0x78f000fe2900>>
        parameters = None
        self       = <sqlalchemy.engine.base.Connection object at 0x78efe0bd0380>
        statement  = <sqlalchemy.sql.ddl.CreateIndex object at 0x78f000fe2900>
venv/lib/python3.12/site-packages/sqlalchemy/sql/ddl.py:181: in _execute_on_connection
    return connection._execute_ddl(
        connection = <sqlalchemy.engine.base.Connection object at 0x78efe0bd0380>
        distilled_params = ()
        execution_options = immutabledict({})
        self       = <sqlalchemy.sql.ddl.CreateIndex object at 0x78f000fe2900>
venv/lib/python3.12/site-packages/sqlalchemy/engine/base.py:1528: in _execute_ddl
    ret = self._execute_context(
        compiled   = <sqlalchemy.dialects.sqlite.base.SQLiteDDLCompiler object at 0x78efe0bd18e0>
        ddl        = <sqlalchemy.sql.ddl.CreateIndex object at 0x78f000fe2900>
        dialect    = <sqlalchemy.dialects.sqlite.aiosqlite.SQLiteDialect_aiosqlite object at 0x78efe0cc3620>
        distilled_parameters = ()
        event_multiparams = None
        event_params = None
        exec_opts  = immutabledict({})
        execution_options = immutabledict({})
        schema_translate_map = None
        self       = <sqlalchemy.engine.base.Connection object at 0x78efe0bd0380>
venv/lib/python3.12/site-packages/sqlalchemy/engine/base.py:1848: in _execute_context
    return self._exec_single_context(
        args       = (<sqlalchemy.dialects.sqlite.base.SQLiteDDLCompiler object at 0x78efe0bd18e0>,)
        conn       = <sqlalchemy.pool.base._ConnectionFairy object at 0x78efe0ba6930>
        constructor = <bound method DefaultExecutionContext._init_ddl of <class 'sqlalchemy.dialects.sqlite.aiosqlite.SQLiteExecutionContext_aiosqlite'>>
        context    = <sqlalchemy.dialects.sqlite.aiosqlite.SQLiteExecutionContext_aiosqlite object at 0x78efe0bd21b0>
        dialect    = <sqlalchemy.dialects.sqlite.aiosqlite.SQLiteDialect_aiosqlite object at 0x78efe0cc3620>
        execution_options = immutabledict({})
        kw         = {}
        parameters = None
        self       = <sqlalchemy.engine.base.Connection object at 0x78efe0bd0380>
        statement  = <sqlalchemy.dialects.sqlite.base.SQLiteDDLCompiler object at 0x78efe0bd18e0>
venv/lib/python3.12/site-packages/sqlalchemy/engine/base.py:1988: in _exec_single_context
    self._handle_dbapi_exception(
        context    = <sqlalchemy.dialects.sqlite.aiosqlite.SQLiteExecutionContext_aiosqlite object at 0x78efe0bd21b0>
        cursor     = <sqlalchemy.dialects.sqlite.aiosqlite.AsyncAdapt_aiosqlite_cursor object at 0x78efe0ba7e20>
        dialect    = <sqlalchemy.dialects.sqlite.aiosqlite.SQLiteDialect_aiosqlite object at 0x78efe0cc3620>
        effective_parameters = ()
        evt_handled = False
        parameters = [()]
        self       = <sqlalchemy.engine.base.Connection object at 0x78efe0bd0380>
        statement  = <sqlalchemy.dialects.sqlite.base.SQLiteDDLCompiler object at 0x78efe0bd18e0>
        str_statement = 'CREATE UNIQUE INDEX ix_users_email ON users (email)'
venv/lib/python3.12/site-packages/sqlalchemy/engine/base.py:2344: in _handle_dbapi_exception
    raise sqlalchemy_exception.with_traceback(exc_info[2]) from e
        context    = <sqlalchemy.dialects.sqlite.aiosqlite.SQLiteExecutionContext_aiosqlite object at 0x78efe0bd21b0>
        cursor     = <sqlalchemy.dialects.sqlite.aiosqlite.AsyncAdapt_aiosqlite_cursor object at 0x78efe0ba7e20>
        e          = OperationalError('index ix_users_email already exists')
        exc_info   = (<class 'sqlite3.OperationalError'>,
 OperationalError('index ix_users_email already exists'),
 <traceback object at 0x78efe0201740>)
        invalidate_pool_on_disconnect = True
        is_exit_exception = False
        is_sub_exec = False
        ismulti    = False
        newraise   = None
        parameters = ()
        self       = <sqlalchemy.engine.base.Connection object at 0x78efe0bd0380>
        should_wrap = True
        sqlalchemy_exception = OperationalError('(sqlite3.OperationalError) index ix_users_email already exists')
        statement  = 'CREATE UNIQUE INDEX ix_users_email ON users (email)'
venv/lib/python3.12/site-packages/sqlalchemy/engine/base.py:1969: in _exec_single_context
    self.dialect.do_execute(
        context    = <sqlalchemy.dialects.sqlite.aiosqlite.SQLiteExecutionContext_aiosqlite object at 0x78efe0bd21b0>
        cursor     = <sqlalchemy.dialects.sqlite.aiosqlite.AsyncAdapt_aiosqlite_cursor object at 0x78efe0ba7e20>
        dialect    = <sqlalchemy.dialects.sqlite.aiosqlite.SQLiteDialect_aiosqlite object at 0x78efe0cc3620>
        effective_parameters = ()
        evt_handled = False
        parameters = [()]
        self       = <sqlalchemy.engine.base.Connection object at 0x78efe0bd0380>
        statement  = <sqlalchemy.dialects.sqlite.base.SQLiteDDLCompiler object at 0x78efe0bd18e0>
        str_statement = 'CREATE UNIQUE INDEX ix_users_email ON users (email)'
venv/lib/python3.12/site-packages/sqlalchemy/engine/default.py:922: in do_execute
    cursor.execute(statement, parameters)
        context    = <sqlalchemy.dialects.sqlite.aiosqlite.SQLiteExecutionContext_aiosqlite object at 0x78efe0bd21b0>
        cursor     = <sqlalchemy.dialects.sqlite.aiosqlite.AsyncAdapt_aiosqlite_cursor object at 0x78efe0ba7e20>
        parameters = ()
        self       = <sqlalchemy.dialects.sqlite.aiosqlite.SQLiteDialect_aiosqlite object at 0x78efe0cc3620>
        statement  = 'CREATE UNIQUE INDEX ix_users_email ON users (email)'
venv/lib/python3.12/site-packages/sqlalchemy/dialects/sqlite/aiosqlite.py:146: in execute
    self._adapt_connection._handle_exception(error)
        _cursor    = <aiosqlite.cursor.Cursor object at 0x78efe0bd2210>
        operation  = 'CREATE UNIQUE INDEX ix_users_email ON users (email)'
        parameters = ()
        self       = <sqlalchemy.dialects.sqlite.aiosqlite.AsyncAdapt_aiosqlite_cursor object at 0x78efe0ba7e20>
venv/lib/python3.12/site-packages/sqlalchemy/dialects/sqlite/aiosqlite.py:298: in _handle_exception
    raise error
        error      = OperationalError('index ix_users_email already exists')
        self       = <AdaptedConnection <aiosqlite.core.Connection object at 0x78efe0bd0950>>
venv/lib/python3.12/site-packages/sqlalchemy/dialects/sqlite/aiosqlite.py:128: in execute
    self.await_(_cursor.execute(operation, parameters))
        _cursor    = <aiosqlite.cursor.Cursor object at 0x78efe0bd2210>
        operation  = 'CREATE UNIQUE INDEX ix_users_email ON users (email)'
        parameters = ()
        self       = <sqlalchemy.dialects.sqlite.aiosqlite.AsyncAdapt_aiosqlite_cursor object at 0x78efe0ba7e20>
venv/lib/python3.12/site-packages/sqlalchemy/util/_concurrency_py3k.py:130: in await_only
    return current.driver.switch(awaitable)  # type: ignore[no-any-return]
        awaitable  = <coroutine object Cursor.execute at 0x78efe0be19a0>
        current    = <_AsyncIoGreenlet object at 0x78efe0b41940 (otid=0x1d6ace30) dead>
venv/lib/python3.12/site-packages/sqlalchemy/util/_concurrency_py3k.py:195: in greenlet_spawn
    value = await result
        _require_await = False
        args       = (<sqlalchemy.engine.base.Connection object at 0x78efe0bd0380>,)
        context    = <_AsyncIoGreenlet object at 0x78efe0b41940 (otid=0x1d6ace30) dead>
        fn         = <bound method MetaData.create_all of MetaData()>
        kwargs     = {}
        result     = <coroutine object Cursor.execute at 0x78efe0be19a0>
        switch_occurred = True
        value      = <aiosqlite.cursor.Cursor object at 0x78efe0bd2210>
venv/lib/python3.12/site-packages/aiosqlite/cursor.py:40: in execute
    await self._execute(self._cursor.execute, sql, parameters)
        parameters = ()
        self       = <aiosqlite.cursor.Cursor object at 0x78efe0bd2210>
        sql        = 'CREATE UNIQUE INDEX ix_users_email ON users (email)'
venv/lib/python3.12/site-packages/aiosqlite/cursor.py:32: in _execute
    return await self._conn._execute(fn, *args, **kwargs)
        args       = ('CREATE UNIQUE INDEX ix_users_email ON users (email)', ())
        fn         = <built-in method execute of sqlite3.Cursor object at 0x78efe0bb97c0>
        kwargs     = {}
        self       = <aiosqlite.cursor.Cursor object at 0x78efe0bd2210>
venv/lib/python3.12/site-packages/aiosqlite/core.py:160: in _execute
    return await future
        args       = ('CREATE UNIQUE INDEX ix_users_email ON users (email)', ())
        fn         = <built-in method execute of sqlite3.Cursor object at 0x78efe0bb97c0>
        function   = functools.partial(<built-in method execute of sqlite3.Cursor object at 0x78efe0bb97c0>, 'CREATE UNIQUE INDEX ix_users_email ON users (email)', ())
        future     = <Future finished exception=OperationalError('index ix_users_email already exists')>
        kwargs     = {}
        self       = <aiosqlite.core.Connection object at 0x78efe0bd0950>
venv/lib/python3.12/site-packages/aiosqlite/core.py:63: in _connection_worker_thread
    result = function()
E   sqlalchemy.exc.OperationalError: (sqlite3.OperationalError) index ix_users_email already exists
E   [SQL: CREATE UNIQUE INDEX ix_users_email ON users (email)]
E   (Background on this error at: https://sqlalche.me/e/20/e3q8)
        function   = functools.partial(<built-in method rollback of sqlite3.Connection object at 0x78efe0b6f2e0>)
        future     = <Future finished result=None>
        result     = None
        tx         = <_queue.SimpleQueue object at 0x78efe0bd7060>
______________ ERROR at setup of test_async_relationship_loading _______________
venv/lib/python3.12/site-packages/sqlalchemy/engine/base.py:1969: in _exec_single_context
    self.dialect.do_execute(
        context    = <sqlalchemy.dialects.sqlite.aiosqlite.SQLiteExecutionContext_aiosqlite object at 0x78efe0bd21b0>
        cursor     = <sqlalchemy.dialects.sqlite.aiosqlite.AsyncAdapt_aiosqlite_cursor object at 0x78efe0ba7e20>
        dialect    = <sqlalchemy.dialects.sqlite.aiosqlite.SQLiteDialect_aiosqlite object at 0x78efe0cc3620>
        effective_parameters = ()
        evt_handled = False
        parameters = [()]
        self       = <sqlalchemy.engine.base.Connection object at 0x78efe0bd0380>
        statement  = <sqlalchemy.dialects.sqlite.base.SQLiteDDLCompiler object at 0x78efe0bd18e0>
        str_statement = 'CREATE UNIQUE INDEX ix_users_email ON users (email)'
venv/lib/python3.12/site-packages/sqlalchemy/engine/default.py:922: in do_execute
    cursor.execute(statement, parameters)
        context    = <sqlalchemy.dialects.sqlite.aiosqlite.SQLiteExecutionContext_aiosqlite object at 0x78efe0bd21b0>
        cursor     = <sqlalchemy.dialects.sqlite.aiosqlite.AsyncAdapt_aiosqlite_cursor object at 0x78efe0ba7e20>
        parameters = ()
        self       = <sqlalchemy.dialects.sqlite.aiosqlite.SQLiteDialect_aiosqlite object at 0x78efe0cc3620>
        statement  = 'CREATE UNIQUE INDEX ix_users_email ON users (email)'
venv/lib/python3.12/site-packages/sqlalchemy/dialects/sqlite/aiosqlite.py:146: in execute
    self._adapt_connection._handle_exception(error)
        _cursor    = <aiosqlite.cursor.Cursor object at 0x78efe0bd2210>
        operation  = 'CREATE UNIQUE INDEX ix_users_email ON users (email)'
        parameters = ()
        self       = <sqlalchemy.dialects.sqlite.aiosqlite.AsyncAdapt_aiosqlite_cursor object at 0x78efe0ba7e20>
venv/lib/python3.12/site-packages/sqlalchemy/dialects/sqlite/aiosqlite.py:298: in _handle_exception
    raise error
        error      = OperationalError('index ix_users_email already exists')
        self       = <AdaptedConnection <aiosqlite.core.Connection object at 0x78efe0bd0950>>
venv/lib/python3.12/site-packages/sqlalchemy/dialects/sqlite/aiosqlite.py:128: in execute
    self.await_(_cursor.execute(operation, parameters))
        _cursor    = <aiosqlite.cursor.Cursor object at 0x78efe0bd2210>
        operation  = 'CREATE UNIQUE INDEX ix_users_email ON users (email)'
        parameters = ()
        self       = <sqlalchemy.dialects.sqlite.aiosqlite.AsyncAdapt_aiosqlite_cursor object at 0x78efe0ba7e20>
venv/lib/python3.12/site-packages/sqlalchemy/util/_concurrency_py3k.py:130: in await_only
    return current.driver.switch(awaitable)  # type: ignore[no-any-return]
        awaitable  = <coroutine object Cursor.execute at 0x78efe0be19a0>
        current    = <_AsyncIoGreenlet object at 0x78efe0b41940 (otid=0x1d6ace30) dead>
venv/lib/python3.12/site-packages/sqlalchemy/util/_concurrency_py3k.py:195: in greenlet_spawn
    value = await result
        _require_await = False
        args       = (<sqlalchemy.engine.base.Connection object at 0x78efe0bd0380>,)
        context    = <_AsyncIoGreenlet object at 0x78efe0b41940 (otid=0x1d6ace30) dead>
        fn         = <bound method MetaData.create_all of MetaData()>
        kwargs     = {}
        result     = <coroutine object Cursor.execute at 0x78efe0be19a0>
        switch_occurred = True
        value      = <aiosqlite.cursor.Cursor object at 0x78efe0bd2210>
venv/lib/python3.12/site-packages/aiosqlite/cursor.py:40: in execute
    await self._execute(self._cursor.execute, sql, parameters)
        parameters = ()
        self       = <aiosqlite.cursor.Cursor object at 0x78efe0bd2210>
        sql        = 'CREATE UNIQUE INDEX ix_users_email ON users (email)'
venv/lib/python3.12/site-packages/aiosqlite/cursor.py:32: in _execute
    return await self._conn._execute(fn, *args, **kwargs)
        args       = ('CREATE UNIQUE INDEX ix_users_email ON users (email)', ())
        fn         = <built-in method execute of sqlite3.Cursor object at 0x78efe0bb97c0>
        kwargs     = {}
        self       = <aiosqlite.cursor.Cursor object at 0x78efe0bd2210>
venv/lib/python3.12/site-packages/aiosqlite/core.py:160: in _execute
    return await future
        args       = ('CREATE UNIQUE INDEX ix_users_email ON users (email)', ())
        fn         = <built-in method execute of sqlite3.Cursor object at 0x78efe0bb97c0>
        function   = functools.partial(<built-in method execute of sqlite3.Cursor object at 0x78efe0bb97c0>, 'CREATE UNIQUE INDEX ix_users_email ON users (email)', ())
        future     = <Future finished exception=OperationalError('index ix_users_email already exists')>
        kwargs     = {}
        self       = <aiosqlite.core.Connection object at 0x78efe0bd0950>
venv/lib/python3.12/site-packages/aiosqlite/core.py:63: in _connection_worker_thread
    result = function()
E   sqlite3.OperationalError: index ix_users_email already exists
        function   = functools.partial(<built-in method rollback of sqlite3.Connection object at 0x78efe0b6f2e0>)
        future     = <Future finished result=None>
        result     = None
        tx         = <_queue.SimpleQueue object at 0x78efe0bd7060>

The above exception was the direct cause of the following exception:
venv/lib/python3.12/site-packages/pytest_asyncio/plugin.py:336: in _asyncgen_fixture_wrapper
    result = event_loop.run_until_complete(setup())
        event_loop = <_UnixSelectorEventLoop running=False closed=False debug=False>
        event_loop_fixture_id = '_session_event_loop'
        finalizer  = <function _wrap_asyncgen_fixture.<locals>._asyncgen_fixture_wrapper.<locals>.finalizer at 0x78efe0ba99e0>
        fixture    = <function engine at 0x78f001182b60>
        fixturedef = <FixtureDef argname='engine' scope='session' baseid='tests'>
        func       = <function engine at 0x78f001182b60>
        gen_obj    = <async_generator object engine at 0x78efe0b6ec50>
        kwargs     = {}
        request    = <SubRequest 'engine' for <Coroutine test_chat_session_creation_with_user>>
        setup      = <function _wrap_asyncgen_fixture.<locals>._asyncgen_fixture_wrapper.<locals>.setup at 0x78efe0ba9a80>
/usr/lib/python3.12/asyncio/base_events.py:687: in run_until_complete
    return future.result()
        future     = <Task finished name='Task-1' coro=<_wrap_asyncgen_fixture.<locals>._asyncgen_fixture_wrapper.<locals>.setup() done, defined at /mnt/d/workspace/ChatApplication/project-code/backend/venv/lib/python3.12/site-packages/pytest_asyncio/plugin.py:317> exception=OperationalError('(sqlite3.OperationalError) index ix_users_email already exists')>
        new_task   = True
        self       = <_UnixSelectorEventLoop running=False closed=False debug=False>
venv/lib/python3.12/site-packages/pytest_asyncio/plugin.py:318: in setup
    res = await gen_obj.__anext__()
        gen_obj    = <async_generator object engine at 0x78efe0b6ec50>
tests/conftest.py:62: in engine
    await conn.run_sync(Base.metadata.create_all)
        conn       = <sqlalchemy.ext.asyncio.engine.AsyncConnection object at 0x78efe0bd6850>
        test_engine = <sqlalchemy.ext.asyncio.engine.AsyncEngine object at 0x78f001041090>
venv/lib/python3.12/site-packages/sqlalchemy/ext/asyncio/engine.py:891: in run_sync
    return await greenlet_spawn(fn, self._proxied, *arg, **kw)
        arg        = ()
        fn         = <bound method MetaData.create_all of MetaData()>
        kw         = {}
        self       = <sqlalchemy.ext.asyncio.engine.AsyncConnection object at 0x78efe0bd6850>
venv/lib/python3.12/site-packages/sqlalchemy/util/_concurrency_py3k.py:200: in greenlet_spawn
    result = context.throw(*sys.exc_info())
        _require_await = False
        args       = (<sqlalchemy.engine.base.Connection object at 0x78efe0bd0380>,)
        context    = <_AsyncIoGreenlet object at 0x78efe0b41940 (otid=0x1d6ace30) dead>
        fn         = <bound method MetaData.create_all of MetaData()>
        kwargs     = {}
        result     = <coroutine object Cursor.execute at 0x78efe0be19a0>
        switch_occurred = True
        value      = <aiosqlite.cursor.Cursor object at 0x78efe0bd2210>
venv/lib/python3.12/site-packages/sqlalchemy/sql/schema.py:5832: in create_all
    bind._run_ddl_visitor(
        bind       = <sqlalchemy.engine.base.Connection object at 0x78efe0bd0380>
        checkfirst = True
        self       = MetaData()
        tables     = None
venv/lib/python3.12/site-packages/sqlalchemy/engine/base.py:2448: in _run_ddl_visitor
    visitorcallable(self.dialect, self, **kwargs).traverse_single(element)
        element    = MetaData()
        kwargs     = {'checkfirst': True, 'tables': None}
        self       = <sqlalchemy.engine.base.Connection object at 0x78efe0bd0380>
        visitorcallable = <class 'sqlalchemy.sql.ddl.SchemaGenerator'>
venv/lib/python3.12/site-packages/sqlalchemy/sql/visitors.py:671: in traverse_single
    return meth(obj, **kw)
        kw         = {}
        meth       = <bound method SchemaGenerator.visit_metadata of <sqlalchemy.sql.ddl.SchemaGenerator object at 0x78efe0ce40d0>>
        obj        = MetaData()
        self       = <sqlalchemy.sql.ddl.SchemaGenerator object at 0x78efe0ce40d0>
        v          = <sqlalchemy.sql.ddl.SchemaGenerator object at 0x78efe0ce40d0>
venv/lib/python3.12/site-packages/sqlalchemy/sql/ddl.py:919: in visit_metadata
    self.traverse_single(
        collection = [(Table('users', MetaData(), Column('id', GUID(), table=<users>, primary_key=True, nullable=False, default=CallableColumnDefault(<function uuid4 at 0x78f001182de0>)), Column('email', String(length=255), table=<users>), Column('password_hash', String(length=255), table=<users>), Column('role', Enum('ADMIN', 'USER', 'ANONYMOUS', name='user_role'), table=<users>, nullable=False, default=ScalarElementColumnDefault(<UserRole.ANONYMOUS: 'anonymous'>)), Column('is_active', Boolean(), table=<users>, nullable=False, default=ScalarElementColumnDefault(True)), Column('created_at', DateTime(timezone=True), table=<users>, nullable=False, default=CallableColumnDefault(<function datetime.utcnow at 0x78f0011e8ea0>)), Column('last_login', DateTime(timezone=True), table=<users>), schema=None),
  set()),
 (Table('chat_sessions', MetaData(), Column('id', GUID(), table=<chat_sessions>, primary_key=True, nullable=False, default=CallableColumnDefault(<function uuid4 at 0x78f001078720>)), Column('user_id', GUID(), ForeignKey('users.id'), table=<chat_sessions>), Column('session_token', String(length=255), table=<chat_sessions>, nullable=False), Column('created_at', DateTime(timezone=True), table=<chat_sessions>, nullable=False, default=CallableColumnDefault(<function datetime.utcnow at 0x78f0010787c0>)), Column('updated_at', DateTime(timezone=True), table=<chat_sessions>, nullable=False, onupdate=CallableColumnDefault(<function datetime.utcnow at 0x78f001078ae0>), default=CallableColumnDefault(<function datetime.utcnow at 0x78f001078a40>)), Column('metadata', JSON(), table=<chat_sessions>, default=CallableColumnDefault(<function dict at 0x78f001078b80>)), schema=None),
  {ForeignKeyConstraint(<sqlalchemy.sql.base.ReadOnlyColumnCollection object at 0x78efdb3365c0>, None, ondelete='SET NULL', table=Table('chat_sessions', MetaData(), Column('id', GUID(), table=<chat_sessions>, primary_key=True, nullable=False, default=CallableColumnDefault(<function uuid4 at 0x78f001078720>)), Column('user_id', GUID(), ForeignKey('users.id'), table=<chat_sessions>), Column('session_token', String(length=255), table=<chat_sessions>, nullable=False), Column('created_at', DateTime(timezone=True), table=<chat_sessions>, nullable=False, default=CallableColumnDefault(<function datetime.utcnow at 0x78f0010787c0>)), Column('updated_at', DateTime(timezone=True), table=<chat_sessions>, nullable=False, onupdate=CallableColumnDefault(<function datetime.utcnow at 0x78f001078ae0>), default=CallableColumnDefault(<function datetime.utcnow at 0x78f001078a40>)), Column('metadata', JSON(), table=<chat_sessions>, default=CallableColumnDefault(<function dict at 0x78f001078b80>)), schema=None))}),
 (Table('data_sources', MetaData(), Column('id', GUID(), table=<data_sources>, primary_key=True, nullable=False, default=CallableColumnDefault(<function uuid4 at 0x78f00107bd80>)), Column('name', String(length=255), table=<data_sources>, nullable=False), Column('type', Enum('CONFLUENCE', 'JIRA', 'GITHUB', 'ONBOARDING', name='source_type'), table=<data_sources>, nullable=False), Column('config', JSON(), table=<data_sources>, nullable=False, default=CallableColumnDefault(<function dict at 0x78f001018040>)), Column('last_sync_at', DateTime(timezone=True), table=<data_sources>), Column('sync_status', Enum('PENDING', 'SYNCING', 'SUCCESS', 'FAILED', name='sync_status'), table=<data_sources>, nullable=False, default=ScalarElementColumnDefault(<SyncStatus.PENDING: 'pending'>)), Column('sync_error', Text(), table=<data_sources>), Column('created_by', GUID(), ForeignKey('users.id'), table=<data_sources>, nullable=False), Column('is_active', Boolean(), table=<data_sources>, nullable=False, default=ScalarElementColumnDefault(True)), schema=None),
  {ForeignKeyConstraint(<sqlalchemy.sql.base.ReadOnlyColumnCollection object at 0x78efdb336610>, None, ondelete='CASCADE', table=Table('data_sources', MetaData(), Column('id', GUID(), table=<data_sources>, primary_key=True, nullable=False, default=CallableColumnDefault(<function uuid4 at 0x78f00107bd80>)), Column('name', String(length=255), table=<data_sources>, nullable=False), Column('type', Enum('CONFLUENCE', 'JIRA', 'GITHUB', 'ONBOARDING', name='source_type'), table=<data_sources>, nullable=False), Column('config', JSON(), table=<data_sources>, nullable=False, default=CallableColumnDefault(<function dict at 0x78f001018040>)), Column('last_sync_at', DateTime(timezone=True), table=<data_sources>), Column('sync_status', Enum('PENDING', 'SYNCING', 'SUCCESS', 'FAILED', name='sync_status'), table=<data_sources>, nullable=False, default=ScalarElementColumnDefault(<SyncStatus.PENDING: 'pending'>)), Column('sync_error', Text(), table=<data_sources>), Column('created_by', GUID(), ForeignKey('users.id'), table=<data_sources>, nullable=False), Column('is_active', Boolean(), table=<data_sources>, nullable=False, default=ScalarElementColumnDefault(True)), schema=None))}),
 (Table('messages', MetaData(), Column('id', GUID(), table=<messages>, primary_key=True, nullable=False, default=CallableColumnDefault(<function uuid4 at 0x78f00107a020>)), Column('session_id', GUID(), ForeignKey('chat_sessions.id'), table=<messages>, nullable=False), Column('role', Enum('USER', 'ASSISTANT', 'SYSTEM', name='message_role'), table=<messages>, nullable=False), Column('content', Text(), table=<messages>, nullable=False), Column('created_at', DateTime(timezone=True), table=<messages>, nullable=False, default=CallableColumnDefault(<function datetime.utcnow at 0x78f00107a3e0>)), Column('sources', JSON(), table=<messages>, default=CallableColumnDefault(<function dict at 0x78f00107a520>)), Column('feedback', JSON(), table=<messages>, default=CallableColumnDefault(<function dict at 0x78f00107a660>)), schema=None),
  {ForeignKeyConstraint(<sqlalchemy.sql.base.ReadOnlyColumnCollection object at 0x78efdb3366b0>, None, ondelete='CASCADE', table=Table('messages', MetaData(), Column('id', GUID(), table=<messages>, primary_key=True, nullable=False, default=CallableColumnDefault(<function uuid4 at 0x78f00107a020>)), Column('session_id', GUID(), ForeignKey('chat_sessions.id'), table=<messages>, nullable=False), Column('role', Enum('USER', 'ASSISTANT', 'SYSTEM', name='message_role'), table=<messages>, nullable=False), Column('content', Text(), table=<messages>, nullable=False), Column('created_at', DateTime(timezone=True), table=<messages>, nullable=False, default=CallableColumnDefault(<function datetime.utcnow at 0x78f00107a3e0>)), Column('sources', JSON(), table=<messages>, default=CallableColumnDefault(<function dict at 0x78f00107a520>)), Column('feedback', JSON(), table=<messages>, default=CallableColumnDefault(<function dict at 0x78f00107a660>)), schema=None))}),
 (Table('sync_logs', MetaData(), Column('id', GUID(), table=<sync_logs>, primary_key=True, nullable=False, default=CallableColumnDefault(<function uuid4 at 0x78f00101a3e0>)), Column('source_id', GUID(), ForeignKey('data_sources.id'), table=<sync_logs>, nullable=False), Column('started_at', DateTime(timezone=True), table=<sync_logs>, nullable=False, default=CallableColumnDefault(<function datetime.utcnow at 0x78f00101a480>)), Column('completed_at', DateTime(timezone=True), table=<sync_logs>), Column('status', Enum('PENDING', 'SYNCING', 'SUCCESS', 'FAILED', name='sync_status'), table=<sync_logs>, nullable=False, default=ScalarElementColumnDefault(<SyncStatus.PENDING: 'pending'>)), Column('documents_processed', Integer(), table=<sync_logs>, nullable=False, default=ScalarElementColumnDefault(0)), Column('documents_added', Integer(), table=<sync_logs>, nullable=False, default=ScalarElementColumnDefault(0)), Column('documents_updated', Integer(), table=<sync_logs>, nullable=False, default=ScalarElementColumnDefault(0)), Column('documents_deleted', Integer(), table=<sync_logs>, nullable=False, default=ScalarElementColumnDefault(0)), Column('error_log', Text(), table=<sync_logs>), schema=None),
  {ForeignKeyConstraint(<sqlalchemy.sql.base.ReadOnlyColumnCollection object at 0x78efdb336660>, None, ondelete='CASCADE', table=Table('sync_logs', MetaData(), Column('id', GUID(), table=<sync_logs>, primary_key=True, nullable=False, default=CallableColumnDefault(<function uuid4 at 0x78f00101a3e0>)), Column('source_id', GUID(), ForeignKey('data_sources.id'), table=<sync_logs>, nullable=False), Column('started_at', DateTime(timezone=True), table=<sync_logs>, nullable=False, default=CallableColumnDefault(<function datetime.utcnow at 0x78f00101a480>)), Column('completed_at', DateTime(timezone=True), table=<sync_logs>), Column('status', Enum('PENDING', 'SYNCING', 'SUCCESS', 'FAILED', name='sync_status'), table=<sync_logs>, nullable=False, default=ScalarElementColumnDefault(<SyncStatus.PENDING: 'pending'>)), Column('documents_processed', Integer(), table=<sync_logs>, nullable=False, default=ScalarElementColumnDefault(0)), Column('documents_added', Integer(), table=<sync_logs>, nullable=False, default=ScalarElementColumnDefault(0)), Column('documents_updated', Integer(), table=<sync_logs>, nullable=False, default=ScalarElementColumnDefault(0)), Column('documents_deleted', Integer(), table=<sync_logs>, nullable=False, default=ScalarElementColumnDefault(0)), Column('error_log', Text(), table=<sync_logs>), schema=None))}),
 (Table('documents', MetaData(), Column('id', UUID(), table=<documents>, primary_key=True, nullable=False, default=CallableColumnDefault(<function uuid4 at 0x78f00101bec0>)), Column('source_id', UUID(), ForeignKey('data_sources.id'), table=<documents>, nullable=False), Column('external_id', String(length=255), table=<documents>, nullable=False), Column('title', Text(), table=<documents>, nullable=False), Column('content', Text(), table=<documents>, nullable=False), Column('url', Text(), table=<documents>), Column('metadata', JSONB(astext_type=Text()), table=<documents>, default=CallableColumnDefault(<function dict at 0x78f000fec360>)), Column('created_at', DateTime(timezone=True), table=<documents>, nullable=False, default=CallableColumnDefault(<function datetime.utcnow at 0x78efe0cbef20>)), Column('updated_at', DateTime(timezone=True), table=<documents>, nullable=False, onupdate=CallableColumnDefault(<function datetime.utcnow at 0x78efe0cbf060>), default=CallableColumnDefault(<function datetime.utcnow at 0x78efe0cbefc0>)), Column('is_deleted', Boolean(), table=<documents>, nullable=False, default=ScalarElementColumnDefault(False)), schema=None),
  {ForeignKeyConstraint(<sqlalchemy.sql.base.ReadOnlyColumnCollection object at 0x78efdb336750>, None, ondelete='CASCADE', table=Table('documents', MetaData(), Column('id', UUID(), table=<documents>, primary_key=True, nullable=False, default=CallableColumnDefault(<function uuid4 at 0x78f00101bec0>)), Column('source_id', UUID(), ForeignKey('data_sources.id'), table=<documents>, nullable=False), Column('external_id', String(length=255), table=<documents>, nullable=False), Column('title', Text(), table=<documents>, nullable=False), Column('content', Text(), table=<documents>, nullable=False), Column('url', Text(), table=<documents>), Column('metadata', JSONB(astext_type=Text()), table=<documents>, default=CallableColumnDefault(<function dict at 0x78f000fec360>)), Column('created_at', DateTime(timezone=True), table=<documents>, nullable=False, default=CallableColumnDefault(<function datetime.utcnow at 0x78efe0cbef20>)), Column('updated_at', DateTime(timezone=True), table=<documents>, nullable=False, onupdate=CallableColumnDefault(<function datetime.utcnow at 0x78efe0cbf060>), default=CallableColumnDefault(<function datetime.utcnow at 0x78efe0cbefc0>)), Column('is_deleted', Boolean(), table=<documents>, nullable=False, default=ScalarElementColumnDefault(False)), schema=None))}),
 (Table('document_chunks', MetaData(), Column('id', UUID(), table=<document_chunks>, primary_key=True, nullable=False, default=CallableColumnDefault(<function uuid4 at 0x78efe0ce0720>)), Column('document_id', UUID(), ForeignKey('documents.id'), table=<document_chunks>, nullable=False), Column('chunk_index', Integer(), table=<document_chunks>, nullable=False), Column('content', Text(), table=<document_chunks>, nullable=False), Column('embedding', Vector(dim=384), table=<document_chunks>), Column('metadata', JSONB(astext_type=Text()), table=<document_chunks>, default=CallableColumnDefault(<function dict at 0x78efe0ce07c0>)), Column('created_at', DateTime(timezone=True), table=<document_chunks>, nullable=False, default=CallableColumnDefault(<function datetime.utcnow at 0x78efe0ce09a0>)), schema=None),
  {ForeignKeyConstraint(<sqlalchemy.sql.base.ReadOnlyColumnCollection object at 0x78efdb3367a0>, None, ondelete='CASCADE', table=Table('document_chunks', MetaData(), Column('id', UUID(), table=<document_chunks>, primary_key=True, nullable=False, default=CallableColumnDefault(<function uuid4 at 0x78efe0ce0720>)), Column('document_id', UUID(), ForeignKey('documents.id'), table=<document_chunks>, nullable=False), Column('chunk_index', Integer(), table=<document_chunks>, nullable=False), Column('content', Text(), table=<document_chunks>, nullable=False), Column('embedding', Vector(dim=384), table=<document_chunks>), Column('metadata', JSONB(astext_type=Text()), table=<document_chunks>, default=CallableColumnDefault(<function dict at 0x78efe0ce07c0>)), Column('created_at', DateTime(timezone=True), table=<document_chunks>, nullable=False, default=CallableColumnDefault(<function datetime.utcnow at 0x78efe0ce09a0>)), schema=None))}),
 (None, [])]
        event_collection = [Table('users', MetaData(), Column('id', GUID(), table=<users>, primary_key=True, nullable=False, default=CallableColumnDefault(<function uuid4 at 0x78f001182de0>)), Column('email', String(length=255), table=<users>), Column('password_hash', String(length=255), table=<users>), Column('role', Enum('ADMIN', 'USER', 'ANONYMOUS', name='user_role'), table=<users>, nullable=False, default=ScalarElementColumnDefault(<UserRole.ANONYMOUS: 'anonymous'>)), Column('is_active', Boolean(), table=<users>, nullable=False, default=ScalarElementColumnDefault(True)), Column('created_at', DateTime(timezone=True), table=<users>, nullable=False, default=CallableColumnDefault(<function datetime.utcnow at 0x78f0011e8ea0>)), Column('last_login', DateTime(timezone=True), table=<users>), schema=None),
 Table('chat_sessions', MetaData(), Column('id', GUID(), table=<chat_sessions>, primary_key=True, nullable=False, default=CallableColumnDefault(<function uuid4 at 0x78f001078720>)), Column('user_id', GUID(), ForeignKey('users.id'), table=<chat_sessions>), Column('session_token', String(length=255), table=<chat_sessions>, nullable=False), Column('created_at', DateTime(timezone=True), table=<chat_sessions>, nullable=False, default=CallableColumnDefault(<function datetime.utcnow at 0x78f0010787c0>)), Column('updated_at', DateTime(timezone=True), table=<chat_sessions>, nullable=False, onupdate=CallableColumnDefault(<function datetime.utcnow at 0x78f001078ae0>), default=CallableColumnDefault(<function datetime.utcnow at 0x78f001078a40>)), Column('metadata', JSON(), table=<chat_sessions>, default=CallableColumnDefault(<function dict at 0x78f001078b80>)), schema=None),
 Table('data_sources', MetaData(), Column('id', GUID(), table=<data_sources>, primary_key=True, nullable=False, default=CallableColumnDefault(<function uuid4 at 0x78f00107bd80>)), Column('name', String(length=255), table=<data_sources>, nullable=False), Column('type', Enum('CONFLUENCE', 'JIRA', 'GITHUB', 'ONBOARDING', name='source_type'), table=<data_sources>, nullable=False), Column('config', JSON(), table=<data_sources>, nullable=False, default=CallableColumnDefault(<function dict at 0x78f001018040>)), Column('last_sync_at', DateTime(timezone=True), table=<data_sources>), Column('sync_status', Enum('PENDING', 'SYNCING', 'SUCCESS', 'FAILED', name='sync_status'), table=<data_sources>, nullable=False, default=ScalarElementColumnDefault(<SyncStatus.PENDING: 'pending'>)), Column('sync_error', Text(), table=<data_sources>), Column('created_by', GUID(), ForeignKey('users.id'), table=<data_sources>, nullable=False), Column('is_active', Boolean(), table=<data_sources>, nullable=False, default=ScalarElementColumnDefault(True)), schema=None),
 Table('messages', MetaData(), Column('id', GUID(), table=<messages>, primary_key=True, nullable=False, default=CallableColumnDefault(<function uuid4 at 0x78f00107a020>)), Column('session_id', GUID(), ForeignKey('chat_sessions.id'), table=<messages>, nullable=False), Column('role', Enum('USER', 'ASSISTANT', 'SYSTEM', name='message_role'), table=<messages>, nullable=False), Column('content', Text(), table=<messages>, nullable=False), Column('created_at', DateTime(timezone=True), table=<messages>, nullable=False, default=CallableColumnDefault(<function datetime.utcnow at 0x78f00107a3e0>)), Column('sources', JSON(), table=<messages>, default=CallableColumnDefault(<function dict at 0x78f00107a520>)), Column('feedback', JSON(), table=<messages>, default=CallableColumnDefault(<function dict at 0x78f00107a660>)), schema=None),
 Table('sync_logs', MetaData(), Column('id', GUID(), table=<sync_logs>, primary_key=True, nullable=False, default=CallableColumnDefault(<function uuid4 at 0x78f00101a3e0>)), Column('source_id', GUID(), ForeignKey('data_sources.id'), table=<sync_logs>, nullable=False), Column('started_at', DateTime(timezone=True), table=<sync_logs>, nullable=False, default=CallableColumnDefault(<function datetime.utcnow at 0x78f00101a480>)), Column('completed_at', DateTime(timezone=True), table=<sync_logs>), Column('status', Enum('PENDING', 'SYNCING', 'SUCCESS', 'FAILED', name='sync_status'), table=<sync_logs>, nullable=False, default=ScalarElementColumnDefault(<SyncStatus.PENDING: 'pending'>)), Column('documents_processed', Integer(), table=<sync_logs>, nullable=False, default=ScalarElementColumnDefault(0)), Column('documents_added', Integer(), table=<sync_logs>, nullable=False, default=ScalarElementColumnDefault(0)), Column('documents_updated', Integer(), table=<sync_logs>, nullable=False, default=ScalarElementColumnDefault(0)), Column('documents_deleted', Integer(), table=<sync_logs>, nullable=False, default=ScalarElementColumnDefault(0)), Column('error_log', Text(), table=<sync_logs>), schema=None),
 Table('documents', MetaData(), Column('id', UUID(), table=<documents>, primary_key=True, nullable=False, default=CallableColumnDefault(<function uuid4 at 0x78f00101bec0>)), Column('source_id', UUID(), ForeignKey('data_sources.id'), table=<documents>, nullable=False), Column('external_id', String(length=255), table=<documents>, nullable=False), Column('title', Text(), table=<documents>, nullable=False), Column('content', Text(), table=<documents>, nullable=False), Column('url', Text(), table=<documents>), Column('metadata', JSONB(astext_type=Text()), table=<documents>, default=CallableColumnDefault(<function dict at 0x78f000fec360>)), Column('created_at', DateTime(timezone=True), table=<documents>, nullable=False, default=CallableColumnDefault(<function datetime.utcnow at 0x78efe0cbef20>)), Column('updated_at', DateTime(timezone=True), table=<documents>, nullable=False, onupdate=CallableColumnDefault(<function datetime.utcnow at 0x78efe0cbf060>), default=CallableColumnDefault(<function datetime.utcnow at 0x78efe0cbefc0>)), Column('is_deleted', Boolean(), table=<documents>, nullable=False, default=ScalarElementColumnDefault(False)), schema=None),
 Table('document_chunks', MetaData(), Column('id', UUID(), table=<document_chunks>, primary_key=True, nullable=False, default=CallableColumnDefault(<function uuid4 at 0x78efe0ce0720>)), Column('document_id', UUID(), ForeignKey('documents.id'), table=<document_chunks>, nullable=False), Column('chunk_index', Integer(), table=<document_chunks>, nullable=False), Column('content', Text(), table=<document_chunks>, nullable=False), Column('embedding', Vector(dim=384), table=<document_chunks>), Column('metadata', JSONB(astext_type=Text()), table=<document_chunks>, default=CallableColumnDefault(<function dict at 0x78efe0ce07c0>)), Column('created_at', DateTime(timezone=True), table=<document_chunks>, nullable=False, default=CallableColumnDefault(<function datetime.utcnow at 0x78efe0ce09a0>)), schema=None)]
        fkcs       = set()
        metadata   = MetaData()
        self       = <sqlalchemy.sql.ddl.SchemaGenerator object at 0x78efe0ce40d0>
        seq_coll   = []
        table      = Table('users', MetaData(), Column('id', GUID(), table=<users>, primary_key=True, nullable=False, default=CallableColumnDefault(<function uuid4 at 0x78f001182de0>)), Column('email', String(length=255), table=<users>), Column('password_hash', String(length=255), table=<users>), Column('role', Enum('ADMIN', 'USER', 'ANONYMOUS', name='user_role'), table=<users>, nullable=False, default=ScalarElementColumnDefault(<UserRole.ANONYMOUS: 'anonymous'>)), Column('is_active', Boolean(), table=<users>, nullable=False, default=ScalarElementColumnDefault(True)), Column('created_at', DateTime(timezone=True), table=<users>, nullable=False, default=CallableColumnDefault(<function datetime.utcnow at 0x78f0011e8ea0>)), Column('last_login', DateTime(timezone=True), table=<users>), schema=None)
        tables     = [Table('users', MetaData(), Column('id', GUID(), table=<users>, primary_key=True, nullable=False, default=CallableColumnDefault(<function uuid4 at 0x78f001182de0>)), Column('email', String(length=255), table=<users>), Column('password_hash', String(length=255), table=<users>), Column('role', Enum('ADMIN', 'USER', 'ANONYMOUS', name='user_role'), table=<users>, nullable=False, default=ScalarElementColumnDefault(<UserRole.ANONYMOUS: 'anonymous'>)), Column('is_active', Boolean(), table=<users>, nullable=False, default=ScalarElementColumnDefault(True)), Column('created_at', DateTime(timezone=True), table=<users>, nullable=False, default=CallableColumnDefault(<function datetime.utcnow at 0x78f0011e8ea0>)), Column('last_login', DateTime(timezone=True), table=<users>), schema=None),
 Table('chat_sessions', MetaData(), Column('id', GUID(), table=<chat_sessions>, primary_key=True, nullable=False, default=CallableColumnDefault(<function uuid4 at 0x78f001078720>)), Column('user_id', GUID(), ForeignKey('users.id'), table=<chat_sessions>), Column('session_token', String(length=255), table=<chat_sessions>, nullable=False), Column('created_at', DateTime(timezone=True), table=<chat_sessions>, nullable=False, default=CallableColumnDefault(<function datetime.utcnow at 0x78f0010787c0>)), Column('updated_at', DateTime(timezone=True), table=<chat_sessions>, nullable=False, onupdate=CallableColumnDefault(<function datetime.utcnow at 0x78f001078ae0>), default=CallableColumnDefault(<function datetime.utcnow at 0x78f001078a40>)), Column('metadata', JSON(), table=<chat_sessions>, default=CallableColumnDefault(<function dict at 0x78f001078b80>)), schema=None),
 Table('messages', MetaData(), Column('id', GUID(), table=<messages>, primary_key=True, nullable=False, default=CallableColumnDefault(<function uuid4 at 0x78f00107a020>)), Column('session_id', GUID(), ForeignKey('chat_sessions.id'), table=<messages>, nullable=False), Column('role', Enum('USER', 'ASSISTANT', 'SYSTEM', name='message_role'), table=<messages>, nullable=False), Column('content', Text(), table=<messages>, nullable=False), Column('created_at', DateTime(timezone=True), table=<messages>, nullable=False, default=CallableColumnDefault(<function datetime.utcnow at 0x78f00107a3e0>)), Column('sources', JSON(), table=<messages>, default=CallableColumnDefault(<function dict at 0x78f00107a520>)), Column('feedback', JSON(), table=<messages>, default=CallableColumnDefault(<function dict at 0x78f00107a660>)), schema=None),
 Table('data_sources', MetaData(), Column('id', GUID(), table=<data_sources>, primary_key=True, nullable=False, default=CallableColumnDefault(<function uuid4 at 0x78f00107bd80>)), Column('name', String(length=255), table=<data_sources>, nullable=False), Column('type', Enum('CONFLUENCE', 'JIRA', 'GITHUB', 'ONBOARDING', name='source_type'), table=<data_sources>, nullable=False), Column('config', JSON(), table=<data_sources>, nullable=False, default=CallableColumnDefault(<function dict at 0x78f001018040>)), Column('last_sync_at', DateTime(timezone=True), table=<data_sources>), Column('sync_status', Enum('PENDING', 'SYNCING', 'SUCCESS', 'FAILED', name='sync_status'), table=<data_sources>, nullable=False, default=ScalarElementColumnDefault(<SyncStatus.PENDING: 'pending'>)), Column('sync_error', Text(), table=<data_sources>), Column('created_by', GUID(), ForeignKey('users.id'), table=<data_sources>, nullable=False), Column('is_active', Boolean(), table=<data_sources>, nullable=False, default=ScalarElementColumnDefault(True)), schema=None),
 Table('sync_logs', MetaData(), Column('id', GUID(), table=<sync_logs>, primary_key=True, nullable=False, default=CallableColumnDefault(<function uuid4 at 0x78f00101a3e0>)), Column('source_id', GUID(), ForeignKey('data_sources.id'), table=<sync_logs>, nullable=False), Column('started_at', DateTime(timezone=True), table=<sync_logs>, nullable=False, default=CallableColumnDefault(<function datetime.utcnow at 0x78f00101a480>)), Column('completed_at', DateTime(timezone=True), table=<sync_logs>), Column('status', Enum('PENDING', 'SYNCING', 'SUCCESS', 'FAILED', name='sync_status'), table=<sync_logs>, nullable=False, default=ScalarElementColumnDefault(<SyncStatus.PENDING: 'pending'>)), Column('documents_processed', Integer(), table=<sync_logs>, nullable=False, default=ScalarElementColumnDefault(0)), Column('documents_added', Integer(), table=<sync_logs>, nullable=False, default=ScalarElementColumnDefault(0)), Column('documents_updated', Integer(), table=<sync_logs>, nullable=False, default=ScalarElementColumnDefault(0)), Column('documents_deleted', Integer(), table=<sync_logs>, nullable=False, default=ScalarElementColumnDefault(0)), Column('error_log', Text(), table=<sync_logs>), schema=None),
 Table('documents', MetaData(), Column('id', UUID(), table=<documents>, primary_key=True, nullable=False, default=CallableColumnDefault(<function uuid4 at 0x78f00101bec0>)), Column('source_id', UUID(), ForeignKey('data_sources.id'), table=<documents>, nullable=False), Column('external_id', String(length=255), table=<documents>, nullable=False), Column('title', Text(), table=<documents>, nullable=False), Column('content', Text(), table=<documents>, nullable=False), Column('url', Text(), table=<documents>), Column('metadata', JSONB(astext_type=Text()), table=<documents>, default=CallableColumnDefault(<function dict at 0x78f000fec360>)), Column('created_at', DateTime(timezone=True), table=<documents>, nullable=False, default=CallableColumnDefault(<function datetime.utcnow at 0x78efe0cbef20>)), Column('updated_at', DateTime(timezone=True), table=<documents>, nullable=False, onupdate=CallableColumnDefault(<function datetime.utcnow at 0x78efe0cbf060>), default=CallableColumnDefault(<function datetime.utcnow at 0x78efe0cbefc0>)), Column('is_deleted', Boolean(), table=<documents>, nullable=False, default=ScalarElementColumnDefault(False)), schema=None),
 Table('document_chunks', MetaData(), Column('id', UUID(), table=<document_chunks>, primary_key=True, nullable=False, default=CallableColumnDefault(<function uuid4 at 0x78efe0ce0720>)), Column('document_id', UUID(), ForeignKey('documents.id'), table=<document_chunks>, nullable=False), Column('chunk_index', Integer(), table=<document_chunks>, nullable=False), Column('content', Text(), table=<document_chunks>, nullable=False), Column('embedding', Vector(dim=384), table=<document_chunks>), Column('metadata', JSONB(astext_type=Text()), table=<document_chunks>, default=CallableColumnDefault(<function dict at 0x78efe0ce07c0>)), Column('created_at', DateTime(timezone=True), table=<document_chunks>, nullable=False, default=CallableColumnDefault(<function datetime.utcnow at 0x78efe0ce09a0>)), schema=None)]
venv/lib/python3.12/site-packages/sqlalchemy/sql/visitors.py:671: in traverse_single
    return meth(obj, **kw)
        kw         = {'_is_metadata_operation': True,
 'create_ok': True,
 'include_foreign_key_constraints': set()}
        meth       = <bound method SchemaGenerator.visit_table of <sqlalchemy.sql.ddl.SchemaGenerator object at 0x78efe0ce40d0>>
        obj        = Table('users', MetaData(), Column('id', GUID(), table=<users>, primary_key=True, nullable=False, default=CallableColumnDefault(<function uuid4 at 0x78f001182de0>)), Column('email', String(length=255), table=<users>), Column('password_hash', String(length=255), table=<users>), Column('role', Enum('ADMIN', 'USER', 'ANONYMOUS', name='user_role'), table=<users>, nullable=False, default=ScalarElementColumnDefault(<UserRole.ANONYMOUS: 'anonymous'>)), Column('is_active', Boolean(), table=<users>, nullable=False, default=ScalarElementColumnDefault(True)), Column('created_at', DateTime(timezone=True), table=<users>, nullable=False, default=CallableColumnDefault(<function datetime.utcnow at 0x78f0011e8ea0>)), Column('last_login', DateTime(timezone=True), table=<users>), schema=None)
        self       = <sqlalchemy.sql.ddl.SchemaGenerator object at 0x78efe0ce40d0>
        v          = <sqlalchemy.sql.ddl.SchemaGenerator object at 0x78efe0ce40d0>
venv/lib/python3.12/site-packages/sqlalchemy/sql/ddl.py:961: in visit_table
    self.traverse_single(index, create_ok=True)
        _is_metadata_operation = True
        column     = Column('last_login', DateTime(timezone=True), table=<users>)
        create_ok  = True
        include_foreign_key_constraints = None
        index      = Index('ix_users_email', Column('email', String(length=255), table=<users>), unique=True)
        self       = <sqlalchemy.sql.ddl.SchemaGenerator object at 0x78efe0ce40d0>
        table      = Table('users', MetaData(), Column('id', GUID(), table=<users>, primary_key=True, nullable=False, default=CallableColumnDefault(<function uuid4 at 0x78f001182de0>)), Column('email', String(length=255), table=<users>), Column('password_hash', String(length=255), table=<users>), Column('role', Enum('ADMIN', 'USER', 'ANONYMOUS', name='user_role'), table=<users>, nullable=False, default=ScalarElementColumnDefault(<UserRole.ANONYMOUS: 'anonymous'>)), Column('is_active', Boolean(), table=<users>, nullable=False, default=ScalarElementColumnDefault(True)), Column('created_at', DateTime(timezone=True), table=<users>, nullable=False, default=CallableColumnDefault(<function datetime.utcnow at 0x78f0011e8ea0>)), Column('last_login', DateTime(timezone=True), table=<users>), schema=None)
venv/lib/python3.12/site-packages/sqlalchemy/sql/visitors.py:671: in traverse_single
    return meth(obj, **kw)
        kw         = {'create_ok': True}
        meth       = <bound method SchemaGenerator.visit_index of <sqlalchemy.sql.ddl.SchemaGenerator object at 0x78efe0ce40d0>>
        obj        = Index('ix_users_email', Column('email', String(length=255), table=<users>), unique=True)
        self       = <sqlalchemy.sql.ddl.SchemaGenerator object at 0x78efe0ce40d0>
        v          = <sqlalchemy.sql.ddl.SchemaGenerator object at 0x78efe0ce40d0>
venv/lib/python3.12/site-packages/sqlalchemy/sql/ddl.py:998: in visit_index
    CreateIndex(index)._invoke_with(self.connection)
        create_ok  = True
        index      = Index('ix_users_email', Column('email', String(length=255), table=<users>), unique=True)
        self       = <sqlalchemy.sql.ddl.SchemaGenerator object at 0x78efe0ce40d0>
venv/lib/python3.12/site-packages/sqlalchemy/sql/ddl.py:315: in _invoke_with
    return bind.execute(self)
        bind       = <sqlalchemy.engine.base.Connection object at 0x78efe0bd0380>
        self       = <sqlalchemy.sql.ddl.CreateIndex object at 0x78f000fe2900>
venv/lib/python3.12/site-packages/sqlalchemy/engine/base.py:1416: in execute
    return meth(
        distilled_parameters = ()
        execution_options = None
        meth       = <bound method ExecutableDDLElement._execute_on_connection of <sqlalchemy.sql.ddl.CreateIndex object at 0x78f000fe2900>>
        parameters = None
        self       = <sqlalchemy.engine.base.Connection object at 0x78efe0bd0380>
        statement  = <sqlalchemy.sql.ddl.CreateIndex object at 0x78f000fe2900>
venv/lib/python3.12/site-packages/sqlalchemy/sql/ddl.py:181: in _execute_on_connection
    return connection._execute_ddl(
        connection = <sqlalchemy.engine.base.Connection object at 0x78efe0bd0380>
        distilled_params = ()
        execution_options = immutabledict({})
        self       = <sqlalchemy.sql.ddl.CreateIndex object at 0x78f000fe2900>
venv/lib/python3.12/site-packages/sqlalchemy/engine/base.py:1528: in _execute_ddl
    ret = self._execute_context(
        compiled   = <sqlalchemy.dialects.sqlite.base.SQLiteDDLCompiler object at 0x78efe0bd18e0>
        ddl        = <sqlalchemy.sql.ddl.CreateIndex object at 0x78f000fe2900>
        dialect    = <sqlalchemy.dialects.sqlite.aiosqlite.SQLiteDialect_aiosqlite object at 0x78efe0cc3620>
        distilled_parameters = ()
        event_multiparams = None
        event_params = None
        exec_opts  = immutabledict({})
        execution_options = immutabledict({})
        schema_translate_map = None
        self       = <sqlalchemy.engine.base.Connection object at 0x78efe0bd0380>
venv/lib/python3.12/site-packages/sqlalchemy/engine/base.py:1848: in _execute_context
    return self._exec_single_context(
        args       = (<sqlalchemy.dialects.sqlite.base.SQLiteDDLCompiler object at 0x78efe0bd18e0>,)
        conn       = <sqlalchemy.pool.base._ConnectionFairy object at 0x78efe0ba6930>
        constructor = <bound method DefaultExecutionContext._init_ddl of <class 'sqlalchemy.dialects.sqlite.aiosqlite.SQLiteExecutionContext_aiosqlite'>>
        context    = <sqlalchemy.dialects.sqlite.aiosqlite.SQLiteExecutionContext_aiosqlite object at 0x78efe0bd21b0>
        dialect    = <sqlalchemy.dialects.sqlite.aiosqlite.SQLiteDialect_aiosqlite object at 0x78efe0cc3620>
        execution_options = immutabledict({})
        kw         = {}
        parameters = None
        self       = <sqlalchemy.engine.base.Connection object at 0x78efe0bd0380>
        statement  = <sqlalchemy.dialects.sqlite.base.SQLiteDDLCompiler object at 0x78efe0bd18e0>
venv/lib/python3.12/site-packages/sqlalchemy/engine/base.py:1988: in _exec_single_context
    self._handle_dbapi_exception(
        context    = <sqlalchemy.dialects.sqlite.aiosqlite.SQLiteExecutionContext_aiosqlite object at 0x78efe0bd21b0>
        cursor     = <sqlalchemy.dialects.sqlite.aiosqlite.AsyncAdapt_aiosqlite_cursor object at 0x78efe0ba7e20>
        dialect    = <sqlalchemy.dialects.sqlite.aiosqlite.SQLiteDialect_aiosqlite object at 0x78efe0cc3620>
        effective_parameters = ()
        evt_handled = False
        parameters = [()]
        self       = <sqlalchemy.engine.base.Connection object at 0x78efe0bd0380>
        statement  = <sqlalchemy.dialects.sqlite.base.SQLiteDDLCompiler object at 0x78efe0bd18e0>
        str_statement = 'CREATE UNIQUE INDEX ix_users_email ON users (email)'
venv/lib/python3.12/site-packages/sqlalchemy/engine/base.py:2344: in _handle_dbapi_exception
    raise sqlalchemy_exception.with_traceback(exc_info[2]) from e
        context    = <sqlalchemy.dialects.sqlite.aiosqlite.SQLiteExecutionContext_aiosqlite object at 0x78efe0bd21b0>
        cursor     = <sqlalchemy.dialects.sqlite.aiosqlite.AsyncAdapt_aiosqlite_cursor object at 0x78efe0ba7e20>
        e          = OperationalError('index ix_users_email already exists')
        exc_info   = (<class 'sqlite3.OperationalError'>,
 OperationalError('index ix_users_email already exists'),
 <traceback object at 0x78efe0201740>)
        invalidate_pool_on_disconnect = True
        is_exit_exception = False
        is_sub_exec = False
        ismulti    = False
        newraise   = None
        parameters = ()
        self       = <sqlalchemy.engine.base.Connection object at 0x78efe0bd0380>
        should_wrap = True
        sqlalchemy_exception = OperationalError('(sqlite3.OperationalError) index ix_users_email already exists')
        statement  = 'CREATE UNIQUE INDEX ix_users_email ON users (email)'
venv/lib/python3.12/site-packages/sqlalchemy/engine/base.py:1969: in _exec_single_context
    self.dialect.do_execute(
        context    = <sqlalchemy.dialects.sqlite.aiosqlite.SQLiteExecutionContext_aiosqlite object at 0x78efe0bd21b0>
        cursor     = <sqlalchemy.dialects.sqlite.aiosqlite.AsyncAdapt_aiosqlite_cursor object at 0x78efe0ba7e20>
        dialect    = <sqlalchemy.dialects.sqlite.aiosqlite.SQLiteDialect_aiosqlite object at 0x78efe0cc3620>
        effective_parameters = ()
        evt_handled = False
        parameters = [()]
        self       = <sqlalchemy.engine.base.Connection object at 0x78efe0bd0380>
        statement  = <sqlalchemy.dialects.sqlite.base.SQLiteDDLCompiler object at 0x78efe0bd18e0>
        str_statement = 'CREATE UNIQUE INDEX ix_users_email ON users (email)'
venv/lib/python3.12/site-packages/sqlalchemy/engine/default.py:922: in do_execute
    cursor.execute(statement, parameters)
        context    = <sqlalchemy.dialects.sqlite.aiosqlite.SQLiteExecutionContext_aiosqlite object at 0x78efe0bd21b0>
        cursor     = <sqlalchemy.dialects.sqlite.aiosqlite.AsyncAdapt_aiosqlite_cursor object at 0x78efe0ba7e20>
        parameters = ()
        self       = <sqlalchemy.dialects.sqlite.aiosqlite.SQLiteDialect_aiosqlite object at 0x78efe0cc3620>
        statement  = 'CREATE UNIQUE INDEX ix_users_email ON users (email)'
venv/lib/python3.12/site-packages/sqlalchemy/dialects/sqlite/aiosqlite.py:146: in execute
    self._adapt_connection._handle_exception(error)
        _cursor    = <aiosqlite.cursor.Cursor object at 0x78efe0bd2210>
        operation  = 'CREATE UNIQUE INDEX ix_users_email ON users (email)'
        parameters = ()
        self       = <sqlalchemy.dialects.sqlite.aiosqlite.AsyncAdapt_aiosqlite_cursor object at 0x78efe0ba7e20>
venv/lib/python3.12/site-packages/sqlalchemy/dialects/sqlite/aiosqlite.py:298: in _handle_exception
    raise error
        error      = OperationalError('index ix_users_email already exists')
        self       = <AdaptedConnection <aiosqlite.core.Connection object at 0x78efe0bd0950>>
venv/lib/python3.12/site-packages/sqlalchemy/dialects/sqlite/aiosqlite.py:128: in execute
    self.await_(_cursor.execute(operation, parameters))
        _cursor    = <aiosqlite.cursor.Cursor object at 0x78efe0bd2210>
        operation  = 'CREATE UNIQUE INDEX ix_users_email ON users (email)'
        parameters = ()
        self       = <sqlalchemy.dialects.sqlite.aiosqlite.AsyncAdapt_aiosqlite_cursor object at 0x78efe0ba7e20>
venv/lib/python3.12/site-packages/sqlalchemy/util/_concurrency_py3k.py:130: in await_only
    return current.driver.switch(awaitable)  # type: ignore[no-any-return]
        awaitable  = <coroutine object Cursor.execute at 0x78efe0be19a0>
        current    = <_AsyncIoGreenlet object at 0x78efe0b41940 (otid=0x1d6ace30) dead>
venv/lib/python3.12/site-packages/sqlalchemy/util/_concurrency_py3k.py:195: in greenlet_spawn
    value = await result
        _require_await = False
        args       = (<sqlalchemy.engine.base.Connection object at 0x78efe0bd0380>,)
        context    = <_AsyncIoGreenlet object at 0x78efe0b41940 (otid=0x1d6ace30) dead>
        fn         = <bound method MetaData.create_all of MetaData()>
        kwargs     = {}
        result     = <coroutine object Cursor.execute at 0x78efe0be19a0>
        switch_occurred = True
        value      = <aiosqlite.cursor.Cursor object at 0x78efe0bd2210>
venv/lib/python3.12/site-packages/aiosqlite/cursor.py:40: in execute
    await self._execute(self._cursor.execute, sql, parameters)
        parameters = ()
        self       = <aiosqlite.cursor.Cursor object at 0x78efe0bd2210>
        sql        = 'CREATE UNIQUE INDEX ix_users_email ON users (email)'
venv/lib/python3.12/site-packages/aiosqlite/cursor.py:32: in _execute
    return await self._conn._execute(fn, *args, **kwargs)
        args       = ('CREATE UNIQUE INDEX ix_users_email ON users (email)', ())
        fn         = <built-in method execute of sqlite3.Cursor object at 0x78efe0bb97c0>
        kwargs     = {}
        self       = <aiosqlite.cursor.Cursor object at 0x78efe0bd2210>
venv/lib/python3.12/site-packages/aiosqlite/core.py:160: in _execute
    return await future
        args       = ('CREATE UNIQUE INDEX ix_users_email ON users (email)', ())
        fn         = <built-in method execute of sqlite3.Cursor object at 0x78efe0bb97c0>
        function   = functools.partial(<built-in method execute of sqlite3.Cursor object at 0x78efe0bb97c0>, 'CREATE UNIQUE INDEX ix_users_email ON users (email)', ())
        future     = <Future finished exception=OperationalError('index ix_users_email already exists')>
        kwargs     = {}
        self       = <aiosqlite.core.Connection object at 0x78efe0bd0950>
venv/lib/python3.12/site-packages/aiosqlite/core.py:63: in _connection_worker_thread
    result = function()
E   sqlalchemy.exc.OperationalError: (sqlite3.OperationalError) index ix_users_email already exists
E   [SQL: CREATE UNIQUE INDEX ix_users_email ON users (email)]
E   (Background on this error at: https://sqlalche.me/e/20/e3q8)
        function   = functools.partial(<built-in method rollback of sqlite3.Connection object at 0x78efe0b6f2e0>)
        future     = <Future finished result=None>
        result     = None
        tx         = <_queue.SimpleQueue object at 0x78efe0bd7060>
______________ ERROR at setup of test_timestamp_automatic_updates ______________
venv/lib/python3.12/site-packages/sqlalchemy/engine/base.py:1969: in _exec_single_context
    self.dialect.do_execute(
        context    = <sqlalchemy.dialects.sqlite.aiosqlite.SQLiteExecutionContext_aiosqlite object at 0x78efe0bd21b0>
        cursor     = <sqlalchemy.dialects.sqlite.aiosqlite.AsyncAdapt_aiosqlite_cursor object at 0x78efe0ba7e20>
        dialect    = <sqlalchemy.dialects.sqlite.aiosqlite.SQLiteDialect_aiosqlite object at 0x78efe0cc3620>
        effective_parameters = ()
        evt_handled = False
        parameters = [()]
        self       = <sqlalchemy.engine.base.Connection object at 0x78efe0bd0380>
        statement  = <sqlalchemy.dialects.sqlite.base.SQLiteDDLCompiler object at 0x78efe0bd18e0>
        str_statement = 'CREATE UNIQUE INDEX ix_users_email ON users (email)'
venv/lib/python3.12/site-packages/sqlalchemy/engine/default.py:922: in do_execute
    cursor.execute(statement, parameters)
        context    = <sqlalchemy.dialects.sqlite.aiosqlite.SQLiteExecutionContext_aiosqlite object at 0x78efe0bd21b0>
        cursor     = <sqlalchemy.dialects.sqlite.aiosqlite.AsyncAdapt_aiosqlite_cursor object at 0x78efe0ba7e20>
        parameters = ()
        self       = <sqlalchemy.dialects.sqlite.aiosqlite.SQLiteDialect_aiosqlite object at 0x78efe0cc3620>
        statement  = 'CREATE UNIQUE INDEX ix_users_email ON users (email)'
venv/lib/python3.12/site-packages/sqlalchemy/dialects/sqlite/aiosqlite.py:146: in execute
    self._adapt_connection._handle_exception(error)
        _cursor    = <aiosqlite.cursor.Cursor object at 0x78efe0bd2210>
        operation  = 'CREATE UNIQUE INDEX ix_users_email ON users (email)'
        parameters = ()
        self       = <sqlalchemy.dialects.sqlite.aiosqlite.AsyncAdapt_aiosqlite_cursor object at 0x78efe0ba7e20>
venv/lib/python3.12/site-packages/sqlalchemy/dialects/sqlite/aiosqlite.py:298: in _handle_exception
    raise error
        error      = OperationalError('index ix_users_email already exists')
        self       = <AdaptedConnection <aiosqlite.core.Connection object at 0x78efe0bd0950>>
venv/lib/python3.12/site-packages/sqlalchemy/dialects/sqlite/aiosqlite.py:128: in execute
    self.await_(_cursor.execute(operation, parameters))
        _cursor    = <aiosqlite.cursor.Cursor object at 0x78efe0bd2210>
        operation  = 'CREATE UNIQUE INDEX ix_users_email ON users (email)'
        parameters = ()
        self       = <sqlalchemy.dialects.sqlite.aiosqlite.AsyncAdapt_aiosqlite_cursor object at 0x78efe0ba7e20>
venv/lib/python3.12/site-packages/sqlalchemy/util/_concurrency_py3k.py:130: in await_only
    return current.driver.switch(awaitable)  # type: ignore[no-any-return]
        awaitable  = <coroutine object Cursor.execute at 0x78efe0be19a0>
        current    = <_AsyncIoGreenlet object at 0x78efe0b41940 (otid=0x1d6ace30) dead>
venv/lib/python3.12/site-packages/sqlalchemy/util/_concurrency_py3k.py:195: in greenlet_spawn
    value = await result
        _require_await = False
        args       = (<sqlalchemy.engine.base.Connection object at 0x78efe0bd0380>,)
        context    = <_AsyncIoGreenlet object at 0x78efe0b41940 (otid=0x1d6ace30) dead>
        fn         = <bound method MetaData.create_all of MetaData()>
        kwargs     = {}
        result     = <coroutine object Cursor.execute at 0x78efe0be19a0>
        switch_occurred = True
        value      = <aiosqlite.cursor.Cursor object at 0x78efe0bd2210>
venv/lib/python3.12/site-packages/aiosqlite/cursor.py:40: in execute
    await self._execute(self._cursor.execute, sql, parameters)
        parameters = ()
        self       = <aiosqlite.cursor.Cursor object at 0x78efe0bd2210>
        sql        = 'CREATE UNIQUE INDEX ix_users_email ON users (email)'
venv/lib/python3.12/site-packages/aiosqlite/cursor.py:32: in _execute
    return await self._conn._execute(fn, *args, **kwargs)
        args       = ('CREATE UNIQUE INDEX ix_users_email ON users (email)', ())
        fn         = <built-in method execute of sqlite3.Cursor object at 0x78efe0bb97c0>
        kwargs     = {}
        self       = <aiosqlite.cursor.Cursor object at 0x78efe0bd2210>
venv/lib/python3.12/site-packages/aiosqlite/core.py:160: in _execute
    return await future
        args       = ('CREATE UNIQUE INDEX ix_users_email ON users (email)', ())
        fn         = <built-in method execute of sqlite3.Cursor object at 0x78efe0bb97c0>
        function   = functools.partial(<built-in method execute of sqlite3.Cursor object at 0x78efe0bb97c0>, 'CREATE UNIQUE INDEX ix_users_email ON users (email)', ())
        future     = <Future finished exception=OperationalError('index ix_users_email already exists')>
        kwargs     = {}
        self       = <aiosqlite.core.Connection object at 0x78efe0bd0950>
venv/lib/python3.12/site-packages/aiosqlite/core.py:63: in _connection_worker_thread
    result = function()
E   sqlite3.OperationalError: index ix_users_email already exists
        function   = functools.partial(<built-in method rollback of sqlite3.Connection object at 0x78efe0b6f2e0>)
        future     = <Future finished result=None>
        result     = None
        tx         = <_queue.SimpleQueue object at 0x78efe0bd7060>

The above exception was the direct cause of the following exception:
venv/lib/python3.12/site-packages/pytest_asyncio/plugin.py:336: in _asyncgen_fixture_wrapper
    result = event_loop.run_until_complete(setup())
        event_loop = <_UnixSelectorEventLoop running=False closed=False debug=False>
        event_loop_fixture_id = '_session_event_loop'
        finalizer  = <function _wrap_asyncgen_fixture.<locals>._asyncgen_fixture_wrapper.<locals>.finalizer at 0x78efe0ba99e0>
        fixture    = <function engine at 0x78f001182b60>
        fixturedef = <FixtureDef argname='engine' scope='session' baseid='tests'>
        func       = <function engine at 0x78f001182b60>
        gen_obj    = <async_generator object engine at 0x78efe0b6ec50>
        kwargs     = {}
        request    = <SubRequest 'engine' for <Coroutine test_chat_session_creation_with_user>>
        setup      = <function _wrap_asyncgen_fixture.<locals>._asyncgen_fixture_wrapper.<locals>.setup at 0x78efe0ba9a80>
/usr/lib/python3.12/asyncio/base_events.py:687: in run_until_complete
    return future.result()
        future     = <Task finished name='Task-1' coro=<_wrap_asyncgen_fixture.<locals>._asyncgen_fixture_wrapper.<locals>.setup() done, defined at /mnt/d/workspace/ChatApplication/project-code/backend/venv/lib/python3.12/site-packages/pytest_asyncio/plugin.py:317> exception=OperationalError('(sqlite3.OperationalError) index ix_users_email already exists')>
        new_task   = True
        self       = <_UnixSelectorEventLoop running=False closed=False debug=False>
venv/lib/python3.12/site-packages/pytest_asyncio/plugin.py:318: in setup
    res = await gen_obj.__anext__()
        gen_obj    = <async_generator object engine at 0x78efe0b6ec50>
tests/conftest.py:62: in engine
    await conn.run_sync(Base.metadata.create_all)
        conn       = <sqlalchemy.ext.asyncio.engine.AsyncConnection object at 0x78efe0bd6850>
        test_engine = <sqlalchemy.ext.asyncio.engine.AsyncEngine object at 0x78f001041090>
venv/lib/python3.12/site-packages/sqlalchemy/ext/asyncio/engine.py:891: in run_sync
    return await greenlet_spawn(fn, self._proxied, *arg, **kw)
        arg        = ()
        fn         = <bound method MetaData.create_all of MetaData()>
        kw         = {}
        self       = <sqlalchemy.ext.asyncio.engine.AsyncConnection object at 0x78efe0bd6850>
venv/lib/python3.12/site-packages/sqlalchemy/util/_concurrency_py3k.py:200: in greenlet_spawn
    result = context.throw(*sys.exc_info())
        _require_await = False
        args       = (<sqlalchemy.engine.base.Connection object at 0x78efe0bd0380>,)
        context    = <_AsyncIoGreenlet object at 0x78efe0b41940 (otid=0x1d6ace30) dead>
        fn         = <bound method MetaData.create_all of MetaData()>
        kwargs     = {}
        result     = <coroutine object Cursor.execute at 0x78efe0be19a0>
        switch_occurred = True
        value      = <aiosqlite.cursor.Cursor object at 0x78efe0bd2210>
venv/lib/python3.12/site-packages/sqlalchemy/sql/schema.py:5832: in create_all
    bind._run_ddl_visitor(
        bind       = <sqlalchemy.engine.base.Connection object at 0x78efe0bd0380>
        checkfirst = True
        self       = MetaData()
        tables     = None
venv/lib/python3.12/site-packages/sqlalchemy/engine/base.py:2448: in _run_ddl_visitor
    visitorcallable(self.dialect, self, **kwargs).traverse_single(element)
        element    = MetaData()
        kwargs     = {'checkfirst': True, 'tables': None}
        self       = <sqlalchemy.engine.base.Connection object at 0x78efe0bd0380>
        visitorcallable = <class 'sqlalchemy.sql.ddl.SchemaGenerator'>
venv/lib/python3.12/site-packages/sqlalchemy/sql/visitors.py:671: in traverse_single
    return meth(obj, **kw)
        kw         = {}
        meth       = <bound method SchemaGenerator.visit_metadata of <sqlalchemy.sql.ddl.SchemaGenerator object at 0x78efe0ce40d0>>
        obj        = MetaData()
        self       = <sqlalchemy.sql.ddl.SchemaGenerator object at 0x78efe0ce40d0>
        v          = <sqlalchemy.sql.ddl.SchemaGenerator object at 0x78efe0ce40d0>
venv/lib/python3.12/site-packages/sqlalchemy/sql/ddl.py:919: in visit_metadata
    self.traverse_single(
        collection = [(Table('users', MetaData(), Column('id', GUID(), table=<users>, primary_key=True, nullable=False, default=CallableColumnDefault(<function uuid4 at 0x78f001182de0>)), Column('email', String(length=255), table=<users>), Column('password_hash', String(length=255), table=<users>), Column('role', Enum('ADMIN', 'USER', 'ANONYMOUS', name='user_role'), table=<users>, nullable=False, default=ScalarElementColumnDefault(<UserRole.ANONYMOUS: 'anonymous'>)), Column('is_active', Boolean(), table=<users>, nullable=False, default=ScalarElementColumnDefault(True)), Column('created_at', DateTime(timezone=True), table=<users>, nullable=False, default=CallableColumnDefault(<function datetime.utcnow at 0x78f0011e8ea0>)), Column('last_login', DateTime(timezone=True), table=<users>), schema=None),
  set()),
 (Table('chat_sessions', MetaData(), Column('id', GUID(), table=<chat_sessions>, primary_key=True, nullable=False, default=CallableColumnDefault(<function uuid4 at 0x78f001078720>)), Column('user_id', GUID(), ForeignKey('users.id'), table=<chat_sessions>), Column('session_token', String(length=255), table=<chat_sessions>, nullable=False), Column('created_at', DateTime(timezone=True), table=<chat_sessions>, nullable=False, default=CallableColumnDefault(<function datetime.utcnow at 0x78f0010787c0>)), Column('updated_at', DateTime(timezone=True), table=<chat_sessions>, nullable=False, onupdate=CallableColumnDefault(<function datetime.utcnow at 0x78f001078ae0>), default=CallableColumnDefault(<function datetime.utcnow at 0x78f001078a40>)), Column('metadata', JSON(), table=<chat_sessions>, default=CallableColumnDefault(<function dict at 0x78f001078b80>)), schema=None),
  {ForeignKeyConstraint(<sqlalchemy.sql.base.ReadOnlyColumnCollection object at 0x78efdb3365c0>, None, ondelete='SET NULL', table=Table('chat_sessions', MetaData(), Column('id', GUID(), table=<chat_sessions>, primary_key=True, nullable=False, default=CallableColumnDefault(<function uuid4 at 0x78f001078720>)), Column('user_id', GUID(), ForeignKey('users.id'), table=<chat_sessions>), Column('session_token', String(length=255), table=<chat_sessions>, nullable=False), Column('created_at', DateTime(timezone=True), table=<chat_sessions>, nullable=False, default=CallableColumnDefault(<function datetime.utcnow at 0x78f0010787c0>)), Column('updated_at', DateTime(timezone=True), table=<chat_sessions>, nullable=False, onupdate=CallableColumnDefault(<function datetime.utcnow at 0x78f001078ae0>), default=CallableColumnDefault(<function datetime.utcnow at 0x78f001078a40>)), Column('metadata', JSON(), table=<chat_sessions>, default=CallableColumnDefault(<function dict at 0x78f001078b80>)), schema=None))}),
 (Table('data_sources', MetaData(), Column('id', GUID(), table=<data_sources>, primary_key=True, nullable=False, default=CallableColumnDefault(<function uuid4 at 0x78f00107bd80>)), Column('name', String(length=255), table=<data_sources>, nullable=False), Column('type', Enum('CONFLUENCE', 'JIRA', 'GITHUB', 'ONBOARDING', name='source_type'), table=<data_sources>, nullable=False), Column('config', JSON(), table=<data_sources>, nullable=False, default=CallableColumnDefault(<function dict at 0x78f001018040>)), Column('last_sync_at', DateTime(timezone=True), table=<data_sources>), Column('sync_status', Enum('PENDING', 'SYNCING', 'SUCCESS', 'FAILED', name='sync_status'), table=<data_sources>, nullable=False, default=ScalarElementColumnDefault(<SyncStatus.PENDING: 'pending'>)), Column('sync_error', Text(), table=<data_sources>), Column('created_by', GUID(), ForeignKey('users.id'), table=<data_sources>, nullable=False), Column('is_active', Boolean(), table=<data_sources>, nullable=False, default=ScalarElementColumnDefault(True)), schema=None),
  {ForeignKeyConstraint(<sqlalchemy.sql.base.ReadOnlyColumnCollection object at 0x78efdb336610>, None, ondelete='CASCADE', table=Table('data_sources', MetaData(), Column('id', GUID(), table=<data_sources>, primary_key=True, nullable=False, default=CallableColumnDefault(<function uuid4 at 0x78f00107bd80>)), Column('name', String(length=255), table=<data_sources>, nullable=False), Column('type', Enum('CONFLUENCE', 'JIRA', 'GITHUB', 'ONBOARDING', name='source_type'), table=<data_sources>, nullable=False), Column('config', JSON(), table=<data_sources>, nullable=False, default=CallableColumnDefault(<function dict at 0x78f001018040>)), Column('last_sync_at', DateTime(timezone=True), table=<data_sources>), Column('sync_status', Enum('PENDING', 'SYNCING', 'SUCCESS', 'FAILED', name='sync_status'), table=<data_sources>, nullable=False, default=ScalarElementColumnDefault(<SyncStatus.PENDING: 'pending'>)), Column('sync_error', Text(), table=<data_sources>), Column('created_by', GUID(), ForeignKey('users.id'), table=<data_sources>, nullable=False), Column('is_active', Boolean(), table=<data_sources>, nullable=False, default=ScalarElementColumnDefault(True)), schema=None))}),
 (Table('messages', MetaData(), Column('id', GUID(), table=<messages>, primary_key=True, nullable=False, default=CallableColumnDefault(<function uuid4 at 0x78f00107a020>)), Column('session_id', GUID(), ForeignKey('chat_sessions.id'), table=<messages>, nullable=False), Column('role', Enum('USER', 'ASSISTANT', 'SYSTEM', name='message_role'), table=<messages>, nullable=False), Column('content', Text(), table=<messages>, nullable=False), Column('created_at', DateTime(timezone=True), table=<messages>, nullable=False, default=CallableColumnDefault(<function datetime.utcnow at 0x78f00107a3e0>)), Column('sources', JSON(), table=<messages>, default=CallableColumnDefault(<function dict at 0x78f00107a520>)), Column('feedback', JSON(), table=<messages>, default=CallableColumnDefault(<function dict at 0x78f00107a660>)), schema=None),
  {ForeignKeyConstraint(<sqlalchemy.sql.base.ReadOnlyColumnCollection object at 0x78efdb3366b0>, None, ondelete='CASCADE', table=Table('messages', MetaData(), Column('id', GUID(), table=<messages>, primary_key=True, nullable=False, default=CallableColumnDefault(<function uuid4 at 0x78f00107a020>)), Column('session_id', GUID(), ForeignKey('chat_sessions.id'), table=<messages>, nullable=False), Column('role', Enum('USER', 'ASSISTANT', 'SYSTEM', name='message_role'), table=<messages>, nullable=False), Column('content', Text(), table=<messages>, nullable=False), Column('created_at', DateTime(timezone=True), table=<messages>, nullable=False, default=CallableColumnDefault(<function datetime.utcnow at 0x78f00107a3e0>)), Column('sources', JSON(), table=<messages>, default=CallableColumnDefault(<function dict at 0x78f00107a520>)), Column('feedback', JSON(), table=<messages>, default=CallableColumnDefault(<function dict at 0x78f00107a660>)), schema=None))}),
 (Table('sync_logs', MetaData(), Column('id', GUID(), table=<sync_logs>, primary_key=True, nullable=False, default=CallableColumnDefault(<function uuid4 at 0x78f00101a3e0>)), Column('source_id', GUID(), ForeignKey('data_sources.id'), table=<sync_logs>, nullable=False), Column('started_at', DateTime(timezone=True), table=<sync_logs>, nullable=False, default=CallableColumnDefault(<function datetime.utcnow at 0x78f00101a480>)), Column('completed_at', DateTime(timezone=True), table=<sync_logs>), Column('status', Enum('PENDING', 'SYNCING', 'SUCCESS', 'FAILED', name='sync_status'), table=<sync_logs>, nullable=False, default=ScalarElementColumnDefault(<SyncStatus.PENDING: 'pending'>)), Column('documents_processed', Integer(), table=<sync_logs>, nullable=False, default=ScalarElementColumnDefault(0)), Column('documents_added', Integer(), table=<sync_logs>, nullable=False, default=ScalarElementColumnDefault(0)), Column('documents_updated', Integer(), table=<sync_logs>, nullable=False, default=ScalarElementColumnDefault(0)), Column('documents_deleted', Integer(), table=<sync_logs>, nullable=False, default=ScalarElementColumnDefault(0)), Column('error_log', Text(), table=<sync_logs>), schema=None),
  {ForeignKeyConstraint(<sqlalchemy.sql.base.ReadOnlyColumnCollection object at 0x78efdb336660>, None, ondelete='CASCADE', table=Table('sync_logs', MetaData(), Column('id', GUID(), table=<sync_logs>, primary_key=True, nullable=False, default=CallableColumnDefault(<function uuid4 at 0x78f00101a3e0>)), Column('source_id', GUID(), ForeignKey('data_sources.id'), table=<sync_logs>, nullable=False), Column('started_at', DateTime(timezone=True), table=<sync_logs>, nullable=False, default=CallableColumnDefault(<function datetime.utcnow at 0x78f00101a480>)), Column('completed_at', DateTime(timezone=True), table=<sync_logs>), Column('status', Enum('PENDING', 'SYNCING', 'SUCCESS', 'FAILED', name='sync_status'), table=<sync_logs>, nullable=False, default=ScalarElementColumnDefault(<SyncStatus.PENDING: 'pending'>)), Column('documents_processed', Integer(), table=<sync_logs>, nullable=False, default=ScalarElementColumnDefault(0)), Column('documents_added', Integer(), table=<sync_logs>, nullable=False, default=ScalarElementColumnDefault(0)), Column('documents_updated', Integer(), table=<sync_logs>, nullable=False, default=ScalarElementColumnDefault(0)), Column('documents_deleted', Integer(), table=<sync_logs>, nullable=False, default=ScalarElementColumnDefault(0)), Column('error_log', Text(), table=<sync_logs>), schema=None))}),
 (Table('documents', MetaData(), Column('id', UUID(), table=<documents>, primary_key=True, nullable=False, default=CallableColumnDefault(<function uuid4 at 0x78f00101bec0>)), Column('source_id', UUID(), ForeignKey('data_sources.id'), table=<documents>, nullable=False), Column('external_id', String(length=255), table=<documents>, nullable=False), Column('title', Text(), table=<documents>, nullable=False), Column('content', Text(), table=<documents>, nullable=False), Column('url', Text(), table=<documents>), Column('metadata', JSONB(astext_type=Text()), table=<documents>, default=CallableColumnDefault(<function dict at 0x78f000fec360>)), Column('created_at', DateTime(timezone=True), table=<documents>, nullable=False, default=CallableColumnDefault(<function datetime.utcnow at 0x78efe0cbef20>)), Column('updated_at', DateTime(timezone=True), table=<documents>, nullable=False, onupdate=CallableColumnDefault(<function datetime.utcnow at 0x78efe0cbf060>), default=CallableColumnDefault(<function datetime.utcnow at 0x78efe0cbefc0>)), Column('is_deleted', Boolean(), table=<documents>, nullable=False, default=ScalarElementColumnDefault(False)), schema=None),
  {ForeignKeyConstraint(<sqlalchemy.sql.base.ReadOnlyColumnCollection object at 0x78efdb336750>, None, ondelete='CASCADE', table=Table('documents', MetaData(), Column('id', UUID(), table=<documents>, primary_key=True, nullable=False, default=CallableColumnDefault(<function uuid4 at 0x78f00101bec0>)), Column('source_id', UUID(), ForeignKey('data_sources.id'), table=<documents>, nullable=False), Column('external_id', String(length=255), table=<documents>, nullable=False), Column('title', Text(), table=<documents>, nullable=False), Column('content', Text(), table=<documents>, nullable=False), Column('url', Text(), table=<documents>), Column('metadata', JSONB(astext_type=Text()), table=<documents>, default=CallableColumnDefault(<function dict at 0x78f000fec360>)), Column('created_at', DateTime(timezone=True), table=<documents>, nullable=False, default=CallableColumnDefault(<function datetime.utcnow at 0x78efe0cbef20>)), Column('updated_at', DateTime(timezone=True), table=<documents>, nullable=False, onupdate=CallableColumnDefault(<function datetime.utcnow at 0x78efe0cbf060>), default=CallableColumnDefault(<function datetime.utcnow at 0x78efe0cbefc0>)), Column('is_deleted', Boolean(), table=<documents>, nullable=False, default=ScalarElementColumnDefault(False)), schema=None))}),
 (Table('document_chunks', MetaData(), Column('id', UUID(), table=<document_chunks>, primary_key=True, nullable=False, default=CallableColumnDefault(<function uuid4 at 0x78efe0ce0720>)), Column('document_id', UUID(), ForeignKey('documents.id'), table=<document_chunks>, nullable=False), Column('chunk_index', Integer(), table=<document_chunks>, nullable=False), Column('content', Text(), table=<document_chunks>, nullable=False), Column('embedding', Vector(dim=384), table=<document_chunks>), Column('metadata', JSONB(astext_type=Text()), table=<document_chunks>, default=CallableColumnDefault(<function dict at 0x78efe0ce07c0>)), Column('created_at', DateTime(timezone=True), table=<document_chunks>, nullable=False, default=CallableColumnDefault(<function datetime.utcnow at 0x78efe0ce09a0>)), schema=None),
  {ForeignKeyConstraint(<sqlalchemy.sql.base.ReadOnlyColumnCollection object at 0x78efdb3367a0>, None, ondelete='CASCADE', table=Table('document_chunks', MetaData(), Column('id', UUID(), table=<document_chunks>, primary_key=True, nullable=False, default=CallableColumnDefault(<function uuid4 at 0x78efe0ce0720>)), Column('document_id', UUID(), ForeignKey('documents.id'), table=<document_chunks>, nullable=False), Column('chunk_index', Integer(), table=<document_chunks>, nullable=False), Column('content', Text(), table=<document_chunks>, nullable=False), Column('embedding', Vector(dim=384), table=<document_chunks>), Column('metadata', JSONB(astext_type=Text()), table=<document_chunks>, default=CallableColumnDefault(<function dict at 0x78efe0ce07c0>)), Column('created_at', DateTime(timezone=True), table=<document_chunks>, nullable=False, default=CallableColumnDefault(<function datetime.utcnow at 0x78efe0ce09a0>)), schema=None))}),
 (None, [])]
        event_collection = [Table('users', MetaData(), Column('id', GUID(), table=<users>, primary_key=True, nullable=False, default=CallableColumnDefault(<function uuid4 at 0x78f001182de0>)), Column('email', String(length=255), table=<users>), Column('password_hash', String(length=255), table=<users>), Column('role', Enum('ADMIN', 'USER', 'ANONYMOUS', name='user_role'), table=<users>, nullable=False, default=ScalarElementColumnDefault(<UserRole.ANONYMOUS: 'anonymous'>)), Column('is_active', Boolean(), table=<users>, nullable=False, default=ScalarElementColumnDefault(True)), Column('created_at', DateTime(timezone=True), table=<users>, nullable=False, default=CallableColumnDefault(<function datetime.utcnow at 0x78f0011e8ea0>)), Column('last_login', DateTime(timezone=True), table=<users>), schema=None),
 Table('chat_sessions', MetaData(), Column('id', GUID(), table=<chat_sessions>, primary_key=True, nullable=False, default=CallableColumnDefault(<function uuid4 at 0x78f001078720>)), Column('user_id', GUID(), ForeignKey('users.id'), table=<chat_sessions>), Column('session_token', String(length=255), table=<chat_sessions>, nullable=False), Column('created_at', DateTime(timezone=True), table=<chat_sessions>, nullable=False, default=CallableColumnDefault(<function datetime.utcnow at 0x78f0010787c0>)), Column('updated_at', DateTime(timezone=True), table=<chat_sessions>, nullable=False, onupdate=CallableColumnDefault(<function datetime.utcnow at 0x78f001078ae0>), default=CallableColumnDefault(<function datetime.utcnow at 0x78f001078a40>)), Column('metadata', JSON(), table=<chat_sessions>, default=CallableColumnDefault(<function dict at 0x78f001078b80>)), schema=None),
 Table('data_sources', MetaData(), Column('id', GUID(), table=<data_sources>, primary_key=True, nullable=False, default=CallableColumnDefault(<function uuid4 at 0x78f00107bd80>)), Column('name', String(length=255), table=<data_sources>, nullable=False), Column('type', Enum('CONFLUENCE', 'JIRA', 'GITHUB', 'ONBOARDING', name='source_type'), table=<data_sources>, nullable=False), Column('config', JSON(), table=<data_sources>, nullable=False, default=CallableColumnDefault(<function dict at 0x78f001018040>)), Column('last_sync_at', DateTime(timezone=True), table=<data_sources>), Column('sync_status', Enum('PENDING', 'SYNCING', 'SUCCESS', 'FAILED', name='sync_status'), table=<data_sources>, nullable=False, default=ScalarElementColumnDefault(<SyncStatus.PENDING: 'pending'>)), Column('sync_error', Text(), table=<data_sources>), Column('created_by', GUID(), ForeignKey('users.id'), table=<data_sources>, nullable=False), Column('is_active', Boolean(), table=<data_sources>, nullable=False, default=ScalarElementColumnDefault(True)), schema=None),
 Table('messages', MetaData(), Column('id', GUID(), table=<messages>, primary_key=True, nullable=False, default=CallableColumnDefault(<function uuid4 at 0x78f00107a020>)), Column('session_id', GUID(), ForeignKey('chat_sessions.id'), table=<messages>, nullable=False), Column('role', Enum('USER', 'ASSISTANT', 'SYSTEM', name='message_role'), table=<messages>, nullable=False), Column('content', Text(), table=<messages>, nullable=False), Column('created_at', DateTime(timezone=True), table=<messages>, nullable=False, default=CallableColumnDefault(<function datetime.utcnow at 0x78f00107a3e0>)), Column('sources', JSON(), table=<messages>, default=CallableColumnDefault(<function dict at 0x78f00107a520>)), Column('feedback', JSON(), table=<messages>, default=CallableColumnDefault(<function dict at 0x78f00107a660>)), schema=None),
 Table('sync_logs', MetaData(), Column('id', GUID(), table=<sync_logs>, primary_key=True, nullable=False, default=CallableColumnDefault(<function uuid4 at 0x78f00101a3e0>)), Column('source_id', GUID(), ForeignKey('data_sources.id'), table=<sync_logs>, nullable=False), Column('started_at', DateTime(timezone=True), table=<sync_logs>, nullable=False, default=CallableColumnDefault(<function datetime.utcnow at 0x78f00101a480>)), Column('completed_at', DateTime(timezone=True), table=<sync_logs>), Column('status', Enum('PENDING', 'SYNCING', 'SUCCESS', 'FAILED', name='sync_status'), table=<sync_logs>, nullable=False, default=ScalarElementColumnDefault(<SyncStatus.PENDING: 'pending'>)), Column('documents_processed', Integer(), table=<sync_logs>, nullable=False, default=ScalarElementColumnDefault(0)), Column('documents_added', Integer(), table=<sync_logs>, nullable=False, default=ScalarElementColumnDefault(0)), Column('documents_updated', Integer(), table=<sync_logs>, nullable=False, default=ScalarElementColumnDefault(0)), Column('documents_deleted', Integer(), table=<sync_logs>, nullable=False, default=ScalarElementColumnDefault(0)), Column('error_log', Text(), table=<sync_logs>), schema=None),
 Table('documents', MetaData(), Column('id', UUID(), table=<documents>, primary_key=True, nullable=False, default=CallableColumnDefault(<function uuid4 at 0x78f00101bec0>)), Column('source_id', UUID(), ForeignKey('data_sources.id'), table=<documents>, nullable=False), Column('external_id', String(length=255), table=<documents>, nullable=False), Column('title', Text(), table=<documents>, nullable=False), Column('content', Text(), table=<documents>, nullable=False), Column('url', Text(), table=<documents>), Column('metadata', JSONB(astext_type=Text()), table=<documents>, default=CallableColumnDefault(<function dict at 0x78f000fec360>)), Column('created_at', DateTime(timezone=True), table=<documents>, nullable=False, default=CallableColumnDefault(<function datetime.utcnow at 0x78efe0cbef20>)), Column('updated_at', DateTime(timezone=True), table=<documents>, nullable=False, onupdate=CallableColumnDefault(<function datetime.utcnow at 0x78efe0cbf060>), default=CallableColumnDefault(<function datetime.utcnow at 0x78efe0cbefc0>)), Column('is_deleted', Boolean(), table=<documents>, nullable=False, default=ScalarElementColumnDefault(False)), schema=None),
 Table('document_chunks', MetaData(), Column('id', UUID(), table=<document_chunks>, primary_key=True, nullable=False, default=CallableColumnDefault(<function uuid4 at 0x78efe0ce0720>)), Column('document_id', UUID(), ForeignKey('documents.id'), table=<document_chunks>, nullable=False), Column('chunk_index', Integer(), table=<document_chunks>, nullable=False), Column('content', Text(), table=<document_chunks>, nullable=False), Column('embedding', Vector(dim=384), table=<document_chunks>), Column('metadata', JSONB(astext_type=Text()), table=<document_chunks>, default=CallableColumnDefault(<function dict at 0x78efe0ce07c0>)), Column('created_at', DateTime(timezone=True), table=<document_chunks>, nullable=False, default=CallableColumnDefault(<function datetime.utcnow at 0x78efe0ce09a0>)), schema=None)]
        fkcs       = set()
        metadata   = MetaData()
        self       = <sqlalchemy.sql.ddl.SchemaGenerator object at 0x78efe0ce40d0>
        seq_coll   = []
        table      = Table('users', MetaData(), Column('id', GUID(), table=<users>, primary_key=True, nullable=False, default=CallableColumnDefault(<function uuid4 at 0x78f001182de0>)), Column('email', String(length=255), table=<users>), Column('password_hash', String(length=255), table=<users>), Column('role', Enum('ADMIN', 'USER', 'ANONYMOUS', name='user_role'), table=<users>, nullable=False, default=ScalarElementColumnDefault(<UserRole.ANONYMOUS: 'anonymous'>)), Column('is_active', Boolean(), table=<users>, nullable=False, default=ScalarElementColumnDefault(True)), Column('created_at', DateTime(timezone=True), table=<users>, nullable=False, default=CallableColumnDefault(<function datetime.utcnow at 0x78f0011e8ea0>)), Column('last_login', DateTime(timezone=True), table=<users>), schema=None)
        tables     = [Table('users', MetaData(), Column('id', GUID(), table=<users>, primary_key=True, nullable=False, default=CallableColumnDefault(<function uuid4 at 0x78f001182de0>)), Column('email', String(length=255), table=<users>), Column('password_hash', String(length=255), table=<users>), Column('role', Enum('ADMIN', 'USER', 'ANONYMOUS', name='user_role'), table=<users>, nullable=False, default=ScalarElementColumnDefault(<UserRole.ANONYMOUS: 'anonymous'>)), Column('is_active', Boolean(), table=<users>, nullable=False, default=ScalarElementColumnDefault(True)), Column('created_at', DateTime(timezone=True), table=<users>, nullable=False, default=CallableColumnDefault(<function datetime.utcnow at 0x78f0011e8ea0>)), Column('last_login', DateTime(timezone=True), table=<users>), schema=None),
 Table('chat_sessions', MetaData(), Column('id', GUID(), table=<chat_sessions>, primary_key=True, nullable=False, default=CallableColumnDefault(<function uuid4 at 0x78f001078720>)), Column('user_id', GUID(), ForeignKey('users.id'), table=<chat_sessions>), Column('session_token', String(length=255), table=<chat_sessions>, nullable=False), Column('created_at', DateTime(timezone=True), table=<chat_sessions>, nullable=False, default=CallableColumnDefault(<function datetime.utcnow at 0x78f0010787c0>)), Column('updated_at', DateTime(timezone=True), table=<chat_sessions>, nullable=False, onupdate=CallableColumnDefault(<function datetime.utcnow at 0x78f001078ae0>), default=CallableColumnDefault(<function datetime.utcnow at 0x78f001078a40>)), Column('metadata', JSON(), table=<chat_sessions>, default=CallableColumnDefault(<function dict at 0x78f001078b80>)), schema=None),
 Table('messages', MetaData(), Column('id', GUID(), table=<messages>, primary_key=True, nullable=False, default=CallableColumnDefault(<function uuid4 at 0x78f00107a020>)), Column('session_id', GUID(), ForeignKey('chat_sessions.id'), table=<messages>, nullable=False), Column('role', Enum('USER', 'ASSISTANT', 'SYSTEM', name='message_role'), table=<messages>, nullable=False), Column('content', Text(), table=<messages>, nullable=False), Column('created_at', DateTime(timezone=True), table=<messages>, nullable=False, default=CallableColumnDefault(<function datetime.utcnow at 0x78f00107a3e0>)), Column('sources', JSON(), table=<messages>, default=CallableColumnDefault(<function dict at 0x78f00107a520>)), Column('feedback', JSON(), table=<messages>, default=CallableColumnDefault(<function dict at 0x78f00107a660>)), schema=None),
 Table('data_sources', MetaData(), Column('id', GUID(), table=<data_sources>, primary_key=True, nullable=False, default=CallableColumnDefault(<function uuid4 at 0x78f00107bd80>)), Column('name', String(length=255), table=<data_sources>, nullable=False), Column('type', Enum('CONFLUENCE', 'JIRA', 'GITHUB', 'ONBOARDING', name='source_type'), table=<data_sources>, nullable=False), Column('config', JSON(), table=<data_sources>, nullable=False, default=CallableColumnDefault(<function dict at 0x78f001018040>)), Column('last_sync_at', DateTime(timezone=True), table=<data_sources>), Column('sync_status', Enum('PENDING', 'SYNCING', 'SUCCESS', 'FAILED', name='sync_status'), table=<data_sources>, nullable=False, default=ScalarElementColumnDefault(<SyncStatus.PENDING: 'pending'>)), Column('sync_error', Text(), table=<data_sources>), Column('created_by', GUID(), ForeignKey('users.id'), table=<data_sources>, nullable=False), Column('is_active', Boolean(), table=<data_sources>, nullable=False, default=ScalarElementColumnDefault(True)), schema=None),
 Table('sync_logs', MetaData(), Column('id', GUID(), table=<sync_logs>, primary_key=True, nullable=False, default=CallableColumnDefault(<function uuid4 at 0x78f00101a3e0>)), Column('source_id', GUID(), ForeignKey('data_sources.id'), table=<sync_logs>, nullable=False), Column('started_at', DateTime(timezone=True), table=<sync_logs>, nullable=False, default=CallableColumnDefault(<function datetime.utcnow at 0x78f00101a480>)), Column('completed_at', DateTime(timezone=True), table=<sync_logs>), Column('status', Enum('PENDING', 'SYNCING', 'SUCCESS', 'FAILED', name='sync_status'), table=<sync_logs>, nullable=False, default=ScalarElementColumnDefault(<SyncStatus.PENDING: 'pending'>)), Column('documents_processed', Integer(), table=<sync_logs>, nullable=False, default=ScalarElementColumnDefault(0)), Column('documents_added', Integer(), table=<sync_logs>, nullable=False, default=ScalarElementColumnDefault(0)), Column('documents_updated', Integer(), table=<sync_logs>, nullable=False, default=ScalarElementColumnDefault(0)), Column('documents_deleted', Integer(), table=<sync_logs>, nullable=False, default=ScalarElementColumnDefault(0)), Column('error_log', Text(), table=<sync_logs>), schema=None),
 Table('documents', MetaData(), Column('id', UUID(), table=<documents>, primary_key=True, nullable=False, default=CallableColumnDefault(<function uuid4 at 0x78f00101bec0>)), Column('source_id', UUID(), ForeignKey('data_sources.id'), table=<documents>, nullable=False), Column('external_id', String(length=255), table=<documents>, nullable=False), Column('title', Text(), table=<documents>, nullable=False), Column('content', Text(), table=<documents>, nullable=False), Column('url', Text(), table=<documents>), Column('metadata', JSONB(astext_type=Text()), table=<documents>, default=CallableColumnDefault(<function dict at 0x78f000fec360>)), Column('created_at', DateTime(timezone=True), table=<documents>, nullable=False, default=CallableColumnDefault(<function datetime.utcnow at 0x78efe0cbef20>)), Column('updated_at', DateTime(timezone=True), table=<documents>, nullable=False, onupdate=CallableColumnDefault(<function datetime.utcnow at 0x78efe0cbf060>), default=CallableColumnDefault(<function datetime.utcnow at 0x78efe0cbefc0>)), Column('is_deleted', Boolean(), table=<documents>, nullable=False, default=ScalarElementColumnDefault(False)), schema=None),
 Table('document_chunks', MetaData(), Column('id', UUID(), table=<document_chunks>, primary_key=True, nullable=False, default=CallableColumnDefault(<function uuid4 at 0x78efe0ce0720>)), Column('document_id', UUID(), ForeignKey('documents.id'), table=<document_chunks>, nullable=False), Column('chunk_index', Integer(), table=<document_chunks>, nullable=False), Column('content', Text(), table=<document_chunks>, nullable=False), Column('embedding', Vector(dim=384), table=<document_chunks>), Column('metadata', JSONB(astext_type=Text()), table=<document_chunks>, default=CallableColumnDefault(<function dict at 0x78efe0ce07c0>)), Column('created_at', DateTime(timezone=True), table=<document_chunks>, nullable=False, default=CallableColumnDefault(<function datetime.utcnow at 0x78efe0ce09a0>)), schema=None)]
venv/lib/python3.12/site-packages/sqlalchemy/sql/visitors.py:671: in traverse_single
    return meth(obj, **kw)
        kw         = {'_is_metadata_operation': True,
 'create_ok': True,
 'include_foreign_key_constraints': set()}
        meth       = <bound method SchemaGenerator.visit_table of <sqlalchemy.sql.ddl.SchemaGenerator object at 0x78efe0ce40d0>>
        obj        = Table('users', MetaData(), Column('id', GUID(), table=<users>, primary_key=True, nullable=False, default=CallableColumnDefault(<function uuid4 at 0x78f001182de0>)), Column('email', String(length=255), table=<users>), Column('password_hash', String(length=255), table=<users>), Column('role', Enum('ADMIN', 'USER', 'ANONYMOUS', name='user_role'), table=<users>, nullable=False, default=ScalarElementColumnDefault(<UserRole.ANONYMOUS: 'anonymous'>)), Column('is_active', Boolean(), table=<users>, nullable=False, default=ScalarElementColumnDefault(True)), Column('created_at', DateTime(timezone=True), table=<users>, nullable=False, default=CallableColumnDefault(<function datetime.utcnow at 0x78f0011e8ea0>)), Column('last_login', DateTime(timezone=True), table=<users>), schema=None)
        self       = <sqlalchemy.sql.ddl.SchemaGenerator object at 0x78efe0ce40d0>
        v          = <sqlalchemy.sql.ddl.SchemaGenerator object at 0x78efe0ce40d0>
venv/lib/python3.12/site-packages/sqlalchemy/sql/ddl.py:961: in visit_table
    self.traverse_single(index, create_ok=True)
        _is_metadata_operation = True
        column     = Column('last_login', DateTime(timezone=True), table=<users>)
        create_ok  = True
        include_foreign_key_constraints = None
        index      = Index('ix_users_email', Column('email', String(length=255), table=<users>), unique=True)
        self       = <sqlalchemy.sql.ddl.SchemaGenerator object at 0x78efe0ce40d0>
        table      = Table('users', MetaData(), Column('id', GUID(), table=<users>, primary_key=True, nullable=False, default=CallableColumnDefault(<function uuid4 at 0x78f001182de0>)), Column('email', String(length=255), table=<users>), Column('password_hash', String(length=255), table=<users>), Column('role', Enum('ADMIN', 'USER', 'ANONYMOUS', name='user_role'), table=<users>, nullable=False, default=ScalarElementColumnDefault(<UserRole.ANONYMOUS: 'anonymous'>)), Column('is_active', Boolean(), table=<users>, nullable=False, default=ScalarElementColumnDefault(True)), Column('created_at', DateTime(timezone=True), table=<users>, nullable=False, default=CallableColumnDefault(<function datetime.utcnow at 0x78f0011e8ea0>)), Column('last_login', DateTime(timezone=True), table=<users>), schema=None)
venv/lib/python3.12/site-packages/sqlalchemy/sql/visitors.py:671: in traverse_single
    return meth(obj, **kw)
        kw         = {'create_ok': True}
        meth       = <bound method SchemaGenerator.visit_index of <sqlalchemy.sql.ddl.SchemaGenerator object at 0x78efe0ce40d0>>
        obj        = Index('ix_users_email', Column('email', String(length=255), table=<users>), unique=True)
        self       = <sqlalchemy.sql.ddl.SchemaGenerator object at 0x78efe0ce40d0>
        v          = <sqlalchemy.sql.ddl.SchemaGenerator object at 0x78efe0ce40d0>
venv/lib/python3.12/site-packages/sqlalchemy/sql/ddl.py:998: in visit_index
    CreateIndex(index)._invoke_with(self.connection)
        create_ok  = True
        index      = Index('ix_users_email', Column('email', String(length=255), table=<users>), unique=True)
        self       = <sqlalchemy.sql.ddl.SchemaGenerator object at 0x78efe0ce40d0>
venv/lib/python3.12/site-packages/sqlalchemy/sql/ddl.py:315: in _invoke_with
    return bind.execute(self)
        bind       = <sqlalchemy.engine.base.Connection object at 0x78efe0bd0380>
        self       = <sqlalchemy.sql.ddl.CreateIndex object at 0x78f000fe2900>
venv/lib/python3.12/site-packages/sqlalchemy/engine/base.py:1416: in execute
    return meth(
        distilled_parameters = ()
        execution_options = None
        meth       = <bound method ExecutableDDLElement._execute_on_connection of <sqlalchemy.sql.ddl.CreateIndex object at 0x78f000fe2900>>
        parameters = None
        self       = <sqlalchemy.engine.base.Connection object at 0x78efe0bd0380>
        statement  = <sqlalchemy.sql.ddl.CreateIndex object at 0x78f000fe2900>
venv/lib/python3.12/site-packages/sqlalchemy/sql/ddl.py:181: in _execute_on_connection
    return connection._execute_ddl(
        connection = <sqlalchemy.engine.base.Connection object at 0x78efe0bd0380>
        distilled_params = ()
        execution_options = immutabledict({})
        self       = <sqlalchemy.sql.ddl.CreateIndex object at 0x78f000fe2900>
venv/lib/python3.12/site-packages/sqlalchemy/engine/base.py:1528: in _execute_ddl
    ret = self._execute_context(
        compiled   = <sqlalchemy.dialects.sqlite.base.SQLiteDDLCompiler object at 0x78efe0bd18e0>
        ddl        = <sqlalchemy.sql.ddl.CreateIndex object at 0x78f000fe2900>
        dialect    = <sqlalchemy.dialects.sqlite.aiosqlite.SQLiteDialect_aiosqlite object at 0x78efe0cc3620>
        distilled_parameters = ()
        event_multiparams = None
        event_params = None
        exec_opts  = immutabledict({})
        execution_options = immutabledict({})
        schema_translate_map = None
        self       = <sqlalchemy.engine.base.Connection object at 0x78efe0bd0380>
venv/lib/python3.12/site-packages/sqlalchemy/engine/base.py:1848: in _execute_context
    return self._exec_single_context(
        args       = (<sqlalchemy.dialects.sqlite.base.SQLiteDDLCompiler object at 0x78efe0bd18e0>,)
        conn       = <sqlalchemy.pool.base._ConnectionFairy object at 0x78efe0ba6930>
        constructor = <bound method DefaultExecutionContext._init_ddl of <class 'sqlalchemy.dialects.sqlite.aiosqlite.SQLiteExecutionContext_aiosqlite'>>
        context    = <sqlalchemy.dialects.sqlite.aiosqlite.SQLiteExecutionContext_aiosqlite object at 0x78efe0bd21b0>
        dialect    = <sqlalchemy.dialects.sqlite.aiosqlite.SQLiteDialect_aiosqlite object at 0x78efe0cc3620>
        execution_options = immutabledict({})
        kw         = {}
        parameters = None
        self       = <sqlalchemy.engine.base.Connection object at 0x78efe0bd0380>
        statement  = <sqlalchemy.dialects.sqlite.base.SQLiteDDLCompiler object at 0x78efe0bd18e0>
venv/lib/python3.12/site-packages/sqlalchemy/engine/base.py:1988: in _exec_single_context
    self._handle_dbapi_exception(
        context    = <sqlalchemy.dialects.sqlite.aiosqlite.SQLiteExecutionContext_aiosqlite object at 0x78efe0bd21b0>
        cursor     = <sqlalchemy.dialects.sqlite.aiosqlite.AsyncAdapt_aiosqlite_cursor object at 0x78efe0ba7e20>
        dialect    = <sqlalchemy.dialects.sqlite.aiosqlite.SQLiteDialect_aiosqlite object at 0x78efe0cc3620>
        effective_parameters = ()
        evt_handled = False
        parameters = [()]
        self       = <sqlalchemy.engine.base.Connection object at 0x78efe0bd0380>
        statement  = <sqlalchemy.dialects.sqlite.base.SQLiteDDLCompiler object at 0x78efe0bd18e0>
        str_statement = 'CREATE UNIQUE INDEX ix_users_email ON users (email)'
venv/lib/python3.12/site-packages/sqlalchemy/engine/base.py:2344: in _handle_dbapi_exception
    raise sqlalchemy_exception.with_traceback(exc_info[2]) from e
        context    = <sqlalchemy.dialects.sqlite.aiosqlite.SQLiteExecutionContext_aiosqlite object at 0x78efe0bd21b0>
        cursor     = <sqlalchemy.dialects.sqlite.aiosqlite.AsyncAdapt_aiosqlite_cursor object at 0x78efe0ba7e20>
        e          = OperationalError('index ix_users_email already exists')
        exc_info   = (<class 'sqlite3.OperationalError'>,
 OperationalError('index ix_users_email already exists'),
 <traceback object at 0x78efe0201740>)
        invalidate_pool_on_disconnect = True
        is_exit_exception = False
        is_sub_exec = False
        ismulti    = False
        newraise   = None
        parameters = ()
        self       = <sqlalchemy.engine.base.Connection object at 0x78efe0bd0380>
        should_wrap = True
        sqlalchemy_exception = OperationalError('(sqlite3.OperationalError) index ix_users_email already exists')
        statement  = 'CREATE UNIQUE INDEX ix_users_email ON users (email)'
venv/lib/python3.12/site-packages/sqlalchemy/engine/base.py:1969: in _exec_single_context
    self.dialect.do_execute(
        context    = <sqlalchemy.dialects.sqlite.aiosqlite.SQLiteExecutionContext_aiosqlite object at 0x78efe0bd21b0>
        cursor     = <sqlalchemy.dialects.sqlite.aiosqlite.AsyncAdapt_aiosqlite_cursor object at 0x78efe0ba7e20>
        dialect    = <sqlalchemy.dialects.sqlite.aiosqlite.SQLiteDialect_aiosqlite object at 0x78efe0cc3620>
        effective_parameters = ()
        evt_handled = False
        parameters = [()]
        self       = <sqlalchemy.engine.base.Connection object at 0x78efe0bd0380>
        statement  = <sqlalchemy.dialects.sqlite.base.SQLiteDDLCompiler object at 0x78efe0bd18e0>
        str_statement = 'CREATE UNIQUE INDEX ix_users_email ON users (email)'
venv/lib/python3.12/site-packages/sqlalchemy/engine/default.py:922: in do_execute
    cursor.execute(statement, parameters)
        context    = <sqlalchemy.dialects.sqlite.aiosqlite.SQLiteExecutionContext_aiosqlite object at 0x78efe0bd21b0>
        cursor     = <sqlalchemy.dialects.sqlite.aiosqlite.AsyncAdapt_aiosqlite_cursor object at 0x78efe0ba7e20>
        parameters = ()
        self       = <sqlalchemy.dialects.sqlite.aiosqlite.SQLiteDialect_aiosqlite object at 0x78efe0cc3620>
        statement  = 'CREATE UNIQUE INDEX ix_users_email ON users (email)'
venv/lib/python3.12/site-packages/sqlalchemy/dialects/sqlite/aiosqlite.py:146: in execute
    self._adapt_connection._handle_exception(error)
        _cursor    = <aiosqlite.cursor.Cursor object at 0x78efe0bd2210>
        operation  = 'CREATE UNIQUE INDEX ix_users_email ON users (email)'
        parameters = ()
        self       = <sqlalchemy.dialects.sqlite.aiosqlite.AsyncAdapt_aiosqlite_cursor object at 0x78efe0ba7e20>
venv/lib/python3.12/site-packages/sqlalchemy/dialects/sqlite/aiosqlite.py:298: in _handle_exception
    raise error
        error      = OperationalError('index ix_users_email already exists')
        self       = <AdaptedConnection <aiosqlite.core.Connection object at 0x78efe0bd0950>>
venv/lib/python3.12/site-packages/sqlalchemy/dialects/sqlite/aiosqlite.py:128: in execute
    self.await_(_cursor.execute(operation, parameters))
        _cursor    = <aiosqlite.cursor.Cursor object at 0x78efe0bd2210>
        operation  = 'CREATE UNIQUE INDEX ix_users_email ON users (email)'
        parameters = ()
        self       = <sqlalchemy.dialects.sqlite.aiosqlite.AsyncAdapt_aiosqlite_cursor object at 0x78efe0ba7e20>
venv/lib/python3.12/site-packages/sqlalchemy/util/_concurrency_py3k.py:130: in await_only
    return current.driver.switch(awaitable)  # type: ignore[no-any-return]
        awaitable  = <coroutine object Cursor.execute at 0x78efe0be19a0>
        current    = <_AsyncIoGreenlet object at 0x78efe0b41940 (otid=0x1d6ace30) dead>
venv/lib/python3.12/site-packages/sqlalchemy/util/_concurrency_py3k.py:195: in greenlet_spawn
    value = await result
        _require_await = False
        args       = (<sqlalchemy.engine.base.Connection object at 0x78efe0bd0380>,)
        context    = <_AsyncIoGreenlet object at 0x78efe0b41940 (otid=0x1d6ace30) dead>
        fn         = <bound method MetaData.create_all of MetaData()>
        kwargs     = {}
        result     = <coroutine object Cursor.execute at 0x78efe0be19a0>
        switch_occurred = True
        value      = <aiosqlite.cursor.Cursor object at 0x78efe0bd2210>
venv/lib/python3.12/site-packages/aiosqlite/cursor.py:40: in execute
    await self._execute(self._cursor.execute, sql, parameters)
        parameters = ()
        self       = <aiosqlite.cursor.Cursor object at 0x78efe0bd2210>
        sql        = 'CREATE UNIQUE INDEX ix_users_email ON users (email)'
venv/lib/python3.12/site-packages/aiosqlite/cursor.py:32: in _execute
    return await self._conn._execute(fn, *args, **kwargs)
        args       = ('CREATE UNIQUE INDEX ix_users_email ON users (email)', ())
        fn         = <built-in method execute of sqlite3.Cursor object at 0x78efe0bb97c0>
        kwargs     = {}
        self       = <aiosqlite.cursor.Cursor object at 0x78efe0bd2210>
venv/lib/python3.12/site-packages/aiosqlite/core.py:160: in _execute
    return await future
        args       = ('CREATE UNIQUE INDEX ix_users_email ON users (email)', ())
        fn         = <built-in method execute of sqlite3.Cursor object at 0x78efe0bb97c0>
        function   = functools.partial(<built-in method execute of sqlite3.Cursor object at 0x78efe0bb97c0>, 'CREATE UNIQUE INDEX ix_users_email ON users (email)', ())
        future     = <Future finished exception=OperationalError('index ix_users_email already exists')>
        kwargs     = {}
        self       = <aiosqlite.core.Connection object at 0x78efe0bd0950>
venv/lib/python3.12/site-packages/aiosqlite/core.py:63: in _connection_worker_thread
    result = function()
E   sqlalchemy.exc.OperationalError: (sqlite3.OperationalError) index ix_users_email already exists
E   [SQL: CREATE UNIQUE INDEX ix_users_email ON users (email)]
E   (Background on this error at: https://sqlalche.me/e/20/e3q8)
        function   = functools.partial(<built-in method rollback of sqlite3.Connection object at 0x78efe0b6f2e0>)
        future     = <Future finished result=None>
        result     = None
        tx         = <_queue.SimpleQueue object at 0x78efe0bd7060>
_________ ERROR at setup of test_complex_query_multiple_relationships __________
venv/lib/python3.12/site-packages/sqlalchemy/engine/base.py:1969: in _exec_single_context
    self.dialect.do_execute(
        context    = <sqlalchemy.dialects.sqlite.aiosqlite.SQLiteExecutionContext_aiosqlite object at 0x78efe0bd21b0>
        cursor     = <sqlalchemy.dialects.sqlite.aiosqlite.AsyncAdapt_aiosqlite_cursor object at 0x78efe0ba7e20>
        dialect    = <sqlalchemy.dialects.sqlite.aiosqlite.SQLiteDialect_aiosqlite object at 0x78efe0cc3620>
        effective_parameters = ()
        evt_handled = False
        parameters = [()]
        self       = <sqlalchemy.engine.base.Connection object at 0x78efe0bd0380>
        statement  = <sqlalchemy.dialects.sqlite.base.SQLiteDDLCompiler object at 0x78efe0bd18e0>
        str_statement = 'CREATE UNIQUE INDEX ix_users_email ON users (email)'
venv/lib/python3.12/site-packages/sqlalchemy/engine/default.py:922: in do_execute
    cursor.execute(statement, parameters)
        context    = <sqlalchemy.dialects.sqlite.aiosqlite.SQLiteExecutionContext_aiosqlite object at 0x78efe0bd21b0>
        cursor     = <sqlalchemy.dialects.sqlite.aiosqlite.AsyncAdapt_aiosqlite_cursor object at 0x78efe0ba7e20>
        parameters = ()
        self       = <sqlalchemy.dialects.sqlite.aiosqlite.SQLiteDialect_aiosqlite object at 0x78efe0cc3620>
        statement  = 'CREATE UNIQUE INDEX ix_users_email ON users (email)'
venv/lib/python3.12/site-packages/sqlalchemy/dialects/sqlite/aiosqlite.py:146: in execute
    self._adapt_connection._handle_exception(error)
        _cursor    = <aiosqlite.cursor.Cursor object at 0x78efe0bd2210>
        operation  = 'CREATE UNIQUE INDEX ix_users_email ON users (email)'
        parameters = ()
        self       = <sqlalchemy.dialects.sqlite.aiosqlite.AsyncAdapt_aiosqlite_cursor object at 0x78efe0ba7e20>
venv/lib/python3.12/site-packages/sqlalchemy/dialects/sqlite/aiosqlite.py:298: in _handle_exception
    raise error
        error      = OperationalError('index ix_users_email already exists')
        self       = <AdaptedConnection <aiosqlite.core.Connection object at 0x78efe0bd0950>>
venv/lib/python3.12/site-packages/sqlalchemy/dialects/sqlite/aiosqlite.py:128: in execute
    self.await_(_cursor.execute(operation, parameters))
        _cursor    = <aiosqlite.cursor.Cursor object at 0x78efe0bd2210>
        operation  = 'CREATE UNIQUE INDEX ix_users_email ON users (email)'
        parameters = ()
        self       = <sqlalchemy.dialects.sqlite.aiosqlite.AsyncAdapt_aiosqlite_cursor object at 0x78efe0ba7e20>
venv/lib/python3.12/site-packages/sqlalchemy/util/_concurrency_py3k.py:130: in await_only
    return current.driver.switch(awaitable)  # type: ignore[no-any-return]
        awaitable  = <coroutine object Cursor.execute at 0x78efe0be19a0>
        current    = <_AsyncIoGreenlet object at 0x78efe0b41940 (otid=0x1d6ace30) dead>
venv/lib/python3.12/site-packages/sqlalchemy/util/_concurrency_py3k.py:195: in greenlet_spawn
    value = await result
        _require_await = False
        args       = (<sqlalchemy.engine.base.Connection object at 0x78efe0bd0380>,)
        context    = <_AsyncIoGreenlet object at 0x78efe0b41940 (otid=0x1d6ace30) dead>
        fn         = <bound method MetaData.create_all of MetaData()>
        kwargs     = {}
        result     = <coroutine object Cursor.execute at 0x78efe0be19a0>
        switch_occurred = True
        value      = <aiosqlite.cursor.Cursor object at 0x78efe0bd2210>
venv/lib/python3.12/site-packages/aiosqlite/cursor.py:40: in execute
    await self._execute(self._cursor.execute, sql, parameters)
        parameters = ()
        self       = <aiosqlite.cursor.Cursor object at 0x78efe0bd2210>
        sql        = 'CREATE UNIQUE INDEX ix_users_email ON users (email)'
venv/lib/python3.12/site-packages/aiosqlite/cursor.py:32: in _execute
    return await self._conn._execute(fn, *args, **kwargs)
        args       = ('CREATE UNIQUE INDEX ix_users_email ON users (email)', ())
        fn         = <built-in method execute of sqlite3.Cursor object at 0x78efe0bb97c0>
        kwargs     = {}
        self       = <aiosqlite.cursor.Cursor object at 0x78efe0bd2210>
venv/lib/python3.12/site-packages/aiosqlite/core.py:160: in _execute
    return await future
        args       = ('CREATE UNIQUE INDEX ix_users_email ON users (email)', ())
        fn         = <built-in method execute of sqlite3.Cursor object at 0x78efe0bb97c0>
        function   = functools.partial(<built-in method execute of sqlite3.Cursor object at 0x78efe0bb97c0>, 'CREATE UNIQUE INDEX ix_users_email ON users (email)', ())
        future     = <Future finished exception=OperationalError('index ix_users_email already exists')>
        kwargs     = {}
        self       = <aiosqlite.core.Connection object at 0x78efe0bd0950>
venv/lib/python3.12/site-packages/aiosqlite/core.py:63: in _connection_worker_thread
    result = function()
E   sqlite3.OperationalError: index ix_users_email already exists
        function   = functools.partial(<built-in method rollback of sqlite3.Connection object at 0x78efe0b6f2e0>)
        future     = <Future finished result=None>
        result     = None
        tx         = <_queue.SimpleQueue object at 0x78efe0bd7060>

The above exception was the direct cause of the following exception:
venv/lib/python3.12/site-packages/pytest_asyncio/plugin.py:336: in _asyncgen_fixture_wrapper
    result = event_loop.run_until_complete(setup())
        event_loop = <_UnixSelectorEventLoop running=False closed=False debug=False>
        event_loop_fixture_id = '_session_event_loop'
        finalizer  = <function _wrap_asyncgen_fixture.<locals>._asyncgen_fixture_wrapper.<locals>.finalizer at 0x78efe0ba99e0>
        fixture    = <function engine at 0x78f001182b60>
        fixturedef = <FixtureDef argname='engine' scope='session' baseid='tests'>
        func       = <function engine at 0x78f001182b60>
        gen_obj    = <async_generator object engine at 0x78efe0b6ec50>
        kwargs     = {}
        request    = <SubRequest 'engine' for <Coroutine test_chat_session_creation_with_user>>
        setup      = <function _wrap_asyncgen_fixture.<locals>._asyncgen_fixture_wrapper.<locals>.setup at 0x78efe0ba9a80>
/usr/lib/python3.12/asyncio/base_events.py:687: in run_until_complete
    return future.result()
        future     = <Task finished name='Task-1' coro=<_wrap_asyncgen_fixture.<locals>._asyncgen_fixture_wrapper.<locals>.setup() done, defined at /mnt/d/workspace/ChatApplication/project-code/backend/venv/lib/python3.12/site-packages/pytest_asyncio/plugin.py:317> exception=OperationalError('(sqlite3.OperationalError) index ix_users_email already exists')>
        new_task   = True
        self       = <_UnixSelectorEventLoop running=False closed=False debug=False>
venv/lib/python3.12/site-packages/pytest_asyncio/plugin.py:318: in setup
    res = await gen_obj.__anext__()
        gen_obj    = <async_generator object engine at 0x78efe0b6ec50>
tests/conftest.py:62: in engine
    await conn.run_sync(Base.metadata.create_all)
        conn       = <sqlalchemy.ext.asyncio.engine.AsyncConnection object at 0x78efe0bd6850>
        test_engine = <sqlalchemy.ext.asyncio.engine.AsyncEngine object at 0x78f001041090>
venv/lib/python3.12/site-packages/sqlalchemy/ext/asyncio/engine.py:891: in run_sync
    return await greenlet_spawn(fn, self._proxied, *arg, **kw)
        arg        = ()
        fn         = <bound method MetaData.create_all of MetaData()>
        kw         = {}
        self       = <sqlalchemy.ext.asyncio.engine.AsyncConnection object at 0x78efe0bd6850>
venv/lib/python3.12/site-packages/sqlalchemy/util/_concurrency_py3k.py:200: in greenlet_spawn
    result = context.throw(*sys.exc_info())
        _require_await = False
        args       = (<sqlalchemy.engine.base.Connection object at 0x78efe0bd0380>,)
        context    = <_AsyncIoGreenlet object at 0x78efe0b41940 (otid=0x1d6ace30) dead>
        fn         = <bound method MetaData.create_all of MetaData()>
        kwargs     = {}
        result     = <coroutine object Cursor.execute at 0x78efe0be19a0>
        switch_occurred = True
        value      = <aiosqlite.cursor.Cursor object at 0x78efe0bd2210>
venv/lib/python3.12/site-packages/sqlalchemy/sql/schema.py:5832: in create_all
    bind._run_ddl_visitor(
        bind       = <sqlalchemy.engine.base.Connection object at 0x78efe0bd0380>
        checkfirst = True
        self       = MetaData()
        tables     = None
venv/lib/python3.12/site-packages/sqlalchemy/engine/base.py:2448: in _run_ddl_visitor
    visitorcallable(self.dialect, self, **kwargs).traverse_single(element)
        element    = MetaData()
        kwargs     = {'checkfirst': True, 'tables': None}
        self       = <sqlalchemy.engine.base.Connection object at 0x78efe0bd0380>
        visitorcallable = <class 'sqlalchemy.sql.ddl.SchemaGenerator'>
venv/lib/python3.12/site-packages/sqlalchemy/sql/visitors.py:671: in traverse_single
    return meth(obj, **kw)
        kw         = {}
        meth       = <bound method SchemaGenerator.visit_metadata of <sqlalchemy.sql.ddl.SchemaGenerator object at 0x78efe0ce40d0>>
        obj        = MetaData()
        self       = <sqlalchemy.sql.ddl.SchemaGenerator object at 0x78efe0ce40d0>
        v          = <sqlalchemy.sql.ddl.SchemaGenerator object at 0x78efe0ce40d0>
venv/lib/python3.12/site-packages/sqlalchemy/sql/ddl.py:919: in visit_metadata
    self.traverse_single(
        collection = [(Table('users', MetaData(), Column('id', GUID(), table=<users>, primary_key=True, nullable=False, default=CallableColumnDefault(<function uuid4 at 0x78f001182de0>)), Column('email', String(length=255), table=<users>), Column('password_hash', String(length=255), table=<users>), Column('role', Enum('ADMIN', 'USER', 'ANONYMOUS', name='user_role'), table=<users>, nullable=False, default=ScalarElementColumnDefault(<UserRole.ANONYMOUS: 'anonymous'>)), Column('is_active', Boolean(), table=<users>, nullable=False, default=ScalarElementColumnDefault(True)), Column('created_at', DateTime(timezone=True), table=<users>, nullable=False, default=CallableColumnDefault(<function datetime.utcnow at 0x78f0011e8ea0>)), Column('last_login', DateTime(timezone=True), table=<users>), schema=None),
  set()),
 (Table('chat_sessions', MetaData(), Column('id', GUID(), table=<chat_sessions>, primary_key=True, nullable=False, default=CallableColumnDefault(<function uuid4 at 0x78f001078720>)), Column('user_id', GUID(), ForeignKey('users.id'), table=<chat_sessions>), Column('session_token', String(length=255), table=<chat_sessions>, nullable=False), Column('created_at', DateTime(timezone=True), table=<chat_sessions>, nullable=False, default=CallableColumnDefault(<function datetime.utcnow at 0x78f0010787c0>)), Column('updated_at', DateTime(timezone=True), table=<chat_sessions>, nullable=False, onupdate=CallableColumnDefault(<function datetime.utcnow at 0x78f001078ae0>), default=CallableColumnDefault(<function datetime.utcnow at 0x78f001078a40>)), Column('metadata', JSON(), table=<chat_sessions>, default=CallableColumnDefault(<function dict at 0x78f001078b80>)), schema=None),
  {ForeignKeyConstraint(<sqlalchemy.sql.base.ReadOnlyColumnCollection object at 0x78efdb3365c0>, None, ondelete='SET NULL', table=Table('chat_sessions', MetaData(), Column('id', GUID(), table=<chat_sessions>, primary_key=True, nullable=False, default=CallableColumnDefault(<function uuid4 at 0x78f001078720>)), Column('user_id', GUID(), ForeignKey('users.id'), table=<chat_sessions>), Column('session_token', String(length=255), table=<chat_sessions>, nullable=False), Column('created_at', DateTime(timezone=True), table=<chat_sessions>, nullable=False, default=CallableColumnDefault(<function datetime.utcnow at 0x78f0010787c0>)), Column('updated_at', DateTime(timezone=True), table=<chat_sessions>, nullable=False, onupdate=CallableColumnDefault(<function datetime.utcnow at 0x78f001078ae0>), default=CallableColumnDefault(<function datetime.utcnow at 0x78f001078a40>)), Column('metadata', JSON(), table=<chat_sessions>, default=CallableColumnDefault(<function dict at 0x78f001078b80>)), schema=None))}),
 (Table('data_sources', MetaData(), Column('id', GUID(), table=<data_sources>, primary_key=True, nullable=False, default=CallableColumnDefault(<function uuid4 at 0x78f00107bd80>)), Column('name', String(length=255), table=<data_sources>, nullable=False), Column('type', Enum('CONFLUENCE', 'JIRA', 'GITHUB', 'ONBOARDING', name='source_type'), table=<data_sources>, nullable=False), Column('config', JSON(), table=<data_sources>, nullable=False, default=CallableColumnDefault(<function dict at 0x78f001018040>)), Column('last_sync_at', DateTime(timezone=True), table=<data_sources>), Column('sync_status', Enum('PENDING', 'SYNCING', 'SUCCESS', 'FAILED', name='sync_status'), table=<data_sources>, nullable=False, default=ScalarElementColumnDefault(<SyncStatus.PENDING: 'pending'>)), Column('sync_error', Text(), table=<data_sources>), Column('created_by', GUID(), ForeignKey('users.id'), table=<data_sources>, nullable=False), Column('is_active', Boolean(), table=<data_sources>, nullable=False, default=ScalarElementColumnDefault(True)), schema=None),
  {ForeignKeyConstraint(<sqlalchemy.sql.base.ReadOnlyColumnCollection object at 0x78efdb336610>, None, ondelete='CASCADE', table=Table('data_sources', MetaData(), Column('id', GUID(), table=<data_sources>, primary_key=True, nullable=False, default=CallableColumnDefault(<function uuid4 at 0x78f00107bd80>)), Column('name', String(length=255), table=<data_sources>, nullable=False), Column('type', Enum('CONFLUENCE', 'JIRA', 'GITHUB', 'ONBOARDING', name='source_type'), table=<data_sources>, nullable=False), Column('config', JSON(), table=<data_sources>, nullable=False, default=CallableColumnDefault(<function dict at 0x78f001018040>)), Column('last_sync_at', DateTime(timezone=True), table=<data_sources>), Column('sync_status', Enum('PENDING', 'SYNCING', 'SUCCESS', 'FAILED', name='sync_status'), table=<data_sources>, nullable=False, default=ScalarElementColumnDefault(<SyncStatus.PENDING: 'pending'>)), Column('sync_error', Text(), table=<data_sources>), Column('created_by', GUID(), ForeignKey('users.id'), table=<data_sources>, nullable=False), Column('is_active', Boolean(), table=<data_sources>, nullable=False, default=ScalarElementColumnDefault(True)), schema=None))}),
 (Table('messages', MetaData(), Column('id', GUID(), table=<messages>, primary_key=True, nullable=False, default=CallableColumnDefault(<function uuid4 at 0x78f00107a020>)), Column('session_id', GUID(), ForeignKey('chat_sessions.id'), table=<messages>, nullable=False), Column('role', Enum('USER', 'ASSISTANT', 'SYSTEM', name='message_role'), table=<messages>, nullable=False), Column('content', Text(), table=<messages>, nullable=False), Column('created_at', DateTime(timezone=True), table=<messages>, nullable=False, default=CallableColumnDefault(<function datetime.utcnow at 0x78f00107a3e0>)), Column('sources', JSON(), table=<messages>, default=CallableColumnDefault(<function dict at 0x78f00107a520>)), Column('feedback', JSON(), table=<messages>, default=CallableColumnDefault(<function dict at 0x78f00107a660>)), schema=None),
  {ForeignKeyConstraint(<sqlalchemy.sql.base.ReadOnlyColumnCollection object at 0x78efdb3366b0>, None, ondelete='CASCADE', table=Table('messages', MetaData(), Column('id', GUID(), table=<messages>, primary_key=True, nullable=False, default=CallableColumnDefault(<function uuid4 at 0x78f00107a020>)), Column('session_id', GUID(), ForeignKey('chat_sessions.id'), table=<messages>, nullable=False), Column('role', Enum('USER', 'ASSISTANT', 'SYSTEM', name='message_role'), table=<messages>, nullable=False), Column('content', Text(), table=<messages>, nullable=False), Column('created_at', DateTime(timezone=True), table=<messages>, nullable=False, default=CallableColumnDefault(<function datetime.utcnow at 0x78f00107a3e0>)), Column('sources', JSON(), table=<messages>, default=CallableColumnDefault(<function dict at 0x78f00107a520>)), Column('feedback', JSON(), table=<messages>, default=CallableColumnDefault(<function dict at 0x78f00107a660>)), schema=None))}),
 (Table('sync_logs', MetaData(), Column('id', GUID(), table=<sync_logs>, primary_key=True, nullable=False, default=CallableColumnDefault(<function uuid4 at 0x78f00101a3e0>)), Column('source_id', GUID(), ForeignKey('data_sources.id'), table=<sync_logs>, nullable=False), Column('started_at', DateTime(timezone=True), table=<sync_logs>, nullable=False, default=CallableColumnDefault(<function datetime.utcnow at 0x78f00101a480>)), Column('completed_at', DateTime(timezone=True), table=<sync_logs>), Column('status', Enum('PENDING', 'SYNCING', 'SUCCESS', 'FAILED', name='sync_status'), table=<sync_logs>, nullable=False, default=ScalarElementColumnDefault(<SyncStatus.PENDING: 'pending'>)), Column('documents_processed', Integer(), table=<sync_logs>, nullable=False, default=ScalarElementColumnDefault(0)), Column('documents_added', Integer(), table=<sync_logs>, nullable=False, default=ScalarElementColumnDefault(0)), Column('documents_updated', Integer(), table=<sync_logs>, nullable=False, default=ScalarElementColumnDefault(0)), Column('documents_deleted', Integer(), table=<sync_logs>, nullable=False, default=ScalarElementColumnDefault(0)), Column('error_log', Text(), table=<sync_logs>), schema=None),
  {ForeignKeyConstraint(<sqlalchemy.sql.base.ReadOnlyColumnCollection object at 0x78efdb336660>, None, ondelete='CASCADE', table=Table('sync_logs', MetaData(), Column('id', GUID(), table=<sync_logs>, primary_key=True, nullable=False, default=CallableColumnDefault(<function uuid4 at 0x78f00101a3e0>)), Column('source_id', GUID(), ForeignKey('data_sources.id'), table=<sync_logs>, nullable=False), Column('started_at', DateTime(timezone=True), table=<sync_logs>, nullable=False, default=CallableColumnDefault(<function datetime.utcnow at 0x78f00101a480>)), Column('completed_at', DateTime(timezone=True), table=<sync_logs>), Column('status', Enum('PENDING', 'SYNCING', 'SUCCESS', 'FAILED', name='sync_status'), table=<sync_logs>, nullable=False, default=ScalarElementColumnDefault(<SyncStatus.PENDING: 'pending'>)), Column('documents_processed', Integer(), table=<sync_logs>, nullable=False, default=ScalarElementColumnDefault(0)), Column('documents_added', Integer(), table=<sync_logs>, nullable=False, default=ScalarElementColumnDefault(0)), Column('documents_updated', Integer(), table=<sync_logs>, nullable=False, default=ScalarElementColumnDefault(0)), Column('documents_deleted', Integer(), table=<sync_logs>, nullable=False, default=ScalarElementColumnDefault(0)), Column('error_log', Text(), table=<sync_logs>), schema=None))}),
 (Table('documents', MetaData(), Column('id', UUID(), table=<documents>, primary_key=True, nullable=False, default=CallableColumnDefault(<function uuid4 at 0x78f00101bec0>)), Column('source_id', UUID(), ForeignKey('data_sources.id'), table=<documents>, nullable=False), Column('external_id', String(length=255), table=<documents>, nullable=False), Column('title', Text(), table=<documents>, nullable=False), Column('content', Text(), table=<documents>, nullable=False), Column('url', Text(), table=<documents>), Column('metadata', JSONB(astext_type=Text()), table=<documents>, default=CallableColumnDefault(<function dict at 0x78f000fec360>)), Column('created_at', DateTime(timezone=True), table=<documents>, nullable=False, default=CallableColumnDefault(<function datetime.utcnow at 0x78efe0cbef20>)), Column('updated_at', DateTime(timezone=True), table=<documents>, nullable=False, onupdate=CallableColumnDefault(<function datetime.utcnow at 0x78efe0cbf060>), default=CallableColumnDefault(<function datetime.utcnow at 0x78efe0cbefc0>)), Column('is_deleted', Boolean(), table=<documents>, nullable=False, default=ScalarElementColumnDefault(False)), schema=None),
  {ForeignKeyConstraint(<sqlalchemy.sql.base.ReadOnlyColumnCollection object at 0x78efdb336750>, None, ondelete='CASCADE', table=Table('documents', MetaData(), Column('id', UUID(), table=<documents>, primary_key=True, nullable=False, default=CallableColumnDefault(<function uuid4 at 0x78f00101bec0>)), Column('source_id', UUID(), ForeignKey('data_sources.id'), table=<documents>, nullable=False), Column('external_id', String(length=255), table=<documents>, nullable=False), Column('title', Text(), table=<documents>, nullable=False), Column('content', Text(), table=<documents>, nullable=False), Column('url', Text(), table=<documents>), Column('metadata', JSONB(astext_type=Text()), table=<documents>, default=CallableColumnDefault(<function dict at 0x78f000fec360>)), Column('created_at', DateTime(timezone=True), table=<documents>, nullable=False, default=CallableColumnDefault(<function datetime.utcnow at 0x78efe0cbef20>)), Column('updated_at', DateTime(timezone=True), table=<documents>, nullable=False, onupdate=CallableColumnDefault(<function datetime.utcnow at 0x78efe0cbf060>), default=CallableColumnDefault(<function datetime.utcnow at 0x78efe0cbefc0>)), Column('is_deleted', Boolean(), table=<documents>, nullable=False, default=ScalarElementColumnDefault(False)), schema=None))}),
 (Table('document_chunks', MetaData(), Column('id', UUID(), table=<document_chunks>, primary_key=True, nullable=False, default=CallableColumnDefault(<function uuid4 at 0x78efe0ce0720>)), Column('document_id', UUID(), ForeignKey('documents.id'), table=<document_chunks>, nullable=False), Column('chunk_index', Integer(), table=<document_chunks>, nullable=False), Column('content', Text(), table=<document_chunks>, nullable=False), Column('embedding', Vector(dim=384), table=<document_chunks>), Column('metadata', JSONB(astext_type=Text()), table=<document_chunks>, default=CallableColumnDefault(<function dict at 0x78efe0ce07c0>)), Column('created_at', DateTime(timezone=True), table=<document_chunks>, nullable=False, default=CallableColumnDefault(<function datetime.utcnow at 0x78efe0ce09a0>)), schema=None),
  {ForeignKeyConstraint(<sqlalchemy.sql.base.ReadOnlyColumnCollection object at 0x78efdb3367a0>, None, ondelete='CASCADE', table=Table('document_chunks', MetaData(), Column('id', UUID(), table=<document_chunks>, primary_key=True, nullable=False, default=CallableColumnDefault(<function uuid4 at 0x78efe0ce0720>)), Column('document_id', UUID(), ForeignKey('documents.id'), table=<document_chunks>, nullable=False), Column('chunk_index', Integer(), table=<document_chunks>, nullable=False), Column('content', Text(), table=<document_chunks>, nullable=False), Column('embedding', Vector(dim=384), table=<document_chunks>), Column('metadata', JSONB(astext_type=Text()), table=<document_chunks>, default=CallableColumnDefault(<function dict at 0x78efe0ce07c0>)), Column('created_at', DateTime(timezone=True), table=<document_chunks>, nullable=False, default=CallableColumnDefault(<function datetime.utcnow at 0x78efe0ce09a0>)), schema=None))}),
 (None, [])]
        event_collection = [Table('users', MetaData(), Column('id', GUID(), table=<users>, primary_key=True, nullable=False, default=CallableColumnDefault(<function uuid4 at 0x78f001182de0>)), Column('email', String(length=255), table=<users>), Column('password_hash', String(length=255), table=<users>), Column('role', Enum('ADMIN', 'USER', 'ANONYMOUS', name='user_role'), table=<users>, nullable=False, default=ScalarElementColumnDefault(<UserRole.ANONYMOUS: 'anonymous'>)), Column('is_active', Boolean(), table=<users>, nullable=False, default=ScalarElementColumnDefault(True)), Column('created_at', DateTime(timezone=True), table=<users>, nullable=False, default=CallableColumnDefault(<function datetime.utcnow at 0x78f0011e8ea0>)), Column('last_login', DateTime(timezone=True), table=<users>), schema=None),
 Table('chat_sessions', MetaData(), Column('id', GUID(), table=<chat_sessions>, primary_key=True, nullable=False, default=CallableColumnDefault(<function uuid4 at 0x78f001078720>)), Column('user_id', GUID(), ForeignKey('users.id'), table=<chat_sessions>), Column('session_token', String(length=255), table=<chat_sessions>, nullable=False), Column('created_at', DateTime(timezone=True), table=<chat_sessions>, nullable=False, default=CallableColumnDefault(<function datetime.utcnow at 0x78f0010787c0>)), Column('updated_at', DateTime(timezone=True), table=<chat_sessions>, nullable=False, onupdate=CallableColumnDefault(<function datetime.utcnow at 0x78f001078ae0>), default=CallableColumnDefault(<function datetime.utcnow at 0x78f001078a40>)), Column('metadata', JSON(), table=<chat_sessions>, default=CallableColumnDefault(<function dict at 0x78f001078b80>)), schema=None),
 Table('data_sources', MetaData(), Column('id', GUID(), table=<data_sources>, primary_key=True, nullable=False, default=CallableColumnDefault(<function uuid4 at 0x78f00107bd80>)), Column('name', String(length=255), table=<data_sources>, nullable=False), Column('type', Enum('CONFLUENCE', 'JIRA', 'GITHUB', 'ONBOARDING', name='source_type'), table=<data_sources>, nullable=False), Column('config', JSON(), table=<data_sources>, nullable=False, default=CallableColumnDefault(<function dict at 0x78f001018040>)), Column('last_sync_at', DateTime(timezone=True), table=<data_sources>), Column('sync_status', Enum('PENDING', 'SYNCING', 'SUCCESS', 'FAILED', name='sync_status'), table=<data_sources>, nullable=False, default=ScalarElementColumnDefault(<SyncStatus.PENDING: 'pending'>)), Column('sync_error', Text(), table=<data_sources>), Column('created_by', GUID(), ForeignKey('users.id'), table=<data_sources>, nullable=False), Column('is_active', Boolean(), table=<data_sources>, nullable=False, default=ScalarElementColumnDefault(True)), schema=None),
 Table('messages', MetaData(), Column('id', GUID(), table=<messages>, primary_key=True, nullable=False, default=CallableColumnDefault(<function uuid4 at 0x78f00107a020>)), Column('session_id', GUID(), ForeignKey('chat_sessions.id'), table=<messages>, nullable=False), Column('role', Enum('USER', 'ASSISTANT', 'SYSTEM', name='message_role'), table=<messages>, nullable=False), Column('content', Text(), table=<messages>, nullable=False), Column('created_at', DateTime(timezone=True), table=<messages>, nullable=False, default=CallableColumnDefault(<function datetime.utcnow at 0x78f00107a3e0>)), Column('sources', JSON(), table=<messages>, default=CallableColumnDefault(<function dict at 0x78f00107a520>)), Column('feedback', JSON(), table=<messages>, default=CallableColumnDefault(<function dict at 0x78f00107a660>)), schema=None),
 Table('sync_logs', MetaData(), Column('id', GUID(), table=<sync_logs>, primary_key=True, nullable=False, default=CallableColumnDefault(<function uuid4 at 0x78f00101a3e0>)), Column('source_id', GUID(), ForeignKey('data_sources.id'), table=<sync_logs>, nullable=False), Column('started_at', DateTime(timezone=True), table=<sync_logs>, nullable=False, default=CallableColumnDefault(<function datetime.utcnow at 0x78f00101a480>)), Column('completed_at', DateTime(timezone=True), table=<sync_logs>), Column('status', Enum('PENDING', 'SYNCING', 'SUCCESS', 'FAILED', name='sync_status'), table=<sync_logs>, nullable=False, default=ScalarElementColumnDefault(<SyncStatus.PENDING: 'pending'>)), Column('documents_processed', Integer(), table=<sync_logs>, nullable=False, default=ScalarElementColumnDefault(0)), Column('documents_added', Integer(), table=<sync_logs>, nullable=False, default=ScalarElementColumnDefault(0)), Column('documents_updated', Integer(), table=<sync_logs>, nullable=False, default=ScalarElementColumnDefault(0)), Column('documents_deleted', Integer(), table=<sync_logs>, nullable=False, default=ScalarElementColumnDefault(0)), Column('error_log', Text(), table=<sync_logs>), schema=None),
 Table('documents', MetaData(), Column('id', UUID(), table=<documents>, primary_key=True, nullable=False, default=CallableColumnDefault(<function uuid4 at 0x78f00101bec0>)), Column('source_id', UUID(), ForeignKey('data_sources.id'), table=<documents>, nullable=False), Column('external_id', String(length=255), table=<documents>, nullable=False), Column('title', Text(), table=<documents>, nullable=False), Column('content', Text(), table=<documents>, nullable=False), Column('url', Text(), table=<documents>), Column('metadata', JSONB(astext_type=Text()), table=<documents>, default=CallableColumnDefault(<function dict at 0x78f000fec360>)), Column('created_at', DateTime(timezone=True), table=<documents>, nullable=False, default=CallableColumnDefault(<function datetime.utcnow at 0x78efe0cbef20>)), Column('updated_at', DateTime(timezone=True), table=<documents>, nullable=False, onupdate=CallableColumnDefault(<function datetime.utcnow at 0x78efe0cbf060>), default=CallableColumnDefault(<function datetime.utcnow at 0x78efe0cbefc0>)), Column('is_deleted', Boolean(), table=<documents>, nullable=False, default=ScalarElementColumnDefault(False)), schema=None),
 Table('document_chunks', MetaData(), Column('id', UUID(), table=<document_chunks>, primary_key=True, nullable=False, default=CallableColumnDefault(<function uuid4 at 0x78efe0ce0720>)), Column('document_id', UUID(), ForeignKey('documents.id'), table=<document_chunks>, nullable=False), Column('chunk_index', Integer(), table=<document_chunks>, nullable=False), Column('content', Text(), table=<document_chunks>, nullable=False), Column('embedding', Vector(dim=384), table=<document_chunks>), Column('metadata', JSONB(astext_type=Text()), table=<document_chunks>, default=CallableColumnDefault(<function dict at 0x78efe0ce07c0>)), Column('created_at', DateTime(timezone=True), table=<document_chunks>, nullable=False, default=CallableColumnDefault(<function datetime.utcnow at 0x78efe0ce09a0>)), schema=None)]
        fkcs       = set()
        metadata   = MetaData()
        self       = <sqlalchemy.sql.ddl.SchemaGenerator object at 0x78efe0ce40d0>
        seq_coll   = []
        table      = Table('users', MetaData(), Column('id', GUID(), table=<users>, primary_key=True, nullable=False, default=CallableColumnDefault(<function uuid4 at 0x78f001182de0>)), Column('email', String(length=255), table=<users>), Column('password_hash', String(length=255), table=<users>), Column('role', Enum('ADMIN', 'USER', 'ANONYMOUS', name='user_role'), table=<users>, nullable=False, default=ScalarElementColumnDefault(<UserRole.ANONYMOUS: 'anonymous'>)), Column('is_active', Boolean(), table=<users>, nullable=False, default=ScalarElementColumnDefault(True)), Column('created_at', DateTime(timezone=True), table=<users>, nullable=False, default=CallableColumnDefault(<function datetime.utcnow at 0x78f0011e8ea0>)), Column('last_login', DateTime(timezone=True), table=<users>), schema=None)
        tables     = [Table('users', MetaData(), Column('id', GUID(), table=<users>, primary_key=True, nullable=False, default=CallableColumnDefault(<function uuid4 at 0x78f001182de0>)), Column('email', String(length=255), table=<users>), Column('password_hash', String(length=255), table=<users>), Column('role', Enum('ADMIN', 'USER', 'ANONYMOUS', name='user_role'), table=<users>, nullable=False, default=ScalarElementColumnDefault(<UserRole.ANONYMOUS: 'anonymous'>)), Column('is_active', Boolean(), table=<users>, nullable=False, default=ScalarElementColumnDefault(True)), Column('created_at', DateTime(timezone=True), table=<users>, nullable=False, default=CallableColumnDefault(<function datetime.utcnow at 0x78f0011e8ea0>)), Column('last_login', DateTime(timezone=True), table=<users>), schema=None),
 Table('chat_sessions', MetaData(), Column('id', GUID(), table=<chat_sessions>, primary_key=True, nullable=False, default=CallableColumnDefault(<function uuid4 at 0x78f001078720>)), Column('user_id', GUID(), ForeignKey('users.id'), table=<chat_sessions>), Column('session_token', String(length=255), table=<chat_sessions>, nullable=False), Column('created_at', DateTime(timezone=True), table=<chat_sessions>, nullable=False, default=CallableColumnDefault(<function datetime.utcnow at 0x78f0010787c0>)), Column('updated_at', DateTime(timezone=True), table=<chat_sessions>, nullable=False, onupdate=CallableColumnDefault(<function datetime.utcnow at 0x78f001078ae0>), default=CallableColumnDefault(<function datetime.utcnow at 0x78f001078a40>)), Column('metadata', JSON(), table=<chat_sessions>, default=CallableColumnDefault(<function dict at 0x78f001078b80>)), schema=None),
 Table('messages', MetaData(), Column('id', GUID(), table=<messages>, primary_key=True, nullable=False, default=CallableColumnDefault(<function uuid4 at 0x78f00107a020>)), Column('session_id', GUID(), ForeignKey('chat_sessions.id'), table=<messages>, nullable=False), Column('role', Enum('USER', 'ASSISTANT', 'SYSTEM', name='message_role'), table=<messages>, nullable=False), Column('content', Text(), table=<messages>, nullable=False), Column('created_at', DateTime(timezone=True), table=<messages>, nullable=False, default=CallableColumnDefault(<function datetime.utcnow at 0x78f00107a3e0>)), Column('sources', JSON(), table=<messages>, default=CallableColumnDefault(<function dict at 0x78f00107a520>)), Column('feedback', JSON(), table=<messages>, default=CallableColumnDefault(<function dict at 0x78f00107a660>)), schema=None),
 Table('data_sources', MetaData(), Column('id', GUID(), table=<data_sources>, primary_key=True, nullable=False, default=CallableColumnDefault(<function uuid4 at 0x78f00107bd80>)), Column('name', String(length=255), table=<data_sources>, nullable=False), Column('type', Enum('CONFLUENCE', 'JIRA', 'GITHUB', 'ONBOARDING', name='source_type'), table=<data_sources>, nullable=False), Column('config', JSON(), table=<data_sources>, nullable=False, default=CallableColumnDefault(<function dict at 0x78f001018040>)), Column('last_sync_at', DateTime(timezone=True), table=<data_sources>), Column('sync_status', Enum('PENDING', 'SYNCING', 'SUCCESS', 'FAILED', name='sync_status'), table=<data_sources>, nullable=False, default=ScalarElementColumnDefault(<SyncStatus.PENDING: 'pending'>)), Column('sync_error', Text(), table=<data_sources>), Column('created_by', GUID(), ForeignKey('users.id'), table=<data_sources>, nullable=False), Column('is_active', Boolean(), table=<data_sources>, nullable=False, default=ScalarElementColumnDefault(True)), schema=None),
 Table('sync_logs', MetaData(), Column('id', GUID(), table=<sync_logs>, primary_key=True, nullable=False, default=CallableColumnDefault(<function uuid4 at 0x78f00101a3e0>)), Column('source_id', GUID(), ForeignKey('data_sources.id'), table=<sync_logs>, nullable=False), Column('started_at', DateTime(timezone=True), table=<sync_logs>, nullable=False, default=CallableColumnDefault(<function datetime.utcnow at 0x78f00101a480>)), Column('completed_at', DateTime(timezone=True), table=<sync_logs>), Column('status', Enum('PENDING', 'SYNCING', 'SUCCESS', 'FAILED', name='sync_status'), table=<sync_logs>, nullable=False, default=ScalarElementColumnDefault(<SyncStatus.PENDING: 'pending'>)), Column('documents_processed', Integer(), table=<sync_logs>, nullable=False, default=ScalarElementColumnDefault(0)), Column('documents_added', Integer(), table=<sync_logs>, nullable=False, default=ScalarElementColumnDefault(0)), Column('documents_updated', Integer(), table=<sync_logs>, nullable=False, default=ScalarElementColumnDefault(0)), Column('documents_deleted', Integer(), table=<sync_logs>, nullable=False, default=ScalarElementColumnDefault(0)), Column('error_log', Text(), table=<sync_logs>), schema=None),
 Table('documents', MetaData(), Column('id', UUID(), table=<documents>, primary_key=True, nullable=False, default=CallableColumnDefault(<function uuid4 at 0x78f00101bec0>)), Column('source_id', UUID(), ForeignKey('data_sources.id'), table=<documents>, nullable=False), Column('external_id', String(length=255), table=<documents>, nullable=False), Column('title', Text(), table=<documents>, nullable=False), Column('content', Text(), table=<documents>, nullable=False), Column('url', Text(), table=<documents>), Column('metadata', JSONB(astext_type=Text()), table=<documents>, default=CallableColumnDefault(<function dict at 0x78f000fec360>)), Column('created_at', DateTime(timezone=True), table=<documents>, nullable=False, default=CallableColumnDefault(<function datetime.utcnow at 0x78efe0cbef20>)), Column('updated_at', DateTime(timezone=True), table=<documents>, nullable=False, onupdate=CallableColumnDefault(<function datetime.utcnow at 0x78efe0cbf060>), default=CallableColumnDefault(<function datetime.utcnow at 0x78efe0cbefc0>)), Column('is_deleted', Boolean(), table=<documents>, nullable=False, default=ScalarElementColumnDefault(False)), schema=None),
 Table('document_chunks', MetaData(), Column('id', UUID(), table=<document_chunks>, primary_key=True, nullable=False, default=CallableColumnDefault(<function uuid4 at 0x78efe0ce0720>)), Column('document_id', UUID(), ForeignKey('documents.id'), table=<document_chunks>, nullable=False), Column('chunk_index', Integer(), table=<document_chunks>, nullable=False), Column('content', Text(), table=<document_chunks>, nullable=False), Column('embedding', Vector(dim=384), table=<document_chunks>), Column('metadata', JSONB(astext_type=Text()), table=<document_chunks>, default=CallableColumnDefault(<function dict at 0x78efe0ce07c0>)), Column('created_at', DateTime(timezone=True), table=<document_chunks>, nullable=False, default=CallableColumnDefault(<function datetime.utcnow at 0x78efe0ce09a0>)), schema=None)]
venv/lib/python3.12/site-packages/sqlalchemy/sql/visitors.py:671: in traverse_single
    return meth(obj, **kw)
        kw         = {'_is_metadata_operation': True,
 'create_ok': True,
 'include_foreign_key_constraints': set()}
        meth       = <bound method SchemaGenerator.visit_table of <sqlalchemy.sql.ddl.SchemaGenerator object at 0x78efe0ce40d0>>
        obj        = Table('users', MetaData(), Column('id', GUID(), table=<users>, primary_key=True, nullable=False, default=CallableColumnDefault(<function uuid4 at 0x78f001182de0>)), Column('email', String(length=255), table=<users>), Column('password_hash', String(length=255), table=<users>), Column('role', Enum('ADMIN', 'USER', 'ANONYMOUS', name='user_role'), table=<users>, nullable=False, default=ScalarElementColumnDefault(<UserRole.ANONYMOUS: 'anonymous'>)), Column('is_active', Boolean(), table=<users>, nullable=False, default=ScalarElementColumnDefault(True)), Column('created_at', DateTime(timezone=True), table=<users>, nullable=False, default=CallableColumnDefault(<function datetime.utcnow at 0x78f0011e8ea0>)), Column('last_login', DateTime(timezone=True), table=<users>), schema=None)
        self       = <sqlalchemy.sql.ddl.SchemaGenerator object at 0x78efe0ce40d0>
        v          = <sqlalchemy.sql.ddl.SchemaGenerator object at 0x78efe0ce40d0>
venv/lib/python3.12/site-packages/sqlalchemy/sql/ddl.py:961: in visit_table
    self.traverse_single(index, create_ok=True)
        _is_metadata_operation = True
        column     = Column('last_login', DateTime(timezone=True), table=<users>)
        create_ok  = True
        include_foreign_key_constraints = None
        index      = Index('ix_users_email', Column('email', String(length=255), table=<users>), unique=True)
        self       = <sqlalchemy.sql.ddl.SchemaGenerator object at 0x78efe0ce40d0>
        table      = Table('users', MetaData(), Column('id', GUID(), table=<users>, primary_key=True, nullable=False, default=CallableColumnDefault(<function uuid4 at 0x78f001182de0>)), Column('email', String(length=255), table=<users>), Column('password_hash', String(length=255), table=<users>), Column('role', Enum('ADMIN', 'USER', 'ANONYMOUS', name='user_role'), table=<users>, nullable=False, default=ScalarElementColumnDefault(<UserRole.ANONYMOUS: 'anonymous'>)), Column('is_active', Boolean(), table=<users>, nullable=False, default=ScalarElementColumnDefault(True)), Column('created_at', DateTime(timezone=True), table=<users>, nullable=False, default=CallableColumnDefault(<function datetime.utcnow at 0x78f0011e8ea0>)), Column('last_login', DateTime(timezone=True), table=<users>), schema=None)
venv/lib/python3.12/site-packages/sqlalchemy/sql/visitors.py:671: in traverse_single
    return meth(obj, **kw)
        kw         = {'create_ok': True}
        meth       = <bound method SchemaGenerator.visit_index of <sqlalchemy.sql.ddl.SchemaGenerator object at 0x78efe0ce40d0>>
        obj        = Index('ix_users_email', Column('email', String(length=255), table=<users>), unique=True)
        self       = <sqlalchemy.sql.ddl.SchemaGenerator object at 0x78efe0ce40d0>
        v          = <sqlalchemy.sql.ddl.SchemaGenerator object at 0x78efe0ce40d0>
venv/lib/python3.12/site-packages/sqlalchemy/sql/ddl.py:998: in visit_index
    CreateIndex(index)._invoke_with(self.connection)
        create_ok  = True
        index      = Index('ix_users_email', Column('email', String(length=255), table=<users>), unique=True)
        self       = <sqlalchemy.sql.ddl.SchemaGenerator object at 0x78efe0ce40d0>
venv/lib/python3.12/site-packages/sqlalchemy/sql/ddl.py:315: in _invoke_with
    return bind.execute(self)
        bind       = <sqlalchemy.engine.base.Connection object at 0x78efe0bd0380>
        self       = <sqlalchemy.sql.ddl.CreateIndex object at 0x78f000fe2900>
venv/lib/python3.12/site-packages/sqlalchemy/engine/base.py:1416: in execute
    return meth(
        distilled_parameters = ()
        execution_options = None
        meth       = <bound method ExecutableDDLElement._execute_on_connection of <sqlalchemy.sql.ddl.CreateIndex object at 0x78f000fe2900>>
        parameters = None
        self       = <sqlalchemy.engine.base.Connection object at 0x78efe0bd0380>
        statement  = <sqlalchemy.sql.ddl.CreateIndex object at 0x78f000fe2900>
venv/lib/python3.12/site-packages/sqlalchemy/sql/ddl.py:181: in _execute_on_connection
    return connection._execute_ddl(
        connection = <sqlalchemy.engine.base.Connection object at 0x78efe0bd0380>
        distilled_params = ()
        execution_options = immutabledict({})
        self       = <sqlalchemy.sql.ddl.CreateIndex object at 0x78f000fe2900>
venv/lib/python3.12/site-packages/sqlalchemy/engine/base.py:1528: in _execute_ddl
    ret = self._execute_context(
        compiled   = <sqlalchemy.dialects.sqlite.base.SQLiteDDLCompiler object at 0x78efe0bd18e0>
        ddl        = <sqlalchemy.sql.ddl.CreateIndex object at 0x78f000fe2900>
        dialect    = <sqlalchemy.dialects.sqlite.aiosqlite.SQLiteDialect_aiosqlite object at 0x78efe0cc3620>
        distilled_parameters = ()
        event_multiparams = None
        event_params = None
        exec_opts  = immutabledict({})
        execution_options = immutabledict({})
        schema_translate_map = None
        self       = <sqlalchemy.engine.base.Connection object at 0x78efe0bd0380>
venv/lib/python3.12/site-packages/sqlalchemy/engine/base.py:1848: in _execute_context
    return self._exec_single_context(
        args       = (<sqlalchemy.dialects.sqlite.base.SQLiteDDLCompiler object at 0x78efe0bd18e0>,)
        conn       = <sqlalchemy.pool.base._ConnectionFairy object at 0x78efe0ba6930>
        constructor = <bound method DefaultExecutionContext._init_ddl of <class 'sqlalchemy.dialects.sqlite.aiosqlite.SQLiteExecutionContext_aiosqlite'>>
        context    = <sqlalchemy.dialects.sqlite.aiosqlite.SQLiteExecutionContext_aiosqlite object at 0x78efe0bd21b0>
        dialect    = <sqlalchemy.dialects.sqlite.aiosqlite.SQLiteDialect_aiosqlite object at 0x78efe0cc3620>
        execution_options = immutabledict({})
        kw         = {}
        parameters = None
        self       = <sqlalchemy.engine.base.Connection object at 0x78efe0bd0380>
        statement  = <sqlalchemy.dialects.sqlite.base.SQLiteDDLCompiler object at 0x78efe0bd18e0>
venv/lib/python3.12/site-packages/sqlalchemy/engine/base.py:1988: in _exec_single_context
    self._handle_dbapi_exception(
        context    = <sqlalchemy.dialects.sqlite.aiosqlite.SQLiteExecutionContext_aiosqlite object at 0x78efe0bd21b0>
        cursor     = <sqlalchemy.dialects.sqlite.aiosqlite.AsyncAdapt_aiosqlite_cursor object at 0x78efe0ba7e20>
        dialect    = <sqlalchemy.dialects.sqlite.aiosqlite.SQLiteDialect_aiosqlite object at 0x78efe0cc3620>
        effective_parameters = ()
        evt_handled = False
        parameters = [()]
        self       = <sqlalchemy.engine.base.Connection object at 0x78efe0bd0380>
        statement  = <sqlalchemy.dialects.sqlite.base.SQLiteDDLCompiler object at 0x78efe0bd18e0>
        str_statement = 'CREATE UNIQUE INDEX ix_users_email ON users (email)'
venv/lib/python3.12/site-packages/sqlalchemy/engine/base.py:2344: in _handle_dbapi_exception
    raise sqlalchemy_exception.with_traceback(exc_info[2]) from e
        context    = <sqlalchemy.dialects.sqlite.aiosqlite.SQLiteExecutionContext_aiosqlite object at 0x78efe0bd21b0>
        cursor     = <sqlalchemy.dialects.sqlite.aiosqlite.AsyncAdapt_aiosqlite_cursor object at 0x78efe0ba7e20>
        e          = OperationalError('index ix_users_email already exists')
        exc_info   = (<class 'sqlite3.OperationalError'>,
 OperationalError('index ix_users_email already exists'),
 <traceback object at 0x78efe0201740>)
        invalidate_pool_on_disconnect = True
        is_exit_exception = False
        is_sub_exec = False
        ismulti    = False
        newraise   = None
        parameters = ()
        self       = <sqlalchemy.engine.base.Connection object at 0x78efe0bd0380>
        should_wrap = True
        sqlalchemy_exception = OperationalError('(sqlite3.OperationalError) index ix_users_email already exists')
        statement  = 'CREATE UNIQUE INDEX ix_users_email ON users (email)'
venv/lib/python3.12/site-packages/sqlalchemy/engine/base.py:1969: in _exec_single_context
    self.dialect.do_execute(
        context    = <sqlalchemy.dialects.sqlite.aiosqlite.SQLiteExecutionContext_aiosqlite object at 0x78efe0bd21b0>
        cursor     = <sqlalchemy.dialects.sqlite.aiosqlite.AsyncAdapt_aiosqlite_cursor object at 0x78efe0ba7e20>
        dialect    = <sqlalchemy.dialects.sqlite.aiosqlite.SQLiteDialect_aiosqlite object at 0x78efe0cc3620>
        effective_parameters = ()
        evt_handled = False
        parameters = [()]
        self       = <sqlalchemy.engine.base.Connection object at 0x78efe0bd0380>
        statement  = <sqlalchemy.dialects.sqlite.base.SQLiteDDLCompiler object at 0x78efe0bd18e0>
        str_statement = 'CREATE UNIQUE INDEX ix_users_email ON users (email)'
venv/lib/python3.12/site-packages/sqlalchemy/engine/default.py:922: in do_execute
    cursor.execute(statement, parameters)
        context    = <sqlalchemy.dialects.sqlite.aiosqlite.SQLiteExecutionContext_aiosqlite object at 0x78efe0bd21b0>
        cursor     = <sqlalchemy.dialects.sqlite.aiosqlite.AsyncAdapt_aiosqlite_cursor object at 0x78efe0ba7e20>
        parameters = ()
        self       = <sqlalchemy.dialects.sqlite.aiosqlite.SQLiteDialect_aiosqlite object at 0x78efe0cc3620>
        statement  = 'CREATE UNIQUE INDEX ix_users_email ON users (email)'
venv/lib/python3.12/site-packages/sqlalchemy/dialects/sqlite/aiosqlite.py:146: in execute
    self._adapt_connection._handle_exception(error)
        _cursor    = <aiosqlite.cursor.Cursor object at 0x78efe0bd2210>
        operation  = 'CREATE UNIQUE INDEX ix_users_email ON users (email)'
        parameters = ()
        self       = <sqlalchemy.dialects.sqlite.aiosqlite.AsyncAdapt_aiosqlite_cursor object at 0x78efe0ba7e20>
venv/lib/python3.12/site-packages/sqlalchemy/dialects/sqlite/aiosqlite.py:298: in _handle_exception
    raise error
        error      = OperationalError('index ix_users_email already exists')
        self       = <AdaptedConnection <aiosqlite.core.Connection object at 0x78efe0bd0950>>
venv/lib/python3.12/site-packages/sqlalchemy/dialects/sqlite/aiosqlite.py:128: in execute
    self.await_(_cursor.execute(operation, parameters))
        _cursor    = <aiosqlite.cursor.Cursor object at 0x78efe0bd2210>
        operation  = 'CREATE UNIQUE INDEX ix_users_email ON users (email)'
        parameters = ()
        self       = <sqlalchemy.dialects.sqlite.aiosqlite.AsyncAdapt_aiosqlite_cursor object at 0x78efe0ba7e20>
venv/lib/python3.12/site-packages/sqlalchemy/util/_concurrency_py3k.py:130: in await_only
    return current.driver.switch(awaitable)  # type: ignore[no-any-return]
        awaitable  = <coroutine object Cursor.execute at 0x78efe0be19a0>
        current    = <_AsyncIoGreenlet object at 0x78efe0b41940 (otid=0x1d6ace30) dead>
venv/lib/python3.12/site-packages/sqlalchemy/util/_concurrency_py3k.py:195: in greenlet_spawn
    value = await result
        _require_await = False
        args       = (<sqlalchemy.engine.base.Connection object at 0x78efe0bd0380>,)
        context    = <_AsyncIoGreenlet object at 0x78efe0b41940 (otid=0x1d6ace30) dead>
        fn         = <bound method MetaData.create_all of MetaData()>
        kwargs     = {}
        result     = <coroutine object Cursor.execute at 0x78efe0be19a0>
        switch_occurred = True
        value      = <aiosqlite.cursor.Cursor object at 0x78efe0bd2210>
venv/lib/python3.12/site-packages/aiosqlite/cursor.py:40: in execute
    await self._execute(self._cursor.execute, sql, parameters)
        parameters = ()
        self       = <aiosqlite.cursor.Cursor object at 0x78efe0bd2210>
        sql        = 'CREATE UNIQUE INDEX ix_users_email ON users (email)'
venv/lib/python3.12/site-packages/aiosqlite/cursor.py:32: in _execute
    return await self._conn._execute(fn, *args, **kwargs)
        args       = ('CREATE UNIQUE INDEX ix_users_email ON users (email)', ())
        fn         = <built-in method execute of sqlite3.Cursor object at 0x78efe0bb97c0>
        kwargs     = {}
        self       = <aiosqlite.cursor.Cursor object at 0x78efe0bd2210>
venv/lib/python3.12/site-packages/aiosqlite/core.py:160: in _execute
    return await future
        args       = ('CREATE UNIQUE INDEX ix_users_email ON users (email)', ())
        fn         = <built-in method execute of sqlite3.Cursor object at 0x78efe0bb97c0>
        function   = functools.partial(<built-in method execute of sqlite3.Cursor object at 0x78efe0bb97c0>, 'CREATE UNIQUE INDEX ix_users_email ON users (email)', ())
        future     = <Future finished exception=OperationalError('index ix_users_email already exists')>
        kwargs     = {}
        self       = <aiosqlite.core.Connection object at 0x78efe0bd0950>
venv/lib/python3.12/site-packages/aiosqlite/core.py:63: in _connection_worker_thread
    result = function()
E   sqlalchemy.exc.OperationalError: (sqlite3.OperationalError) index ix_users_email already exists
E   [SQL: CREATE UNIQUE INDEX ix_users_email ON users (email)]
E   (Background on this error at: https://sqlalche.me/e/20/e3q8)
        function   = functools.partial(<built-in method rollback of sqlite3.Connection object at 0x78efe0b6f2e0>)
        future     = <Future finished result=None>
        result     = None
        tx         = <_queue.SimpleQueue object at 0x78efe0bd7060>
______________ ERROR at setup of test_bidirectional_relationships ______________
venv/lib/python3.12/site-packages/sqlalchemy/engine/base.py:1969: in _exec_single_context
    self.dialect.do_execute(
        context    = <sqlalchemy.dialects.sqlite.aiosqlite.SQLiteExecutionContext_aiosqlite object at 0x78efe0bd21b0>
        cursor     = <sqlalchemy.dialects.sqlite.aiosqlite.AsyncAdapt_aiosqlite_cursor object at 0x78efe0ba7e20>
        dialect    = <sqlalchemy.dialects.sqlite.aiosqlite.SQLiteDialect_aiosqlite object at 0x78efe0cc3620>
        effective_parameters = ()
        evt_handled = False
        parameters = [()]
        self       = <sqlalchemy.engine.base.Connection object at 0x78efe0bd0380>
        statement  = <sqlalchemy.dialects.sqlite.base.SQLiteDDLCompiler object at 0x78efe0bd18e0>
        str_statement = 'CREATE UNIQUE INDEX ix_users_email ON users (email)'
venv/lib/python3.12/site-packages/sqlalchemy/engine/default.py:922: in do_execute
    cursor.execute(statement, parameters)
        context    = <sqlalchemy.dialects.sqlite.aiosqlite.SQLiteExecutionContext_aiosqlite object at 0x78efe0bd21b0>
        cursor     = <sqlalchemy.dialects.sqlite.aiosqlite.AsyncAdapt_aiosqlite_cursor object at 0x78efe0ba7e20>
        parameters = ()
        self       = <sqlalchemy.dialects.sqlite.aiosqlite.SQLiteDialect_aiosqlite object at 0x78efe0cc3620>
        statement  = 'CREATE UNIQUE INDEX ix_users_email ON users (email)'
venv/lib/python3.12/site-packages/sqlalchemy/dialects/sqlite/aiosqlite.py:146: in execute
    self._adapt_connection._handle_exception(error)
        _cursor    = <aiosqlite.cursor.Cursor object at 0x78efe0bd2210>
        operation  = 'CREATE UNIQUE INDEX ix_users_email ON users (email)'
        parameters = ()
        self       = <sqlalchemy.dialects.sqlite.aiosqlite.AsyncAdapt_aiosqlite_cursor object at 0x78efe0ba7e20>
venv/lib/python3.12/site-packages/sqlalchemy/dialects/sqlite/aiosqlite.py:298: in _handle_exception
    raise error
        error      = OperationalError('index ix_users_email already exists')
        self       = <AdaptedConnection <aiosqlite.core.Connection object at 0x78efe0bd0950>>
venv/lib/python3.12/site-packages/sqlalchemy/dialects/sqlite/aiosqlite.py:128: in execute
    self.await_(_cursor.execute(operation, parameters))
        _cursor    = <aiosqlite.cursor.Cursor object at 0x78efe0bd2210>
        operation  = 'CREATE UNIQUE INDEX ix_users_email ON users (email)'
        parameters = ()
        self       = <sqlalchemy.dialects.sqlite.aiosqlite.AsyncAdapt_aiosqlite_cursor object at 0x78efe0ba7e20>
venv/lib/python3.12/site-packages/sqlalchemy/util/_concurrency_py3k.py:130: in await_only
    return current.driver.switch(awaitable)  # type: ignore[no-any-return]
        awaitable  = <coroutine object Cursor.execute at 0x78efe0be19a0>
        current    = <_AsyncIoGreenlet object at 0x78efe0b41940 (otid=0x1d6ace30) dead>
venv/lib/python3.12/site-packages/sqlalchemy/util/_concurrency_py3k.py:195: in greenlet_spawn
    value = await result
        _require_await = False
        args       = (<sqlalchemy.engine.base.Connection object at 0x78efe0bd0380>,)
        context    = <_AsyncIoGreenlet object at 0x78efe0b41940 (otid=0x1d6ace30) dead>
        fn         = <bound method MetaData.create_all of MetaData()>
        kwargs     = {}
        result     = <coroutine object Cursor.execute at 0x78efe0be19a0>
        switch_occurred = True
        value      = <aiosqlite.cursor.Cursor object at 0x78efe0bd2210>
venv/lib/python3.12/site-packages/aiosqlite/cursor.py:40: in execute
    await self._execute(self._cursor.execute, sql, parameters)
        parameters = ()
        self       = <aiosqlite.cursor.Cursor object at 0x78efe0bd2210>
        sql        = 'CREATE UNIQUE INDEX ix_users_email ON users (email)'
venv/lib/python3.12/site-packages/aiosqlite/cursor.py:32: in _execute
    return await self._conn._execute(fn, *args, **kwargs)
        args       = ('CREATE UNIQUE INDEX ix_users_email ON users (email)', ())
        fn         = <built-in method execute of sqlite3.Cursor object at 0x78efe0bb97c0>
        kwargs     = {}
        self       = <aiosqlite.cursor.Cursor object at 0x78efe0bd2210>
venv/lib/python3.12/site-packages/aiosqlite/core.py:160: in _execute
    return await future
        args       = ('CREATE UNIQUE INDEX ix_users_email ON users (email)', ())
        fn         = <built-in method execute of sqlite3.Cursor object at 0x78efe0bb97c0>
        function   = functools.partial(<built-in method execute of sqlite3.Cursor object at 0x78efe0bb97c0>, 'CREATE UNIQUE INDEX ix_users_email ON users (email)', ())
        future     = <Future finished exception=OperationalError('index ix_users_email already exists')>
        kwargs     = {}
        self       = <aiosqlite.core.Connection object at 0x78efe0bd0950>
venv/lib/python3.12/site-packages/aiosqlite/core.py:63: in _connection_worker_thread
    result = function()
E   sqlite3.OperationalError: index ix_users_email already exists
        function   = functools.partial(<built-in method rollback of sqlite3.Connection object at 0x78efe0b6f2e0>)
        future     = <Future finished result=None>
        result     = None
        tx         = <_queue.SimpleQueue object at 0x78efe0bd7060>

The above exception was the direct cause of the following exception:
venv/lib/python3.12/site-packages/pytest_asyncio/plugin.py:336: in _asyncgen_fixture_wrapper
    result = event_loop.run_until_complete(setup())
        event_loop = <_UnixSelectorEventLoop running=False closed=False debug=False>
        event_loop_fixture_id = '_session_event_loop'
        finalizer  = <function _wrap_asyncgen_fixture.<locals>._asyncgen_fixture_wrapper.<locals>.finalizer at 0x78efe0ba99e0>
        fixture    = <function engine at 0x78f001182b60>
        fixturedef = <FixtureDef argname='engine' scope='session' baseid='tests'>
        func       = <function engine at 0x78f001182b60>
        gen_obj    = <async_generator object engine at 0x78efe0b6ec50>
        kwargs     = {}
        request    = <SubRequest 'engine' for <Coroutine test_chat_session_creation_with_user>>
        setup      = <function _wrap_asyncgen_fixture.<locals>._asyncgen_fixture_wrapper.<locals>.setup at 0x78efe0ba9a80>
/usr/lib/python3.12/asyncio/base_events.py:687: in run_until_complete
    return future.result()
        future     = <Task finished name='Task-1' coro=<_wrap_asyncgen_fixture.<locals>._asyncgen_fixture_wrapper.<locals>.setup() done, defined at /mnt/d/workspace/ChatApplication/project-code/backend/venv/lib/python3.12/site-packages/pytest_asyncio/plugin.py:317> exception=OperationalError('(sqlite3.OperationalError) index ix_users_email already exists')>
        new_task   = True
        self       = <_UnixSelectorEventLoop running=False closed=False debug=False>
venv/lib/python3.12/site-packages/pytest_asyncio/plugin.py:318: in setup
    res = await gen_obj.__anext__()
        gen_obj    = <async_generator object engine at 0x78efe0b6ec50>
tests/conftest.py:62: in engine
    await conn.run_sync(Base.metadata.create_all)
        conn       = <sqlalchemy.ext.asyncio.engine.AsyncConnection object at 0x78efe0bd6850>
        test_engine = <sqlalchemy.ext.asyncio.engine.AsyncEngine object at 0x78f001041090>
venv/lib/python3.12/site-packages/sqlalchemy/ext/asyncio/engine.py:891: in run_sync
    return await greenlet_spawn(fn, self._proxied, *arg, **kw)
        arg        = ()
        fn         = <bound method MetaData.create_all of MetaData()>
        kw         = {}
        self       = <sqlalchemy.ext.asyncio.engine.AsyncConnection object at 0x78efe0bd6850>
venv/lib/python3.12/site-packages/sqlalchemy/util/_concurrency_py3k.py:200: in greenlet_spawn
    result = context.throw(*sys.exc_info())
        _require_await = False
        args       = (<sqlalchemy.engine.base.Connection object at 0x78efe0bd0380>,)
        context    = <_AsyncIoGreenlet object at 0x78efe0b41940 (otid=0x1d6ace30) dead>
        fn         = <bound method MetaData.create_all of MetaData()>
        kwargs     = {}
        result     = <coroutine object Cursor.execute at 0x78efe0be19a0>
        switch_occurred = True
        value      = <aiosqlite.cursor.Cursor object at 0x78efe0bd2210>
venv/lib/python3.12/site-packages/sqlalchemy/sql/schema.py:5832: in create_all
    bind._run_ddl_visitor(
        bind       = <sqlalchemy.engine.base.Connection object at 0x78efe0bd0380>
        checkfirst = True
        self       = MetaData()
        tables     = None
venv/lib/python3.12/site-packages/sqlalchemy/engine/base.py:2448: in _run_ddl_visitor
    visitorcallable(self.dialect, self, **kwargs).traverse_single(element)
        element    = MetaData()
        kwargs     = {'checkfirst': True, 'tables': None}
        self       = <sqlalchemy.engine.base.Connection object at 0x78efe0bd0380>
        visitorcallable = <class 'sqlalchemy.sql.ddl.SchemaGenerator'>
venv/lib/python3.12/site-packages/sqlalchemy/sql/visitors.py:671: in traverse_single
    return meth(obj, **kw)
        kw         = {}
        meth       = <bound method SchemaGenerator.visit_metadata of <sqlalchemy.sql.ddl.SchemaGenerator object at 0x78efe0ce40d0>>
        obj        = MetaData()
        self       = <sqlalchemy.sql.ddl.SchemaGenerator object at 0x78efe0ce40d0>
        v          = <sqlalchemy.sql.ddl.SchemaGenerator object at 0x78efe0ce40d0>
venv/lib/python3.12/site-packages/sqlalchemy/sql/ddl.py:919: in visit_metadata
    self.traverse_single(
        collection = [(Table('users', MetaData(), Column('id', GUID(), table=<users>, primary_key=True, nullable=False, default=CallableColumnDefault(<function uuid4 at 0x78f001182de0>)), Column('email', String(length=255), table=<users>), Column('password_hash', String(length=255), table=<users>), Column('role', Enum('ADMIN', 'USER', 'ANONYMOUS', name='user_role'), table=<users>, nullable=False, default=ScalarElementColumnDefault(<UserRole.ANONYMOUS: 'anonymous'>)), Column('is_active', Boolean(), table=<users>, nullable=False, default=ScalarElementColumnDefault(True)), Column('created_at', DateTime(timezone=True), table=<users>, nullable=False, default=CallableColumnDefault(<function datetime.utcnow at 0x78f0011e8ea0>)), Column('last_login', DateTime(timezone=True), table=<users>), schema=None),
  set()),
 (Table('chat_sessions', MetaData(), Column('id', GUID(), table=<chat_sessions>, primary_key=True, nullable=False, default=CallableColumnDefault(<function uuid4 at 0x78f001078720>)), Column('user_id', GUID(), ForeignKey('users.id'), table=<chat_sessions>), Column('session_token', String(length=255), table=<chat_sessions>, nullable=False), Column('created_at', DateTime(timezone=True), table=<chat_sessions>, nullable=False, default=CallableColumnDefault(<function datetime.utcnow at 0x78f0010787c0>)), Column('updated_at', DateTime(timezone=True), table=<chat_sessions>, nullable=False, onupdate=CallableColumnDefault(<function datetime.utcnow at 0x78f001078ae0>), default=CallableColumnDefault(<function datetime.utcnow at 0x78f001078a40>)), Column('metadata', JSON(), table=<chat_sessions>, default=CallableColumnDefault(<function dict at 0x78f001078b80>)), schema=None),
  {ForeignKeyConstraint(<sqlalchemy.sql.base.ReadOnlyColumnCollection object at 0x78efdb3365c0>, None, ondelete='SET NULL', table=Table('chat_sessions', MetaData(), Column('id', GUID(), table=<chat_sessions>, primary_key=True, nullable=False, default=CallableColumnDefault(<function uuid4 at 0x78f001078720>)), Column('user_id', GUID(), ForeignKey('users.id'), table=<chat_sessions>), Column('session_token', String(length=255), table=<chat_sessions>, nullable=False), Column('created_at', DateTime(timezone=True), table=<chat_sessions>, nullable=False, default=CallableColumnDefault(<function datetime.utcnow at 0x78f0010787c0>)), Column('updated_at', DateTime(timezone=True), table=<chat_sessions>, nullable=False, onupdate=CallableColumnDefault(<function datetime.utcnow at 0x78f001078ae0>), default=CallableColumnDefault(<function datetime.utcnow at 0x78f001078a40>)), Column('metadata', JSON(), table=<chat_sessions>, default=CallableColumnDefault(<function dict at 0x78f001078b80>)), schema=None))}),
 (Table('data_sources', MetaData(), Column('id', GUID(), table=<data_sources>, primary_key=True, nullable=False, default=CallableColumnDefault(<function uuid4 at 0x78f00107bd80>)), Column('name', String(length=255), table=<data_sources>, nullable=False), Column('type', Enum('CONFLUENCE', 'JIRA', 'GITHUB', 'ONBOARDING', name='source_type'), table=<data_sources>, nullable=False), Column('config', JSON(), table=<data_sources>, nullable=False, default=CallableColumnDefault(<function dict at 0x78f001018040>)), Column('last_sync_at', DateTime(timezone=True), table=<data_sources>), Column('sync_status', Enum('PENDING', 'SYNCING', 'SUCCESS', 'FAILED', name='sync_status'), table=<data_sources>, nullable=False, default=ScalarElementColumnDefault(<SyncStatus.PENDING: 'pending'>)), Column('sync_error', Text(), table=<data_sources>), Column('created_by', GUID(), ForeignKey('users.id'), table=<data_sources>, nullable=False), Column('is_active', Boolean(), table=<data_sources>, nullable=False, default=ScalarElementColumnDefault(True)), schema=None),
  {ForeignKeyConstraint(<sqlalchemy.sql.base.ReadOnlyColumnCollection object at 0x78efdb336610>, None, ondelete='CASCADE', table=Table('data_sources', MetaData(), Column('id', GUID(), table=<data_sources>, primary_key=True, nullable=False, default=CallableColumnDefault(<function uuid4 at 0x78f00107bd80>)), Column('name', String(length=255), table=<data_sources>, nullable=False), Column('type', Enum('CONFLUENCE', 'JIRA', 'GITHUB', 'ONBOARDING', name='source_type'), table=<data_sources>, nullable=False), Column('config', JSON(), table=<data_sources>, nullable=False, default=CallableColumnDefault(<function dict at 0x78f001018040>)), Column('last_sync_at', DateTime(timezone=True), table=<data_sources>), Column('sync_status', Enum('PENDING', 'SYNCING', 'SUCCESS', 'FAILED', name='sync_status'), table=<data_sources>, nullable=False, default=ScalarElementColumnDefault(<SyncStatus.PENDING: 'pending'>)), Column('sync_error', Text(), table=<data_sources>), Column('created_by', GUID(), ForeignKey('users.id'), table=<data_sources>, nullable=False), Column('is_active', Boolean(), table=<data_sources>, nullable=False, default=ScalarElementColumnDefault(True)), schema=None))}),
 (Table('messages', MetaData(), Column('id', GUID(), table=<messages>, primary_key=True, nullable=False, default=CallableColumnDefault(<function uuid4 at 0x78f00107a020>)), Column('session_id', GUID(), ForeignKey('chat_sessions.id'), table=<messages>, nullable=False), Column('role', Enum('USER', 'ASSISTANT', 'SYSTEM', name='message_role'), table=<messages>, nullable=False), Column('content', Text(), table=<messages>, nullable=False), Column('created_at', DateTime(timezone=True), table=<messages>, nullable=False, default=CallableColumnDefault(<function datetime.utcnow at 0x78f00107a3e0>)), Column('sources', JSON(), table=<messages>, default=CallableColumnDefault(<function dict at 0x78f00107a520>)), Column('feedback', JSON(), table=<messages>, default=CallableColumnDefault(<function dict at 0x78f00107a660>)), schema=None),
  {ForeignKeyConstraint(<sqlalchemy.sql.base.ReadOnlyColumnCollection object at 0x78efdb3366b0>, None, ondelete='CASCADE', table=Table('messages', MetaData(), Column('id', GUID(), table=<messages>, primary_key=True, nullable=False, default=CallableColumnDefault(<function uuid4 at 0x78f00107a020>)), Column('session_id', GUID(), ForeignKey('chat_sessions.id'), table=<messages>, nullable=False), Column('role', Enum('USER', 'ASSISTANT', 'SYSTEM', name='message_role'), table=<messages>, nullable=False), Column('content', Text(), table=<messages>, nullable=False), Column('created_at', DateTime(timezone=True), table=<messages>, nullable=False, default=CallableColumnDefault(<function datetime.utcnow at 0x78f00107a3e0>)), Column('sources', JSON(), table=<messages>, default=CallableColumnDefault(<function dict at 0x78f00107a520>)), Column('feedback', JSON(), table=<messages>, default=CallableColumnDefault(<function dict at 0x78f00107a660>)), schema=None))}),
 (Table('sync_logs', MetaData(), Column('id', GUID(), table=<sync_logs>, primary_key=True, nullable=False, default=CallableColumnDefault(<function uuid4 at 0x78f00101a3e0>)), Column('source_id', GUID(), ForeignKey('data_sources.id'), table=<sync_logs>, nullable=False), Column('started_at', DateTime(timezone=True), table=<sync_logs>, nullable=False, default=CallableColumnDefault(<function datetime.utcnow at 0x78f00101a480>)), Column('completed_at', DateTime(timezone=True), table=<sync_logs>), Column('status', Enum('PENDING', 'SYNCING', 'SUCCESS', 'FAILED', name='sync_status'), table=<sync_logs>, nullable=False, default=ScalarElementColumnDefault(<SyncStatus.PENDING: 'pending'>)), Column('documents_processed', Integer(), table=<sync_logs>, nullable=False, default=ScalarElementColumnDefault(0)), Column('documents_added', Integer(), table=<sync_logs>, nullable=False, default=ScalarElementColumnDefault(0)), Column('documents_updated', Integer(), table=<sync_logs>, nullable=False, default=ScalarElementColumnDefault(0)), Column('documents_deleted', Integer(), table=<sync_logs>, nullable=False, default=ScalarElementColumnDefault(0)), Column('error_log', Text(), table=<sync_logs>), schema=None),
  {ForeignKeyConstraint(<sqlalchemy.sql.base.ReadOnlyColumnCollection object at 0x78efdb336660>, None, ondelete='CASCADE', table=Table('sync_logs', MetaData(), Column('id', GUID(), table=<sync_logs>, primary_key=True, nullable=False, default=CallableColumnDefault(<function uuid4 at 0x78f00101a3e0>)), Column('source_id', GUID(), ForeignKey('data_sources.id'), table=<sync_logs>, nullable=False), Column('started_at', DateTime(timezone=True), table=<sync_logs>, nullable=False, default=CallableColumnDefault(<function datetime.utcnow at 0x78f00101a480>)), Column('completed_at', DateTime(timezone=True), table=<sync_logs>), Column('status', Enum('PENDING', 'SYNCING', 'SUCCESS', 'FAILED', name='sync_status'), table=<sync_logs>, nullable=False, default=ScalarElementColumnDefault(<SyncStatus.PENDING: 'pending'>)), Column('documents_processed', Integer(), table=<sync_logs>, nullable=False, default=ScalarElementColumnDefault(0)), Column('documents_added', Integer(), table=<sync_logs>, nullable=False, default=ScalarElementColumnDefault(0)), Column('documents_updated', Integer(), table=<sync_logs>, nullable=False, default=ScalarElementColumnDefault(0)), Column('documents_deleted', Integer(), table=<sync_logs>, nullable=False, default=ScalarElementColumnDefault(0)), Column('error_log', Text(), table=<sync_logs>), schema=None))}),
 (Table('documents', MetaData(), Column('id', UUID(), table=<documents>, primary_key=True, nullable=False, default=CallableColumnDefault(<function uuid4 at 0x78f00101bec0>)), Column('source_id', UUID(), ForeignKey('data_sources.id'), table=<documents>, nullable=False), Column('external_id', String(length=255), table=<documents>, nullable=False), Column('title', Text(), table=<documents>, nullable=False), Column('content', Text(), table=<documents>, nullable=False), Column('url', Text(), table=<documents>), Column('metadata', JSONB(astext_type=Text()), table=<documents>, default=CallableColumnDefault(<function dict at 0x78f000fec360>)), Column('created_at', DateTime(timezone=True), table=<documents>, nullable=False, default=CallableColumnDefault(<function datetime.utcnow at 0x78efe0cbef20>)), Column('updated_at', DateTime(timezone=True), table=<documents>, nullable=False, onupdate=CallableColumnDefault(<function datetime.utcnow at 0x78efe0cbf060>), default=CallableColumnDefault(<function datetime.utcnow at 0x78efe0cbefc0>)), Column('is_deleted', Boolean(), table=<documents>, nullable=False, default=ScalarElementColumnDefault(False)), schema=None),
  {ForeignKeyConstraint(<sqlalchemy.sql.base.ReadOnlyColumnCollection object at 0x78efdb336750>, None, ondelete='CASCADE', table=Table('documents', MetaData(), Column('id', UUID(), table=<documents>, primary_key=True, nullable=False, default=CallableColumnDefault(<function uuid4 at 0x78f00101bec0>)), Column('source_id', UUID(), ForeignKey('data_sources.id'), table=<documents>, nullable=False), Column('external_id', String(length=255), table=<documents>, nullable=False), Column('title', Text(), table=<documents>, nullable=False), Column('content', Text(), table=<documents>, nullable=False), Column('url', Text(), table=<documents>), Column('metadata', JSONB(astext_type=Text()), table=<documents>, default=CallableColumnDefault(<function dict at 0x78f000fec360>)), Column('created_at', DateTime(timezone=True), table=<documents>, nullable=False, default=CallableColumnDefault(<function datetime.utcnow at 0x78efe0cbef20>)), Column('updated_at', DateTime(timezone=True), table=<documents>, nullable=False, onupdate=CallableColumnDefault(<function datetime.utcnow at 0x78efe0cbf060>), default=CallableColumnDefault(<function datetime.utcnow at 0x78efe0cbefc0>)), Column('is_deleted', Boolean(), table=<documents>, nullable=False, default=ScalarElementColumnDefault(False)), schema=None))}),
 (Table('document_chunks', MetaData(), Column('id', UUID(), table=<document_chunks>, primary_key=True, nullable=False, default=CallableColumnDefault(<function uuid4 at 0x78efe0ce0720>)), Column('document_id', UUID(), ForeignKey('documents.id'), table=<document_chunks>, nullable=False), Column('chunk_index', Integer(), table=<document_chunks>, nullable=False), Column('content', Text(), table=<document_chunks>, nullable=False), Column('embedding', Vector(dim=384), table=<document_chunks>), Column('metadata', JSONB(astext_type=Text()), table=<document_chunks>, default=CallableColumnDefault(<function dict at 0x78efe0ce07c0>)), Column('created_at', DateTime(timezone=True), table=<document_chunks>, nullable=False, default=CallableColumnDefault(<function datetime.utcnow at 0x78efe0ce09a0>)), schema=None),
  {ForeignKeyConstraint(<sqlalchemy.sql.base.ReadOnlyColumnCollection object at 0x78efdb3367a0>, None, ondelete='CASCADE', table=Table('document_chunks', MetaData(), Column('id', UUID(), table=<document_chunks>, primary_key=True, nullable=False, default=CallableColumnDefault(<function uuid4 at 0x78efe0ce0720>)), Column('document_id', UUID(), ForeignKey('documents.id'), table=<document_chunks>, nullable=False), Column('chunk_index', Integer(), table=<document_chunks>, nullable=False), Column('content', Text(), table=<document_chunks>, nullable=False), Column('embedding', Vector(dim=384), table=<document_chunks>), Column('metadata', JSONB(astext_type=Text()), table=<document_chunks>, default=CallableColumnDefault(<function dict at 0x78efe0ce07c0>)), Column('created_at', DateTime(timezone=True), table=<document_chunks>, nullable=False, default=CallableColumnDefault(<function datetime.utcnow at 0x78efe0ce09a0>)), schema=None))}),
 (None, [])]
        event_collection = [Table('users', MetaData(), Column('id', GUID(), table=<users>, primary_key=True, nullable=False, default=CallableColumnDefault(<function uuid4 at 0x78f001182de0>)), Column('email', String(length=255), table=<users>), Column('password_hash', String(length=255), table=<users>), Column('role', Enum('ADMIN', 'USER', 'ANONYMOUS', name='user_role'), table=<users>, nullable=False, default=ScalarElementColumnDefault(<UserRole.ANONYMOUS: 'anonymous'>)), Column('is_active', Boolean(), table=<users>, nullable=False, default=ScalarElementColumnDefault(True)), Column('created_at', DateTime(timezone=True), table=<users>, nullable=False, default=CallableColumnDefault(<function datetime.utcnow at 0x78f0011e8ea0>)), Column('last_login', DateTime(timezone=True), table=<users>), schema=None),
 Table('chat_sessions', MetaData(), Column('id', GUID(), table=<chat_sessions>, primary_key=True, nullable=False, default=CallableColumnDefault(<function uuid4 at 0x78f001078720>)), Column('user_id', GUID(), ForeignKey('users.id'), table=<chat_sessions>), Column('session_token', String(length=255), table=<chat_sessions>, nullable=False), Column('created_at', DateTime(timezone=True), table=<chat_sessions>, nullable=False, default=CallableColumnDefault(<function datetime.utcnow at 0x78f0010787c0>)), Column('updated_at', DateTime(timezone=True), table=<chat_sessions>, nullable=False, onupdate=CallableColumnDefault(<function datetime.utcnow at 0x78f001078ae0>), default=CallableColumnDefault(<function datetime.utcnow at 0x78f001078a40>)), Column('metadata', JSON(), table=<chat_sessions>, default=CallableColumnDefault(<function dict at 0x78f001078b80>)), schema=None),
 Table('data_sources', MetaData(), Column('id', GUID(), table=<data_sources>, primary_key=True, nullable=False, default=CallableColumnDefault(<function uuid4 at 0x78f00107bd80>)), Column('name', String(length=255), table=<data_sources>, nullable=False), Column('type', Enum('CONFLUENCE', 'JIRA', 'GITHUB', 'ONBOARDING', name='source_type'), table=<data_sources>, nullable=False), Column('config', JSON(), table=<data_sources>, nullable=False, default=CallableColumnDefault(<function dict at 0x78f001018040>)), Column('last_sync_at', DateTime(timezone=True), table=<data_sources>), Column('sync_status', Enum('PENDING', 'SYNCING', 'SUCCESS', 'FAILED', name='sync_status'), table=<data_sources>, nullable=False, default=ScalarElementColumnDefault(<SyncStatus.PENDING: 'pending'>)), Column('sync_error', Text(), table=<data_sources>), Column('created_by', GUID(), ForeignKey('users.id'), table=<data_sources>, nullable=False), Column('is_active', Boolean(), table=<data_sources>, nullable=False, default=ScalarElementColumnDefault(True)), schema=None),
 Table('messages', MetaData(), Column('id', GUID(), table=<messages>, primary_key=True, nullable=False, default=CallableColumnDefault(<function uuid4 at 0x78f00107a020>)), Column('session_id', GUID(), ForeignKey('chat_sessions.id'), table=<messages>, nullable=False), Column('role', Enum('USER', 'ASSISTANT', 'SYSTEM', name='message_role'), table=<messages>, nullable=False), Column('content', Text(), table=<messages>, nullable=False), Column('created_at', DateTime(timezone=True), table=<messages>, nullable=False, default=CallableColumnDefault(<function datetime.utcnow at 0x78f00107a3e0>)), Column('sources', JSON(), table=<messages>, default=CallableColumnDefault(<function dict at 0x78f00107a520>)), Column('feedback', JSON(), table=<messages>, default=CallableColumnDefault(<function dict at 0x78f00107a660>)), schema=None),
 Table('sync_logs', MetaData(), Column('id', GUID(), table=<sync_logs>, primary_key=True, nullable=False, default=CallableColumnDefault(<function uuid4 at 0x78f00101a3e0>)), Column('source_id', GUID(), ForeignKey('data_sources.id'), table=<sync_logs>, nullable=False), Column('started_at', DateTime(timezone=True), table=<sync_logs>, nullable=False, default=CallableColumnDefault(<function datetime.utcnow at 0x78f00101a480>)), Column('completed_at', DateTime(timezone=True), table=<sync_logs>), Column('status', Enum('PENDING', 'SYNCING', 'SUCCESS', 'FAILED', name='sync_status'), table=<sync_logs>, nullable=False, default=ScalarElementColumnDefault(<SyncStatus.PENDING: 'pending'>)), Column('documents_processed', Integer(), table=<sync_logs>, nullable=False, default=ScalarElementColumnDefault(0)), Column('documents_added', Integer(), table=<sync_logs>, nullable=False, default=ScalarElementColumnDefault(0)), Column('documents_updated', Integer(), table=<sync_logs>, nullable=False, default=ScalarElementColumnDefault(0)), Column('documents_deleted', Integer(), table=<sync_logs>, nullable=False, default=ScalarElementColumnDefault(0)), Column('error_log', Text(), table=<sync_logs>), schema=None),
 Table('documents', MetaData(), Column('id', UUID(), table=<documents>, primary_key=True, nullable=False, default=CallableColumnDefault(<function uuid4 at 0x78f00101bec0>)), Column('source_id', UUID(), ForeignKey('data_sources.id'), table=<documents>, nullable=False), Column('external_id', String(length=255), table=<documents>, nullable=False), Column('title', Text(), table=<documents>, nullable=False), Column('content', Text(), table=<documents>, nullable=False), Column('url', Text(), table=<documents>), Column('metadata', JSONB(astext_type=Text()), table=<documents>, default=CallableColumnDefault(<function dict at 0x78f000fec360>)), Column('created_at', DateTime(timezone=True), table=<documents>, nullable=False, default=CallableColumnDefault(<function datetime.utcnow at 0x78efe0cbef20>)), Column('updated_at', DateTime(timezone=True), table=<documents>, nullable=False, onupdate=CallableColumnDefault(<function datetime.utcnow at 0x78efe0cbf060>), default=CallableColumnDefault(<function datetime.utcnow at 0x78efe0cbefc0>)), Column('is_deleted', Boolean(), table=<documents>, nullable=False, default=ScalarElementColumnDefault(False)), schema=None),
 Table('document_chunks', MetaData(), Column('id', UUID(), table=<document_chunks>, primary_key=True, nullable=False, default=CallableColumnDefault(<function uuid4 at 0x78efe0ce0720>)), Column('document_id', UUID(), ForeignKey('documents.id'), table=<document_chunks>, nullable=False), Column('chunk_index', Integer(), table=<document_chunks>, nullable=False), Column('content', Text(), table=<document_chunks>, nullable=False), Column('embedding', Vector(dim=384), table=<document_chunks>), Column('metadata', JSONB(astext_type=Text()), table=<document_chunks>, default=CallableColumnDefault(<function dict at 0x78efe0ce07c0>)), Column('created_at', DateTime(timezone=True), table=<document_chunks>, nullable=False, default=CallableColumnDefault(<function datetime.utcnow at 0x78efe0ce09a0>)), schema=None)]
        fkcs       = set()
        metadata   = MetaData()
        self       = <sqlalchemy.sql.ddl.SchemaGenerator object at 0x78efe0ce40d0>
        seq_coll   = []
        table      = Table('users', MetaData(), Column('id', GUID(), table=<users>, primary_key=True, nullable=False, default=CallableColumnDefault(<function uuid4 at 0x78f001182de0>)), Column('email', String(length=255), table=<users>), Column('password_hash', String(length=255), table=<users>), Column('role', Enum('ADMIN', 'USER', 'ANONYMOUS', name='user_role'), table=<users>, nullable=False, default=ScalarElementColumnDefault(<UserRole.ANONYMOUS: 'anonymous'>)), Column('is_active', Boolean(), table=<users>, nullable=False, default=ScalarElementColumnDefault(True)), Column('created_at', DateTime(timezone=True), table=<users>, nullable=False, default=CallableColumnDefault(<function datetime.utcnow at 0x78f0011e8ea0>)), Column('last_login', DateTime(timezone=True), table=<users>), schema=None)
        tables     = [Table('users', MetaData(), Column('id', GUID(), table=<users>, primary_key=True, nullable=False, default=CallableColumnDefault(<function uuid4 at 0x78f001182de0>)), Column('email', String(length=255), table=<users>), Column('password_hash', String(length=255), table=<users>), Column('role', Enum('ADMIN', 'USER', 'ANONYMOUS', name='user_role'), table=<users>, nullable=False, default=ScalarElementColumnDefault(<UserRole.ANONYMOUS: 'anonymous'>)), Column('is_active', Boolean(), table=<users>, nullable=False, default=ScalarElementColumnDefault(True)), Column('created_at', DateTime(timezone=True), table=<users>, nullable=False, default=CallableColumnDefault(<function datetime.utcnow at 0x78f0011e8ea0>)), Column('last_login', DateTime(timezone=True), table=<users>), schema=None),
 Table('chat_sessions', MetaData(), Column('id', GUID(), table=<chat_sessions>, primary_key=True, nullable=False, default=CallableColumnDefault(<function uuid4 at 0x78f001078720>)), Column('user_id', GUID(), ForeignKey('users.id'), table=<chat_sessions>), Column('session_token', String(length=255), table=<chat_sessions>, nullable=False), Column('created_at', DateTime(timezone=True), table=<chat_sessions>, nullable=False, default=CallableColumnDefault(<function datetime.utcnow at 0x78f0010787c0>)), Column('updated_at', DateTime(timezone=True), table=<chat_sessions>, nullable=False, onupdate=CallableColumnDefault(<function datetime.utcnow at 0x78f001078ae0>), default=CallableColumnDefault(<function datetime.utcnow at 0x78f001078a40>)), Column('metadata', JSON(), table=<chat_sessions>, default=CallableColumnDefault(<function dict at 0x78f001078b80>)), schema=None),
 Table('messages', MetaData(), Column('id', GUID(), table=<messages>, primary_key=True, nullable=False, default=CallableColumnDefault(<function uuid4 at 0x78f00107a020>)), Column('session_id', GUID(), ForeignKey('chat_sessions.id'), table=<messages>, nullable=False), Column('role', Enum('USER', 'ASSISTANT', 'SYSTEM', name='message_role'), table=<messages>, nullable=False), Column('content', Text(), table=<messages>, nullable=False), Column('created_at', DateTime(timezone=True), table=<messages>, nullable=False, default=CallableColumnDefault(<function datetime.utcnow at 0x78f00107a3e0>)), Column('sources', JSON(), table=<messages>, default=CallableColumnDefault(<function dict at 0x78f00107a520>)), Column('feedback', JSON(), table=<messages>, default=CallableColumnDefault(<function dict at 0x78f00107a660>)), schema=None),
 Table('data_sources', MetaData(), Column('id', GUID(), table=<data_sources>, primary_key=True, nullable=False, default=CallableColumnDefault(<function uuid4 at 0x78f00107bd80>)), Column('name', String(length=255), table=<data_sources>, nullable=False), Column('type', Enum('CONFLUENCE', 'JIRA', 'GITHUB', 'ONBOARDING', name='source_type'), table=<data_sources>, nullable=False), Column('config', JSON(), table=<data_sources>, nullable=False, default=CallableColumnDefault(<function dict at 0x78f001018040>)), Column('last_sync_at', DateTime(timezone=True), table=<data_sources>), Column('sync_status', Enum('PENDING', 'SYNCING', 'SUCCESS', 'FAILED', name='sync_status'), table=<data_sources>, nullable=False, default=ScalarElementColumnDefault(<SyncStatus.PENDING: 'pending'>)), Column('sync_error', Text(), table=<data_sources>), Column('created_by', GUID(), ForeignKey('users.id'), table=<data_sources>, nullable=False), Column('is_active', Boolean(), table=<data_sources>, nullable=False, default=ScalarElementColumnDefault(True)), schema=None),
 Table('sync_logs', MetaData(), Column('id', GUID(), table=<sync_logs>, primary_key=True, nullable=False, default=CallableColumnDefault(<function uuid4 at 0x78f00101a3e0>)), Column('source_id', GUID(), ForeignKey('data_sources.id'), table=<sync_logs>, nullable=False), Column('started_at', DateTime(timezone=True), table=<sync_logs>, nullable=False, default=CallableColumnDefault(<function datetime.utcnow at 0x78f00101a480>)), Column('completed_at', DateTime(timezone=True), table=<sync_logs>), Column('status', Enum('PENDING', 'SYNCING', 'SUCCESS', 'FAILED', name='sync_status'), table=<sync_logs>, nullable=False, default=ScalarElementColumnDefault(<SyncStatus.PENDING: 'pending'>)), Column('documents_processed', Integer(), table=<sync_logs>, nullable=False, default=ScalarElementColumnDefault(0)), Column('documents_added', Integer(), table=<sync_logs>, nullable=False, default=ScalarElementColumnDefault(0)), Column('documents_updated', Integer(), table=<sync_logs>, nullable=False, default=ScalarElementColumnDefault(0)), Column('documents_deleted', Integer(), table=<sync_logs>, nullable=False, default=ScalarElementColumnDefault(0)), Column('error_log', Text(), table=<sync_logs>), schema=None),
 Table('documents', MetaData(), Column('id', UUID(), table=<documents>, primary_key=True, nullable=False, default=CallableColumnDefault(<function uuid4 at 0x78f00101bec0>)), Column('source_id', UUID(), ForeignKey('data_sources.id'), table=<documents>, nullable=False), Column('external_id', String(length=255), table=<documents>, nullable=False), Column('title', Text(), table=<documents>, nullable=False), Column('content', Text(), table=<documents>, nullable=False), Column('url', Text(), table=<documents>), Column('metadata', JSONB(astext_type=Text()), table=<documents>, default=CallableColumnDefault(<function dict at 0x78f000fec360>)), Column('created_at', DateTime(timezone=True), table=<documents>, nullable=False, default=CallableColumnDefault(<function datetime.utcnow at 0x78efe0cbef20>)), Column('updated_at', DateTime(timezone=True), table=<documents>, nullable=False, onupdate=CallableColumnDefault(<function datetime.utcnow at 0x78efe0cbf060>), default=CallableColumnDefault(<function datetime.utcnow at 0x78efe0cbefc0>)), Column('is_deleted', Boolean(), table=<documents>, nullable=False, default=ScalarElementColumnDefault(False)), schema=None),
 Table('document_chunks', MetaData(), Column('id', UUID(), table=<document_chunks>, primary_key=True, nullable=False, default=CallableColumnDefault(<function uuid4 at 0x78efe0ce0720>)), Column('document_id', UUID(), ForeignKey('documents.id'), table=<document_chunks>, nullable=False), Column('chunk_index', Integer(), table=<document_chunks>, nullable=False), Column('content', Text(), table=<document_chunks>, nullable=False), Column('embedding', Vector(dim=384), table=<document_chunks>), Column('metadata', JSONB(astext_type=Text()), table=<document_chunks>, default=CallableColumnDefault(<function dict at 0x78efe0ce07c0>)), Column('created_at', DateTime(timezone=True), table=<document_chunks>, nullable=False, default=CallableColumnDefault(<function datetime.utcnow at 0x78efe0ce09a0>)), schema=None)]
venv/lib/python3.12/site-packages/sqlalchemy/sql/visitors.py:671: in traverse_single
    return meth(obj, **kw)
        kw         = {'_is_metadata_operation': True,
 'create_ok': True,
 'include_foreign_key_constraints': set()}
        meth       = <bound method SchemaGenerator.visit_table of <sqlalchemy.sql.ddl.SchemaGenerator object at 0x78efe0ce40d0>>
        obj        = Table('users', MetaData(), Column('id', GUID(), table=<users>, primary_key=True, nullable=False, default=CallableColumnDefault(<function uuid4 at 0x78f001182de0>)), Column('email', String(length=255), table=<users>), Column('password_hash', String(length=255), table=<users>), Column('role', Enum('ADMIN', 'USER', 'ANONYMOUS', name='user_role'), table=<users>, nullable=False, default=ScalarElementColumnDefault(<UserRole.ANONYMOUS: 'anonymous'>)), Column('is_active', Boolean(), table=<users>, nullable=False, default=ScalarElementColumnDefault(True)), Column('created_at', DateTime(timezone=True), table=<users>, nullable=False, default=CallableColumnDefault(<function datetime.utcnow at 0x78f0011e8ea0>)), Column('last_login', DateTime(timezone=True), table=<users>), schema=None)
        self       = <sqlalchemy.sql.ddl.SchemaGenerator object at 0x78efe0ce40d0>
        v          = <sqlalchemy.sql.ddl.SchemaGenerator object at 0x78efe0ce40d0>
venv/lib/python3.12/site-packages/sqlalchemy/sql/ddl.py:961: in visit_table
    self.traverse_single(index, create_ok=True)
        _is_metadata_operation = True
        column     = Column('last_login', DateTime(timezone=True), table=<users>)
        create_ok  = True
        include_foreign_key_constraints = None
        index      = Index('ix_users_email', Column('email', String(length=255), table=<users>), unique=True)
        self       = <sqlalchemy.sql.ddl.SchemaGenerator object at 0x78efe0ce40d0>
        table      = Table('users', MetaData(), Column('id', GUID(), table=<users>, primary_key=True, nullable=False, default=CallableColumnDefault(<function uuid4 at 0x78f001182de0>)), Column('email', String(length=255), table=<users>), Column('password_hash', String(length=255), table=<users>), Column('role', Enum('ADMIN', 'USER', 'ANONYMOUS', name='user_role'), table=<users>, nullable=False, default=ScalarElementColumnDefault(<UserRole.ANONYMOUS: 'anonymous'>)), Column('is_active', Boolean(), table=<users>, nullable=False, default=ScalarElementColumnDefault(True)), Column('created_at', DateTime(timezone=True), table=<users>, nullable=False, default=CallableColumnDefault(<function datetime.utcnow at 0x78f0011e8ea0>)), Column('last_login', DateTime(timezone=True), table=<users>), schema=None)
venv/lib/python3.12/site-packages/sqlalchemy/sql/visitors.py:671: in traverse_single
    return meth(obj, **kw)
        kw         = {'create_ok': True}
        meth       = <bound method SchemaGenerator.visit_index of <sqlalchemy.sql.ddl.SchemaGenerator object at 0x78efe0ce40d0>>
        obj        = Index('ix_users_email', Column('email', String(length=255), table=<users>), unique=True)
        self       = <sqlalchemy.sql.ddl.SchemaGenerator object at 0x78efe0ce40d0>
        v          = <sqlalchemy.sql.ddl.SchemaGenerator object at 0x78efe0ce40d0>
venv/lib/python3.12/site-packages/sqlalchemy/sql/ddl.py:998: in visit_index
    CreateIndex(index)._invoke_with(self.connection)
        create_ok  = True
        index      = Index('ix_users_email', Column('email', String(length=255), table=<users>), unique=True)
        self       = <sqlalchemy.sql.ddl.SchemaGenerator object at 0x78efe0ce40d0>
venv/lib/python3.12/site-packages/sqlalchemy/sql/ddl.py:315: in _invoke_with
    return bind.execute(self)
        bind       = <sqlalchemy.engine.base.Connection object at 0x78efe0bd0380>
        self       = <sqlalchemy.sql.ddl.CreateIndex object at 0x78f000fe2900>
venv/lib/python3.12/site-packages/sqlalchemy/engine/base.py:1416: in execute
    return meth(
        distilled_parameters = ()
        execution_options = None
        meth       = <bound method ExecutableDDLElement._execute_on_connection of <sqlalchemy.sql.ddl.CreateIndex object at 0x78f000fe2900>>
        parameters = None
        self       = <sqlalchemy.engine.base.Connection object at 0x78efe0bd0380>
        statement  = <sqlalchemy.sql.ddl.CreateIndex object at 0x78f000fe2900>
venv/lib/python3.12/site-packages/sqlalchemy/sql/ddl.py:181: in _execute_on_connection
    return connection._execute_ddl(
        connection = <sqlalchemy.engine.base.Connection object at 0x78efe0bd0380>
        distilled_params = ()
        execution_options = immutabledict({})
        self       = <sqlalchemy.sql.ddl.CreateIndex object at 0x78f000fe2900>
venv/lib/python3.12/site-packages/sqlalchemy/engine/base.py:1528: in _execute_ddl
    ret = self._execute_context(
        compiled   = <sqlalchemy.dialects.sqlite.base.SQLiteDDLCompiler object at 0x78efe0bd18e0>
        ddl        = <sqlalchemy.sql.ddl.CreateIndex object at 0x78f000fe2900>
        dialect    = <sqlalchemy.dialects.sqlite.aiosqlite.SQLiteDialect_aiosqlite object at 0x78efe0cc3620>
        distilled_parameters = ()
        event_multiparams = None
        event_params = None
        exec_opts  = immutabledict({})
        execution_options = immutabledict({})
        schema_translate_map = None
        self       = <sqlalchemy.engine.base.Connection object at 0x78efe0bd0380>
venv/lib/python3.12/site-packages/sqlalchemy/engine/base.py:1848: in _execute_context
    return self._exec_single_context(
        args       = (<sqlalchemy.dialects.sqlite.base.SQLiteDDLCompiler object at 0x78efe0bd18e0>,)
        conn       = <sqlalchemy.pool.base._ConnectionFairy object at 0x78efe0ba6930>
        constructor = <bound method DefaultExecutionContext._init_ddl of <class 'sqlalchemy.dialects.sqlite.aiosqlite.SQLiteExecutionContext_aiosqlite'>>
        context    = <sqlalchemy.dialects.sqlite.aiosqlite.SQLiteExecutionContext_aiosqlite object at 0x78efe0bd21b0>
        dialect    = <sqlalchemy.dialects.sqlite.aiosqlite.SQLiteDialect_aiosqlite object at 0x78efe0cc3620>
        execution_options = immutabledict({})
        kw         = {}
        parameters = None
        self       = <sqlalchemy.engine.base.Connection object at 0x78efe0bd0380>
        statement  = <sqlalchemy.dialects.sqlite.base.SQLiteDDLCompiler object at 0x78efe0bd18e0>
venv/lib/python3.12/site-packages/sqlalchemy/engine/base.py:1988: in _exec_single_context
    self._handle_dbapi_exception(
        context    = <sqlalchemy.dialects.sqlite.aiosqlite.SQLiteExecutionContext_aiosqlite object at 0x78efe0bd21b0>
        cursor     = <sqlalchemy.dialects.sqlite.aiosqlite.AsyncAdapt_aiosqlite_cursor object at 0x78efe0ba7e20>
        dialect    = <sqlalchemy.dialects.sqlite.aiosqlite.SQLiteDialect_aiosqlite object at 0x78efe0cc3620>
        effective_parameters = ()
        evt_handled = False
        parameters = [()]
        self       = <sqlalchemy.engine.base.Connection object at 0x78efe0bd0380>
        statement  = <sqlalchemy.dialects.sqlite.base.SQLiteDDLCompiler object at 0x78efe0bd18e0>
        str_statement = 'CREATE UNIQUE INDEX ix_users_email ON users (email)'
venv/lib/python3.12/site-packages/sqlalchemy/engine/base.py:2344: in _handle_dbapi_exception
    raise sqlalchemy_exception.with_traceback(exc_info[2]) from e
        context    = <sqlalchemy.dialects.sqlite.aiosqlite.SQLiteExecutionContext_aiosqlite object at 0x78efe0bd21b0>
        cursor     = <sqlalchemy.dialects.sqlite.aiosqlite.AsyncAdapt_aiosqlite_cursor object at 0x78efe0ba7e20>
        e          = OperationalError('index ix_users_email already exists')
        exc_info   = (<class 'sqlite3.OperationalError'>,
 OperationalError('index ix_users_email already exists'),
 <traceback object at 0x78efe0201740>)
        invalidate_pool_on_disconnect = True
        is_exit_exception = False
        is_sub_exec = False
        ismulti    = False
        newraise   = None
        parameters = ()
        self       = <sqlalchemy.engine.base.Connection object at 0x78efe0bd0380>
        should_wrap = True
        sqlalchemy_exception = OperationalError('(sqlite3.OperationalError) index ix_users_email already exists')
        statement  = 'CREATE UNIQUE INDEX ix_users_email ON users (email)'
venv/lib/python3.12/site-packages/sqlalchemy/engine/base.py:1969: in _exec_single_context
    self.dialect.do_execute(
        context    = <sqlalchemy.dialects.sqlite.aiosqlite.SQLiteExecutionContext_aiosqlite object at 0x78efe0bd21b0>
        cursor     = <sqlalchemy.dialects.sqlite.aiosqlite.AsyncAdapt_aiosqlite_cursor object at 0x78efe0ba7e20>
        dialect    = <sqlalchemy.dialects.sqlite.aiosqlite.SQLiteDialect_aiosqlite object at 0x78efe0cc3620>
        effective_parameters = ()
        evt_handled = False
        parameters = [()]
        self       = <sqlalchemy.engine.base.Connection object at 0x78efe0bd0380>
        statement  = <sqlalchemy.dialects.sqlite.base.SQLiteDDLCompiler object at 0x78efe0bd18e0>
        str_statement = 'CREATE UNIQUE INDEX ix_users_email ON users (email)'
venv/lib/python3.12/site-packages/sqlalchemy/engine/default.py:922: in do_execute
    cursor.execute(statement, parameters)
        context    = <sqlalchemy.dialects.sqlite.aiosqlite.SQLiteExecutionContext_aiosqlite object at 0x78efe0bd21b0>
        cursor     = <sqlalchemy.dialects.sqlite.aiosqlite.AsyncAdapt_aiosqlite_cursor object at 0x78efe0ba7e20>
        parameters = ()
        self       = <sqlalchemy.dialects.sqlite.aiosqlite.SQLiteDialect_aiosqlite object at 0x78efe0cc3620>
        statement  = 'CREATE UNIQUE INDEX ix_users_email ON users (email)'
venv/lib/python3.12/site-packages/sqlalchemy/dialects/sqlite/aiosqlite.py:146: in execute
    self._adapt_connection._handle_exception(error)
        _cursor    = <aiosqlite.cursor.Cursor object at 0x78efe0bd2210>
        operation  = 'CREATE UNIQUE INDEX ix_users_email ON users (email)'
        parameters = ()
        self       = <sqlalchemy.dialects.sqlite.aiosqlite.AsyncAdapt_aiosqlite_cursor object at 0x78efe0ba7e20>
venv/lib/python3.12/site-packages/sqlalchemy/dialects/sqlite/aiosqlite.py:298: in _handle_exception
    raise error
        error      = OperationalError('index ix_users_email already exists')
        self       = <AdaptedConnection <aiosqlite.core.Connection object at 0x78efe0bd0950>>
venv/lib/python3.12/site-packages/sqlalchemy/dialects/sqlite/aiosqlite.py:128: in execute
    self.await_(_cursor.execute(operation, parameters))
        _cursor    = <aiosqlite.cursor.Cursor object at 0x78efe0bd2210>
        operation  = 'CREATE UNIQUE INDEX ix_users_email ON users (email)'
        parameters = ()
        self       = <sqlalchemy.dialects.sqlite.aiosqlite.AsyncAdapt_aiosqlite_cursor object at 0x78efe0ba7e20>
venv/lib/python3.12/site-packages/sqlalchemy/util/_concurrency_py3k.py:130: in await_only
    return current.driver.switch(awaitable)  # type: ignore[no-any-return]
        awaitable  = <coroutine object Cursor.execute at 0x78efe0be19a0>
        current    = <_AsyncIoGreenlet object at 0x78efe0b41940 (otid=0x1d6ace30) dead>
venv/lib/python3.12/site-packages/sqlalchemy/util/_concurrency_py3k.py:195: in greenlet_spawn
    value = await result
        _require_await = False
        args       = (<sqlalchemy.engine.base.Connection object at 0x78efe0bd0380>,)
        context    = <_AsyncIoGreenlet object at 0x78efe0b41940 (otid=0x1d6ace30) dead>
        fn         = <bound method MetaData.create_all of MetaData()>
        kwargs     = {}
        result     = <coroutine object Cursor.execute at 0x78efe0be19a0>
        switch_occurred = True
        value      = <aiosqlite.cursor.Cursor object at 0x78efe0bd2210>
venv/lib/python3.12/site-packages/aiosqlite/cursor.py:40: in execute
    await self._execute(self._cursor.execute, sql, parameters)
        parameters = ()
        self       = <aiosqlite.cursor.Cursor object at 0x78efe0bd2210>
        sql        = 'CREATE UNIQUE INDEX ix_users_email ON users (email)'
venv/lib/python3.12/site-packages/aiosqlite/cursor.py:32: in _execute
    return await self._conn._execute(fn, *args, **kwargs)
        args       = ('CREATE UNIQUE INDEX ix_users_email ON users (email)', ())
        fn         = <built-in method execute of sqlite3.Cursor object at 0x78efe0bb97c0>
        kwargs     = {}
        self       = <aiosqlite.cursor.Cursor object at 0x78efe0bd2210>
venv/lib/python3.12/site-packages/aiosqlite/core.py:160: in _execute
    return await future
        args       = ('CREATE UNIQUE INDEX ix_users_email ON users (email)', ())
        fn         = <built-in method execute of sqlite3.Cursor object at 0x78efe0bb97c0>
        function   = functools.partial(<built-in method execute of sqlite3.Cursor object at 0x78efe0bb97c0>, 'CREATE UNIQUE INDEX ix_users_email ON users (email)', ())
        future     = <Future finished exception=OperationalError('index ix_users_email already exists')>
        kwargs     = {}
        self       = <aiosqlite.core.Connection object at 0x78efe0bd0950>
venv/lib/python3.12/site-packages/aiosqlite/core.py:63: in _connection_worker_thread
    result = function()
E   sqlalchemy.exc.OperationalError: (sqlite3.OperationalError) index ix_users_email already exists
E   [SQL: CREATE UNIQUE INDEX ix_users_email ON users (email)]
E   (Background on this error at: https://sqlalche.me/e/20/e3q8)
        function   = functools.partial(<built-in method rollback of sqlite3.Connection object at 0x78efe0b6f2e0>)
        future     = <Future finished result=None>
        result     = None
        tx         = <_queue.SimpleQueue object at 0x78efe0bd7060>
___________ ERROR at setup of test_data_source_with_all_source_types ___________
venv/lib/python3.12/site-packages/sqlalchemy/engine/base.py:1969: in _exec_single_context
    self.dialect.do_execute(
        context    = <sqlalchemy.dialects.sqlite.aiosqlite.SQLiteExecutionContext_aiosqlite object at 0x78efe0bd21b0>
        cursor     = <sqlalchemy.dialects.sqlite.aiosqlite.AsyncAdapt_aiosqlite_cursor object at 0x78efe0ba7e20>
        dialect    = <sqlalchemy.dialects.sqlite.aiosqlite.SQLiteDialect_aiosqlite object at 0x78efe0cc3620>
        effective_parameters = ()
        evt_handled = False
        parameters = [()]
        self       = <sqlalchemy.engine.base.Connection object at 0x78efe0bd0380>
        statement  = <sqlalchemy.dialects.sqlite.base.SQLiteDDLCompiler object at 0x78efe0bd18e0>
        str_statement = 'CREATE UNIQUE INDEX ix_users_email ON users (email)'
venv/lib/python3.12/site-packages/sqlalchemy/engine/default.py:922: in do_execute
    cursor.execute(statement, parameters)
        context    = <sqlalchemy.dialects.sqlite.aiosqlite.SQLiteExecutionContext_aiosqlite object at 0x78efe0bd21b0>
        cursor     = <sqlalchemy.dialects.sqlite.aiosqlite.AsyncAdapt_aiosqlite_cursor object at 0x78efe0ba7e20>
        parameters = ()
        self       = <sqlalchemy.dialects.sqlite.aiosqlite.SQLiteDialect_aiosqlite object at 0x78efe0cc3620>
        statement  = 'CREATE UNIQUE INDEX ix_users_email ON users (email)'
venv/lib/python3.12/site-packages/sqlalchemy/dialects/sqlite/aiosqlite.py:146: in execute
    self._adapt_connection._handle_exception(error)
        _cursor    = <aiosqlite.cursor.Cursor object at 0x78efe0bd2210>
        operation  = 'CREATE UNIQUE INDEX ix_users_email ON users (email)'
        parameters = ()
        self       = <sqlalchemy.dialects.sqlite.aiosqlite.AsyncAdapt_aiosqlite_cursor object at 0x78efe0ba7e20>
venv/lib/python3.12/site-packages/sqlalchemy/dialects/sqlite/aiosqlite.py:298: in _handle_exception
    raise error
        error      = OperationalError('index ix_users_email already exists')
        self       = <AdaptedConnection <aiosqlite.core.Connection object at 0x78efe0bd0950>>
venv/lib/python3.12/site-packages/sqlalchemy/dialects/sqlite/aiosqlite.py:128: in execute
    self.await_(_cursor.execute(operation, parameters))
        _cursor    = <aiosqlite.cursor.Cursor object at 0x78efe0bd2210>
        operation  = 'CREATE UNIQUE INDEX ix_users_email ON users (email)'
        parameters = ()
        self       = <sqlalchemy.dialects.sqlite.aiosqlite.AsyncAdapt_aiosqlite_cursor object at 0x78efe0ba7e20>
venv/lib/python3.12/site-packages/sqlalchemy/util/_concurrency_py3k.py:130: in await_only
    return current.driver.switch(awaitable)  # type: ignore[no-any-return]
        awaitable  = <coroutine object Cursor.execute at 0x78efe0be19a0>
        current    = <_AsyncIoGreenlet object at 0x78efe0b41940 (otid=0x1d6ace30) dead>
venv/lib/python3.12/site-packages/sqlalchemy/util/_concurrency_py3k.py:195: in greenlet_spawn
    value = await result
        _require_await = False
        args       = (<sqlalchemy.engine.base.Connection object at 0x78efe0bd0380>,)
        context    = <_AsyncIoGreenlet object at 0x78efe0b41940 (otid=0x1d6ace30) dead>
        fn         = <bound method MetaData.create_all of MetaData()>
        kwargs     = {}
        result     = <coroutine object Cursor.execute at 0x78efe0be19a0>
        switch_occurred = True
        value      = <aiosqlite.cursor.Cursor object at 0x78efe0bd2210>
venv/lib/python3.12/site-packages/aiosqlite/cursor.py:40: in execute
    await self._execute(self._cursor.execute, sql, parameters)
        parameters = ()
        self       = <aiosqlite.cursor.Cursor object at 0x78efe0bd2210>
        sql        = 'CREATE UNIQUE INDEX ix_users_email ON users (email)'
venv/lib/python3.12/site-packages/aiosqlite/cursor.py:32: in _execute
    return await self._conn._execute(fn, *args, **kwargs)
        args       = ('CREATE UNIQUE INDEX ix_users_email ON users (email)', ())
        fn         = <built-in method execute of sqlite3.Cursor object at 0x78efe0bb97c0>
        kwargs     = {}
        self       = <aiosqlite.cursor.Cursor object at 0x78efe0bd2210>
venv/lib/python3.12/site-packages/aiosqlite/core.py:160: in _execute
    return await future
        args       = ('CREATE UNIQUE INDEX ix_users_email ON users (email)', ())
        fn         = <built-in method execute of sqlite3.Cursor object at 0x78efe0bb97c0>
        function   = functools.partial(<built-in method execute of sqlite3.Cursor object at 0x78efe0bb97c0>, 'CREATE UNIQUE INDEX ix_users_email ON users (email)', ())
        future     = <Future finished exception=OperationalError('index ix_users_email already exists')>
        kwargs     = {}
        self       = <aiosqlite.core.Connection object at 0x78efe0bd0950>
venv/lib/python3.12/site-packages/aiosqlite/core.py:63: in _connection_worker_thread
    result = function()
E   sqlite3.OperationalError: index ix_users_email already exists
        function   = functools.partial(<built-in method rollback of sqlite3.Connection object at 0x78efe0b6f2e0>)
        future     = <Future finished result=None>
        result     = None
        tx         = <_queue.SimpleQueue object at 0x78efe0bd7060>

The above exception was the direct cause of the following exception:
venv/lib/python3.12/site-packages/pytest_asyncio/plugin.py:336: in _asyncgen_fixture_wrapper
    result = event_loop.run_until_complete(setup())
        event_loop = <_UnixSelectorEventLoop running=False closed=False debug=False>
        event_loop_fixture_id = '_session_event_loop'
        finalizer  = <function _wrap_asyncgen_fixture.<locals>._asyncgen_fixture_wrapper.<locals>.finalizer at 0x78efe0ba99e0>
        fixture    = <function engine at 0x78f001182b60>
        fixturedef = <FixtureDef argname='engine' scope='session' baseid='tests'>
        func       = <function engine at 0x78f001182b60>
        gen_obj    = <async_generator object engine at 0x78efe0b6ec50>
        kwargs     = {}
        request    = <SubRequest 'engine' for <Coroutine test_chat_session_creation_with_user>>
        setup      = <function _wrap_asyncgen_fixture.<locals>._asyncgen_fixture_wrapper.<locals>.setup at 0x78efe0ba9a80>
/usr/lib/python3.12/asyncio/base_events.py:687: in run_until_complete
    return future.result()
        future     = <Task finished name='Task-1' coro=<_wrap_asyncgen_fixture.<locals>._asyncgen_fixture_wrapper.<locals>.setup() done, defined at /mnt/d/workspace/ChatApplication/project-code/backend/venv/lib/python3.12/site-packages/pytest_asyncio/plugin.py:317> exception=OperationalError('(sqlite3.OperationalError) index ix_users_email already exists')>
        new_task   = True
        self       = <_UnixSelectorEventLoop running=False closed=False debug=False>
venv/lib/python3.12/site-packages/pytest_asyncio/plugin.py:318: in setup
    res = await gen_obj.__anext__()
        gen_obj    = <async_generator object engine at 0x78efe0b6ec50>
tests/conftest.py:62: in engine
    await conn.run_sync(Base.metadata.create_all)
        conn       = <sqlalchemy.ext.asyncio.engine.AsyncConnection object at 0x78efe0bd6850>
        test_engine = <sqlalchemy.ext.asyncio.engine.AsyncEngine object at 0x78f001041090>
venv/lib/python3.12/site-packages/sqlalchemy/ext/asyncio/engine.py:891: in run_sync
    return await greenlet_spawn(fn, self._proxied, *arg, **kw)
        arg        = ()
        fn         = <bound method MetaData.create_all of MetaData()>
        kw         = {}
        self       = <sqlalchemy.ext.asyncio.engine.AsyncConnection object at 0x78efe0bd6850>
venv/lib/python3.12/site-packages/sqlalchemy/util/_concurrency_py3k.py:200: in greenlet_spawn
    result = context.throw(*sys.exc_info())
        _require_await = False
        args       = (<sqlalchemy.engine.base.Connection object at 0x78efe0bd0380>,)
        context    = <_AsyncIoGreenlet object at 0x78efe0b41940 (otid=0x1d6ace30) dead>
        fn         = <bound method MetaData.create_all of MetaData()>
        kwargs     = {}
        result     = <coroutine object Cursor.execute at 0x78efe0be19a0>
        switch_occurred = True
        value      = <aiosqlite.cursor.Cursor object at 0x78efe0bd2210>
venv/lib/python3.12/site-packages/sqlalchemy/sql/schema.py:5832: in create_all
    bind._run_ddl_visitor(
        bind       = <sqlalchemy.engine.base.Connection object at 0x78efe0bd0380>
        checkfirst = True
        self       = MetaData()
        tables     = None
venv/lib/python3.12/site-packages/sqlalchemy/engine/base.py:2448: in _run_ddl_visitor
    visitorcallable(self.dialect, self, **kwargs).traverse_single(element)
        element    = MetaData()
        kwargs     = {'checkfirst': True, 'tables': None}
        self       = <sqlalchemy.engine.base.Connection object at 0x78efe0bd0380>
        visitorcallable = <class 'sqlalchemy.sql.ddl.SchemaGenerator'>
venv/lib/python3.12/site-packages/sqlalchemy/sql/visitors.py:671: in traverse_single
    return meth(obj, **kw)
        kw         = {}
        meth       = <bound method SchemaGenerator.visit_metadata of <sqlalchemy.sql.ddl.SchemaGenerator object at 0x78efe0ce40d0>>
        obj        = MetaData()
        self       = <sqlalchemy.sql.ddl.SchemaGenerator object at 0x78efe0ce40d0>
        v          = <sqlalchemy.sql.ddl.SchemaGenerator object at 0x78efe0ce40d0>
venv/lib/python3.12/site-packages/sqlalchemy/sql/ddl.py:919: in visit_metadata
    self.traverse_single(
        collection = [(Table('users', MetaData(), Column('id', GUID(), table=<users>, primary_key=True, nullable=False, default=CallableColumnDefault(<function uuid4 at 0x78f001182de0>)), Column('email', String(length=255), table=<users>), Column('password_hash', String(length=255), table=<users>), Column('role', Enum('ADMIN', 'USER', 'ANONYMOUS', name='user_role'), table=<users>, nullable=False, default=ScalarElementColumnDefault(<UserRole.ANONYMOUS: 'anonymous'>)), Column('is_active', Boolean(), table=<users>, nullable=False, default=ScalarElementColumnDefault(True)), Column('created_at', DateTime(timezone=True), table=<users>, nullable=False, default=CallableColumnDefault(<function datetime.utcnow at 0x78f0011e8ea0>)), Column('last_login', DateTime(timezone=True), table=<users>), schema=None),
  set()),
 (Table('chat_sessions', MetaData(), Column('id', GUID(), table=<chat_sessions>, primary_key=True, nullable=False, default=CallableColumnDefault(<function uuid4 at 0x78f001078720>)), Column('user_id', GUID(), ForeignKey('users.id'), table=<chat_sessions>), Column('session_token', String(length=255), table=<chat_sessions>, nullable=False), Column('created_at', DateTime(timezone=True), table=<chat_sessions>, nullable=False, default=CallableColumnDefault(<function datetime.utcnow at 0x78f0010787c0>)), Column('updated_at', DateTime(timezone=True), table=<chat_sessions>, nullable=False, onupdate=CallableColumnDefault(<function datetime.utcnow at 0x78f001078ae0>), default=CallableColumnDefault(<function datetime.utcnow at 0x78f001078a40>)), Column('metadata', JSON(), table=<chat_sessions>, default=CallableColumnDefault(<function dict at 0x78f001078b80>)), schema=None),
  {ForeignKeyConstraint(<sqlalchemy.sql.base.ReadOnlyColumnCollection object at 0x78efdb3365c0>, None, ondelete='SET NULL', table=Table('chat_sessions', MetaData(), Column('id', GUID(), table=<chat_sessions>, primary_key=True, nullable=False, default=CallableColumnDefault(<function uuid4 at 0x78f001078720>)), Column('user_id', GUID(), ForeignKey('users.id'), table=<chat_sessions>), Column('session_token', String(length=255), table=<chat_sessions>, nullable=False), Column('created_at', DateTime(timezone=True), table=<chat_sessions>, nullable=False, default=CallableColumnDefault(<function datetime.utcnow at 0x78f0010787c0>)), Column('updated_at', DateTime(timezone=True), table=<chat_sessions>, nullable=False, onupdate=CallableColumnDefault(<function datetime.utcnow at 0x78f001078ae0>), default=CallableColumnDefault(<function datetime.utcnow at 0x78f001078a40>)), Column('metadata', JSON(), table=<chat_sessions>, default=CallableColumnDefault(<function dict at 0x78f001078b80>)), schema=None))}),
 (Table('data_sources', MetaData(), Column('id', GUID(), table=<data_sources>, primary_key=True, nullable=False, default=CallableColumnDefault(<function uuid4 at 0x78f00107bd80>)), Column('name', String(length=255), table=<data_sources>, nullable=False), Column('type', Enum('CONFLUENCE', 'JIRA', 'GITHUB', 'ONBOARDING', name='source_type'), table=<data_sources>, nullable=False), Column('config', JSON(), table=<data_sources>, nullable=False, default=CallableColumnDefault(<function dict at 0x78f001018040>)), Column('last_sync_at', DateTime(timezone=True), table=<data_sources>), Column('sync_status', Enum('PENDING', 'SYNCING', 'SUCCESS', 'FAILED', name='sync_status'), table=<data_sources>, nullable=False, default=ScalarElementColumnDefault(<SyncStatus.PENDING: 'pending'>)), Column('sync_error', Text(), table=<data_sources>), Column('created_by', GUID(), ForeignKey('users.id'), table=<data_sources>, nullable=False), Column('is_active', Boolean(), table=<data_sources>, nullable=False, default=ScalarElementColumnDefault(True)), schema=None),
  {ForeignKeyConstraint(<sqlalchemy.sql.base.ReadOnlyColumnCollection object at 0x78efdb336610>, None, ondelete='CASCADE', table=Table('data_sources', MetaData(), Column('id', GUID(), table=<data_sources>, primary_key=True, nullable=False, default=CallableColumnDefault(<function uuid4 at 0x78f00107bd80>)), Column('name', String(length=255), table=<data_sources>, nullable=False), Column('type', Enum('CONFLUENCE', 'JIRA', 'GITHUB', 'ONBOARDING', name='source_type'), table=<data_sources>, nullable=False), Column('config', JSON(), table=<data_sources>, nullable=False, default=CallableColumnDefault(<function dict at 0x78f001018040>)), Column('last_sync_at', DateTime(timezone=True), table=<data_sources>), Column('sync_status', Enum('PENDING', 'SYNCING', 'SUCCESS', 'FAILED', name='sync_status'), table=<data_sources>, nullable=False, default=ScalarElementColumnDefault(<SyncStatus.PENDING: 'pending'>)), Column('sync_error', Text(), table=<data_sources>), Column('created_by', GUID(), ForeignKey('users.id'), table=<data_sources>, nullable=False), Column('is_active', Boolean(), table=<data_sources>, nullable=False, default=ScalarElementColumnDefault(True)), schema=None))}),
 (Table('messages', MetaData(), Column('id', GUID(), table=<messages>, primary_key=True, nullable=False, default=CallableColumnDefault(<function uuid4 at 0x78f00107a020>)), Column('session_id', GUID(), ForeignKey('chat_sessions.id'), table=<messages>, nullable=False), Column('role', Enum('USER', 'ASSISTANT', 'SYSTEM', name='message_role'), table=<messages>, nullable=False), Column('content', Text(), table=<messages>, nullable=False), Column('created_at', DateTime(timezone=True), table=<messages>, nullable=False, default=CallableColumnDefault(<function datetime.utcnow at 0x78f00107a3e0>)), Column('sources', JSON(), table=<messages>, default=CallableColumnDefault(<function dict at 0x78f00107a520>)), Column('feedback', JSON(), table=<messages>, default=CallableColumnDefault(<function dict at 0x78f00107a660>)), schema=None),
  {ForeignKeyConstraint(<sqlalchemy.sql.base.ReadOnlyColumnCollection object at 0x78efdb3366b0>, None, ondelete='CASCADE', table=Table('messages', MetaData(), Column('id', GUID(), table=<messages>, primary_key=True, nullable=False, default=CallableColumnDefault(<function uuid4 at 0x78f00107a020>)), Column('session_id', GUID(), ForeignKey('chat_sessions.id'), table=<messages>, nullable=False), Column('role', Enum('USER', 'ASSISTANT', 'SYSTEM', name='message_role'), table=<messages>, nullable=False), Column('content', Text(), table=<messages>, nullable=False), Column('created_at', DateTime(timezone=True), table=<messages>, nullable=False, default=CallableColumnDefault(<function datetime.utcnow at 0x78f00107a3e0>)), Column('sources', JSON(), table=<messages>, default=CallableColumnDefault(<function dict at 0x78f00107a520>)), Column('feedback', JSON(), table=<messages>, default=CallableColumnDefault(<function dict at 0x78f00107a660>)), schema=None))}),
 (Table('sync_logs', MetaData(), Column('id', GUID(), table=<sync_logs>, primary_key=True, nullable=False, default=CallableColumnDefault(<function uuid4 at 0x78f00101a3e0>)), Column('source_id', GUID(), ForeignKey('data_sources.id'), table=<sync_logs>, nullable=False), Column('started_at', DateTime(timezone=True), table=<sync_logs>, nullable=False, default=CallableColumnDefault(<function datetime.utcnow at 0x78f00101a480>)), Column('completed_at', DateTime(timezone=True), table=<sync_logs>), Column('status', Enum('PENDING', 'SYNCING', 'SUCCESS', 'FAILED', name='sync_status'), table=<sync_logs>, nullable=False, default=ScalarElementColumnDefault(<SyncStatus.PENDING: 'pending'>)), Column('documents_processed', Integer(), table=<sync_logs>, nullable=False, default=ScalarElementColumnDefault(0)), Column('documents_added', Integer(), table=<sync_logs>, nullable=False, default=ScalarElementColumnDefault(0)), Column('documents_updated', Integer(), table=<sync_logs>, nullable=False, default=ScalarElementColumnDefault(0)), Column('documents_deleted', Integer(), table=<sync_logs>, nullable=False, default=ScalarElementColumnDefault(0)), Column('error_log', Text(), table=<sync_logs>), schema=None),
  {ForeignKeyConstraint(<sqlalchemy.sql.base.ReadOnlyColumnCollection object at 0x78efdb336660>, None, ondelete='CASCADE', table=Table('sync_logs', MetaData(), Column('id', GUID(), table=<sync_logs>, primary_key=True, nullable=False, default=CallableColumnDefault(<function uuid4 at 0x78f00101a3e0>)), Column('source_id', GUID(), ForeignKey('data_sources.id'), table=<sync_logs>, nullable=False), Column('started_at', DateTime(timezone=True), table=<sync_logs>, nullable=False, default=CallableColumnDefault(<function datetime.utcnow at 0x78f00101a480>)), Column('completed_at', DateTime(timezone=True), table=<sync_logs>), Column('status', Enum('PENDING', 'SYNCING', 'SUCCESS', 'FAILED', name='sync_status'), table=<sync_logs>, nullable=False, default=ScalarElementColumnDefault(<SyncStatus.PENDING: 'pending'>)), Column('documents_processed', Integer(), table=<sync_logs>, nullable=False, default=ScalarElementColumnDefault(0)), Column('documents_added', Integer(), table=<sync_logs>, nullable=False, default=ScalarElementColumnDefault(0)), Column('documents_updated', Integer(), table=<sync_logs>, nullable=False, default=ScalarElementColumnDefault(0)), Column('documents_deleted', Integer(), table=<sync_logs>, nullable=False, default=ScalarElementColumnDefault(0)), Column('error_log', Text(), table=<sync_logs>), schema=None))}),
 (Table('documents', MetaData(), Column('id', UUID(), table=<documents>, primary_key=True, nullable=False, default=CallableColumnDefault(<function uuid4 at 0x78f00101bec0>)), Column('source_id', UUID(), ForeignKey('data_sources.id'), table=<documents>, nullable=False), Column('external_id', String(length=255), table=<documents>, nullable=False), Column('title', Text(), table=<documents>, nullable=False), Column('content', Text(), table=<documents>, nullable=False), Column('url', Text(), table=<documents>), Column('metadata', JSONB(astext_type=Text()), table=<documents>, default=CallableColumnDefault(<function dict at 0x78f000fec360>)), Column('created_at', DateTime(timezone=True), table=<documents>, nullable=False, default=CallableColumnDefault(<function datetime.utcnow at 0x78efe0cbef20>)), Column('updated_at', DateTime(timezone=True), table=<documents>, nullable=False, onupdate=CallableColumnDefault(<function datetime.utcnow at 0x78efe0cbf060>), default=CallableColumnDefault(<function datetime.utcnow at 0x78efe0cbefc0>)), Column('is_deleted', Boolean(), table=<documents>, nullable=False, default=ScalarElementColumnDefault(False)), schema=None),
  {ForeignKeyConstraint(<sqlalchemy.sql.base.ReadOnlyColumnCollection object at 0x78efdb336750>, None, ondelete='CASCADE', table=Table('documents', MetaData(), Column('id', UUID(), table=<documents>, primary_key=True, nullable=False, default=CallableColumnDefault(<function uuid4 at 0x78f00101bec0>)), Column('source_id', UUID(), ForeignKey('data_sources.id'), table=<documents>, nullable=False), Column('external_id', String(length=255), table=<documents>, nullable=False), Column('title', Text(), table=<documents>, nullable=False), Column('content', Text(), table=<documents>, nullable=False), Column('url', Text(), table=<documents>), Column('metadata', JSONB(astext_type=Text()), table=<documents>, default=CallableColumnDefault(<function dict at 0x78f000fec360>)), Column('created_at', DateTime(timezone=True), table=<documents>, nullable=False, default=CallableColumnDefault(<function datetime.utcnow at 0x78efe0cbef20>)), Column('updated_at', DateTime(timezone=True), table=<documents>, nullable=False, onupdate=CallableColumnDefault(<function datetime.utcnow at 0x78efe0cbf060>), default=CallableColumnDefault(<function datetime.utcnow at 0x78efe0cbefc0>)), Column('is_deleted', Boolean(), table=<documents>, nullable=False, default=ScalarElementColumnDefault(False)), schema=None))}),
 (Table('document_chunks', MetaData(), Column('id', UUID(), table=<document_chunks>, primary_key=True, nullable=False, default=CallableColumnDefault(<function uuid4 at 0x78efe0ce0720>)), Column('document_id', UUID(), ForeignKey('documents.id'), table=<document_chunks>, nullable=False), Column('chunk_index', Integer(), table=<document_chunks>, nullable=False), Column('content', Text(), table=<document_chunks>, nullable=False), Column('embedding', Vector(dim=384), table=<document_chunks>), Column('metadata', JSONB(astext_type=Text()), table=<document_chunks>, default=CallableColumnDefault(<function dict at 0x78efe0ce07c0>)), Column('created_at', DateTime(timezone=True), table=<document_chunks>, nullable=False, default=CallableColumnDefault(<function datetime.utcnow at 0x78efe0ce09a0>)), schema=None),
  {ForeignKeyConstraint(<sqlalchemy.sql.base.ReadOnlyColumnCollection object at 0x78efdb3367a0>, None, ondelete='CASCADE', table=Table('document_chunks', MetaData(), Column('id', UUID(), table=<document_chunks>, primary_key=True, nullable=False, default=CallableColumnDefault(<function uuid4 at 0x78efe0ce0720>)), Column('document_id', UUID(), ForeignKey('documents.id'), table=<document_chunks>, nullable=False), Column('chunk_index', Integer(), table=<document_chunks>, nullable=False), Column('content', Text(), table=<document_chunks>, nullable=False), Column('embedding', Vector(dim=384), table=<document_chunks>), Column('metadata', JSONB(astext_type=Text()), table=<document_chunks>, default=CallableColumnDefault(<function dict at 0x78efe0ce07c0>)), Column('created_at', DateTime(timezone=True), table=<document_chunks>, nullable=False, default=CallableColumnDefault(<function datetime.utcnow at 0x78efe0ce09a0>)), schema=None))}),
 (None, [])]
        event_collection = [Table('users', MetaData(), Column('id', GUID(), table=<users>, primary_key=True, nullable=False, default=CallableColumnDefault(<function uuid4 at 0x78f001182de0>)), Column('email', String(length=255), table=<users>), Column('password_hash', String(length=255), table=<users>), Column('role', Enum('ADMIN', 'USER', 'ANONYMOUS', name='user_role'), table=<users>, nullable=False, default=ScalarElementColumnDefault(<UserRole.ANONYMOUS: 'anonymous'>)), Column('is_active', Boolean(), table=<users>, nullable=False, default=ScalarElementColumnDefault(True)), Column('created_at', DateTime(timezone=True), table=<users>, nullable=False, default=CallableColumnDefault(<function datetime.utcnow at 0x78f0011e8ea0>)), Column('last_login', DateTime(timezone=True), table=<users>), schema=None),
 Table('chat_sessions', MetaData(), Column('id', GUID(), table=<chat_sessions>, primary_key=True, nullable=False, default=CallableColumnDefault(<function uuid4 at 0x78f001078720>)), Column('user_id', GUID(), ForeignKey('users.id'), table=<chat_sessions>), Column('session_token', String(length=255), table=<chat_sessions>, nullable=False), Column('created_at', DateTime(timezone=True), table=<chat_sessions>, nullable=False, default=CallableColumnDefault(<function datetime.utcnow at 0x78f0010787c0>)), Column('updated_at', DateTime(timezone=True), table=<chat_sessions>, nullable=False, onupdate=CallableColumnDefault(<function datetime.utcnow at 0x78f001078ae0>), default=CallableColumnDefault(<function datetime.utcnow at 0x78f001078a40>)), Column('metadata', JSON(), table=<chat_sessions>, default=CallableColumnDefault(<function dict at 0x78f001078b80>)), schema=None),
 Table('data_sources', MetaData(), Column('id', GUID(), table=<data_sources>, primary_key=True, nullable=False, default=CallableColumnDefault(<function uuid4 at 0x78f00107bd80>)), Column('name', String(length=255), table=<data_sources>, nullable=False), Column('type', Enum('CONFLUENCE', 'JIRA', 'GITHUB', 'ONBOARDING', name='source_type'), table=<data_sources>, nullable=False), Column('config', JSON(), table=<data_sources>, nullable=False, default=CallableColumnDefault(<function dict at 0x78f001018040>)), Column('last_sync_at', DateTime(timezone=True), table=<data_sources>), Column('sync_status', Enum('PENDING', 'SYNCING', 'SUCCESS', 'FAILED', name='sync_status'), table=<data_sources>, nullable=False, default=ScalarElementColumnDefault(<SyncStatus.PENDING: 'pending'>)), Column('sync_error', Text(), table=<data_sources>), Column('created_by', GUID(), ForeignKey('users.id'), table=<data_sources>, nullable=False), Column('is_active', Boolean(), table=<data_sources>, nullable=False, default=ScalarElementColumnDefault(True)), schema=None),
 Table('messages', MetaData(), Column('id', GUID(), table=<messages>, primary_key=True, nullable=False, default=CallableColumnDefault(<function uuid4 at 0x78f00107a020>)), Column('session_id', GUID(), ForeignKey('chat_sessions.id'), table=<messages>, nullable=False), Column('role', Enum('USER', 'ASSISTANT', 'SYSTEM', name='message_role'), table=<messages>, nullable=False), Column('content', Text(), table=<messages>, nullable=False), Column('created_at', DateTime(timezone=True), table=<messages>, nullable=False, default=CallableColumnDefault(<function datetime.utcnow at 0x78f00107a3e0>)), Column('sources', JSON(), table=<messages>, default=CallableColumnDefault(<function dict at 0x78f00107a520>)), Column('feedback', JSON(), table=<messages>, default=CallableColumnDefault(<function dict at 0x78f00107a660>)), schema=None),
 Table('sync_logs', MetaData(), Column('id', GUID(), table=<sync_logs>, primary_key=True, nullable=False, default=CallableColumnDefault(<function uuid4 at 0x78f00101a3e0>)), Column('source_id', GUID(), ForeignKey('data_sources.id'), table=<sync_logs>, nullable=False), Column('started_at', DateTime(timezone=True), table=<sync_logs>, nullable=False, default=CallableColumnDefault(<function datetime.utcnow at 0x78f00101a480>)), Column('completed_at', DateTime(timezone=True), table=<sync_logs>), Column('status', Enum('PENDING', 'SYNCING', 'SUCCESS', 'FAILED', name='sync_status'), table=<sync_logs>, nullable=False, default=ScalarElementColumnDefault(<SyncStatus.PENDING: 'pending'>)), Column('documents_processed', Integer(), table=<sync_logs>, nullable=False, default=ScalarElementColumnDefault(0)), Column('documents_added', Integer(), table=<sync_logs>, nullable=False, default=ScalarElementColumnDefault(0)), Column('documents_updated', Integer(), table=<sync_logs>, nullable=False, default=ScalarElementColumnDefault(0)), Column('documents_deleted', Integer(), table=<sync_logs>, nullable=False, default=ScalarElementColumnDefault(0)), Column('error_log', Text(), table=<sync_logs>), schema=None),
 Table('documents', MetaData(), Column('id', UUID(), table=<documents>, primary_key=True, nullable=False, default=CallableColumnDefault(<function uuid4 at 0x78f00101bec0>)), Column('source_id', UUID(), ForeignKey('data_sources.id'), table=<documents>, nullable=False), Column('external_id', String(length=255), table=<documents>, nullable=False), Column('title', Text(), table=<documents>, nullable=False), Column('content', Text(), table=<documents>, nullable=False), Column('url', Text(), table=<documents>), Column('metadata', JSONB(astext_type=Text()), table=<documents>, default=CallableColumnDefault(<function dict at 0x78f000fec360>)), Column('created_at', DateTime(timezone=True), table=<documents>, nullable=False, default=CallableColumnDefault(<function datetime.utcnow at 0x78efe0cbef20>)), Column('updated_at', DateTime(timezone=True), table=<documents>, nullable=False, onupdate=CallableColumnDefault(<function datetime.utcnow at 0x78efe0cbf060>), default=CallableColumnDefault(<function datetime.utcnow at 0x78efe0cbefc0>)), Column('is_deleted', Boolean(), table=<documents>, nullable=False, default=ScalarElementColumnDefault(False)), schema=None),
 Table('document_chunks', MetaData(), Column('id', UUID(), table=<document_chunks>, primary_key=True, nullable=False, default=CallableColumnDefault(<function uuid4 at 0x78efe0ce0720>)), Column('document_id', UUID(), ForeignKey('documents.id'), table=<document_chunks>, nullable=False), Column('chunk_index', Integer(), table=<document_chunks>, nullable=False), Column('content', Text(), table=<document_chunks>, nullable=False), Column('embedding', Vector(dim=384), table=<document_chunks>), Column('metadata', JSONB(astext_type=Text()), table=<document_chunks>, default=CallableColumnDefault(<function dict at 0x78efe0ce07c0>)), Column('created_at', DateTime(timezone=True), table=<document_chunks>, nullable=False, default=CallableColumnDefault(<function datetime.utcnow at 0x78efe0ce09a0>)), schema=None)]
        fkcs       = set()
        metadata   = MetaData()
        self       = <sqlalchemy.sql.ddl.SchemaGenerator object at 0x78efe0ce40d0>
        seq_coll   = []
        table      = Table('users', MetaData(), Column('id', GUID(), table=<users>, primary_key=True, nullable=False, default=CallableColumnDefault(<function uuid4 at 0x78f001182de0>)), Column('email', String(length=255), table=<users>), Column('password_hash', String(length=255), table=<users>), Column('role', Enum('ADMIN', 'USER', 'ANONYMOUS', name='user_role'), table=<users>, nullable=False, default=ScalarElementColumnDefault(<UserRole.ANONYMOUS: 'anonymous'>)), Column('is_active', Boolean(), table=<users>, nullable=False, default=ScalarElementColumnDefault(True)), Column('created_at', DateTime(timezone=True), table=<users>, nullable=False, default=CallableColumnDefault(<function datetime.utcnow at 0x78f0011e8ea0>)), Column('last_login', DateTime(timezone=True), table=<users>), schema=None)
        tables     = [Table('users', MetaData(), Column('id', GUID(), table=<users>, primary_key=True, nullable=False, default=CallableColumnDefault(<function uuid4 at 0x78f001182de0>)), Column('email', String(length=255), table=<users>), Column('password_hash', String(length=255), table=<users>), Column('role', Enum('ADMIN', 'USER', 'ANONYMOUS', name='user_role'), table=<users>, nullable=False, default=ScalarElementColumnDefault(<UserRole.ANONYMOUS: 'anonymous'>)), Column('is_active', Boolean(), table=<users>, nullable=False, default=ScalarElementColumnDefault(True)), Column('created_at', DateTime(timezone=True), table=<users>, nullable=False, default=CallableColumnDefault(<function datetime.utcnow at 0x78f0011e8ea0>)), Column('last_login', DateTime(timezone=True), table=<users>), schema=None),
 Table('chat_sessions', MetaData(), Column('id', GUID(), table=<chat_sessions>, primary_key=True, nullable=False, default=CallableColumnDefault(<function uuid4 at 0x78f001078720>)), Column('user_id', GUID(), ForeignKey('users.id'), table=<chat_sessions>), Column('session_token', String(length=255), table=<chat_sessions>, nullable=False), Column('created_at', DateTime(timezone=True), table=<chat_sessions>, nullable=False, default=CallableColumnDefault(<function datetime.utcnow at 0x78f0010787c0>)), Column('updated_at', DateTime(timezone=True), table=<chat_sessions>, nullable=False, onupdate=CallableColumnDefault(<function datetime.utcnow at 0x78f001078ae0>), default=CallableColumnDefault(<function datetime.utcnow at 0x78f001078a40>)), Column('metadata', JSON(), table=<chat_sessions>, default=CallableColumnDefault(<function dict at 0x78f001078b80>)), schema=None),
 Table('messages', MetaData(), Column('id', GUID(), table=<messages>, primary_key=True, nullable=False, default=CallableColumnDefault(<function uuid4 at 0x78f00107a020>)), Column('session_id', GUID(), ForeignKey('chat_sessions.id'), table=<messages>, nullable=False), Column('role', Enum('USER', 'ASSISTANT', 'SYSTEM', name='message_role'), table=<messages>, nullable=False), Column('content', Text(), table=<messages>, nullable=False), Column('created_at', DateTime(timezone=True), table=<messages>, nullable=False, default=CallableColumnDefault(<function datetime.utcnow at 0x78f00107a3e0>)), Column('sources', JSON(), table=<messages>, default=CallableColumnDefault(<function dict at 0x78f00107a520>)), Column('feedback', JSON(), table=<messages>, default=CallableColumnDefault(<function dict at 0x78f00107a660>)), schema=None),
 Table('data_sources', MetaData(), Column('id', GUID(), table=<data_sources>, primary_key=True, nullable=False, default=CallableColumnDefault(<function uuid4 at 0x78f00107bd80>)), Column('name', String(length=255), table=<data_sources>, nullable=False), Column('type', Enum('CONFLUENCE', 'JIRA', 'GITHUB', 'ONBOARDING', name='source_type'), table=<data_sources>, nullable=False), Column('config', JSON(), table=<data_sources>, nullable=False, default=CallableColumnDefault(<function dict at 0x78f001018040>)), Column('last_sync_at', DateTime(timezone=True), table=<data_sources>), Column('sync_status', Enum('PENDING', 'SYNCING', 'SUCCESS', 'FAILED', name='sync_status'), table=<data_sources>, nullable=False, default=ScalarElementColumnDefault(<SyncStatus.PENDING: 'pending'>)), Column('sync_error', Text(), table=<data_sources>), Column('created_by', GUID(), ForeignKey('users.id'), table=<data_sources>, nullable=False), Column('is_active', Boolean(), table=<data_sources>, nullable=False, default=ScalarElementColumnDefault(True)), schema=None),
 Table('sync_logs', MetaData(), Column('id', GUID(), table=<sync_logs>, primary_key=True, nullable=False, default=CallableColumnDefault(<function uuid4 at 0x78f00101a3e0>)), Column('source_id', GUID(), ForeignKey('data_sources.id'), table=<sync_logs>, nullable=False), Column('started_at', DateTime(timezone=True), table=<sync_logs>, nullable=False, default=CallableColumnDefault(<function datetime.utcnow at 0x78f00101a480>)), Column('completed_at', DateTime(timezone=True), table=<sync_logs>), Column('status', Enum('PENDING', 'SYNCING', 'SUCCESS', 'FAILED', name='sync_status'), table=<sync_logs>, nullable=False, default=ScalarElementColumnDefault(<SyncStatus.PENDING: 'pending'>)), Column('documents_processed', Integer(), table=<sync_logs>, nullable=False, default=ScalarElementColumnDefault(0)), Column('documents_added', Integer(), table=<sync_logs>, nullable=False, default=ScalarElementColumnDefault(0)), Column('documents_updated', Integer(), table=<sync_logs>, nullable=False, default=ScalarElementColumnDefault(0)), Column('documents_deleted', Integer(), table=<sync_logs>, nullable=False, default=ScalarElementColumnDefault(0)), Column('error_log', Text(), table=<sync_logs>), schema=None),
 Table('documents', MetaData(), Column('id', UUID(), table=<documents>, primary_key=True, nullable=False, default=CallableColumnDefault(<function uuid4 at 0x78f00101bec0>)), Column('source_id', UUID(), ForeignKey('data_sources.id'), table=<documents>, nullable=False), Column('external_id', String(length=255), table=<documents>, nullable=False), Column('title', Text(), table=<documents>, nullable=False), Column('content', Text(), table=<documents>, nullable=False), Column('url', Text(), table=<documents>), Column('metadata', JSONB(astext_type=Text()), table=<documents>, default=CallableColumnDefault(<function dict at 0x78f000fec360>)), Column('created_at', DateTime(timezone=True), table=<documents>, nullable=False, default=CallableColumnDefault(<function datetime.utcnow at 0x78efe0cbef20>)), Column('updated_at', DateTime(timezone=True), table=<documents>, nullable=False, onupdate=CallableColumnDefault(<function datetime.utcnow at 0x78efe0cbf060>), default=CallableColumnDefault(<function datetime.utcnow at 0x78efe0cbefc0>)), Column('is_deleted', Boolean(), table=<documents>, nullable=False, default=ScalarElementColumnDefault(False)), schema=None),
 Table('document_chunks', MetaData(), Column('id', UUID(), table=<document_chunks>, primary_key=True, nullable=False, default=CallableColumnDefault(<function uuid4 at 0x78efe0ce0720>)), Column('document_id', UUID(), ForeignKey('documents.id'), table=<document_chunks>, nullable=False), Column('chunk_index', Integer(), table=<document_chunks>, nullable=False), Column('content', Text(), table=<document_chunks>, nullable=False), Column('embedding', Vector(dim=384), table=<document_chunks>), Column('metadata', JSONB(astext_type=Text()), table=<document_chunks>, default=CallableColumnDefault(<function dict at 0x78efe0ce07c0>)), Column('created_at', DateTime(timezone=True), table=<document_chunks>, nullable=False, default=CallableColumnDefault(<function datetime.utcnow at 0x78efe0ce09a0>)), schema=None)]
venv/lib/python3.12/site-packages/sqlalchemy/sql/visitors.py:671: in traverse_single
    return meth(obj, **kw)
        kw         = {'_is_metadata_operation': True,
 'create_ok': True,
 'include_foreign_key_constraints': set()}
        meth       = <bound method SchemaGenerator.visit_table of <sqlalchemy.sql.ddl.SchemaGenerator object at 0x78efe0ce40d0>>
        obj        = Table('users', MetaData(), Column('id', GUID(), table=<users>, primary_key=True, nullable=False, default=CallableColumnDefault(<function uuid4 at 0x78f001182de0>)), Column('email', String(length=255), table=<users>), Column('password_hash', String(length=255), table=<users>), Column('role', Enum('ADMIN', 'USER', 'ANONYMOUS', name='user_role'), table=<users>, nullable=False, default=ScalarElementColumnDefault(<UserRole.ANONYMOUS: 'anonymous'>)), Column('is_active', Boolean(), table=<users>, nullable=False, default=ScalarElementColumnDefault(True)), Column('created_at', DateTime(timezone=True), table=<users>, nullable=False, default=CallableColumnDefault(<function datetime.utcnow at 0x78f0011e8ea0>)), Column('last_login', DateTime(timezone=True), table=<users>), schema=None)
        self       = <sqlalchemy.sql.ddl.SchemaGenerator object at 0x78efe0ce40d0>
        v          = <sqlalchemy.sql.ddl.SchemaGenerator object at 0x78efe0ce40d0>
venv/lib/python3.12/site-packages/sqlalchemy/sql/ddl.py:961: in visit_table
    self.traverse_single(index, create_ok=True)
        _is_metadata_operation = True
        column     = Column('last_login', DateTime(timezone=True), table=<users>)
        create_ok  = True
        include_foreign_key_constraints = None
        index      = Index('ix_users_email', Column('email', String(length=255), table=<users>), unique=True)
        self       = <sqlalchemy.sql.ddl.SchemaGenerator object at 0x78efe0ce40d0>
        table      = Table('users', MetaData(), Column('id', GUID(), table=<users>, primary_key=True, nullable=False, default=CallableColumnDefault(<function uuid4 at 0x78f001182de0>)), Column('email', String(length=255), table=<users>), Column('password_hash', String(length=255), table=<users>), Column('role', Enum('ADMIN', 'USER', 'ANONYMOUS', name='user_role'), table=<users>, nullable=False, default=ScalarElementColumnDefault(<UserRole.ANONYMOUS: 'anonymous'>)), Column('is_active', Boolean(), table=<users>, nullable=False, default=ScalarElementColumnDefault(True)), Column('created_at', DateTime(timezone=True), table=<users>, nullable=False, default=CallableColumnDefault(<function datetime.utcnow at 0x78f0011e8ea0>)), Column('last_login', DateTime(timezone=True), table=<users>), schema=None)
venv/lib/python3.12/site-packages/sqlalchemy/sql/visitors.py:671: in traverse_single
    return meth(obj, **kw)
        kw         = {'create_ok': True}
        meth       = <bound method SchemaGenerator.visit_index of <sqlalchemy.sql.ddl.SchemaGenerator object at 0x78efe0ce40d0>>
        obj        = Index('ix_users_email', Column('email', String(length=255), table=<users>), unique=True)
        self       = <sqlalchemy.sql.ddl.SchemaGenerator object at 0x78efe0ce40d0>
        v          = <sqlalchemy.sql.ddl.SchemaGenerator object at 0x78efe0ce40d0>
venv/lib/python3.12/site-packages/sqlalchemy/sql/ddl.py:998: in visit_index
    CreateIndex(index)._invoke_with(self.connection)
        create_ok  = True
        index      = Index('ix_users_email', Column('email', String(length=255), table=<users>), unique=True)
        self       = <sqlalchemy.sql.ddl.SchemaGenerator object at 0x78efe0ce40d0>
venv/lib/python3.12/site-packages/sqlalchemy/sql/ddl.py:315: in _invoke_with
    return bind.execute(self)
        bind       = <sqlalchemy.engine.base.Connection object at 0x78efe0bd0380>
        self       = <sqlalchemy.sql.ddl.CreateIndex object at 0x78f000fe2900>
venv/lib/python3.12/site-packages/sqlalchemy/engine/base.py:1416: in execute
    return meth(
        distilled_parameters = ()
        execution_options = None
        meth       = <bound method ExecutableDDLElement._execute_on_connection of <sqlalchemy.sql.ddl.CreateIndex object at 0x78f000fe2900>>
        parameters = None
        self       = <sqlalchemy.engine.base.Connection object at 0x78efe0bd0380>
        statement  = <sqlalchemy.sql.ddl.CreateIndex object at 0x78f000fe2900>
venv/lib/python3.12/site-packages/sqlalchemy/sql/ddl.py:181: in _execute_on_connection
    return connection._execute_ddl(
        connection = <sqlalchemy.engine.base.Connection object at 0x78efe0bd0380>
        distilled_params = ()
        execution_options = immutabledict({})
        self       = <sqlalchemy.sql.ddl.CreateIndex object at 0x78f000fe2900>
venv/lib/python3.12/site-packages/sqlalchemy/engine/base.py:1528: in _execute_ddl
    ret = self._execute_context(
        compiled   = <sqlalchemy.dialects.sqlite.base.SQLiteDDLCompiler object at 0x78efe0bd18e0>
        ddl        = <sqlalchemy.sql.ddl.CreateIndex object at 0x78f000fe2900>
        dialect    = <sqlalchemy.dialects.sqlite.aiosqlite.SQLiteDialect_aiosqlite object at 0x78efe0cc3620>
        distilled_parameters = ()
        event_multiparams = None
        event_params = None
        exec_opts  = immutabledict({})
        execution_options = immutabledict({})
        schema_translate_map = None
        self       = <sqlalchemy.engine.base.Connection object at 0x78efe0bd0380>
venv/lib/python3.12/site-packages/sqlalchemy/engine/base.py:1848: in _execute_context
    return self._exec_single_context(
        args       = (<sqlalchemy.dialects.sqlite.base.SQLiteDDLCompiler object at 0x78efe0bd18e0>,)
        conn       = <sqlalchemy.pool.base._ConnectionFairy object at 0x78efe0ba6930>
        constructor = <bound method DefaultExecutionContext._init_ddl of <class 'sqlalchemy.dialects.sqlite.aiosqlite.SQLiteExecutionContext_aiosqlite'>>
        context    = <sqlalchemy.dialects.sqlite.aiosqlite.SQLiteExecutionContext_aiosqlite object at 0x78efe0bd21b0>
        dialect    = <sqlalchemy.dialects.sqlite.aiosqlite.SQLiteDialect_aiosqlite object at 0x78efe0cc3620>
        execution_options = immutabledict({})
        kw         = {}
        parameters = None
        self       = <sqlalchemy.engine.base.Connection object at 0x78efe0bd0380>
        statement  = <sqlalchemy.dialects.sqlite.base.SQLiteDDLCompiler object at 0x78efe0bd18e0>
venv/lib/python3.12/site-packages/sqlalchemy/engine/base.py:1988: in _exec_single_context
    self._handle_dbapi_exception(
        context    = <sqlalchemy.dialects.sqlite.aiosqlite.SQLiteExecutionContext_aiosqlite object at 0x78efe0bd21b0>
        cursor     = <sqlalchemy.dialects.sqlite.aiosqlite.AsyncAdapt_aiosqlite_cursor object at 0x78efe0ba7e20>
        dialect    = <sqlalchemy.dialects.sqlite.aiosqlite.SQLiteDialect_aiosqlite object at 0x78efe0cc3620>
        effective_parameters = ()
        evt_handled = False
        parameters = [()]
        self       = <sqlalchemy.engine.base.Connection object at 0x78efe0bd0380>
        statement  = <sqlalchemy.dialects.sqlite.base.SQLiteDDLCompiler object at 0x78efe0bd18e0>
        str_statement = 'CREATE UNIQUE INDEX ix_users_email ON users (email)'
venv/lib/python3.12/site-packages/sqlalchemy/engine/base.py:2344: in _handle_dbapi_exception
    raise sqlalchemy_exception.with_traceback(exc_info[2]) from e
        context    = <sqlalchemy.dialects.sqlite.aiosqlite.SQLiteExecutionContext_aiosqlite object at 0x78efe0bd21b0>
        cursor     = <sqlalchemy.dialects.sqlite.aiosqlite.AsyncAdapt_aiosqlite_cursor object at 0x78efe0ba7e20>
        e          = OperationalError('index ix_users_email already exists')
        exc_info   = (<class 'sqlite3.OperationalError'>,
 OperationalError('index ix_users_email already exists'),
 <traceback object at 0x78efe0201740>)
        invalidate_pool_on_disconnect = True
        is_exit_exception = False
        is_sub_exec = False
        ismulti    = False
        newraise   = None
        parameters = ()
        self       = <sqlalchemy.engine.base.Connection object at 0x78efe0bd0380>
        should_wrap = True
        sqlalchemy_exception = OperationalError('(sqlite3.OperationalError) index ix_users_email already exists')
        statement  = 'CREATE UNIQUE INDEX ix_users_email ON users (email)'
venv/lib/python3.12/site-packages/sqlalchemy/engine/base.py:1969: in _exec_single_context
    self.dialect.do_execute(
        context    = <sqlalchemy.dialects.sqlite.aiosqlite.SQLiteExecutionContext_aiosqlite object at 0x78efe0bd21b0>
        cursor     = <sqlalchemy.dialects.sqlite.aiosqlite.AsyncAdapt_aiosqlite_cursor object at 0x78efe0ba7e20>
        dialect    = <sqlalchemy.dialects.sqlite.aiosqlite.SQLiteDialect_aiosqlite object at 0x78efe0cc3620>
        effective_parameters = ()
        evt_handled = False
        parameters = [()]
        self       = <sqlalchemy.engine.base.Connection object at 0x78efe0bd0380>
        statement  = <sqlalchemy.dialects.sqlite.base.SQLiteDDLCompiler object at 0x78efe0bd18e0>
        str_statement = 'CREATE UNIQUE INDEX ix_users_email ON users (email)'
venv/lib/python3.12/site-packages/sqlalchemy/engine/default.py:922: in do_execute
    cursor.execute(statement, parameters)
        context    = <sqlalchemy.dialects.sqlite.aiosqlite.SQLiteExecutionContext_aiosqlite object at 0x78efe0bd21b0>
        cursor     = <sqlalchemy.dialects.sqlite.aiosqlite.AsyncAdapt_aiosqlite_cursor object at 0x78efe0ba7e20>
        parameters = ()
        self       = <sqlalchemy.dialects.sqlite.aiosqlite.SQLiteDialect_aiosqlite object at 0x78efe0cc3620>
        statement  = 'CREATE UNIQUE INDEX ix_users_email ON users (email)'
venv/lib/python3.12/site-packages/sqlalchemy/dialects/sqlite/aiosqlite.py:146: in execute
    self._adapt_connection._handle_exception(error)
        _cursor    = <aiosqlite.cursor.Cursor object at 0x78efe0bd2210>
        operation  = 'CREATE UNIQUE INDEX ix_users_email ON users (email)'
        parameters = ()
        self       = <sqlalchemy.dialects.sqlite.aiosqlite.AsyncAdapt_aiosqlite_cursor object at 0x78efe0ba7e20>
venv/lib/python3.12/site-packages/sqlalchemy/dialects/sqlite/aiosqlite.py:298: in _handle_exception
    raise error
        error      = OperationalError('index ix_users_email already exists')
        self       = <AdaptedConnection <aiosqlite.core.Connection object at 0x78efe0bd0950>>
venv/lib/python3.12/site-packages/sqlalchemy/dialects/sqlite/aiosqlite.py:128: in execute
    self.await_(_cursor.execute(operation, parameters))
        _cursor    = <aiosqlite.cursor.Cursor object at 0x78efe0bd2210>
        operation  = 'CREATE UNIQUE INDEX ix_users_email ON users (email)'
        parameters = ()
        self       = <sqlalchemy.dialects.sqlite.aiosqlite.AsyncAdapt_aiosqlite_cursor object at 0x78efe0ba7e20>
venv/lib/python3.12/site-packages/sqlalchemy/util/_concurrency_py3k.py:130: in await_only
    return current.driver.switch(awaitable)  # type: ignore[no-any-return]
        awaitable  = <coroutine object Cursor.execute at 0x78efe0be19a0>
        current    = <_AsyncIoGreenlet object at 0x78efe0b41940 (otid=0x1d6ace30) dead>
venv/lib/python3.12/site-packages/sqlalchemy/util/_concurrency_py3k.py:195: in greenlet_spawn
    value = await result
        _require_await = False
        args       = (<sqlalchemy.engine.base.Connection object at 0x78efe0bd0380>,)
        context    = <_AsyncIoGreenlet object at 0x78efe0b41940 (otid=0x1d6ace30) dead>
        fn         = <bound method MetaData.create_all of MetaData()>
        kwargs     = {}
        result     = <coroutine object Cursor.execute at 0x78efe0be19a0>
        switch_occurred = True
        value      = <aiosqlite.cursor.Cursor object at 0x78efe0bd2210>
venv/lib/python3.12/site-packages/aiosqlite/cursor.py:40: in execute
    await self._execute(self._cursor.execute, sql, parameters)
        parameters = ()
        self       = <aiosqlite.cursor.Cursor object at 0x78efe0bd2210>
        sql        = 'CREATE UNIQUE INDEX ix_users_email ON users (email)'
venv/lib/python3.12/site-packages/aiosqlite/cursor.py:32: in _execute
    return await self._conn._execute(fn, *args, **kwargs)
        args       = ('CREATE UNIQUE INDEX ix_users_email ON users (email)', ())
        fn         = <built-in method execute of sqlite3.Cursor object at 0x78efe0bb97c0>
        kwargs     = {}
        self       = <aiosqlite.cursor.Cursor object at 0x78efe0bd2210>
venv/lib/python3.12/site-packages/aiosqlite/core.py:160: in _execute
    return await future
        args       = ('CREATE UNIQUE INDEX ix_users_email ON users (email)', ())
        fn         = <built-in method execute of sqlite3.Cursor object at 0x78efe0bb97c0>
        function   = functools.partial(<built-in method execute of sqlite3.Cursor object at 0x78efe0bb97c0>, 'CREATE UNIQUE INDEX ix_users_email ON users (email)', ())
        future     = <Future finished exception=OperationalError('index ix_users_email already exists')>
        kwargs     = {}
        self       = <aiosqlite.core.Connection object at 0x78efe0bd0950>
venv/lib/python3.12/site-packages/aiosqlite/core.py:63: in _connection_worker_thread
    result = function()
E   sqlalchemy.exc.OperationalError: (sqlite3.OperationalError) index ix_users_email already exists
E   [SQL: CREATE UNIQUE INDEX ix_users_email ON users (email)]
E   (Background on this error at: https://sqlalche.me/e/20/e3q8)
        function   = functools.partial(<built-in method rollback of sqlite3.Connection object at 0x78efe0b6f2e0>)
        future     = <Future finished result=None>
        result     = None
        tx         = <_queue.SimpleQueue object at 0x78efe0bd7060>
_______________ ERROR at setup of test_data_source_config_jsonb ________________
venv/lib/python3.12/site-packages/sqlalchemy/engine/base.py:1969: in _exec_single_context
    self.dialect.do_execute(
        context    = <sqlalchemy.dialects.sqlite.aiosqlite.SQLiteExecutionContext_aiosqlite object at 0x78efe0bd21b0>
        cursor     = <sqlalchemy.dialects.sqlite.aiosqlite.AsyncAdapt_aiosqlite_cursor object at 0x78efe0ba7e20>
        dialect    = <sqlalchemy.dialects.sqlite.aiosqlite.SQLiteDialect_aiosqlite object at 0x78efe0cc3620>
        effective_parameters = ()
        evt_handled = False
        parameters = [()]
        self       = <sqlalchemy.engine.base.Connection object at 0x78efe0bd0380>
        statement  = <sqlalchemy.dialects.sqlite.base.SQLiteDDLCompiler object at 0x78efe0bd18e0>
        str_statement = 'CREATE UNIQUE INDEX ix_users_email ON users (email)'
venv/lib/python3.12/site-packages/sqlalchemy/engine/default.py:922: in do_execute
    cursor.execute(statement, parameters)
        context    = <sqlalchemy.dialects.sqlite.aiosqlite.SQLiteExecutionContext_aiosqlite object at 0x78efe0bd21b0>
        cursor     = <sqlalchemy.dialects.sqlite.aiosqlite.AsyncAdapt_aiosqlite_cursor object at 0x78efe0ba7e20>
        parameters = ()
        self       = <sqlalchemy.dialects.sqlite.aiosqlite.SQLiteDialect_aiosqlite object at 0x78efe0cc3620>
        statement  = 'CREATE UNIQUE INDEX ix_users_email ON users (email)'
venv/lib/python3.12/site-packages/sqlalchemy/dialects/sqlite/aiosqlite.py:146: in execute
    self._adapt_connection._handle_exception(error)
        _cursor    = <aiosqlite.cursor.Cursor object at 0x78efe0bd2210>
        operation  = 'CREATE UNIQUE INDEX ix_users_email ON users (email)'
        parameters = ()
        self       = <sqlalchemy.dialects.sqlite.aiosqlite.AsyncAdapt_aiosqlite_cursor object at 0x78efe0ba7e20>
venv/lib/python3.12/site-packages/sqlalchemy/dialects/sqlite/aiosqlite.py:298: in _handle_exception
    raise error
        error      = OperationalError('index ix_users_email already exists')
        self       = <AdaptedConnection <aiosqlite.core.Connection object at 0x78efe0bd0950>>
venv/lib/python3.12/site-packages/sqlalchemy/dialects/sqlite/aiosqlite.py:128: in execute
    self.await_(_cursor.execute(operation, parameters))
        _cursor    = <aiosqlite.cursor.Cursor object at 0x78efe0bd2210>
        operation  = 'CREATE UNIQUE INDEX ix_users_email ON users (email)'
        parameters = ()
        self       = <sqlalchemy.dialects.sqlite.aiosqlite.AsyncAdapt_aiosqlite_cursor object at 0x78efe0ba7e20>
venv/lib/python3.12/site-packages/sqlalchemy/util/_concurrency_py3k.py:130: in await_only
    return current.driver.switch(awaitable)  # type: ignore[no-any-return]
        awaitable  = <coroutine object Cursor.execute at 0x78efe0be19a0>
        current    = <_AsyncIoGreenlet object at 0x78efe0b41940 (otid=0x1d6ace30) dead>
venv/lib/python3.12/site-packages/sqlalchemy/util/_concurrency_py3k.py:195: in greenlet_spawn
    value = await result
        _require_await = False
        args       = (<sqlalchemy.engine.base.Connection object at 0x78efe0bd0380>,)
        context    = <_AsyncIoGreenlet object at 0x78efe0b41940 (otid=0x1d6ace30) dead>
        fn         = <bound method MetaData.create_all of MetaData()>
        kwargs     = {}
        result     = <coroutine object Cursor.execute at 0x78efe0be19a0>
        switch_occurred = True
        value      = <aiosqlite.cursor.Cursor object at 0x78efe0bd2210>
venv/lib/python3.12/site-packages/aiosqlite/cursor.py:40: in execute
    await self._execute(self._cursor.execute, sql, parameters)
        parameters = ()
        self       = <aiosqlite.cursor.Cursor object at 0x78efe0bd2210>
        sql        = 'CREATE UNIQUE INDEX ix_users_email ON users (email)'
venv/lib/python3.12/site-packages/aiosqlite/cursor.py:32: in _execute
    return await self._conn._execute(fn, *args, **kwargs)
        args       = ('CREATE UNIQUE INDEX ix_users_email ON users (email)', ())
        fn         = <built-in method execute of sqlite3.Cursor object at 0x78efe0bb97c0>
        kwargs     = {}
        self       = <aiosqlite.cursor.Cursor object at 0x78efe0bd2210>
venv/lib/python3.12/site-packages/aiosqlite/core.py:160: in _execute
    return await future
        args       = ('CREATE UNIQUE INDEX ix_users_email ON users (email)', ())
        fn         = <built-in method execute of sqlite3.Cursor object at 0x78efe0bb97c0>
        function   = functools.partial(<built-in method execute of sqlite3.Cursor object at 0x78efe0bb97c0>, 'CREATE UNIQUE INDEX ix_users_email ON users (email)', ())
        future     = <Future finished exception=OperationalError('index ix_users_email already exists')>
        kwargs     = {}
        self       = <aiosqlite.core.Connection object at 0x78efe0bd0950>
venv/lib/python3.12/site-packages/aiosqlite/core.py:63: in _connection_worker_thread
    result = function()
E   sqlite3.OperationalError: index ix_users_email already exists
        function   = functools.partial(<built-in method rollback of sqlite3.Connection object at 0x78efe0b6f2e0>)
        future     = <Future finished result=None>
        result     = None
        tx         = <_queue.SimpleQueue object at 0x78efe0bd7060>

The above exception was the direct cause of the following exception:
venv/lib/python3.12/site-packages/pytest_asyncio/plugin.py:336: in _asyncgen_fixture_wrapper
    result = event_loop.run_until_complete(setup())
        event_loop = <_UnixSelectorEventLoop running=False closed=False debug=False>
        event_loop_fixture_id = '_session_event_loop'
        finalizer  = <function _wrap_asyncgen_fixture.<locals>._asyncgen_fixture_wrapper.<locals>.finalizer at 0x78efe0ba99e0>
        fixture    = <function engine at 0x78f001182b60>
        fixturedef = <FixtureDef argname='engine' scope='session' baseid='tests'>
        func       = <function engine at 0x78f001182b60>
        gen_obj    = <async_generator object engine at 0x78efe0b6ec50>
        kwargs     = {}
        request    = <SubRequest 'engine' for <Coroutine test_chat_session_creation_with_user>>
        setup      = <function _wrap_asyncgen_fixture.<locals>._asyncgen_fixture_wrapper.<locals>.setup at 0x78efe0ba9a80>
/usr/lib/python3.12/asyncio/base_events.py:687: in run_until_complete
    return future.result()
        future     = <Task finished name='Task-1' coro=<_wrap_asyncgen_fixture.<locals>._asyncgen_fixture_wrapper.<locals>.setup() done, defined at /mnt/d/workspace/ChatApplication/project-code/backend/venv/lib/python3.12/site-packages/pytest_asyncio/plugin.py:317> exception=OperationalError('(sqlite3.OperationalError) index ix_users_email already exists')>
        new_task   = True
        self       = <_UnixSelectorEventLoop running=False closed=False debug=False>
venv/lib/python3.12/site-packages/pytest_asyncio/plugin.py:318: in setup
    res = await gen_obj.__anext__()
        gen_obj    = <async_generator object engine at 0x78efe0b6ec50>
tests/conftest.py:62: in engine
    await conn.run_sync(Base.metadata.create_all)
        conn       = <sqlalchemy.ext.asyncio.engine.AsyncConnection object at 0x78efe0bd6850>
        test_engine = <sqlalchemy.ext.asyncio.engine.AsyncEngine object at 0x78f001041090>
venv/lib/python3.12/site-packages/sqlalchemy/ext/asyncio/engine.py:891: in run_sync
    return await greenlet_spawn(fn, self._proxied, *arg, **kw)
        arg        = ()
        fn         = <bound method MetaData.create_all of MetaData()>
        kw         = {}
        self       = <sqlalchemy.ext.asyncio.engine.AsyncConnection object at 0x78efe0bd6850>
venv/lib/python3.12/site-packages/sqlalchemy/util/_concurrency_py3k.py:200: in greenlet_spawn
    result = context.throw(*sys.exc_info())
        _require_await = False
        args       = (<sqlalchemy.engine.base.Connection object at 0x78efe0bd0380>,)
        context    = <_AsyncIoGreenlet object at 0x78efe0b41940 (otid=0x1d6ace30) dead>
        fn         = <bound method MetaData.create_all of MetaData()>
        kwargs     = {}
        result     = <coroutine object Cursor.execute at 0x78efe0be19a0>
        switch_occurred = True
        value      = <aiosqlite.cursor.Cursor object at 0x78efe0bd2210>
venv/lib/python3.12/site-packages/sqlalchemy/sql/schema.py:5832: in create_all
    bind._run_ddl_visitor(
        bind       = <sqlalchemy.engine.base.Connection object at 0x78efe0bd0380>
        checkfirst = True
        self       = MetaData()
        tables     = None
venv/lib/python3.12/site-packages/sqlalchemy/engine/base.py:2448: in _run_ddl_visitor
    visitorcallable(self.dialect, self, **kwargs).traverse_single(element)
        element    = MetaData()
        kwargs     = {'checkfirst': True, 'tables': None}
        self       = <sqlalchemy.engine.base.Connection object at 0x78efe0bd0380>
        visitorcallable = <class 'sqlalchemy.sql.ddl.SchemaGenerator'>
venv/lib/python3.12/site-packages/sqlalchemy/sql/visitors.py:671: in traverse_single
    return meth(obj, **kw)
        kw         = {}
        meth       = <bound method SchemaGenerator.visit_metadata of <sqlalchemy.sql.ddl.SchemaGenerator object at 0x78efe0ce40d0>>
        obj        = MetaData()
        self       = <sqlalchemy.sql.ddl.SchemaGenerator object at 0x78efe0ce40d0>
        v          = <sqlalchemy.sql.ddl.SchemaGenerator object at 0x78efe0ce40d0>
venv/lib/python3.12/site-packages/sqlalchemy/sql/ddl.py:919: in visit_metadata
    self.traverse_single(
        collection = [(Table('users', MetaData(), Column('id', GUID(), table=<users>, primary_key=True, nullable=False, default=CallableColumnDefault(<function uuid4 at 0x78f001182de0>)), Column('email', String(length=255), table=<users>), Column('password_hash', String(length=255), table=<users>), Column('role', Enum('ADMIN', 'USER', 'ANONYMOUS', name='user_role'), table=<users>, nullable=False, default=ScalarElementColumnDefault(<UserRole.ANONYMOUS: 'anonymous'>)), Column('is_active', Boolean(), table=<users>, nullable=False, default=ScalarElementColumnDefault(True)), Column('created_at', DateTime(timezone=True), table=<users>, nullable=False, default=CallableColumnDefault(<function datetime.utcnow at 0x78f0011e8ea0>)), Column('last_login', DateTime(timezone=True), table=<users>), schema=None),
  set()),
 (Table('chat_sessions', MetaData(), Column('id', GUID(), table=<chat_sessions>, primary_key=True, nullable=False, default=CallableColumnDefault(<function uuid4 at 0x78f001078720>)), Column('user_id', GUID(), ForeignKey('users.id'), table=<chat_sessions>), Column('session_token', String(length=255), table=<chat_sessions>, nullable=False), Column('created_at', DateTime(timezone=True), table=<chat_sessions>, nullable=False, default=CallableColumnDefault(<function datetime.utcnow at 0x78f0010787c0>)), Column('updated_at', DateTime(timezone=True), table=<chat_sessions>, nullable=False, onupdate=CallableColumnDefault(<function datetime.utcnow at 0x78f001078ae0>), default=CallableColumnDefault(<function datetime.utcnow at 0x78f001078a40>)), Column('metadata', JSON(), table=<chat_sessions>, default=CallableColumnDefault(<function dict at 0x78f001078b80>)), schema=None),
  {ForeignKeyConstraint(<sqlalchemy.sql.base.ReadOnlyColumnCollection object at 0x78efdb3365c0>, None, ondelete='SET NULL', table=Table('chat_sessions', MetaData(), Column('id', GUID(), table=<chat_sessions>, primary_key=True, nullable=False, default=CallableColumnDefault(<function uuid4 at 0x78f001078720>)), Column('user_id', GUID(), ForeignKey('users.id'), table=<chat_sessions>), Column('session_token', String(length=255), table=<chat_sessions>, nullable=False), Column('created_at', DateTime(timezone=True), table=<chat_sessions>, nullable=False, default=CallableColumnDefault(<function datetime.utcnow at 0x78f0010787c0>)), Column('updated_at', DateTime(timezone=True), table=<chat_sessions>, nullable=False, onupdate=CallableColumnDefault(<function datetime.utcnow at 0x78f001078ae0>), default=CallableColumnDefault(<function datetime.utcnow at 0x78f001078a40>)), Column('metadata', JSON(), table=<chat_sessions>, default=CallableColumnDefault(<function dict at 0x78f001078b80>)), schema=None))}),
 (Table('data_sources', MetaData(), Column('id', GUID(), table=<data_sources>, primary_key=True, nullable=False, default=CallableColumnDefault(<function uuid4 at 0x78f00107bd80>)), Column('name', String(length=255), table=<data_sources>, nullable=False), Column('type', Enum('CONFLUENCE', 'JIRA', 'GITHUB', 'ONBOARDING', name='source_type'), table=<data_sources>, nullable=False), Column('config', JSON(), table=<data_sources>, nullable=False, default=CallableColumnDefault(<function dict at 0x78f001018040>)), Column('last_sync_at', DateTime(timezone=True), table=<data_sources>), Column('sync_status', Enum('PENDING', 'SYNCING', 'SUCCESS', 'FAILED', name='sync_status'), table=<data_sources>, nullable=False, default=ScalarElementColumnDefault(<SyncStatus.PENDING: 'pending'>)), Column('sync_error', Text(), table=<data_sources>), Column('created_by', GUID(), ForeignKey('users.id'), table=<data_sources>, nullable=False), Column('is_active', Boolean(), table=<data_sources>, nullable=False, default=ScalarElementColumnDefault(True)), schema=None),
  {ForeignKeyConstraint(<sqlalchemy.sql.base.ReadOnlyColumnCollection object at 0x78efdb336610>, None, ondelete='CASCADE', table=Table('data_sources', MetaData(), Column('id', GUID(), table=<data_sources>, primary_key=True, nullable=False, default=CallableColumnDefault(<function uuid4 at 0x78f00107bd80>)), Column('name', String(length=255), table=<data_sources>, nullable=False), Column('type', Enum('CONFLUENCE', 'JIRA', 'GITHUB', 'ONBOARDING', name='source_type'), table=<data_sources>, nullable=False), Column('config', JSON(), table=<data_sources>, nullable=False, default=CallableColumnDefault(<function dict at 0x78f001018040>)), Column('last_sync_at', DateTime(timezone=True), table=<data_sources>), Column('sync_status', Enum('PENDING', 'SYNCING', 'SUCCESS', 'FAILED', name='sync_status'), table=<data_sources>, nullable=False, default=ScalarElementColumnDefault(<SyncStatus.PENDING: 'pending'>)), Column('sync_error', Text(), table=<data_sources>), Column('created_by', GUID(), ForeignKey('users.id'), table=<data_sources>, nullable=False), Column('is_active', Boolean(), table=<data_sources>, nullable=False, default=ScalarElementColumnDefault(True)), schema=None))}),
 (Table('messages', MetaData(), Column('id', GUID(), table=<messages>, primary_key=True, nullable=False, default=CallableColumnDefault(<function uuid4 at 0x78f00107a020>)), Column('session_id', GUID(), ForeignKey('chat_sessions.id'), table=<messages>, nullable=False), Column('role', Enum('USER', 'ASSISTANT', 'SYSTEM', name='message_role'), table=<messages>, nullable=False), Column('content', Text(), table=<messages>, nullable=False), Column('created_at', DateTime(timezone=True), table=<messages>, nullable=False, default=CallableColumnDefault(<function datetime.utcnow at 0x78f00107a3e0>)), Column('sources', JSON(), table=<messages>, default=CallableColumnDefault(<function dict at 0x78f00107a520>)), Column('feedback', JSON(), table=<messages>, default=CallableColumnDefault(<function dict at 0x78f00107a660>)), schema=None),
  {ForeignKeyConstraint(<sqlalchemy.sql.base.ReadOnlyColumnCollection object at 0x78efdb3366b0>, None, ondelete='CASCADE', table=Table('messages', MetaData(), Column('id', GUID(), table=<messages>, primary_key=True, nullable=False, default=CallableColumnDefault(<function uuid4 at 0x78f00107a020>)), Column('session_id', GUID(), ForeignKey('chat_sessions.id'), table=<messages>, nullable=False), Column('role', Enum('USER', 'ASSISTANT', 'SYSTEM', name='message_role'), table=<messages>, nullable=False), Column('content', Text(), table=<messages>, nullable=False), Column('created_at', DateTime(timezone=True), table=<messages>, nullable=False, default=CallableColumnDefault(<function datetime.utcnow at 0x78f00107a3e0>)), Column('sources', JSON(), table=<messages>, default=CallableColumnDefault(<function dict at 0x78f00107a520>)), Column('feedback', JSON(), table=<messages>, default=CallableColumnDefault(<function dict at 0x78f00107a660>)), schema=None))}),
 (Table('sync_logs', MetaData(), Column('id', GUID(), table=<sync_logs>, primary_key=True, nullable=False, default=CallableColumnDefault(<function uuid4 at 0x78f00101a3e0>)), Column('source_id', GUID(), ForeignKey('data_sources.id'), table=<sync_logs>, nullable=False), Column('started_at', DateTime(timezone=True), table=<sync_logs>, nullable=False, default=CallableColumnDefault(<function datetime.utcnow at 0x78f00101a480>)), Column('completed_at', DateTime(timezone=True), table=<sync_logs>), Column('status', Enum('PENDING', 'SYNCING', 'SUCCESS', 'FAILED', name='sync_status'), table=<sync_logs>, nullable=False, default=ScalarElementColumnDefault(<SyncStatus.PENDING: 'pending'>)), Column('documents_processed', Integer(), table=<sync_logs>, nullable=False, default=ScalarElementColumnDefault(0)), Column('documents_added', Integer(), table=<sync_logs>, nullable=False, default=ScalarElementColumnDefault(0)), Column('documents_updated', Integer(), table=<sync_logs>, nullable=False, default=ScalarElementColumnDefault(0)), Column('documents_deleted', Integer(), table=<sync_logs>, nullable=False, default=ScalarElementColumnDefault(0)), Column('error_log', Text(), table=<sync_logs>), schema=None),
  {ForeignKeyConstraint(<sqlalchemy.sql.base.ReadOnlyColumnCollection object at 0x78efdb336660>, None, ondelete='CASCADE', table=Table('sync_logs', MetaData(), Column('id', GUID(), table=<sync_logs>, primary_key=True, nullable=False, default=CallableColumnDefault(<function uuid4 at 0x78f00101a3e0>)), Column('source_id', GUID(), ForeignKey('data_sources.id'), table=<sync_logs>, nullable=False), Column('started_at', DateTime(timezone=True), table=<sync_logs>, nullable=False, default=CallableColumnDefault(<function datetime.utcnow at 0x78f00101a480>)), Column('completed_at', DateTime(timezone=True), table=<sync_logs>), Column('status', Enum('PENDING', 'SYNCING', 'SUCCESS', 'FAILED', name='sync_status'), table=<sync_logs>, nullable=False, default=ScalarElementColumnDefault(<SyncStatus.PENDING: 'pending'>)), Column('documents_processed', Integer(), table=<sync_logs>, nullable=False, default=ScalarElementColumnDefault(0)), Column('documents_added', Integer(), table=<sync_logs>, nullable=False, default=ScalarElementColumnDefault(0)), Column('documents_updated', Integer(), table=<sync_logs>, nullable=False, default=ScalarElementColumnDefault(0)), Column('documents_deleted', Integer(), table=<sync_logs>, nullable=False, default=ScalarElementColumnDefault(0)), Column('error_log', Text(), table=<sync_logs>), schema=None))}),
 (Table('documents', MetaData(), Column('id', UUID(), table=<documents>, primary_key=True, nullable=False, default=CallableColumnDefault(<function uuid4 at 0x78f00101bec0>)), Column('source_id', UUID(), ForeignKey('data_sources.id'), table=<documents>, nullable=False), Column('external_id', String(length=255), table=<documents>, nullable=False), Column('title', Text(), table=<documents>, nullable=False), Column('content', Text(), table=<documents>, nullable=False), Column('url', Text(), table=<documents>), Column('metadata', JSONB(astext_type=Text()), table=<documents>, default=CallableColumnDefault(<function dict at 0x78f000fec360>)), Column('created_at', DateTime(timezone=True), table=<documents>, nullable=False, default=CallableColumnDefault(<function datetime.utcnow at 0x78efe0cbef20>)), Column('updated_at', DateTime(timezone=True), table=<documents>, nullable=False, onupdate=CallableColumnDefault(<function datetime.utcnow at 0x78efe0cbf060>), default=CallableColumnDefault(<function datetime.utcnow at 0x78efe0cbefc0>)), Column('is_deleted', Boolean(), table=<documents>, nullable=False, default=ScalarElementColumnDefault(False)), schema=None),
  {ForeignKeyConstraint(<sqlalchemy.sql.base.ReadOnlyColumnCollection object at 0x78efdb336750>, None, ondelete='CASCADE', table=Table('documents', MetaData(), Column('id', UUID(), table=<documents>, primary_key=True, nullable=False, default=CallableColumnDefault(<function uuid4 at 0x78f00101bec0>)), Column('source_id', UUID(), ForeignKey('data_sources.id'), table=<documents>, nullable=False), Column('external_id', String(length=255), table=<documents>, nullable=False), Column('title', Text(), table=<documents>, nullable=False), Column('content', Text(), table=<documents>, nullable=False), Column('url', Text(), table=<documents>), Column('metadata', JSONB(astext_type=Text()), table=<documents>, default=CallableColumnDefault(<function dict at 0x78f000fec360>)), Column('created_at', DateTime(timezone=True), table=<documents>, nullable=False, default=CallableColumnDefault(<function datetime.utcnow at 0x78efe0cbef20>)), Column('updated_at', DateTime(timezone=True), table=<documents>, nullable=False, onupdate=CallableColumnDefault(<function datetime.utcnow at 0x78efe0cbf060>), default=CallableColumnDefault(<function datetime.utcnow at 0x78efe0cbefc0>)), Column('is_deleted', Boolean(), table=<documents>, nullable=False, default=ScalarElementColumnDefault(False)), schema=None))}),
 (Table('document_chunks', MetaData(), Column('id', UUID(), table=<document_chunks>, primary_key=True, nullable=False, default=CallableColumnDefault(<function uuid4 at 0x78efe0ce0720>)), Column('document_id', UUID(), ForeignKey('documents.id'), table=<document_chunks>, nullable=False), Column('chunk_index', Integer(), table=<document_chunks>, nullable=False), Column('content', Text(), table=<document_chunks>, nullable=False), Column('embedding', Vector(dim=384), table=<document_chunks>), Column('metadata', JSONB(astext_type=Text()), table=<document_chunks>, default=CallableColumnDefault(<function dict at 0x78efe0ce07c0>)), Column('created_at', DateTime(timezone=True), table=<document_chunks>, nullable=False, default=CallableColumnDefault(<function datetime.utcnow at 0x78efe0ce09a0>)), schema=None),
  {ForeignKeyConstraint(<sqlalchemy.sql.base.ReadOnlyColumnCollection object at 0x78efdb3367a0>, None, ondelete='CASCADE', table=Table('document_chunks', MetaData(), Column('id', UUID(), table=<document_chunks>, primary_key=True, nullable=False, default=CallableColumnDefault(<function uuid4 at 0x78efe0ce0720>)), Column('document_id', UUID(), ForeignKey('documents.id'), table=<document_chunks>, nullable=False), Column('chunk_index', Integer(), table=<document_chunks>, nullable=False), Column('content', Text(), table=<document_chunks>, nullable=False), Column('embedding', Vector(dim=384), table=<document_chunks>), Column('metadata', JSONB(astext_type=Text()), table=<document_chunks>, default=CallableColumnDefault(<function dict at 0x78efe0ce07c0>)), Column('created_at', DateTime(timezone=True), table=<document_chunks>, nullable=False, default=CallableColumnDefault(<function datetime.utcnow at 0x78efe0ce09a0>)), schema=None))}),
 (None, [])]
        event_collection = [Table('users', MetaData(), Column('id', GUID(), table=<users>, primary_key=True, nullable=False, default=CallableColumnDefault(<function uuid4 at 0x78f001182de0>)), Column('email', String(length=255), table=<users>), Column('password_hash', String(length=255), table=<users>), Column('role', Enum('ADMIN', 'USER', 'ANONYMOUS', name='user_role'), table=<users>, nullable=False, default=ScalarElementColumnDefault(<UserRole.ANONYMOUS: 'anonymous'>)), Column('is_active', Boolean(), table=<users>, nullable=False, default=ScalarElementColumnDefault(True)), Column('created_at', DateTime(timezone=True), table=<users>, nullable=False, default=CallableColumnDefault(<function datetime.utcnow at 0x78f0011e8ea0>)), Column('last_login', DateTime(timezone=True), table=<users>), schema=None),
 Table('chat_sessions', MetaData(), Column('id', GUID(), table=<chat_sessions>, primary_key=True, nullable=False, default=CallableColumnDefault(<function uuid4 at 0x78f001078720>)), Column('user_id', GUID(), ForeignKey('users.id'), table=<chat_sessions>), Column('session_token', String(length=255), table=<chat_sessions>, nullable=False), Column('created_at', DateTime(timezone=True), table=<chat_sessions>, nullable=False, default=CallableColumnDefault(<function datetime.utcnow at 0x78f0010787c0>)), Column('updated_at', DateTime(timezone=True), table=<chat_sessions>, nullable=False, onupdate=CallableColumnDefault(<function datetime.utcnow at 0x78f001078ae0>), default=CallableColumnDefault(<function datetime.utcnow at 0x78f001078a40>)), Column('metadata', JSON(), table=<chat_sessions>, default=CallableColumnDefault(<function dict at 0x78f001078b80>)), schema=None),
 Table('data_sources', MetaData(), Column('id', GUID(), table=<data_sources>, primary_key=True, nullable=False, default=CallableColumnDefault(<function uuid4 at 0x78f00107bd80>)), Column('name', String(length=255), table=<data_sources>, nullable=False), Column('type', Enum('CONFLUENCE', 'JIRA', 'GITHUB', 'ONBOARDING', name='source_type'), table=<data_sources>, nullable=False), Column('config', JSON(), table=<data_sources>, nullable=False, default=CallableColumnDefault(<function dict at 0x78f001018040>)), Column('last_sync_at', DateTime(timezone=True), table=<data_sources>), Column('sync_status', Enum('PENDING', 'SYNCING', 'SUCCESS', 'FAILED', name='sync_status'), table=<data_sources>, nullable=False, default=ScalarElementColumnDefault(<SyncStatus.PENDING: 'pending'>)), Column('sync_error', Text(), table=<data_sources>), Column('created_by', GUID(), ForeignKey('users.id'), table=<data_sources>, nullable=False), Column('is_active', Boolean(), table=<data_sources>, nullable=False, default=ScalarElementColumnDefault(True)), schema=None),
 Table('messages', MetaData(), Column('id', GUID(), table=<messages>, primary_key=True, nullable=False, default=CallableColumnDefault(<function uuid4 at 0x78f00107a020>)), Column('session_id', GUID(), ForeignKey('chat_sessions.id'), table=<messages>, nullable=False), Column('role', Enum('USER', 'ASSISTANT', 'SYSTEM', name='message_role'), table=<messages>, nullable=False), Column('content', Text(), table=<messages>, nullable=False), Column('created_at', DateTime(timezone=True), table=<messages>, nullable=False, default=CallableColumnDefault(<function datetime.utcnow at 0x78f00107a3e0>)), Column('sources', JSON(), table=<messages>, default=CallableColumnDefault(<function dict at 0x78f00107a520>)), Column('feedback', JSON(), table=<messages>, default=CallableColumnDefault(<function dict at 0x78f00107a660>)), schema=None),
 Table('sync_logs', MetaData(), Column('id', GUID(), table=<sync_logs>, primary_key=True, nullable=False, default=CallableColumnDefault(<function uuid4 at 0x78f00101a3e0>)), Column('source_id', GUID(), ForeignKey('data_sources.id'), table=<sync_logs>, nullable=False), Column('started_at', DateTime(timezone=True), table=<sync_logs>, nullable=False, default=CallableColumnDefault(<function datetime.utcnow at 0x78f00101a480>)), Column('completed_at', DateTime(timezone=True), table=<sync_logs>), Column('status', Enum('PENDING', 'SYNCING', 'SUCCESS', 'FAILED', name='sync_status'), table=<sync_logs>, nullable=False, default=ScalarElementColumnDefault(<SyncStatus.PENDING: 'pending'>)), Column('documents_processed', Integer(), table=<sync_logs>, nullable=False, default=ScalarElementColumnDefault(0)), Column('documents_added', Integer(), table=<sync_logs>, nullable=False, default=ScalarElementColumnDefault(0)), Column('documents_updated', Integer(), table=<sync_logs>, nullable=False, default=ScalarElementColumnDefault(0)), Column('documents_deleted', Integer(), table=<sync_logs>, nullable=False, default=ScalarElementColumnDefault(0)), Column('error_log', Text(), table=<sync_logs>), schema=None),
 Table('documents', MetaData(), Column('id', UUID(), table=<documents>, primary_key=True, nullable=False, default=CallableColumnDefault(<function uuid4 at 0x78f00101bec0>)), Column('source_id', UUID(), ForeignKey('data_sources.id'), table=<documents>, nullable=False), Column('external_id', String(length=255), table=<documents>, nullable=False), Column('title', Text(), table=<documents>, nullable=False), Column('content', Text(), table=<documents>, nullable=False), Column('url', Text(), table=<documents>), Column('metadata', JSONB(astext_type=Text()), table=<documents>, default=CallableColumnDefault(<function dict at 0x78f000fec360>)), Column('created_at', DateTime(timezone=True), table=<documents>, nullable=False, default=CallableColumnDefault(<function datetime.utcnow at 0x78efe0cbef20>)), Column('updated_at', DateTime(timezone=True), table=<documents>, nullable=False, onupdate=CallableColumnDefault(<function datetime.utcnow at 0x78efe0cbf060>), default=CallableColumnDefault(<function datetime.utcnow at 0x78efe0cbefc0>)), Column('is_deleted', Boolean(), table=<documents>, nullable=False, default=ScalarElementColumnDefault(False)), schema=None),
 Table('document_chunks', MetaData(), Column('id', UUID(), table=<document_chunks>, primary_key=True, nullable=False, default=CallableColumnDefault(<function uuid4 at 0x78efe0ce0720>)), Column('document_id', UUID(), ForeignKey('documents.id'), table=<document_chunks>, nullable=False), Column('chunk_index', Integer(), table=<document_chunks>, nullable=False), Column('content', Text(), table=<document_chunks>, nullable=False), Column('embedding', Vector(dim=384), table=<document_chunks>), Column('metadata', JSONB(astext_type=Text()), table=<document_chunks>, default=CallableColumnDefault(<function dict at 0x78efe0ce07c0>)), Column('created_at', DateTime(timezone=True), table=<document_chunks>, nullable=False, default=CallableColumnDefault(<function datetime.utcnow at 0x78efe0ce09a0>)), schema=None)]
        fkcs       = set()
        metadata   = MetaData()
        self       = <sqlalchemy.sql.ddl.SchemaGenerator object at 0x78efe0ce40d0>
        seq_coll   = []
        table      = Table('users', MetaData(), Column('id', GUID(), table=<users>, primary_key=True, nullable=False, default=CallableColumnDefault(<function uuid4 at 0x78f001182de0>)), Column('email', String(length=255), table=<users>), Column('password_hash', String(length=255), table=<users>), Column('role', Enum('ADMIN', 'USER', 'ANONYMOUS', name='user_role'), table=<users>, nullable=False, default=ScalarElementColumnDefault(<UserRole.ANONYMOUS: 'anonymous'>)), Column('is_active', Boolean(), table=<users>, nullable=False, default=ScalarElementColumnDefault(True)), Column('created_at', DateTime(timezone=True), table=<users>, nullable=False, default=CallableColumnDefault(<function datetime.utcnow at 0x78f0011e8ea0>)), Column('last_login', DateTime(timezone=True), table=<users>), schema=None)
        tables     = [Table('users', MetaData(), Column('id', GUID(), table=<users>, primary_key=True, nullable=False, default=CallableColumnDefault(<function uuid4 at 0x78f001182de0>)), Column('email', String(length=255), table=<users>), Column('password_hash', String(length=255), table=<users>), Column('role', Enum('ADMIN', 'USER', 'ANONYMOUS', name='user_role'), table=<users>, nullable=False, default=ScalarElementColumnDefault(<UserRole.ANONYMOUS: 'anonymous'>)), Column('is_active', Boolean(), table=<users>, nullable=False, default=ScalarElementColumnDefault(True)), Column('created_at', DateTime(timezone=True), table=<users>, nullable=False, default=CallableColumnDefault(<function datetime.utcnow at 0x78f0011e8ea0>)), Column('last_login', DateTime(timezone=True), table=<users>), schema=None),
 Table('chat_sessions', MetaData(), Column('id', GUID(), table=<chat_sessions>, primary_key=True, nullable=False, default=CallableColumnDefault(<function uuid4 at 0x78f001078720>)), Column('user_id', GUID(), ForeignKey('users.id'), table=<chat_sessions>), Column('session_token', String(length=255), table=<chat_sessions>, nullable=False), Column('created_at', DateTime(timezone=True), table=<chat_sessions>, nullable=False, default=CallableColumnDefault(<function datetime.utcnow at 0x78f0010787c0>)), Column('updated_at', DateTime(timezone=True), table=<chat_sessions>, nullable=False, onupdate=CallableColumnDefault(<function datetime.utcnow at 0x78f001078ae0>), default=CallableColumnDefault(<function datetime.utcnow at 0x78f001078a40>)), Column('metadata', JSON(), table=<chat_sessions>, default=CallableColumnDefault(<function dict at 0x78f001078b80>)), schema=None),
 Table('messages', MetaData(), Column('id', GUID(), table=<messages>, primary_key=True, nullable=False, default=CallableColumnDefault(<function uuid4 at 0x78f00107a020>)), Column('session_id', GUID(), ForeignKey('chat_sessions.id'), table=<messages>, nullable=False), Column('role', Enum('USER', 'ASSISTANT', 'SYSTEM', name='message_role'), table=<messages>, nullable=False), Column('content', Text(), table=<messages>, nullable=False), Column('created_at', DateTime(timezone=True), table=<messages>, nullable=False, default=CallableColumnDefault(<function datetime.utcnow at 0x78f00107a3e0>)), Column('sources', JSON(), table=<messages>, default=CallableColumnDefault(<function dict at 0x78f00107a520>)), Column('feedback', JSON(), table=<messages>, default=CallableColumnDefault(<function dict at 0x78f00107a660>)), schema=None),
 Table('data_sources', MetaData(), Column('id', GUID(), table=<data_sources>, primary_key=True, nullable=False, default=CallableColumnDefault(<function uuid4 at 0x78f00107bd80>)), Column('name', String(length=255), table=<data_sources>, nullable=False), Column('type', Enum('CONFLUENCE', 'JIRA', 'GITHUB', 'ONBOARDING', name='source_type'), table=<data_sources>, nullable=False), Column('config', JSON(), table=<data_sources>, nullable=False, default=CallableColumnDefault(<function dict at 0x78f001018040>)), Column('last_sync_at', DateTime(timezone=True), table=<data_sources>), Column('sync_status', Enum('PENDING', 'SYNCING', 'SUCCESS', 'FAILED', name='sync_status'), table=<data_sources>, nullable=False, default=ScalarElementColumnDefault(<SyncStatus.PENDING: 'pending'>)), Column('sync_error', Text(), table=<data_sources>), Column('created_by', GUID(), ForeignKey('users.id'), table=<data_sources>, nullable=False), Column('is_active', Boolean(), table=<data_sources>, nullable=False, default=ScalarElementColumnDefault(True)), schema=None),
 Table('sync_logs', MetaData(), Column('id', GUID(), table=<sync_logs>, primary_key=True, nullable=False, default=CallableColumnDefault(<function uuid4 at 0x78f00101a3e0>)), Column('source_id', GUID(), ForeignKey('data_sources.id'), table=<sync_logs>, nullable=False), Column('started_at', DateTime(timezone=True), table=<sync_logs>, nullable=False, default=CallableColumnDefault(<function datetime.utcnow at 0x78f00101a480>)), Column('completed_at', DateTime(timezone=True), table=<sync_logs>), Column('status', Enum('PENDING', 'SYNCING', 'SUCCESS', 'FAILED', name='sync_status'), table=<sync_logs>, nullable=False, default=ScalarElementColumnDefault(<SyncStatus.PENDING: 'pending'>)), Column('documents_processed', Integer(), table=<sync_logs>, nullable=False, default=ScalarElementColumnDefault(0)), Column('documents_added', Integer(), table=<sync_logs>, nullable=False, default=ScalarElementColumnDefault(0)), Column('documents_updated', Integer(), table=<sync_logs>, nullable=False, default=ScalarElementColumnDefault(0)), Column('documents_deleted', Integer(), table=<sync_logs>, nullable=False, default=ScalarElementColumnDefault(0)), Column('error_log', Text(), table=<sync_logs>), schema=None),
 Table('documents', MetaData(), Column('id', UUID(), table=<documents>, primary_key=True, nullable=False, default=CallableColumnDefault(<function uuid4 at 0x78f00101bec0>)), Column('source_id', UUID(), ForeignKey('data_sources.id'), table=<documents>, nullable=False), Column('external_id', String(length=255), table=<documents>, nullable=False), Column('title', Text(), table=<documents>, nullable=False), Column('content', Text(), table=<documents>, nullable=False), Column('url', Text(), table=<documents>), Column('metadata', JSONB(astext_type=Text()), table=<documents>, default=CallableColumnDefault(<function dict at 0x78f000fec360>)), Column('created_at', DateTime(timezone=True), table=<documents>, nullable=False, default=CallableColumnDefault(<function datetime.utcnow at 0x78efe0cbef20>)), Column('updated_at', DateTime(timezone=True), table=<documents>, nullable=False, onupdate=CallableColumnDefault(<function datetime.utcnow at 0x78efe0cbf060>), default=CallableColumnDefault(<function datetime.utcnow at 0x78efe0cbefc0>)), Column('is_deleted', Boolean(), table=<documents>, nullable=False, default=ScalarElementColumnDefault(False)), schema=None),
 Table('document_chunks', MetaData(), Column('id', UUID(), table=<document_chunks>, primary_key=True, nullable=False, default=CallableColumnDefault(<function uuid4 at 0x78efe0ce0720>)), Column('document_id', UUID(), ForeignKey('documents.id'), table=<document_chunks>, nullable=False), Column('chunk_index', Integer(), table=<document_chunks>, nullable=False), Column('content', Text(), table=<document_chunks>, nullable=False), Column('embedding', Vector(dim=384), table=<document_chunks>), Column('metadata', JSONB(astext_type=Text()), table=<document_chunks>, default=CallableColumnDefault(<function dict at 0x78efe0ce07c0>)), Column('created_at', DateTime(timezone=True), table=<document_chunks>, nullable=False, default=CallableColumnDefault(<function datetime.utcnow at 0x78efe0ce09a0>)), schema=None)]
venv/lib/python3.12/site-packages/sqlalchemy/sql/visitors.py:671: in traverse_single
    return meth(obj, **kw)
        kw         = {'_is_metadata_operation': True,
 'create_ok': True,
 'include_foreign_key_constraints': set()}
        meth       = <bound method SchemaGenerator.visit_table of <sqlalchemy.sql.ddl.SchemaGenerator object at 0x78efe0ce40d0>>
        obj        = Table('users', MetaData(), Column('id', GUID(), table=<users>, primary_key=True, nullable=False, default=CallableColumnDefault(<function uuid4 at 0x78f001182de0>)), Column('email', String(length=255), table=<users>), Column('password_hash', String(length=255), table=<users>), Column('role', Enum('ADMIN', 'USER', 'ANONYMOUS', name='user_role'), table=<users>, nullable=False, default=ScalarElementColumnDefault(<UserRole.ANONYMOUS: 'anonymous'>)), Column('is_active', Boolean(), table=<users>, nullable=False, default=ScalarElementColumnDefault(True)), Column('created_at', DateTime(timezone=True), table=<users>, nullable=False, default=CallableColumnDefault(<function datetime.utcnow at 0x78f0011e8ea0>)), Column('last_login', DateTime(timezone=True), table=<users>), schema=None)
        self       = <sqlalchemy.sql.ddl.SchemaGenerator object at 0x78efe0ce40d0>
        v          = <sqlalchemy.sql.ddl.SchemaGenerator object at 0x78efe0ce40d0>
venv/lib/python3.12/site-packages/sqlalchemy/sql/ddl.py:961: in visit_table
    self.traverse_single(index, create_ok=True)
        _is_metadata_operation = True
        column     = Column('last_login', DateTime(timezone=True), table=<users>)
        create_ok  = True
        include_foreign_key_constraints = None
        index      = Index('ix_users_email', Column('email', String(length=255), table=<users>), unique=True)
        self       = <sqlalchemy.sql.ddl.SchemaGenerator object at 0x78efe0ce40d0>
        table      = Table('users', MetaData(), Column('id', GUID(), table=<users>, primary_key=True, nullable=False, default=CallableColumnDefault(<function uuid4 at 0x78f001182de0>)), Column('email', String(length=255), table=<users>), Column('password_hash', String(length=255), table=<users>), Column('role', Enum('ADMIN', 'USER', 'ANONYMOUS', name='user_role'), table=<users>, nullable=False, default=ScalarElementColumnDefault(<UserRole.ANONYMOUS: 'anonymous'>)), Column('is_active', Boolean(), table=<users>, nullable=False, default=ScalarElementColumnDefault(True)), Column('created_at', DateTime(timezone=True), table=<users>, nullable=False, default=CallableColumnDefault(<function datetime.utcnow at 0x78f0011e8ea0>)), Column('last_login', DateTime(timezone=True), table=<users>), schema=None)
venv/lib/python3.12/site-packages/sqlalchemy/sql/visitors.py:671: in traverse_single
    return meth(obj, **kw)
        kw         = {'create_ok': True}
        meth       = <bound method SchemaGenerator.visit_index of <sqlalchemy.sql.ddl.SchemaGenerator object at 0x78efe0ce40d0>>
        obj        = Index('ix_users_email', Column('email', String(length=255), table=<users>), unique=True)
        self       = <sqlalchemy.sql.ddl.SchemaGenerator object at 0x78efe0ce40d0>
        v          = <sqlalchemy.sql.ddl.SchemaGenerator object at 0x78efe0ce40d0>
venv/lib/python3.12/site-packages/sqlalchemy/sql/ddl.py:998: in visit_index
    CreateIndex(index)._invoke_with(self.connection)
        create_ok  = True
        index      = Index('ix_users_email', Column('email', String(length=255), table=<users>), unique=True)
        self       = <sqlalchemy.sql.ddl.SchemaGenerator object at 0x78efe0ce40d0>
venv/lib/python3.12/site-packages/sqlalchemy/sql/ddl.py:315: in _invoke_with
    return bind.execute(self)
        bind       = <sqlalchemy.engine.base.Connection object at 0x78efe0bd0380>
        self       = <sqlalchemy.sql.ddl.CreateIndex object at 0x78f000fe2900>
venv/lib/python3.12/site-packages/sqlalchemy/engine/base.py:1416: in execute
    return meth(
        distilled_parameters = ()
        execution_options = None
        meth       = <bound method ExecutableDDLElement._execute_on_connection of <sqlalchemy.sql.ddl.CreateIndex object at 0x78f000fe2900>>
        parameters = None
        self       = <sqlalchemy.engine.base.Connection object at 0x78efe0bd0380>
        statement  = <sqlalchemy.sql.ddl.CreateIndex object at 0x78f000fe2900>
venv/lib/python3.12/site-packages/sqlalchemy/sql/ddl.py:181: in _execute_on_connection
    return connection._execute_ddl(
        connection = <sqlalchemy.engine.base.Connection object at 0x78efe0bd0380>
        distilled_params = ()
        execution_options = immutabledict({})
        self       = <sqlalchemy.sql.ddl.CreateIndex object at 0x78f000fe2900>
venv/lib/python3.12/site-packages/sqlalchemy/engine/base.py:1528: in _execute_ddl
    ret = self._execute_context(
        compiled   = <sqlalchemy.dialects.sqlite.base.SQLiteDDLCompiler object at 0x78efe0bd18e0>
        ddl        = <sqlalchemy.sql.ddl.CreateIndex object at 0x78f000fe2900>
        dialect    = <sqlalchemy.dialects.sqlite.aiosqlite.SQLiteDialect_aiosqlite object at 0x78efe0cc3620>
        distilled_parameters = ()
        event_multiparams = None
        event_params = None
        exec_opts  = immutabledict({})
        execution_options = immutabledict({})
        schema_translate_map = None
        self       = <sqlalchemy.engine.base.Connection object at 0x78efe0bd0380>
venv/lib/python3.12/site-packages/sqlalchemy/engine/base.py:1848: in _execute_context
    return self._exec_single_context(
        args       = (<sqlalchemy.dialects.sqlite.base.SQLiteDDLCompiler object at 0x78efe0bd18e0>,)
        conn       = <sqlalchemy.pool.base._ConnectionFairy object at 0x78efe0ba6930>
        constructor = <bound method DefaultExecutionContext._init_ddl of <class 'sqlalchemy.dialects.sqlite.aiosqlite.SQLiteExecutionContext_aiosqlite'>>
        context    = <sqlalchemy.dialects.sqlite.aiosqlite.SQLiteExecutionContext_aiosqlite object at 0x78efe0bd21b0>
        dialect    = <sqlalchemy.dialects.sqlite.aiosqlite.SQLiteDialect_aiosqlite object at 0x78efe0cc3620>
        execution_options = immutabledict({})
        kw         = {}
        parameters = None
        self       = <sqlalchemy.engine.base.Connection object at 0x78efe0bd0380>
        statement  = <sqlalchemy.dialects.sqlite.base.SQLiteDDLCompiler object at 0x78efe0bd18e0>
venv/lib/python3.12/site-packages/sqlalchemy/engine/base.py:1988: in _exec_single_context
    self._handle_dbapi_exception(
        context    = <sqlalchemy.dialects.sqlite.aiosqlite.SQLiteExecutionContext_aiosqlite object at 0x78efe0bd21b0>
        cursor     = <sqlalchemy.dialects.sqlite.aiosqlite.AsyncAdapt_aiosqlite_cursor object at 0x78efe0ba7e20>
        dialect    = <sqlalchemy.dialects.sqlite.aiosqlite.SQLiteDialect_aiosqlite object at 0x78efe0cc3620>
        effective_parameters = ()
        evt_handled = False
        parameters = [()]
        self       = <sqlalchemy.engine.base.Connection object at 0x78efe0bd0380>
        statement  = <sqlalchemy.dialects.sqlite.base.SQLiteDDLCompiler object at 0x78efe0bd18e0>
        str_statement = 'CREATE UNIQUE INDEX ix_users_email ON users (email)'
venv/lib/python3.12/site-packages/sqlalchemy/engine/base.py:2344: in _handle_dbapi_exception
    raise sqlalchemy_exception.with_traceback(exc_info[2]) from e
        context    = <sqlalchemy.dialects.sqlite.aiosqlite.SQLiteExecutionContext_aiosqlite object at 0x78efe0bd21b0>
        cursor     = <sqlalchemy.dialects.sqlite.aiosqlite.AsyncAdapt_aiosqlite_cursor object at 0x78efe0ba7e20>
        e          = OperationalError('index ix_users_email already exists')
        exc_info   = (<class 'sqlite3.OperationalError'>,
 OperationalError('index ix_users_email already exists'),
 <traceback object at 0x78efe0201740>)
        invalidate_pool_on_disconnect = True
        is_exit_exception = False
        is_sub_exec = False
        ismulti    = False
        newraise   = None
        parameters = ()
        self       = <sqlalchemy.engine.base.Connection object at 0x78efe0bd0380>
        should_wrap = True
        sqlalchemy_exception = OperationalError('(sqlite3.OperationalError) index ix_users_email already exists')
        statement  = 'CREATE UNIQUE INDEX ix_users_email ON users (email)'
venv/lib/python3.12/site-packages/sqlalchemy/engine/base.py:1969: in _exec_single_context
    self.dialect.do_execute(
        context    = <sqlalchemy.dialects.sqlite.aiosqlite.SQLiteExecutionContext_aiosqlite object at 0x78efe0bd21b0>
        cursor     = <sqlalchemy.dialects.sqlite.aiosqlite.AsyncAdapt_aiosqlite_cursor object at 0x78efe0ba7e20>
        dialect    = <sqlalchemy.dialects.sqlite.aiosqlite.SQLiteDialect_aiosqlite object at 0x78efe0cc3620>
        effective_parameters = ()
        evt_handled = False
        parameters = [()]
        self       = <sqlalchemy.engine.base.Connection object at 0x78efe0bd0380>
        statement  = <sqlalchemy.dialects.sqlite.base.SQLiteDDLCompiler object at 0x78efe0bd18e0>
        str_statement = 'CREATE UNIQUE INDEX ix_users_email ON users (email)'
venv/lib/python3.12/site-packages/sqlalchemy/engine/default.py:922: in do_execute
    cursor.execute(statement, parameters)
        context    = <sqlalchemy.dialects.sqlite.aiosqlite.SQLiteExecutionContext_aiosqlite object at 0x78efe0bd21b0>
        cursor     = <sqlalchemy.dialects.sqlite.aiosqlite.AsyncAdapt_aiosqlite_cursor object at 0x78efe0ba7e20>
        parameters = ()
        self       = <sqlalchemy.dialects.sqlite.aiosqlite.SQLiteDialect_aiosqlite object at 0x78efe0cc3620>
        statement  = 'CREATE UNIQUE INDEX ix_users_email ON users (email)'
venv/lib/python3.12/site-packages/sqlalchemy/dialects/sqlite/aiosqlite.py:146: in execute
    self._adapt_connection._handle_exception(error)
        _cursor    = <aiosqlite.cursor.Cursor object at 0x78efe0bd2210>
        operation  = 'CREATE UNIQUE INDEX ix_users_email ON users (email)'
        parameters = ()
        self       = <sqlalchemy.dialects.sqlite.aiosqlite.AsyncAdapt_aiosqlite_cursor object at 0x78efe0ba7e20>
venv/lib/python3.12/site-packages/sqlalchemy/dialects/sqlite/aiosqlite.py:298: in _handle_exception
    raise error
        error      = OperationalError('index ix_users_email already exists')
        self       = <AdaptedConnection <aiosqlite.core.Connection object at 0x78efe0bd0950>>
venv/lib/python3.12/site-packages/sqlalchemy/dialects/sqlite/aiosqlite.py:128: in execute
    self.await_(_cursor.execute(operation, parameters))
        _cursor    = <aiosqlite.cursor.Cursor object at 0x78efe0bd2210>
        operation  = 'CREATE UNIQUE INDEX ix_users_email ON users (email)'
        parameters = ()
        self       = <sqlalchemy.dialects.sqlite.aiosqlite.AsyncAdapt_aiosqlite_cursor object at 0x78efe0ba7e20>
venv/lib/python3.12/site-packages/sqlalchemy/util/_concurrency_py3k.py:130: in await_only
    return current.driver.switch(awaitable)  # type: ignore[no-any-return]
        awaitable  = <coroutine object Cursor.execute at 0x78efe0be19a0>
        current    = <_AsyncIoGreenlet object at 0x78efe0b41940 (otid=0x1d6ace30) dead>
venv/lib/python3.12/site-packages/sqlalchemy/util/_concurrency_py3k.py:195: in greenlet_spawn
    value = await result
        _require_await = False
        args       = (<sqlalchemy.engine.base.Connection object at 0x78efe0bd0380>,)
        context    = <_AsyncIoGreenlet object at 0x78efe0b41940 (otid=0x1d6ace30) dead>
        fn         = <bound method MetaData.create_all of MetaData()>
        kwargs     = {}
        result     = <coroutine object Cursor.execute at 0x78efe0be19a0>
        switch_occurred = True
        value      = <aiosqlite.cursor.Cursor object at 0x78efe0bd2210>
venv/lib/python3.12/site-packages/aiosqlite/cursor.py:40: in execute
    await self._execute(self._cursor.execute, sql, parameters)
        parameters = ()
        self       = <aiosqlite.cursor.Cursor object at 0x78efe0bd2210>
        sql        = 'CREATE UNIQUE INDEX ix_users_email ON users (email)'
venv/lib/python3.12/site-packages/aiosqlite/cursor.py:32: in _execute
    return await self._conn._execute(fn, *args, **kwargs)
        args       = ('CREATE UNIQUE INDEX ix_users_email ON users (email)', ())
        fn         = <built-in method execute of sqlite3.Cursor object at 0x78efe0bb97c0>
        kwargs     = {}
        self       = <aiosqlite.cursor.Cursor object at 0x78efe0bd2210>
venv/lib/python3.12/site-packages/aiosqlite/core.py:160: in _execute
    return await future
        args       = ('CREATE UNIQUE INDEX ix_users_email ON users (email)', ())
        fn         = <built-in method execute of sqlite3.Cursor object at 0x78efe0bb97c0>
        function   = functools.partial(<built-in method execute of sqlite3.Cursor object at 0x78efe0bb97c0>, 'CREATE UNIQUE INDEX ix_users_email ON users (email)', ())
        future     = <Future finished exception=OperationalError('index ix_users_email already exists')>
        kwargs     = {}
        self       = <aiosqlite.core.Connection object at 0x78efe0bd0950>
venv/lib/python3.12/site-packages/aiosqlite/core.py:63: in _connection_worker_thread
    result = function()
E   sqlalchemy.exc.OperationalError: (sqlite3.OperationalError) index ix_users_email already exists
E   [SQL: CREATE UNIQUE INDEX ix_users_email ON users (email)]
E   (Background on this error at: https://sqlalche.me/e/20/e3q8)
        function   = functools.partial(<built-in method rollback of sqlite3.Connection object at 0x78efe0b6f2e0>)
        future     = <Future finished result=None>
        result     = None
        tx         = <_queue.SimpleQueue object at 0x78efe0bd7060>
_____________ ERROR at setup of test_sync_log_creation_and_metrics _____________
venv/lib/python3.12/site-packages/sqlalchemy/engine/base.py:1969: in _exec_single_context
    self.dialect.do_execute(
        context    = <sqlalchemy.dialects.sqlite.aiosqlite.SQLiteExecutionContext_aiosqlite object at 0x78efe0bd21b0>
        cursor     = <sqlalchemy.dialects.sqlite.aiosqlite.AsyncAdapt_aiosqlite_cursor object at 0x78efe0ba7e20>
        dialect    = <sqlalchemy.dialects.sqlite.aiosqlite.SQLiteDialect_aiosqlite object at 0x78efe0cc3620>
        effective_parameters = ()
        evt_handled = False
        parameters = [()]
        self       = <sqlalchemy.engine.base.Connection object at 0x78efe0bd0380>
        statement  = <sqlalchemy.dialects.sqlite.base.SQLiteDDLCompiler object at 0x78efe0bd18e0>
        str_statement = 'CREATE UNIQUE INDEX ix_users_email ON users (email)'
venv/lib/python3.12/site-packages/sqlalchemy/engine/default.py:922: in do_execute
    cursor.execute(statement, parameters)
        context    = <sqlalchemy.dialects.sqlite.aiosqlite.SQLiteExecutionContext_aiosqlite object at 0x78efe0bd21b0>
        cursor     = <sqlalchemy.dialects.sqlite.aiosqlite.AsyncAdapt_aiosqlite_cursor object at 0x78efe0ba7e20>
        parameters = ()
        self       = <sqlalchemy.dialects.sqlite.aiosqlite.SQLiteDialect_aiosqlite object at 0x78efe0cc3620>
        statement  = 'CREATE UNIQUE INDEX ix_users_email ON users (email)'
venv/lib/python3.12/site-packages/sqlalchemy/dialects/sqlite/aiosqlite.py:146: in execute
    self._adapt_connection._handle_exception(error)
        _cursor    = <aiosqlite.cursor.Cursor object at 0x78efe0bd2210>
        operation  = 'CREATE UNIQUE INDEX ix_users_email ON users (email)'
        parameters = ()
        self       = <sqlalchemy.dialects.sqlite.aiosqlite.AsyncAdapt_aiosqlite_cursor object at 0x78efe0ba7e20>
venv/lib/python3.12/site-packages/sqlalchemy/dialects/sqlite/aiosqlite.py:298: in _handle_exception
    raise error
        error      = OperationalError('index ix_users_email already exists')
        self       = <AdaptedConnection <aiosqlite.core.Connection object at 0x78efe0bd0950>>
venv/lib/python3.12/site-packages/sqlalchemy/dialects/sqlite/aiosqlite.py:128: in execute
    self.await_(_cursor.execute(operation, parameters))
        _cursor    = <aiosqlite.cursor.Cursor object at 0x78efe0bd2210>
        operation  = 'CREATE UNIQUE INDEX ix_users_email ON users (email)'
        parameters = ()
        self       = <sqlalchemy.dialects.sqlite.aiosqlite.AsyncAdapt_aiosqlite_cursor object at 0x78efe0ba7e20>
venv/lib/python3.12/site-packages/sqlalchemy/util/_concurrency_py3k.py:130: in await_only
    return current.driver.switch(awaitable)  # type: ignore[no-any-return]
        awaitable  = <coroutine object Cursor.execute at 0x78efe0be19a0>
        current    = <_AsyncIoGreenlet object at 0x78efe0b41940 (otid=0x1d6ace30) dead>
venv/lib/python3.12/site-packages/sqlalchemy/util/_concurrency_py3k.py:195: in greenlet_spawn
    value = await result
        _require_await = False
        args       = (<sqlalchemy.engine.base.Connection object at 0x78efe0bd0380>,)
        context    = <_AsyncIoGreenlet object at 0x78efe0b41940 (otid=0x1d6ace30) dead>
        fn         = <bound method MetaData.create_all of MetaData()>
        kwargs     = {}
        result     = <coroutine object Cursor.execute at 0x78efe0be19a0>
        switch_occurred = True
        value      = <aiosqlite.cursor.Cursor object at 0x78efe0bd2210>
venv/lib/python3.12/site-packages/aiosqlite/cursor.py:40: in execute
    await self._execute(self._cursor.execute, sql, parameters)
        parameters = ()
        self       = <aiosqlite.cursor.Cursor object at 0x78efe0bd2210>
        sql        = 'CREATE UNIQUE INDEX ix_users_email ON users (email)'
venv/lib/python3.12/site-packages/aiosqlite/cursor.py:32: in _execute
    return await self._conn._execute(fn, *args, **kwargs)
        args       = ('CREATE UNIQUE INDEX ix_users_email ON users (email)', ())
        fn         = <built-in method execute of sqlite3.Cursor object at 0x78efe0bb97c0>
        kwargs     = {}
        self       = <aiosqlite.cursor.Cursor object at 0x78efe0bd2210>
venv/lib/python3.12/site-packages/aiosqlite/core.py:160: in _execute
    return await future
        args       = ('CREATE UNIQUE INDEX ix_users_email ON users (email)', ())
        fn         = <built-in method execute of sqlite3.Cursor object at 0x78efe0bb97c0>
        function   = functools.partial(<built-in method execute of sqlite3.Cursor object at 0x78efe0bb97c0>, 'CREATE UNIQUE INDEX ix_users_email ON users (email)', ())
        future     = <Future finished exception=OperationalError('index ix_users_email already exists')>
        kwargs     = {}
        self       = <aiosqlite.core.Connection object at 0x78efe0bd0950>
venv/lib/python3.12/site-packages/aiosqlite/core.py:63: in _connection_worker_thread
    result = function()
E   sqlite3.OperationalError: index ix_users_email already exists
        function   = functools.partial(<built-in method rollback of sqlite3.Connection object at 0x78efe0b6f2e0>)
        future     = <Future finished result=None>
        result     = None
        tx         = <_queue.SimpleQueue object at 0x78efe0bd7060>

The above exception was the direct cause of the following exception:
venv/lib/python3.12/site-packages/pytest_asyncio/plugin.py:336: in _asyncgen_fixture_wrapper
    result = event_loop.run_until_complete(setup())
        event_loop = <_UnixSelectorEventLoop running=False closed=False debug=False>
        event_loop_fixture_id = '_session_event_loop'
        finalizer  = <function _wrap_asyncgen_fixture.<locals>._asyncgen_fixture_wrapper.<locals>.finalizer at 0x78efe0ba99e0>
        fixture    = <function engine at 0x78f001182b60>
        fixturedef = <FixtureDef argname='engine' scope='session' baseid='tests'>
        func       = <function engine at 0x78f001182b60>
        gen_obj    = <async_generator object engine at 0x78efe0b6ec50>
        kwargs     = {}
        request    = <SubRequest 'engine' for <Coroutine test_chat_session_creation_with_user>>
        setup      = <function _wrap_asyncgen_fixture.<locals>._asyncgen_fixture_wrapper.<locals>.setup at 0x78efe0ba9a80>
/usr/lib/python3.12/asyncio/base_events.py:687: in run_until_complete
    return future.result()
        future     = <Task finished name='Task-1' coro=<_wrap_asyncgen_fixture.<locals>._asyncgen_fixture_wrapper.<locals>.setup() done, defined at /mnt/d/workspace/ChatApplication/project-code/backend/venv/lib/python3.12/site-packages/pytest_asyncio/plugin.py:317> exception=OperationalError('(sqlite3.OperationalError) index ix_users_email already exists')>
        new_task   = True
        self       = <_UnixSelectorEventLoop running=False closed=False debug=False>
venv/lib/python3.12/site-packages/pytest_asyncio/plugin.py:318: in setup
    res = await gen_obj.__anext__()
        gen_obj    = <async_generator object engine at 0x78efe0b6ec50>
tests/conftest.py:62: in engine
    await conn.run_sync(Base.metadata.create_all)
        conn       = <sqlalchemy.ext.asyncio.engine.AsyncConnection object at 0x78efe0bd6850>
        test_engine = <sqlalchemy.ext.asyncio.engine.AsyncEngine object at 0x78f001041090>
venv/lib/python3.12/site-packages/sqlalchemy/ext/asyncio/engine.py:891: in run_sync
    return await greenlet_spawn(fn, self._proxied, *arg, **kw)
        arg        = ()
        fn         = <bound method MetaData.create_all of MetaData()>
        kw         = {}
        self       = <sqlalchemy.ext.asyncio.engine.AsyncConnection object at 0x78efe0bd6850>
venv/lib/python3.12/site-packages/sqlalchemy/util/_concurrency_py3k.py:200: in greenlet_spawn
    result = context.throw(*sys.exc_info())
        _require_await = False
        args       = (<sqlalchemy.engine.base.Connection object at 0x78efe0bd0380>,)
        context    = <_AsyncIoGreenlet object at 0x78efe0b41940 (otid=0x1d6ace30) dead>
        fn         = <bound method MetaData.create_all of MetaData()>
        kwargs     = {}
        result     = <coroutine object Cursor.execute at 0x78efe0be19a0>
        switch_occurred = True
        value      = <aiosqlite.cursor.Cursor object at 0x78efe0bd2210>
venv/lib/python3.12/site-packages/sqlalchemy/sql/schema.py:5832: in create_all
    bind._run_ddl_visitor(
        bind       = <sqlalchemy.engine.base.Connection object at 0x78efe0bd0380>
        checkfirst = True
        self       = MetaData()
        tables     = None
venv/lib/python3.12/site-packages/sqlalchemy/engine/base.py:2448: in _run_ddl_visitor
    visitorcallable(self.dialect, self, **kwargs).traverse_single(element)
        element    = MetaData()
        kwargs     = {'checkfirst': True, 'tables': None}
        self       = <sqlalchemy.engine.base.Connection object at 0x78efe0bd0380>
        visitorcallable = <class 'sqlalchemy.sql.ddl.SchemaGenerator'>
venv/lib/python3.12/site-packages/sqlalchemy/sql/visitors.py:671: in traverse_single
    return meth(obj, **kw)
        kw         = {}
        meth       = <bound method SchemaGenerator.visit_metadata of <sqlalchemy.sql.ddl.SchemaGenerator object at 0x78efe0ce40d0>>
        obj        = MetaData()
        self       = <sqlalchemy.sql.ddl.SchemaGenerator object at 0x78efe0ce40d0>
        v          = <sqlalchemy.sql.ddl.SchemaGenerator object at 0x78efe0ce40d0>
venv/lib/python3.12/site-packages/sqlalchemy/sql/ddl.py:919: in visit_metadata
    self.traverse_single(
        collection = [(Table('users', MetaData(), Column('id', GUID(), table=<users>, primary_key=True, nullable=False, default=CallableColumnDefault(<function uuid4 at 0x78f001182de0>)), Column('email', String(length=255), table=<users>), Column('password_hash', String(length=255), table=<users>), Column('role', Enum('ADMIN', 'USER', 'ANONYMOUS', name='user_role'), table=<users>, nullable=False, default=ScalarElementColumnDefault(<UserRole.ANONYMOUS: 'anonymous'>)), Column('is_active', Boolean(), table=<users>, nullable=False, default=ScalarElementColumnDefault(True)), Column('created_at', DateTime(timezone=True), table=<users>, nullable=False, default=CallableColumnDefault(<function datetime.utcnow at 0x78f0011e8ea0>)), Column('last_login', DateTime(timezone=True), table=<users>), schema=None),
  set()),
 (Table('chat_sessions', MetaData(), Column('id', GUID(), table=<chat_sessions>, primary_key=True, nullable=False, default=CallableColumnDefault(<function uuid4 at 0x78f001078720>)), Column('user_id', GUID(), ForeignKey('users.id'), table=<chat_sessions>), Column('session_token', String(length=255), table=<chat_sessions>, nullable=False), Column('created_at', DateTime(timezone=True), table=<chat_sessions>, nullable=False, default=CallableColumnDefault(<function datetime.utcnow at 0x78f0010787c0>)), Column('updated_at', DateTime(timezone=True), table=<chat_sessions>, nullable=False, onupdate=CallableColumnDefault(<function datetime.utcnow at 0x78f001078ae0>), default=CallableColumnDefault(<function datetime.utcnow at 0x78f001078a40>)), Column('metadata', JSON(), table=<chat_sessions>, default=CallableColumnDefault(<function dict at 0x78f001078b80>)), schema=None),
  {ForeignKeyConstraint(<sqlalchemy.sql.base.ReadOnlyColumnCollection object at 0x78efdb3365c0>, None, ondelete='SET NULL', table=Table('chat_sessions', MetaData(), Column('id', GUID(), table=<chat_sessions>, primary_key=True, nullable=False, default=CallableColumnDefault(<function uuid4 at 0x78f001078720>)), Column('user_id', GUID(), ForeignKey('users.id'), table=<chat_sessions>), Column('session_token', String(length=255), table=<chat_sessions>, nullable=False), Column('created_at', DateTime(timezone=True), table=<chat_sessions>, nullable=False, default=CallableColumnDefault(<function datetime.utcnow at 0x78f0010787c0>)), Column('updated_at', DateTime(timezone=True), table=<chat_sessions>, nullable=False, onupdate=CallableColumnDefault(<function datetime.utcnow at 0x78f001078ae0>), default=CallableColumnDefault(<function datetime.utcnow at 0x78f001078a40>)), Column('metadata', JSON(), table=<chat_sessions>, default=CallableColumnDefault(<function dict at 0x78f001078b80>)), schema=None))}),
 (Table('data_sources', MetaData(), Column('id', GUID(), table=<data_sources>, primary_key=True, nullable=False, default=CallableColumnDefault(<function uuid4 at 0x78f00107bd80>)), Column('name', String(length=255), table=<data_sources>, nullable=False), Column('type', Enum('CONFLUENCE', 'JIRA', 'GITHUB', 'ONBOARDING', name='source_type'), table=<data_sources>, nullable=False), Column('config', JSON(), table=<data_sources>, nullable=False, default=CallableColumnDefault(<function dict at 0x78f001018040>)), Column('last_sync_at', DateTime(timezone=True), table=<data_sources>), Column('sync_status', Enum('PENDING', 'SYNCING', 'SUCCESS', 'FAILED', name='sync_status'), table=<data_sources>, nullable=False, default=ScalarElementColumnDefault(<SyncStatus.PENDING: 'pending'>)), Column('sync_error', Text(), table=<data_sources>), Column('created_by', GUID(), ForeignKey('users.id'), table=<data_sources>, nullable=False), Column('is_active', Boolean(), table=<data_sources>, nullable=False, default=ScalarElementColumnDefault(True)), schema=None),
  {ForeignKeyConstraint(<sqlalchemy.sql.base.ReadOnlyColumnCollection object at 0x78efdb336610>, None, ondelete='CASCADE', table=Table('data_sources', MetaData(), Column('id', GUID(), table=<data_sources>, primary_key=True, nullable=False, default=CallableColumnDefault(<function uuid4 at 0x78f00107bd80>)), Column('name', String(length=255), table=<data_sources>, nullable=False), Column('type', Enum('CONFLUENCE', 'JIRA', 'GITHUB', 'ONBOARDING', name='source_type'), table=<data_sources>, nullable=False), Column('config', JSON(), table=<data_sources>, nullable=False, default=CallableColumnDefault(<function dict at 0x78f001018040>)), Column('last_sync_at', DateTime(timezone=True), table=<data_sources>), Column('sync_status', Enum('PENDING', 'SYNCING', 'SUCCESS', 'FAILED', name='sync_status'), table=<data_sources>, nullable=False, default=ScalarElementColumnDefault(<SyncStatus.PENDING: 'pending'>)), Column('sync_error', Text(), table=<data_sources>), Column('created_by', GUID(), ForeignKey('users.id'), table=<data_sources>, nullable=False), Column('is_active', Boolean(), table=<data_sources>, nullable=False, default=ScalarElementColumnDefault(True)), schema=None))}),
 (Table('messages', MetaData(), Column('id', GUID(), table=<messages>, primary_key=True, nullable=False, default=CallableColumnDefault(<function uuid4 at 0x78f00107a020>)), Column('session_id', GUID(), ForeignKey('chat_sessions.id'), table=<messages>, nullable=False), Column('role', Enum('USER', 'ASSISTANT', 'SYSTEM', name='message_role'), table=<messages>, nullable=False), Column('content', Text(), table=<messages>, nullable=False), Column('created_at', DateTime(timezone=True), table=<messages>, nullable=False, default=CallableColumnDefault(<function datetime.utcnow at 0x78f00107a3e0>)), Column('sources', JSON(), table=<messages>, default=CallableColumnDefault(<function dict at 0x78f00107a520>)), Column('feedback', JSON(), table=<messages>, default=CallableColumnDefault(<function dict at 0x78f00107a660>)), schema=None),
  {ForeignKeyConstraint(<sqlalchemy.sql.base.ReadOnlyColumnCollection object at 0x78efdb3366b0>, None, ondelete='CASCADE', table=Table('messages', MetaData(), Column('id', GUID(), table=<messages>, primary_key=True, nullable=False, default=CallableColumnDefault(<function uuid4 at 0x78f00107a020>)), Column('session_id', GUID(), ForeignKey('chat_sessions.id'), table=<messages>, nullable=False), Column('role', Enum('USER', 'ASSISTANT', 'SYSTEM', name='message_role'), table=<messages>, nullable=False), Column('content', Text(), table=<messages>, nullable=False), Column('created_at', DateTime(timezone=True), table=<messages>, nullable=False, default=CallableColumnDefault(<function datetime.utcnow at 0x78f00107a3e0>)), Column('sources', JSON(), table=<messages>, default=CallableColumnDefault(<function dict at 0x78f00107a520>)), Column('feedback', JSON(), table=<messages>, default=CallableColumnDefault(<function dict at 0x78f00107a660>)), schema=None))}),
 (Table('sync_logs', MetaData(), Column('id', GUID(), table=<sync_logs>, primary_key=True, nullable=False, default=CallableColumnDefault(<function uuid4 at 0x78f00101a3e0>)), Column('source_id', GUID(), ForeignKey('data_sources.id'), table=<sync_logs>, nullable=False), Column('started_at', DateTime(timezone=True), table=<sync_logs>, nullable=False, default=CallableColumnDefault(<function datetime.utcnow at 0x78f00101a480>)), Column('completed_at', DateTime(timezone=True), table=<sync_logs>), Column('status', Enum('PENDING', 'SYNCING', 'SUCCESS', 'FAILED', name='sync_status'), table=<sync_logs>, nullable=False, default=ScalarElementColumnDefault(<SyncStatus.PENDING: 'pending'>)), Column('documents_processed', Integer(), table=<sync_logs>, nullable=False, default=ScalarElementColumnDefault(0)), Column('documents_added', Integer(), table=<sync_logs>, nullable=False, default=ScalarElementColumnDefault(0)), Column('documents_updated', Integer(), table=<sync_logs>, nullable=False, default=ScalarElementColumnDefault(0)), Column('documents_deleted', Integer(), table=<sync_logs>, nullable=False, default=ScalarElementColumnDefault(0)), Column('error_log', Text(), table=<sync_logs>), schema=None),
  {ForeignKeyConstraint(<sqlalchemy.sql.base.ReadOnlyColumnCollection object at 0x78efdb336660>, None, ondelete='CASCADE', table=Table('sync_logs', MetaData(), Column('id', GUID(), table=<sync_logs>, primary_key=True, nullable=False, default=CallableColumnDefault(<function uuid4 at 0x78f00101a3e0>)), Column('source_id', GUID(), ForeignKey('data_sources.id'), table=<sync_logs>, nullable=False), Column('started_at', DateTime(timezone=True), table=<sync_logs>, nullable=False, default=CallableColumnDefault(<function datetime.utcnow at 0x78f00101a480>)), Column('completed_at', DateTime(timezone=True), table=<sync_logs>), Column('status', Enum('PENDING', 'SYNCING', 'SUCCESS', 'FAILED', name='sync_status'), table=<sync_logs>, nullable=False, default=ScalarElementColumnDefault(<SyncStatus.PENDING: 'pending'>)), Column('documents_processed', Integer(), table=<sync_logs>, nullable=False, default=ScalarElementColumnDefault(0)), Column('documents_added', Integer(), table=<sync_logs>, nullable=False, default=ScalarElementColumnDefault(0)), Column('documents_updated', Integer(), table=<sync_logs>, nullable=False, default=ScalarElementColumnDefault(0)), Column('documents_deleted', Integer(), table=<sync_logs>, nullable=False, default=ScalarElementColumnDefault(0)), Column('error_log', Text(), table=<sync_logs>), schema=None))}),
 (Table('documents', MetaData(), Column('id', UUID(), table=<documents>, primary_key=True, nullable=False, default=CallableColumnDefault(<function uuid4 at 0x78f00101bec0>)), Column('source_id', UUID(), ForeignKey('data_sources.id'), table=<documents>, nullable=False), Column('external_id', String(length=255), table=<documents>, nullable=False), Column('title', Text(), table=<documents>, nullable=False), Column('content', Text(), table=<documents>, nullable=False), Column('url', Text(), table=<documents>), Column('metadata', JSONB(astext_type=Text()), table=<documents>, default=CallableColumnDefault(<function dict at 0x78f000fec360>)), Column('created_at', DateTime(timezone=True), table=<documents>, nullable=False, default=CallableColumnDefault(<function datetime.utcnow at 0x78efe0cbef20>)), Column('updated_at', DateTime(timezone=True), table=<documents>, nullable=False, onupdate=CallableColumnDefault(<function datetime.utcnow at 0x78efe0cbf060>), default=CallableColumnDefault(<function datetime.utcnow at 0x78efe0cbefc0>)), Column('is_deleted', Boolean(), table=<documents>, nullable=False, default=ScalarElementColumnDefault(False)), schema=None),
  {ForeignKeyConstraint(<sqlalchemy.sql.base.ReadOnlyColumnCollection object at 0x78efdb336750>, None, ondelete='CASCADE', table=Table('documents', MetaData(), Column('id', UUID(), table=<documents>, primary_key=True, nullable=False, default=CallableColumnDefault(<function uuid4 at 0x78f00101bec0>)), Column('source_id', UUID(), ForeignKey('data_sources.id'), table=<documents>, nullable=False), Column('external_id', String(length=255), table=<documents>, nullable=False), Column('title', Text(), table=<documents>, nullable=False), Column('content', Text(), table=<documents>, nullable=False), Column('url', Text(), table=<documents>), Column('metadata', JSONB(astext_type=Text()), table=<documents>, default=CallableColumnDefault(<function dict at 0x78f000fec360>)), Column('created_at', DateTime(timezone=True), table=<documents>, nullable=False, default=CallableColumnDefault(<function datetime.utcnow at 0x78efe0cbef20>)), Column('updated_at', DateTime(timezone=True), table=<documents>, nullable=False, onupdate=CallableColumnDefault(<function datetime.utcnow at 0x78efe0cbf060>), default=CallableColumnDefault(<function datetime.utcnow at 0x78efe0cbefc0>)), Column('is_deleted', Boolean(), table=<documents>, nullable=False, default=ScalarElementColumnDefault(False)), schema=None))}),
 (Table('document_chunks', MetaData(), Column('id', UUID(), table=<document_chunks>, primary_key=True, nullable=False, default=CallableColumnDefault(<function uuid4 at 0x78efe0ce0720>)), Column('document_id', UUID(), ForeignKey('documents.id'), table=<document_chunks>, nullable=False), Column('chunk_index', Integer(), table=<document_chunks>, nullable=False), Column('content', Text(), table=<document_chunks>, nullable=False), Column('embedding', Vector(dim=384), table=<document_chunks>), Column('metadata', JSONB(astext_type=Text()), table=<document_chunks>, default=CallableColumnDefault(<function dict at 0x78efe0ce07c0>)), Column('created_at', DateTime(timezone=True), table=<document_chunks>, nullable=False, default=CallableColumnDefault(<function datetime.utcnow at 0x78efe0ce09a0>)), schema=None),
  {ForeignKeyConstraint(<sqlalchemy.sql.base.ReadOnlyColumnCollection object at 0x78efdb3367a0>, None, ondelete='CASCADE', table=Table('document_chunks', MetaData(), Column('id', UUID(), table=<document_chunks>, primary_key=True, nullable=False, default=CallableColumnDefault(<function uuid4 at 0x78efe0ce0720>)), Column('document_id', UUID(), ForeignKey('documents.id'), table=<document_chunks>, nullable=False), Column('chunk_index', Integer(), table=<document_chunks>, nullable=False), Column('content', Text(), table=<document_chunks>, nullable=False), Column('embedding', Vector(dim=384), table=<document_chunks>), Column('metadata', JSONB(astext_type=Text()), table=<document_chunks>, default=CallableColumnDefault(<function dict at 0x78efe0ce07c0>)), Column('created_at', DateTime(timezone=True), table=<document_chunks>, nullable=False, default=CallableColumnDefault(<function datetime.utcnow at 0x78efe0ce09a0>)), schema=None))}),
 (None, [])]
        event_collection = [Table('users', MetaData(), Column('id', GUID(), table=<users>, primary_key=True, nullable=False, default=CallableColumnDefault(<function uuid4 at 0x78f001182de0>)), Column('email', String(length=255), table=<users>), Column('password_hash', String(length=255), table=<users>), Column('role', Enum('ADMIN', 'USER', 'ANONYMOUS', name='user_role'), table=<users>, nullable=False, default=ScalarElementColumnDefault(<UserRole.ANONYMOUS: 'anonymous'>)), Column('is_active', Boolean(), table=<users>, nullable=False, default=ScalarElementColumnDefault(True)), Column('created_at', DateTime(timezone=True), table=<users>, nullable=False, default=CallableColumnDefault(<function datetime.utcnow at 0x78f0011e8ea0>)), Column('last_login', DateTime(timezone=True), table=<users>), schema=None),
 Table('chat_sessions', MetaData(), Column('id', GUID(), table=<chat_sessions>, primary_key=True, nullable=False, default=CallableColumnDefault(<function uuid4 at 0x78f001078720>)), Column('user_id', GUID(), ForeignKey('users.id'), table=<chat_sessions>), Column('session_token', String(length=255), table=<chat_sessions>, nullable=False), Column('created_at', DateTime(timezone=True), table=<chat_sessions>, nullable=False, default=CallableColumnDefault(<function datetime.utcnow at 0x78f0010787c0>)), Column('updated_at', DateTime(timezone=True), table=<chat_sessions>, nullable=False, onupdate=CallableColumnDefault(<function datetime.utcnow at 0x78f001078ae0>), default=CallableColumnDefault(<function datetime.utcnow at 0x78f001078a40>)), Column('metadata', JSON(), table=<chat_sessions>, default=CallableColumnDefault(<function dict at 0x78f001078b80>)), schema=None),
 Table('data_sources', MetaData(), Column('id', GUID(), table=<data_sources>, primary_key=True, nullable=False, default=CallableColumnDefault(<function uuid4 at 0x78f00107bd80>)), Column('name', String(length=255), table=<data_sources>, nullable=False), Column('type', Enum('CONFLUENCE', 'JIRA', 'GITHUB', 'ONBOARDING', name='source_type'), table=<data_sources>, nullable=False), Column('config', JSON(), table=<data_sources>, nullable=False, default=CallableColumnDefault(<function dict at 0x78f001018040>)), Column('last_sync_at', DateTime(timezone=True), table=<data_sources>), Column('sync_status', Enum('PENDING', 'SYNCING', 'SUCCESS', 'FAILED', name='sync_status'), table=<data_sources>, nullable=False, default=ScalarElementColumnDefault(<SyncStatus.PENDING: 'pending'>)), Column('sync_error', Text(), table=<data_sources>), Column('created_by', GUID(), ForeignKey('users.id'), table=<data_sources>, nullable=False), Column('is_active', Boolean(), table=<data_sources>, nullable=False, default=ScalarElementColumnDefault(True)), schema=None),
 Table('messages', MetaData(), Column('id', GUID(), table=<messages>, primary_key=True, nullable=False, default=CallableColumnDefault(<function uuid4 at 0x78f00107a020>)), Column('session_id', GUID(), ForeignKey('chat_sessions.id'), table=<messages>, nullable=False), Column('role', Enum('USER', 'ASSISTANT', 'SYSTEM', name='message_role'), table=<messages>, nullable=False), Column('content', Text(), table=<messages>, nullable=False), Column('created_at', DateTime(timezone=True), table=<messages>, nullable=False, default=CallableColumnDefault(<function datetime.utcnow at 0x78f00107a3e0>)), Column('sources', JSON(), table=<messages>, default=CallableColumnDefault(<function dict at 0x78f00107a520>)), Column('feedback', JSON(), table=<messages>, default=CallableColumnDefault(<function dict at 0x78f00107a660>)), schema=None),
 Table('sync_logs', MetaData(), Column('id', GUID(), table=<sync_logs>, primary_key=True, nullable=False, default=CallableColumnDefault(<function uuid4 at 0x78f00101a3e0>)), Column('source_id', GUID(), ForeignKey('data_sources.id'), table=<sync_logs>, nullable=False), Column('started_at', DateTime(timezone=True), table=<sync_logs>, nullable=False, default=CallableColumnDefault(<function datetime.utcnow at 0x78f00101a480>)), Column('completed_at', DateTime(timezone=True), table=<sync_logs>), Column('status', Enum('PENDING', 'SYNCING', 'SUCCESS', 'FAILED', name='sync_status'), table=<sync_logs>, nullable=False, default=ScalarElementColumnDefault(<SyncStatus.PENDING: 'pending'>)), Column('documents_processed', Integer(), table=<sync_logs>, nullable=False, default=ScalarElementColumnDefault(0)), Column('documents_added', Integer(), table=<sync_logs>, nullable=False, default=ScalarElementColumnDefault(0)), Column('documents_updated', Integer(), table=<sync_logs>, nullable=False, default=ScalarElementColumnDefault(0)), Column('documents_deleted', Integer(), table=<sync_logs>, nullable=False, default=ScalarElementColumnDefault(0)), Column('error_log', Text(), table=<sync_logs>), schema=None),
 Table('documents', MetaData(), Column('id', UUID(), table=<documents>, primary_key=True, nullable=False, default=CallableColumnDefault(<function uuid4 at 0x78f00101bec0>)), Column('source_id', UUID(), ForeignKey('data_sources.id'), table=<documents>, nullable=False), Column('external_id', String(length=255), table=<documents>, nullable=False), Column('title', Text(), table=<documents>, nullable=False), Column('content', Text(), table=<documents>, nullable=False), Column('url', Text(), table=<documents>), Column('metadata', JSONB(astext_type=Text()), table=<documents>, default=CallableColumnDefault(<function dict at 0x78f000fec360>)), Column('created_at', DateTime(timezone=True), table=<documents>, nullable=False, default=CallableColumnDefault(<function datetime.utcnow at 0x78efe0cbef20>)), Column('updated_at', DateTime(timezone=True), table=<documents>, nullable=False, onupdate=CallableColumnDefault(<function datetime.utcnow at 0x78efe0cbf060>), default=CallableColumnDefault(<function datetime.utcnow at 0x78efe0cbefc0>)), Column('is_deleted', Boolean(), table=<documents>, nullable=False, default=ScalarElementColumnDefault(False)), schema=None),
 Table('document_chunks', MetaData(), Column('id', UUID(), table=<document_chunks>, primary_key=True, nullable=False, default=CallableColumnDefault(<function uuid4 at 0x78efe0ce0720>)), Column('document_id', UUID(), ForeignKey('documents.id'), table=<document_chunks>, nullable=False), Column('chunk_index', Integer(), table=<document_chunks>, nullable=False), Column('content', Text(), table=<document_chunks>, nullable=False), Column('embedding', Vector(dim=384), table=<document_chunks>), Column('metadata', JSONB(astext_type=Text()), table=<document_chunks>, default=CallableColumnDefault(<function dict at 0x78efe0ce07c0>)), Column('created_at', DateTime(timezone=True), table=<document_chunks>, nullable=False, default=CallableColumnDefault(<function datetime.utcnow at 0x78efe0ce09a0>)), schema=None)]
        fkcs       = set()
        metadata   = MetaData()
        self       = <sqlalchemy.sql.ddl.SchemaGenerator object at 0x78efe0ce40d0>
        seq_coll   = []
        table      = Table('users', MetaData(), Column('id', GUID(), table=<users>, primary_key=True, nullable=False, default=CallableColumnDefault(<function uuid4 at 0x78f001182de0>)), Column('email', String(length=255), table=<users>), Column('password_hash', String(length=255), table=<users>), Column('role', Enum('ADMIN', 'USER', 'ANONYMOUS', name='user_role'), table=<users>, nullable=False, default=ScalarElementColumnDefault(<UserRole.ANONYMOUS: 'anonymous'>)), Column('is_active', Boolean(), table=<users>, nullable=False, default=ScalarElementColumnDefault(True)), Column('created_at', DateTime(timezone=True), table=<users>, nullable=False, default=CallableColumnDefault(<function datetime.utcnow at 0x78f0011e8ea0>)), Column('last_login', DateTime(timezone=True), table=<users>), schema=None)
        tables     = [Table('users', MetaData(), Column('id', GUID(), table=<users>, primary_key=True, nullable=False, default=CallableColumnDefault(<function uuid4 at 0x78f001182de0>)), Column('email', String(length=255), table=<users>), Column('password_hash', String(length=255), table=<users>), Column('role', Enum('ADMIN', 'USER', 'ANONYMOUS', name='user_role'), table=<users>, nullable=False, default=ScalarElementColumnDefault(<UserRole.ANONYMOUS: 'anonymous'>)), Column('is_active', Boolean(), table=<users>, nullable=False, default=ScalarElementColumnDefault(True)), Column('created_at', DateTime(timezone=True), table=<users>, nullable=False, default=CallableColumnDefault(<function datetime.utcnow at 0x78f0011e8ea0>)), Column('last_login', DateTime(timezone=True), table=<users>), schema=None),
 Table('chat_sessions', MetaData(), Column('id', GUID(), table=<chat_sessions>, primary_key=True, nullable=False, default=CallableColumnDefault(<function uuid4 at 0x78f001078720>)), Column('user_id', GUID(), ForeignKey('users.id'), table=<chat_sessions>), Column('session_token', String(length=255), table=<chat_sessions>, nullable=False), Column('created_at', DateTime(timezone=True), table=<chat_sessions>, nullable=False, default=CallableColumnDefault(<function datetime.utcnow at 0x78f0010787c0>)), Column('updated_at', DateTime(timezone=True), table=<chat_sessions>, nullable=False, onupdate=CallableColumnDefault(<function datetime.utcnow at 0x78f001078ae0>), default=CallableColumnDefault(<function datetime.utcnow at 0x78f001078a40>)), Column('metadata', JSON(), table=<chat_sessions>, default=CallableColumnDefault(<function dict at 0x78f001078b80>)), schema=None),
 Table('messages', MetaData(), Column('id', GUID(), table=<messages>, primary_key=True, nullable=False, default=CallableColumnDefault(<function uuid4 at 0x78f00107a020>)), Column('session_id', GUID(), ForeignKey('chat_sessions.id'), table=<messages>, nullable=False), Column('role', Enum('USER', 'ASSISTANT', 'SYSTEM', name='message_role'), table=<messages>, nullable=False), Column('content', Text(), table=<messages>, nullable=False), Column('created_at', DateTime(timezone=True), table=<messages>, nullable=False, default=CallableColumnDefault(<function datetime.utcnow at 0x78f00107a3e0>)), Column('sources', JSON(), table=<messages>, default=CallableColumnDefault(<function dict at 0x78f00107a520>)), Column('feedback', JSON(), table=<messages>, default=CallableColumnDefault(<function dict at 0x78f00107a660>)), schema=None),
 Table('data_sources', MetaData(), Column('id', GUID(), table=<data_sources>, primary_key=True, nullable=False, default=CallableColumnDefault(<function uuid4 at 0x78f00107bd80>)), Column('name', String(length=255), table=<data_sources>, nullable=False), Column('type', Enum('CONFLUENCE', 'JIRA', 'GITHUB', 'ONBOARDING', name='source_type'), table=<data_sources>, nullable=False), Column('config', JSON(), table=<data_sources>, nullable=False, default=CallableColumnDefault(<function dict at 0x78f001018040>)), Column('last_sync_at', DateTime(timezone=True), table=<data_sources>), Column('sync_status', Enum('PENDING', 'SYNCING', 'SUCCESS', 'FAILED', name='sync_status'), table=<data_sources>, nullable=False, default=ScalarElementColumnDefault(<SyncStatus.PENDING: 'pending'>)), Column('sync_error', Text(), table=<data_sources>), Column('created_by', GUID(), ForeignKey('users.id'), table=<data_sources>, nullable=False), Column('is_active', Boolean(), table=<data_sources>, nullable=False, default=ScalarElementColumnDefault(True)), schema=None),
 Table('sync_logs', MetaData(), Column('id', GUID(), table=<sync_logs>, primary_key=True, nullable=False, default=CallableColumnDefault(<function uuid4 at 0x78f00101a3e0>)), Column('source_id', GUID(), ForeignKey('data_sources.id'), table=<sync_logs>, nullable=False), Column('started_at', DateTime(timezone=True), table=<sync_logs>, nullable=False, default=CallableColumnDefault(<function datetime.utcnow at 0x78f00101a480>)), Column('completed_at', DateTime(timezone=True), table=<sync_logs>), Column('status', Enum('PENDING', 'SYNCING', 'SUCCESS', 'FAILED', name='sync_status'), table=<sync_logs>, nullable=False, default=ScalarElementColumnDefault(<SyncStatus.PENDING: 'pending'>)), Column('documents_processed', Integer(), table=<sync_logs>, nullable=False, default=ScalarElementColumnDefault(0)), Column('documents_added', Integer(), table=<sync_logs>, nullable=False, default=ScalarElementColumnDefault(0)), Column('documents_updated', Integer(), table=<sync_logs>, nullable=False, default=ScalarElementColumnDefault(0)), Column('documents_deleted', Integer(), table=<sync_logs>, nullable=False, default=ScalarElementColumnDefault(0)), Column('error_log', Text(), table=<sync_logs>), schema=None),
 Table('documents', MetaData(), Column('id', UUID(), table=<documents>, primary_key=True, nullable=False, default=CallableColumnDefault(<function uuid4 at 0x78f00101bec0>)), Column('source_id', UUID(), ForeignKey('data_sources.id'), table=<documents>, nullable=False), Column('external_id', String(length=255), table=<documents>, nullable=False), Column('title', Text(), table=<documents>, nullable=False), Column('content', Text(), table=<documents>, nullable=False), Column('url', Text(), table=<documents>), Column('metadata', JSONB(astext_type=Text()), table=<documents>, default=CallableColumnDefault(<function dict at 0x78f000fec360>)), Column('created_at', DateTime(timezone=True), table=<documents>, nullable=False, default=CallableColumnDefault(<function datetime.utcnow at 0x78efe0cbef20>)), Column('updated_at', DateTime(timezone=True), table=<documents>, nullable=False, onupdate=CallableColumnDefault(<function datetime.utcnow at 0x78efe0cbf060>), default=CallableColumnDefault(<function datetime.utcnow at 0x78efe0cbefc0>)), Column('is_deleted', Boolean(), table=<documents>, nullable=False, default=ScalarElementColumnDefault(False)), schema=None),
 Table('document_chunks', MetaData(), Column('id', UUID(), table=<document_chunks>, primary_key=True, nullable=False, default=CallableColumnDefault(<function uuid4 at 0x78efe0ce0720>)), Column('document_id', UUID(), ForeignKey('documents.id'), table=<document_chunks>, nullable=False), Column('chunk_index', Integer(), table=<document_chunks>, nullable=False), Column('content', Text(), table=<document_chunks>, nullable=False), Column('embedding', Vector(dim=384), table=<document_chunks>), Column('metadata', JSONB(astext_type=Text()), table=<document_chunks>, default=CallableColumnDefault(<function dict at 0x78efe0ce07c0>)), Column('created_at', DateTime(timezone=True), table=<document_chunks>, nullable=False, default=CallableColumnDefault(<function datetime.utcnow at 0x78efe0ce09a0>)), schema=None)]
venv/lib/python3.12/site-packages/sqlalchemy/sql/visitors.py:671: in traverse_single
    return meth(obj, **kw)
        kw         = {'_is_metadata_operation': True,
 'create_ok': True,
 'include_foreign_key_constraints': set()}
        meth       = <bound method SchemaGenerator.visit_table of <sqlalchemy.sql.ddl.SchemaGenerator object at 0x78efe0ce40d0>>
        obj        = Table('users', MetaData(), Column('id', GUID(), table=<users>, primary_key=True, nullable=False, default=CallableColumnDefault(<function uuid4 at 0x78f001182de0>)), Column('email', String(length=255), table=<users>), Column('password_hash', String(length=255), table=<users>), Column('role', Enum('ADMIN', 'USER', 'ANONYMOUS', name='user_role'), table=<users>, nullable=False, default=ScalarElementColumnDefault(<UserRole.ANONYMOUS: 'anonymous'>)), Column('is_active', Boolean(), table=<users>, nullable=False, default=ScalarElementColumnDefault(True)), Column('created_at', DateTime(timezone=True), table=<users>, nullable=False, default=CallableColumnDefault(<function datetime.utcnow at 0x78f0011e8ea0>)), Column('last_login', DateTime(timezone=True), table=<users>), schema=None)
        self       = <sqlalchemy.sql.ddl.SchemaGenerator object at 0x78efe0ce40d0>
        v          = <sqlalchemy.sql.ddl.SchemaGenerator object at 0x78efe0ce40d0>
venv/lib/python3.12/site-packages/sqlalchemy/sql/ddl.py:961: in visit_table
    self.traverse_single(index, create_ok=True)
        _is_metadata_operation = True
        column     = Column('last_login', DateTime(timezone=True), table=<users>)
        create_ok  = True
        include_foreign_key_constraints = None
        index      = Index('ix_users_email', Column('email', String(length=255), table=<users>), unique=True)
        self       = <sqlalchemy.sql.ddl.SchemaGenerator object at 0x78efe0ce40d0>
        table      = Table('users', MetaData(), Column('id', GUID(), table=<users>, primary_key=True, nullable=False, default=CallableColumnDefault(<function uuid4 at 0x78f001182de0>)), Column('email', String(length=255), table=<users>), Column('password_hash', String(length=255), table=<users>), Column('role', Enum('ADMIN', 'USER', 'ANONYMOUS', name='user_role'), table=<users>, nullable=False, default=ScalarElementColumnDefault(<UserRole.ANONYMOUS: 'anonymous'>)), Column('is_active', Boolean(), table=<users>, nullable=False, default=ScalarElementColumnDefault(True)), Column('created_at', DateTime(timezone=True), table=<users>, nullable=False, default=CallableColumnDefault(<function datetime.utcnow at 0x78f0011e8ea0>)), Column('last_login', DateTime(timezone=True), table=<users>), schema=None)
venv/lib/python3.12/site-packages/sqlalchemy/sql/visitors.py:671: in traverse_single
    return meth(obj, **kw)
        kw         = {'create_ok': True}
        meth       = <bound method SchemaGenerator.visit_index of <sqlalchemy.sql.ddl.SchemaGenerator object at 0x78efe0ce40d0>>
        obj        = Index('ix_users_email', Column('email', String(length=255), table=<users>), unique=True)
        self       = <sqlalchemy.sql.ddl.SchemaGenerator object at 0x78efe0ce40d0>
        v          = <sqlalchemy.sql.ddl.SchemaGenerator object at 0x78efe0ce40d0>
venv/lib/python3.12/site-packages/sqlalchemy/sql/ddl.py:998: in visit_index
    CreateIndex(index)._invoke_with(self.connection)
        create_ok  = True
        index      = Index('ix_users_email', Column('email', String(length=255), table=<users>), unique=True)
        self       = <sqlalchemy.sql.ddl.SchemaGenerator object at 0x78efe0ce40d0>
venv/lib/python3.12/site-packages/sqlalchemy/sql/ddl.py:315: in _invoke_with
    return bind.execute(self)
        bind       = <sqlalchemy.engine.base.Connection object at 0x78efe0bd0380>
        self       = <sqlalchemy.sql.ddl.CreateIndex object at 0x78f000fe2900>
venv/lib/python3.12/site-packages/sqlalchemy/engine/base.py:1416: in execute
    return meth(
        distilled_parameters = ()
        execution_options = None
        meth       = <bound method ExecutableDDLElement._execute_on_connection of <sqlalchemy.sql.ddl.CreateIndex object at 0x78f000fe2900>>
        parameters = None
        self       = <sqlalchemy.engine.base.Connection object at 0x78efe0bd0380>
        statement  = <sqlalchemy.sql.ddl.CreateIndex object at 0x78f000fe2900>
venv/lib/python3.12/site-packages/sqlalchemy/sql/ddl.py:181: in _execute_on_connection
    return connection._execute_ddl(
        connection = <sqlalchemy.engine.base.Connection object at 0x78efe0bd0380>
        distilled_params = ()
        execution_options = immutabledict({})
        self       = <sqlalchemy.sql.ddl.CreateIndex object at 0x78f000fe2900>
venv/lib/python3.12/site-packages/sqlalchemy/engine/base.py:1528: in _execute_ddl
    ret = self._execute_context(
        compiled   = <sqlalchemy.dialects.sqlite.base.SQLiteDDLCompiler object at 0x78efe0bd18e0>
        ddl        = <sqlalchemy.sql.ddl.CreateIndex object at 0x78f000fe2900>
        dialect    = <sqlalchemy.dialects.sqlite.aiosqlite.SQLiteDialect_aiosqlite object at 0x78efe0cc3620>
        distilled_parameters = ()
        event_multiparams = None
        event_params = None
        exec_opts  = immutabledict({})
        execution_options = immutabledict({})
        schema_translate_map = None
        self       = <sqlalchemy.engine.base.Connection object at 0x78efe0bd0380>
venv/lib/python3.12/site-packages/sqlalchemy/engine/base.py:1848: in _execute_context
    return self._exec_single_context(
        args       = (<sqlalchemy.dialects.sqlite.base.SQLiteDDLCompiler object at 0x78efe0bd18e0>,)
        conn       = <sqlalchemy.pool.base._ConnectionFairy object at 0x78efe0ba6930>
        constructor = <bound method DefaultExecutionContext._init_ddl of <class 'sqlalchemy.dialects.sqlite.aiosqlite.SQLiteExecutionContext_aiosqlite'>>
        context    = <sqlalchemy.dialects.sqlite.aiosqlite.SQLiteExecutionContext_aiosqlite object at 0x78efe0bd21b0>
        dialect    = <sqlalchemy.dialects.sqlite.aiosqlite.SQLiteDialect_aiosqlite object at 0x78efe0cc3620>
        execution_options = immutabledict({})
        kw         = {}
        parameters = None
        self       = <sqlalchemy.engine.base.Connection object at 0x78efe0bd0380>
        statement  = <sqlalchemy.dialects.sqlite.base.SQLiteDDLCompiler object at 0x78efe0bd18e0>
venv/lib/python3.12/site-packages/sqlalchemy/engine/base.py:1988: in _exec_single_context
    self._handle_dbapi_exception(
        context    = <sqlalchemy.dialects.sqlite.aiosqlite.SQLiteExecutionContext_aiosqlite object at 0x78efe0bd21b0>
        cursor     = <sqlalchemy.dialects.sqlite.aiosqlite.AsyncAdapt_aiosqlite_cursor object at 0x78efe0ba7e20>
        dialect    = <sqlalchemy.dialects.sqlite.aiosqlite.SQLiteDialect_aiosqlite object at 0x78efe0cc3620>
        effective_parameters = ()
        evt_handled = False
        parameters = [()]
        self       = <sqlalchemy.engine.base.Connection object at 0x78efe0bd0380>
        statement  = <sqlalchemy.dialects.sqlite.base.SQLiteDDLCompiler object at 0x78efe0bd18e0>
        str_statement = 'CREATE UNIQUE INDEX ix_users_email ON users (email)'
venv/lib/python3.12/site-packages/sqlalchemy/engine/base.py:2344: in _handle_dbapi_exception
    raise sqlalchemy_exception.with_traceback(exc_info[2]) from e
        context    = <sqlalchemy.dialects.sqlite.aiosqlite.SQLiteExecutionContext_aiosqlite object at 0x78efe0bd21b0>
        cursor     = <sqlalchemy.dialects.sqlite.aiosqlite.AsyncAdapt_aiosqlite_cursor object at 0x78efe0ba7e20>
        e          = OperationalError('index ix_users_email already exists')
        exc_info   = (<class 'sqlite3.OperationalError'>,
 OperationalError('index ix_users_email already exists'),
 <traceback object at 0x78efe0201740>)
        invalidate_pool_on_disconnect = True
        is_exit_exception = False
        is_sub_exec = False
        ismulti    = False
        newraise   = None
        parameters = ()
        self       = <sqlalchemy.engine.base.Connection object at 0x78efe0bd0380>
        should_wrap = True
        sqlalchemy_exception = OperationalError('(sqlite3.OperationalError) index ix_users_email already exists')
        statement  = 'CREATE UNIQUE INDEX ix_users_email ON users (email)'
venv/lib/python3.12/site-packages/sqlalchemy/engine/base.py:1969: in _exec_single_context
    self.dialect.do_execute(
        context    = <sqlalchemy.dialects.sqlite.aiosqlite.SQLiteExecutionContext_aiosqlite object at 0x78efe0bd21b0>
        cursor     = <sqlalchemy.dialects.sqlite.aiosqlite.AsyncAdapt_aiosqlite_cursor object at 0x78efe0ba7e20>
        dialect    = <sqlalchemy.dialects.sqlite.aiosqlite.SQLiteDialect_aiosqlite object at 0x78efe0cc3620>
        effective_parameters = ()
        evt_handled = False
        parameters = [()]
        self       = <sqlalchemy.engine.base.Connection object at 0x78efe0bd0380>
        statement  = <sqlalchemy.dialects.sqlite.base.SQLiteDDLCompiler object at 0x78efe0bd18e0>
        str_statement = 'CREATE UNIQUE INDEX ix_users_email ON users (email)'
venv/lib/python3.12/site-packages/sqlalchemy/engine/default.py:922: in do_execute
    cursor.execute(statement, parameters)
        context    = <sqlalchemy.dialects.sqlite.aiosqlite.SQLiteExecutionContext_aiosqlite object at 0x78efe0bd21b0>
        cursor     = <sqlalchemy.dialects.sqlite.aiosqlite.AsyncAdapt_aiosqlite_cursor object at 0x78efe0ba7e20>
        parameters = ()
        self       = <sqlalchemy.dialects.sqlite.aiosqlite.SQLiteDialect_aiosqlite object at 0x78efe0cc3620>
        statement  = 'CREATE UNIQUE INDEX ix_users_email ON users (email)'
venv/lib/python3.12/site-packages/sqlalchemy/dialects/sqlite/aiosqlite.py:146: in execute
    self._adapt_connection._handle_exception(error)
        _cursor    = <aiosqlite.cursor.Cursor object at 0x78efe0bd2210>
        operation  = 'CREATE UNIQUE INDEX ix_users_email ON users (email)'
        parameters = ()
        self       = <sqlalchemy.dialects.sqlite.aiosqlite.AsyncAdapt_aiosqlite_cursor object at 0x78efe0ba7e20>
venv/lib/python3.12/site-packages/sqlalchemy/dialects/sqlite/aiosqlite.py:298: in _handle_exception
    raise error
        error      = OperationalError('index ix_users_email already exists')
        self       = <AdaptedConnection <aiosqlite.core.Connection object at 0x78efe0bd0950>>
venv/lib/python3.12/site-packages/sqlalchemy/dialects/sqlite/aiosqlite.py:128: in execute
    self.await_(_cursor.execute(operation, parameters))
        _cursor    = <aiosqlite.cursor.Cursor object at 0x78efe0bd2210>
        operation  = 'CREATE UNIQUE INDEX ix_users_email ON users (email)'
        parameters = ()
        self       = <sqlalchemy.dialects.sqlite.aiosqlite.AsyncAdapt_aiosqlite_cursor object at 0x78efe0ba7e20>
venv/lib/python3.12/site-packages/sqlalchemy/util/_concurrency_py3k.py:130: in await_only
    return current.driver.switch(awaitable)  # type: ignore[no-any-return]
        awaitable  = <coroutine object Cursor.execute at 0x78efe0be19a0>
        current    = <_AsyncIoGreenlet object at 0x78efe0b41940 (otid=0x1d6ace30) dead>
venv/lib/python3.12/site-packages/sqlalchemy/util/_concurrency_py3k.py:195: in greenlet_spawn
    value = await result
        _require_await = False
        args       = (<sqlalchemy.engine.base.Connection object at 0x78efe0bd0380>,)
        context    = <_AsyncIoGreenlet object at 0x78efe0b41940 (otid=0x1d6ace30) dead>
        fn         = <bound method MetaData.create_all of MetaData()>
        kwargs     = {}
        result     = <coroutine object Cursor.execute at 0x78efe0be19a0>
        switch_occurred = True
        value      = <aiosqlite.cursor.Cursor object at 0x78efe0bd2210>
venv/lib/python3.12/site-packages/aiosqlite/cursor.py:40: in execute
    await self._execute(self._cursor.execute, sql, parameters)
        parameters = ()
        self       = <aiosqlite.cursor.Cursor object at 0x78efe0bd2210>
        sql        = 'CREATE UNIQUE INDEX ix_users_email ON users (email)'
venv/lib/python3.12/site-packages/aiosqlite/cursor.py:32: in _execute
    return await self._conn._execute(fn, *args, **kwargs)
        args       = ('CREATE UNIQUE INDEX ix_users_email ON users (email)', ())
        fn         = <built-in method execute of sqlite3.Cursor object at 0x78efe0bb97c0>
        kwargs     = {}
        self       = <aiosqlite.cursor.Cursor object at 0x78efe0bd2210>
venv/lib/python3.12/site-packages/aiosqlite/core.py:160: in _execute
    return await future
        args       = ('CREATE UNIQUE INDEX ix_users_email ON users (email)', ())
        fn         = <built-in method execute of sqlite3.Cursor object at 0x78efe0bb97c0>
        function   = functools.partial(<built-in method execute of sqlite3.Cursor object at 0x78efe0bb97c0>, 'CREATE UNIQUE INDEX ix_users_email ON users (email)', ())
        future     = <Future finished exception=OperationalError('index ix_users_email already exists')>
        kwargs     = {}
        self       = <aiosqlite.core.Connection object at 0x78efe0bd0950>
venv/lib/python3.12/site-packages/aiosqlite/core.py:63: in _connection_worker_thread
    result = function()
E   sqlalchemy.exc.OperationalError: (sqlite3.OperationalError) index ix_users_email already exists
E   [SQL: CREATE UNIQUE INDEX ix_users_email ON users (email)]
E   (Background on this error at: https://sqlalche.me/e/20/e3q8)
        function   = functools.partial(<built-in method rollback of sqlite3.Connection object at 0x78efe0b6f2e0>)
        future     = <Future finished result=None>
        result     = None
        tx         = <_queue.SimpleQueue object at 0x78efe0bd7060>
_____________ ERROR at setup of test_sync_status_enum_transitions ______________
venv/lib/python3.12/site-packages/sqlalchemy/engine/base.py:1969: in _exec_single_context
    self.dialect.do_execute(
        context    = <sqlalchemy.dialects.sqlite.aiosqlite.SQLiteExecutionContext_aiosqlite object at 0x78efe0bd21b0>
        cursor     = <sqlalchemy.dialects.sqlite.aiosqlite.AsyncAdapt_aiosqlite_cursor object at 0x78efe0ba7e20>
        dialect    = <sqlalchemy.dialects.sqlite.aiosqlite.SQLiteDialect_aiosqlite object at 0x78efe0cc3620>
        effective_parameters = ()
        evt_handled = False
        parameters = [()]
        self       = <sqlalchemy.engine.base.Connection object at 0x78efe0bd0380>
        statement  = <sqlalchemy.dialects.sqlite.base.SQLiteDDLCompiler object at 0x78efe0bd18e0>
        str_statement = 'CREATE UNIQUE INDEX ix_users_email ON users (email)'
venv/lib/python3.12/site-packages/sqlalchemy/engine/default.py:922: in do_execute
    cursor.execute(statement, parameters)
        context    = <sqlalchemy.dialects.sqlite.aiosqlite.SQLiteExecutionContext_aiosqlite object at 0x78efe0bd21b0>
        cursor     = <sqlalchemy.dialects.sqlite.aiosqlite.AsyncAdapt_aiosqlite_cursor object at 0x78efe0ba7e20>
        parameters = ()
        self       = <sqlalchemy.dialects.sqlite.aiosqlite.SQLiteDialect_aiosqlite object at 0x78efe0cc3620>
        statement  = 'CREATE UNIQUE INDEX ix_users_email ON users (email)'
venv/lib/python3.12/site-packages/sqlalchemy/dialects/sqlite/aiosqlite.py:146: in execute
    self._adapt_connection._handle_exception(error)
        _cursor    = <aiosqlite.cursor.Cursor object at 0x78efe0bd2210>
        operation  = 'CREATE UNIQUE INDEX ix_users_email ON users (email)'
        parameters = ()
        self       = <sqlalchemy.dialects.sqlite.aiosqlite.AsyncAdapt_aiosqlite_cursor object at 0x78efe0ba7e20>
venv/lib/python3.12/site-packages/sqlalchemy/dialects/sqlite/aiosqlite.py:298: in _handle_exception
    raise error
        error      = OperationalError('index ix_users_email already exists')
        self       = <AdaptedConnection <aiosqlite.core.Connection object at 0x78efe0bd0950>>
venv/lib/python3.12/site-packages/sqlalchemy/dialects/sqlite/aiosqlite.py:128: in execute
    self.await_(_cursor.execute(operation, parameters))
        _cursor    = <aiosqlite.cursor.Cursor object at 0x78efe0bd2210>
        operation  = 'CREATE UNIQUE INDEX ix_users_email ON users (email)'
        parameters = ()
        self       = <sqlalchemy.dialects.sqlite.aiosqlite.AsyncAdapt_aiosqlite_cursor object at 0x78efe0ba7e20>
venv/lib/python3.12/site-packages/sqlalchemy/util/_concurrency_py3k.py:130: in await_only
    return current.driver.switch(awaitable)  # type: ignore[no-any-return]
        awaitable  = <coroutine object Cursor.execute at 0x78efe0be19a0>
        current    = <_AsyncIoGreenlet object at 0x78efe0b41940 (otid=0x1d6ace30) dead>
venv/lib/python3.12/site-packages/sqlalchemy/util/_concurrency_py3k.py:195: in greenlet_spawn
    value = await result
        _require_await = False
        args       = (<sqlalchemy.engine.base.Connection object at 0x78efe0bd0380>,)
        context    = <_AsyncIoGreenlet object at 0x78efe0b41940 (otid=0x1d6ace30) dead>
        fn         = <bound method MetaData.create_all of MetaData()>
        kwargs     = {}
        result     = <coroutine object Cursor.execute at 0x78efe0be19a0>
        switch_occurred = True
        value      = <aiosqlite.cursor.Cursor object at 0x78efe0bd2210>
venv/lib/python3.12/site-packages/aiosqlite/cursor.py:40: in execute
    await self._execute(self._cursor.execute, sql, parameters)
        parameters = ()
        self       = <aiosqlite.cursor.Cursor object at 0x78efe0bd2210>
        sql        = 'CREATE UNIQUE INDEX ix_users_email ON users (email)'
venv/lib/python3.12/site-packages/aiosqlite/cursor.py:32: in _execute
    return await self._conn._execute(fn, *args, **kwargs)
        args       = ('CREATE UNIQUE INDEX ix_users_email ON users (email)', ())
        fn         = <built-in method execute of sqlite3.Cursor object at 0x78efe0bb97c0>
        kwargs     = {}
        self       = <aiosqlite.cursor.Cursor object at 0x78efe0bd2210>
venv/lib/python3.12/site-packages/aiosqlite/core.py:160: in _execute
    return await future
        args       = ('CREATE UNIQUE INDEX ix_users_email ON users (email)', ())
        fn         = <built-in method execute of sqlite3.Cursor object at 0x78efe0bb97c0>
        function   = functools.partial(<built-in method execute of sqlite3.Cursor object at 0x78efe0bb97c0>, 'CREATE UNIQUE INDEX ix_users_email ON users (email)', ())
        future     = <Future finished exception=OperationalError('index ix_users_email already exists')>
        kwargs     = {}
        self       = <aiosqlite.core.Connection object at 0x78efe0bd0950>
venv/lib/python3.12/site-packages/aiosqlite/core.py:63: in _connection_worker_thread
    result = function()
E   sqlite3.OperationalError: index ix_users_email already exists
        function   = functools.partial(<built-in method rollback of sqlite3.Connection object at 0x78efe0b6f2e0>)
        future     = <Future finished result=None>
        result     = None
        tx         = <_queue.SimpleQueue object at 0x78efe0bd7060>

The above exception was the direct cause of the following exception:
venv/lib/python3.12/site-packages/pytest_asyncio/plugin.py:336: in _asyncgen_fixture_wrapper
    result = event_loop.run_until_complete(setup())
        event_loop = <_UnixSelectorEventLoop running=False closed=False debug=False>
        event_loop_fixture_id = '_session_event_loop'
        finalizer  = <function _wrap_asyncgen_fixture.<locals>._asyncgen_fixture_wrapper.<locals>.finalizer at 0x78efe0ba99e0>
        fixture    = <function engine at 0x78f001182b60>
        fixturedef = <FixtureDef argname='engine' scope='session' baseid='tests'>
        func       = <function engine at 0x78f001182b60>
        gen_obj    = <async_generator object engine at 0x78efe0b6ec50>
        kwargs     = {}
        request    = <SubRequest 'engine' for <Coroutine test_chat_session_creation_with_user>>
        setup      = <function _wrap_asyncgen_fixture.<locals>._asyncgen_fixture_wrapper.<locals>.setup at 0x78efe0ba9a80>
/usr/lib/python3.12/asyncio/base_events.py:687: in run_until_complete
    return future.result()
        future     = <Task finished name='Task-1' coro=<_wrap_asyncgen_fixture.<locals>._asyncgen_fixture_wrapper.<locals>.setup() done, defined at /mnt/d/workspace/ChatApplication/project-code/backend/venv/lib/python3.12/site-packages/pytest_asyncio/plugin.py:317> exception=OperationalError('(sqlite3.OperationalError) index ix_users_email already exists')>
        new_task   = True
        self       = <_UnixSelectorEventLoop running=False closed=False debug=False>
venv/lib/python3.12/site-packages/pytest_asyncio/plugin.py:318: in setup
    res = await gen_obj.__anext__()
        gen_obj    = <async_generator object engine at 0x78efe0b6ec50>
tests/conftest.py:62: in engine
    await conn.run_sync(Base.metadata.create_all)
        conn       = <sqlalchemy.ext.asyncio.engine.AsyncConnection object at 0x78efe0bd6850>
        test_engine = <sqlalchemy.ext.asyncio.engine.AsyncEngine object at 0x78f001041090>
venv/lib/python3.12/site-packages/sqlalchemy/ext/asyncio/engine.py:891: in run_sync
    return await greenlet_spawn(fn, self._proxied, *arg, **kw)
        arg        = ()
        fn         = <bound method MetaData.create_all of MetaData()>
        kw         = {}
        self       = <sqlalchemy.ext.asyncio.engine.AsyncConnection object at 0x78efe0bd6850>
venv/lib/python3.12/site-packages/sqlalchemy/util/_concurrency_py3k.py:200: in greenlet_spawn
    result = context.throw(*sys.exc_info())
        _require_await = False
        args       = (<sqlalchemy.engine.base.Connection object at 0x78efe0bd0380>,)
        context    = <_AsyncIoGreenlet object at 0x78efe0b41940 (otid=0x1d6ace30) dead>
        fn         = <bound method MetaData.create_all of MetaData()>
        kwargs     = {}
        result     = <coroutine object Cursor.execute at 0x78efe0be19a0>
        switch_occurred = True
        value      = <aiosqlite.cursor.Cursor object at 0x78efe0bd2210>
venv/lib/python3.12/site-packages/sqlalchemy/sql/schema.py:5832: in create_all
    bind._run_ddl_visitor(
        bind       = <sqlalchemy.engine.base.Connection object at 0x78efe0bd0380>
        checkfirst = True
        self       = MetaData()
        tables     = None
venv/lib/python3.12/site-packages/sqlalchemy/engine/base.py:2448: in _run_ddl_visitor
    visitorcallable(self.dialect, self, **kwargs).traverse_single(element)
        element    = MetaData()
        kwargs     = {'checkfirst': True, 'tables': None}
        self       = <sqlalchemy.engine.base.Connection object at 0x78efe0bd0380>
        visitorcallable = <class 'sqlalchemy.sql.ddl.SchemaGenerator'>
venv/lib/python3.12/site-packages/sqlalchemy/sql/visitors.py:671: in traverse_single
    return meth(obj, **kw)
        kw         = {}
        meth       = <bound method SchemaGenerator.visit_metadata of <sqlalchemy.sql.ddl.SchemaGenerator object at 0x78efe0ce40d0>>
        obj        = MetaData()
        self       = <sqlalchemy.sql.ddl.SchemaGenerator object at 0x78efe0ce40d0>
        v          = <sqlalchemy.sql.ddl.SchemaGenerator object at 0x78efe0ce40d0>
venv/lib/python3.12/site-packages/sqlalchemy/sql/ddl.py:919: in visit_metadata
    self.traverse_single(
        collection = [(Table('users', MetaData(), Column('id', GUID(), table=<users>, primary_key=True, nullable=False, default=CallableColumnDefault(<function uuid4 at 0x78f001182de0>)), Column('email', String(length=255), table=<users>), Column('password_hash', String(length=255), table=<users>), Column('role', Enum('ADMIN', 'USER', 'ANONYMOUS', name='user_role'), table=<users>, nullable=False, default=ScalarElementColumnDefault(<UserRole.ANONYMOUS: 'anonymous'>)), Column('is_active', Boolean(), table=<users>, nullable=False, default=ScalarElementColumnDefault(True)), Column('created_at', DateTime(timezone=True), table=<users>, nullable=False, default=CallableColumnDefault(<function datetime.utcnow at 0x78f0011e8ea0>)), Column('last_login', DateTime(timezone=True), table=<users>), schema=None),
  set()),
 (Table('chat_sessions', MetaData(), Column('id', GUID(), table=<chat_sessions>, primary_key=True, nullable=False, default=CallableColumnDefault(<function uuid4 at 0x78f001078720>)), Column('user_id', GUID(), ForeignKey('users.id'), table=<chat_sessions>), Column('session_token', String(length=255), table=<chat_sessions>, nullable=False), Column('created_at', DateTime(timezone=True), table=<chat_sessions>, nullable=False, default=CallableColumnDefault(<function datetime.utcnow at 0x78f0010787c0>)), Column('updated_at', DateTime(timezone=True), table=<chat_sessions>, nullable=False, onupdate=CallableColumnDefault(<function datetime.utcnow at 0x78f001078ae0>), default=CallableColumnDefault(<function datetime.utcnow at 0x78f001078a40>)), Column('metadata', JSON(), table=<chat_sessions>, default=CallableColumnDefault(<function dict at 0x78f001078b80>)), schema=None),
  {ForeignKeyConstraint(<sqlalchemy.sql.base.ReadOnlyColumnCollection object at 0x78efdb3365c0>, None, ondelete='SET NULL', table=Table('chat_sessions', MetaData(), Column('id', GUID(), table=<chat_sessions>, primary_key=True, nullable=False, default=CallableColumnDefault(<function uuid4 at 0x78f001078720>)), Column('user_id', GUID(), ForeignKey('users.id'), table=<chat_sessions>), Column('session_token', String(length=255), table=<chat_sessions>, nullable=False), Column('created_at', DateTime(timezone=True), table=<chat_sessions>, nullable=False, default=CallableColumnDefault(<function datetime.utcnow at 0x78f0010787c0>)), Column('updated_at', DateTime(timezone=True), table=<chat_sessions>, nullable=False, onupdate=CallableColumnDefault(<function datetime.utcnow at 0x78f001078ae0>), default=CallableColumnDefault(<function datetime.utcnow at 0x78f001078a40>)), Column('metadata', JSON(), table=<chat_sessions>, default=CallableColumnDefault(<function dict at 0x78f001078b80>)), schema=None))}),
 (Table('data_sources', MetaData(), Column('id', GUID(), table=<data_sources>, primary_key=True, nullable=False, default=CallableColumnDefault(<function uuid4 at 0x78f00107bd80>)), Column('name', String(length=255), table=<data_sources>, nullable=False), Column('type', Enum('CONFLUENCE', 'JIRA', 'GITHUB', 'ONBOARDING', name='source_type'), table=<data_sources>, nullable=False), Column('config', JSON(), table=<data_sources>, nullable=False, default=CallableColumnDefault(<function dict at 0x78f001018040>)), Column('last_sync_at', DateTime(timezone=True), table=<data_sources>), Column('sync_status', Enum('PENDING', 'SYNCING', 'SUCCESS', 'FAILED', name='sync_status'), table=<data_sources>, nullable=False, default=ScalarElementColumnDefault(<SyncStatus.PENDING: 'pending'>)), Column('sync_error', Text(), table=<data_sources>), Column('created_by', GUID(), ForeignKey('users.id'), table=<data_sources>, nullable=False), Column('is_active', Boolean(), table=<data_sources>, nullable=False, default=ScalarElementColumnDefault(True)), schema=None),
  {ForeignKeyConstraint(<sqlalchemy.sql.base.ReadOnlyColumnCollection object at 0x78efdb336610>, None, ondelete='CASCADE', table=Table('data_sources', MetaData(), Column('id', GUID(), table=<data_sources>, primary_key=True, nullable=False, default=CallableColumnDefault(<function uuid4 at 0x78f00107bd80>)), Column('name', String(length=255), table=<data_sources>, nullable=False), Column('type', Enum('CONFLUENCE', 'JIRA', 'GITHUB', 'ONBOARDING', name='source_type'), table=<data_sources>, nullable=False), Column('config', JSON(), table=<data_sources>, nullable=False, default=CallableColumnDefault(<function dict at 0x78f001018040>)), Column('last_sync_at', DateTime(timezone=True), table=<data_sources>), Column('sync_status', Enum('PENDING', 'SYNCING', 'SUCCESS', 'FAILED', name='sync_status'), table=<data_sources>, nullable=False, default=ScalarElementColumnDefault(<SyncStatus.PENDING: 'pending'>)), Column('sync_error', Text(), table=<data_sources>), Column('created_by', GUID(), ForeignKey('users.id'), table=<data_sources>, nullable=False), Column('is_active', Boolean(), table=<data_sources>, nullable=False, default=ScalarElementColumnDefault(True)), schema=None))}),
 (Table('messages', MetaData(), Column('id', GUID(), table=<messages>, primary_key=True, nullable=False, default=CallableColumnDefault(<function uuid4 at 0x78f00107a020>)), Column('session_id', GUID(), ForeignKey('chat_sessions.id'), table=<messages>, nullable=False), Column('role', Enum('USER', 'ASSISTANT', 'SYSTEM', name='message_role'), table=<messages>, nullable=False), Column('content', Text(), table=<messages>, nullable=False), Column('created_at', DateTime(timezone=True), table=<messages>, nullable=False, default=CallableColumnDefault(<function datetime.utcnow at 0x78f00107a3e0>)), Column('sources', JSON(), table=<messages>, default=CallableColumnDefault(<function dict at 0x78f00107a520>)), Column('feedback', JSON(), table=<messages>, default=CallableColumnDefault(<function dict at 0x78f00107a660>)), schema=None),
  {ForeignKeyConstraint(<sqlalchemy.sql.base.ReadOnlyColumnCollection object at 0x78efdb3366b0>, None, ondelete='CASCADE', table=Table('messages', MetaData(), Column('id', GUID(), table=<messages>, primary_key=True, nullable=False, default=CallableColumnDefault(<function uuid4 at 0x78f00107a020>)), Column('session_id', GUID(), ForeignKey('chat_sessions.id'), table=<messages>, nullable=False), Column('role', Enum('USER', 'ASSISTANT', 'SYSTEM', name='message_role'), table=<messages>, nullable=False), Column('content', Text(), table=<messages>, nullable=False), Column('created_at', DateTime(timezone=True), table=<messages>, nullable=False, default=CallableColumnDefault(<function datetime.utcnow at 0x78f00107a3e0>)), Column('sources', JSON(), table=<messages>, default=CallableColumnDefault(<function dict at 0x78f00107a520>)), Column('feedback', JSON(), table=<messages>, default=CallableColumnDefault(<function dict at 0x78f00107a660>)), schema=None))}),
 (Table('sync_logs', MetaData(), Column('id', GUID(), table=<sync_logs>, primary_key=True, nullable=False, default=CallableColumnDefault(<function uuid4 at 0x78f00101a3e0>)), Column('source_id', GUID(), ForeignKey('data_sources.id'), table=<sync_logs>, nullable=False), Column('started_at', DateTime(timezone=True), table=<sync_logs>, nullable=False, default=CallableColumnDefault(<function datetime.utcnow at 0x78f00101a480>)), Column('completed_at', DateTime(timezone=True), table=<sync_logs>), Column('status', Enum('PENDING', 'SYNCING', 'SUCCESS', 'FAILED', name='sync_status'), table=<sync_logs>, nullable=False, default=ScalarElementColumnDefault(<SyncStatus.PENDING: 'pending'>)), Column('documents_processed', Integer(), table=<sync_logs>, nullable=False, default=ScalarElementColumnDefault(0)), Column('documents_added', Integer(), table=<sync_logs>, nullable=False, default=ScalarElementColumnDefault(0)), Column('documents_updated', Integer(), table=<sync_logs>, nullable=False, default=ScalarElementColumnDefault(0)), Column('documents_deleted', Integer(), table=<sync_logs>, nullable=False, default=ScalarElementColumnDefault(0)), Column('error_log', Text(), table=<sync_logs>), schema=None),
  {ForeignKeyConstraint(<sqlalchemy.sql.base.ReadOnlyColumnCollection object at 0x78efdb336660>, None, ondelete='CASCADE', table=Table('sync_logs', MetaData(), Column('id', GUID(), table=<sync_logs>, primary_key=True, nullable=False, default=CallableColumnDefault(<function uuid4 at 0x78f00101a3e0>)), Column('source_id', GUID(), ForeignKey('data_sources.id'), table=<sync_logs>, nullable=False), Column('started_at', DateTime(timezone=True), table=<sync_logs>, nullable=False, default=CallableColumnDefault(<function datetime.utcnow at 0x78f00101a480>)), Column('completed_at', DateTime(timezone=True), table=<sync_logs>), Column('status', Enum('PENDING', 'SYNCING', 'SUCCESS', 'FAILED', name='sync_status'), table=<sync_logs>, nullable=False, default=ScalarElementColumnDefault(<SyncStatus.PENDING: 'pending'>)), Column('documents_processed', Integer(), table=<sync_logs>, nullable=False, default=ScalarElementColumnDefault(0)), Column('documents_added', Integer(), table=<sync_logs>, nullable=False, default=ScalarElementColumnDefault(0)), Column('documents_updated', Integer(), table=<sync_logs>, nullable=False, default=ScalarElementColumnDefault(0)), Column('documents_deleted', Integer(), table=<sync_logs>, nullable=False, default=ScalarElementColumnDefault(0)), Column('error_log', Text(), table=<sync_logs>), schema=None))}),
 (Table('documents', MetaData(), Column('id', UUID(), table=<documents>, primary_key=True, nullable=False, default=CallableColumnDefault(<function uuid4 at 0x78f00101bec0>)), Column('source_id', UUID(), ForeignKey('data_sources.id'), table=<documents>, nullable=False), Column('external_id', String(length=255), table=<documents>, nullable=False), Column('title', Text(), table=<documents>, nullable=False), Column('content', Text(), table=<documents>, nullable=False), Column('url', Text(), table=<documents>), Column('metadata', JSONB(astext_type=Text()), table=<documents>, default=CallableColumnDefault(<function dict at 0x78f000fec360>)), Column('created_at', DateTime(timezone=True), table=<documents>, nullable=False, default=CallableColumnDefault(<function datetime.utcnow at 0x78efe0cbef20>)), Column('updated_at', DateTime(timezone=True), table=<documents>, nullable=False, onupdate=CallableColumnDefault(<function datetime.utcnow at 0x78efe0cbf060>), default=CallableColumnDefault(<function datetime.utcnow at 0x78efe0cbefc0>)), Column('is_deleted', Boolean(), table=<documents>, nullable=False, default=ScalarElementColumnDefault(False)), schema=None),
  {ForeignKeyConstraint(<sqlalchemy.sql.base.ReadOnlyColumnCollection object at 0x78efdb336750>, None, ondelete='CASCADE', table=Table('documents', MetaData(), Column('id', UUID(), table=<documents>, primary_key=True, nullable=False, default=CallableColumnDefault(<function uuid4 at 0x78f00101bec0>)), Column('source_id', UUID(), ForeignKey('data_sources.id'), table=<documents>, nullable=False), Column('external_id', String(length=255), table=<documents>, nullable=False), Column('title', Text(), table=<documents>, nullable=False), Column('content', Text(), table=<documents>, nullable=False), Column('url', Text(), table=<documents>), Column('metadata', JSONB(astext_type=Text()), table=<documents>, default=CallableColumnDefault(<function dict at 0x78f000fec360>)), Column('created_at', DateTime(timezone=True), table=<documents>, nullable=False, default=CallableColumnDefault(<function datetime.utcnow at 0x78efe0cbef20>)), Column('updated_at', DateTime(timezone=True), table=<documents>, nullable=False, onupdate=CallableColumnDefault(<function datetime.utcnow at 0x78efe0cbf060>), default=CallableColumnDefault(<function datetime.utcnow at 0x78efe0cbefc0>)), Column('is_deleted', Boolean(), table=<documents>, nullable=False, default=ScalarElementColumnDefault(False)), schema=None))}),
 (Table('document_chunks', MetaData(), Column('id', UUID(), table=<document_chunks>, primary_key=True, nullable=False, default=CallableColumnDefault(<function uuid4 at 0x78efe0ce0720>)), Column('document_id', UUID(), ForeignKey('documents.id'), table=<document_chunks>, nullable=False), Column('chunk_index', Integer(), table=<document_chunks>, nullable=False), Column('content', Text(), table=<document_chunks>, nullable=False), Column('embedding', Vector(dim=384), table=<document_chunks>), Column('metadata', JSONB(astext_type=Text()), table=<document_chunks>, default=CallableColumnDefault(<function dict at 0x78efe0ce07c0>)), Column('created_at', DateTime(timezone=True), table=<document_chunks>, nullable=False, default=CallableColumnDefault(<function datetime.utcnow at 0x78efe0ce09a0>)), schema=None),
  {ForeignKeyConstraint(<sqlalchemy.sql.base.ReadOnlyColumnCollection object at 0x78efdb3367a0>, None, ondelete='CASCADE', table=Table('document_chunks', MetaData(), Column('id', UUID(), table=<document_chunks>, primary_key=True, nullable=False, default=CallableColumnDefault(<function uuid4 at 0x78efe0ce0720>)), Column('document_id', UUID(), ForeignKey('documents.id'), table=<document_chunks>, nullable=False), Column('chunk_index', Integer(), table=<document_chunks>, nullable=False), Column('content', Text(), table=<document_chunks>, nullable=False), Column('embedding', Vector(dim=384), table=<document_chunks>), Column('metadata', JSONB(astext_type=Text()), table=<document_chunks>, default=CallableColumnDefault(<function dict at 0x78efe0ce07c0>)), Column('created_at', DateTime(timezone=True), table=<document_chunks>, nullable=False, default=CallableColumnDefault(<function datetime.utcnow at 0x78efe0ce09a0>)), schema=None))}),
 (None, [])]
        event_collection = [Table('users', MetaData(), Column('id', GUID(), table=<users>, primary_key=True, nullable=False, default=CallableColumnDefault(<function uuid4 at 0x78f001182de0>)), Column('email', String(length=255), table=<users>), Column('password_hash', String(length=255), table=<users>), Column('role', Enum('ADMIN', 'USER', 'ANONYMOUS', name='user_role'), table=<users>, nullable=False, default=ScalarElementColumnDefault(<UserRole.ANONYMOUS: 'anonymous'>)), Column('is_active', Boolean(), table=<users>, nullable=False, default=ScalarElementColumnDefault(True)), Column('created_at', DateTime(timezone=True), table=<users>, nullable=False, default=CallableColumnDefault(<function datetime.utcnow at 0x78f0011e8ea0>)), Column('last_login', DateTime(timezone=True), table=<users>), schema=None),
 Table('chat_sessions', MetaData(), Column('id', GUID(), table=<chat_sessions>, primary_key=True, nullable=False, default=CallableColumnDefault(<function uuid4 at 0x78f001078720>)), Column('user_id', GUID(), ForeignKey('users.id'), table=<chat_sessions>), Column('session_token', String(length=255), table=<chat_sessions>, nullable=False), Column('created_at', DateTime(timezone=True), table=<chat_sessions>, nullable=False, default=CallableColumnDefault(<function datetime.utcnow at 0x78f0010787c0>)), Column('updated_at', DateTime(timezone=True), table=<chat_sessions>, nullable=False, onupdate=CallableColumnDefault(<function datetime.utcnow at 0x78f001078ae0>), default=CallableColumnDefault(<function datetime.utcnow at 0x78f001078a40>)), Column('metadata', JSON(), table=<chat_sessions>, default=CallableColumnDefault(<function dict at 0x78f001078b80>)), schema=None),
 Table('data_sources', MetaData(), Column('id', GUID(), table=<data_sources>, primary_key=True, nullable=False, default=CallableColumnDefault(<function uuid4 at 0x78f00107bd80>)), Column('name', String(length=255), table=<data_sources>, nullable=False), Column('type', Enum('CONFLUENCE', 'JIRA', 'GITHUB', 'ONBOARDING', name='source_type'), table=<data_sources>, nullable=False), Column('config', JSON(), table=<data_sources>, nullable=False, default=CallableColumnDefault(<function dict at 0x78f001018040>)), Column('last_sync_at', DateTime(timezone=True), table=<data_sources>), Column('sync_status', Enum('PENDING', 'SYNCING', 'SUCCESS', 'FAILED', name='sync_status'), table=<data_sources>, nullable=False, default=ScalarElementColumnDefault(<SyncStatus.PENDING: 'pending'>)), Column('sync_error', Text(), table=<data_sources>), Column('created_by', GUID(), ForeignKey('users.id'), table=<data_sources>, nullable=False), Column('is_active', Boolean(), table=<data_sources>, nullable=False, default=ScalarElementColumnDefault(True)), schema=None),
 Table('messages', MetaData(), Column('id', GUID(), table=<messages>, primary_key=True, nullable=False, default=CallableColumnDefault(<function uuid4 at 0x78f00107a020>)), Column('session_id', GUID(), ForeignKey('chat_sessions.id'), table=<messages>, nullable=False), Column('role', Enum('USER', 'ASSISTANT', 'SYSTEM', name='message_role'), table=<messages>, nullable=False), Column('content', Text(), table=<messages>, nullable=False), Column('created_at', DateTime(timezone=True), table=<messages>, nullable=False, default=CallableColumnDefault(<function datetime.utcnow at 0x78f00107a3e0>)), Column('sources', JSON(), table=<messages>, default=CallableColumnDefault(<function dict at 0x78f00107a520>)), Column('feedback', JSON(), table=<messages>, default=CallableColumnDefault(<function dict at 0x78f00107a660>)), schema=None),
 Table('sync_logs', MetaData(), Column('id', GUID(), table=<sync_logs>, primary_key=True, nullable=False, default=CallableColumnDefault(<function uuid4 at 0x78f00101a3e0>)), Column('source_id', GUID(), ForeignKey('data_sources.id'), table=<sync_logs>, nullable=False), Column('started_at', DateTime(timezone=True), table=<sync_logs>, nullable=False, default=CallableColumnDefault(<function datetime.utcnow at 0x78f00101a480>)), Column('completed_at', DateTime(timezone=True), table=<sync_logs>), Column('status', Enum('PENDING', 'SYNCING', 'SUCCESS', 'FAILED', name='sync_status'), table=<sync_logs>, nullable=False, default=ScalarElementColumnDefault(<SyncStatus.PENDING: 'pending'>)), Column('documents_processed', Integer(), table=<sync_logs>, nullable=False, default=ScalarElementColumnDefault(0)), Column('documents_added', Integer(), table=<sync_logs>, nullable=False, default=ScalarElementColumnDefault(0)), Column('documents_updated', Integer(), table=<sync_logs>, nullable=False, default=ScalarElementColumnDefault(0)), Column('documents_deleted', Integer(), table=<sync_logs>, nullable=False, default=ScalarElementColumnDefault(0)), Column('error_log', Text(), table=<sync_logs>), schema=None),
 Table('documents', MetaData(), Column('id', UUID(), table=<documents>, primary_key=True, nullable=False, default=CallableColumnDefault(<function uuid4 at 0x78f00101bec0>)), Column('source_id', UUID(), ForeignKey('data_sources.id'), table=<documents>, nullable=False), Column('external_id', String(length=255), table=<documents>, nullable=False), Column('title', Text(), table=<documents>, nullable=False), Column('content', Text(), table=<documents>, nullable=False), Column('url', Text(), table=<documents>), Column('metadata', JSONB(astext_type=Text()), table=<documents>, default=CallableColumnDefault(<function dict at 0x78f000fec360>)), Column('created_at', DateTime(timezone=True), table=<documents>, nullable=False, default=CallableColumnDefault(<function datetime.utcnow at 0x78efe0cbef20>)), Column('updated_at', DateTime(timezone=True), table=<documents>, nullable=False, onupdate=CallableColumnDefault(<function datetime.utcnow at 0x78efe0cbf060>), default=CallableColumnDefault(<function datetime.utcnow at 0x78efe0cbefc0>)), Column('is_deleted', Boolean(), table=<documents>, nullable=False, default=ScalarElementColumnDefault(False)), schema=None),
 Table('document_chunks', MetaData(), Column('id', UUID(), table=<document_chunks>, primary_key=True, nullable=False, default=CallableColumnDefault(<function uuid4 at 0x78efe0ce0720>)), Column('document_id', UUID(), ForeignKey('documents.id'), table=<document_chunks>, nullable=False), Column('chunk_index', Integer(), table=<document_chunks>, nullable=False), Column('content', Text(), table=<document_chunks>, nullable=False), Column('embedding', Vector(dim=384), table=<document_chunks>), Column('metadata', JSONB(astext_type=Text()), table=<document_chunks>, default=CallableColumnDefault(<function dict at 0x78efe0ce07c0>)), Column('created_at', DateTime(timezone=True), table=<document_chunks>, nullable=False, default=CallableColumnDefault(<function datetime.utcnow at 0x78efe0ce09a0>)), schema=None)]
        fkcs       = set()
        metadata   = MetaData()
        self       = <sqlalchemy.sql.ddl.SchemaGenerator object at 0x78efe0ce40d0>
        seq_coll   = []
        table      = Table('users', MetaData(), Column('id', GUID(), table=<users>, primary_key=True, nullable=False, default=CallableColumnDefault(<function uuid4 at 0x78f001182de0>)), Column('email', String(length=255), table=<users>), Column('password_hash', String(length=255), table=<users>), Column('role', Enum('ADMIN', 'USER', 'ANONYMOUS', name='user_role'), table=<users>, nullable=False, default=ScalarElementColumnDefault(<UserRole.ANONYMOUS: 'anonymous'>)), Column('is_active', Boolean(), table=<users>, nullable=False, default=ScalarElementColumnDefault(True)), Column('created_at', DateTime(timezone=True), table=<users>, nullable=False, default=CallableColumnDefault(<function datetime.utcnow at 0x78f0011e8ea0>)), Column('last_login', DateTime(timezone=True), table=<users>), schema=None)
        tables     = [Table('users', MetaData(), Column('id', GUID(), table=<users>, primary_key=True, nullable=False, default=CallableColumnDefault(<function uuid4 at 0x78f001182de0>)), Column('email', String(length=255), table=<users>), Column('password_hash', String(length=255), table=<users>), Column('role', Enum('ADMIN', 'USER', 'ANONYMOUS', name='user_role'), table=<users>, nullable=False, default=ScalarElementColumnDefault(<UserRole.ANONYMOUS: 'anonymous'>)), Column('is_active', Boolean(), table=<users>, nullable=False, default=ScalarElementColumnDefault(True)), Column('created_at', DateTime(timezone=True), table=<users>, nullable=False, default=CallableColumnDefault(<function datetime.utcnow at 0x78f0011e8ea0>)), Column('last_login', DateTime(timezone=True), table=<users>), schema=None),
 Table('chat_sessions', MetaData(), Column('id', GUID(), table=<chat_sessions>, primary_key=True, nullable=False, default=CallableColumnDefault(<function uuid4 at 0x78f001078720>)), Column('user_id', GUID(), ForeignKey('users.id'), table=<chat_sessions>), Column('session_token', String(length=255), table=<chat_sessions>, nullable=False), Column('created_at', DateTime(timezone=True), table=<chat_sessions>, nullable=False, default=CallableColumnDefault(<function datetime.utcnow at 0x78f0010787c0>)), Column('updated_at', DateTime(timezone=True), table=<chat_sessions>, nullable=False, onupdate=CallableColumnDefault(<function datetime.utcnow at 0x78f001078ae0>), default=CallableColumnDefault(<function datetime.utcnow at 0x78f001078a40>)), Column('metadata', JSON(), table=<chat_sessions>, default=CallableColumnDefault(<function dict at 0x78f001078b80>)), schema=None),
 Table('messages', MetaData(), Column('id', GUID(), table=<messages>, primary_key=True, nullable=False, default=CallableColumnDefault(<function uuid4 at 0x78f00107a020>)), Column('session_id', GUID(), ForeignKey('chat_sessions.id'), table=<messages>, nullable=False), Column('role', Enum('USER', 'ASSISTANT', 'SYSTEM', name='message_role'), table=<messages>, nullable=False), Column('content', Text(), table=<messages>, nullable=False), Column('created_at', DateTime(timezone=True), table=<messages>, nullable=False, default=CallableColumnDefault(<function datetime.utcnow at 0x78f00107a3e0>)), Column('sources', JSON(), table=<messages>, default=CallableColumnDefault(<function dict at 0x78f00107a520>)), Column('feedback', JSON(), table=<messages>, default=CallableColumnDefault(<function dict at 0x78f00107a660>)), schema=None),
 Table('data_sources', MetaData(), Column('id', GUID(), table=<data_sources>, primary_key=True, nullable=False, default=CallableColumnDefault(<function uuid4 at 0x78f00107bd80>)), Column('name', String(length=255), table=<data_sources>, nullable=False), Column('type', Enum('CONFLUENCE', 'JIRA', 'GITHUB', 'ONBOARDING', name='source_type'), table=<data_sources>, nullable=False), Column('config', JSON(), table=<data_sources>, nullable=False, default=CallableColumnDefault(<function dict at 0x78f001018040>)), Column('last_sync_at', DateTime(timezone=True), table=<data_sources>), Column('sync_status', Enum('PENDING', 'SYNCING', 'SUCCESS', 'FAILED', name='sync_status'), table=<data_sources>, nullable=False, default=ScalarElementColumnDefault(<SyncStatus.PENDING: 'pending'>)), Column('sync_error', Text(), table=<data_sources>), Column('created_by', GUID(), ForeignKey('users.id'), table=<data_sources>, nullable=False), Column('is_active', Boolean(), table=<data_sources>, nullable=False, default=ScalarElementColumnDefault(True)), schema=None),
 Table('sync_logs', MetaData(), Column('id', GUID(), table=<sync_logs>, primary_key=True, nullable=False, default=CallableColumnDefault(<function uuid4 at 0x78f00101a3e0>)), Column('source_id', GUID(), ForeignKey('data_sources.id'), table=<sync_logs>, nullable=False), Column('started_at', DateTime(timezone=True), table=<sync_logs>, nullable=False, default=CallableColumnDefault(<function datetime.utcnow at 0x78f00101a480>)), Column('completed_at', DateTime(timezone=True), table=<sync_logs>), Column('status', Enum('PENDING', 'SYNCING', 'SUCCESS', 'FAILED', name='sync_status'), table=<sync_logs>, nullable=False, default=ScalarElementColumnDefault(<SyncStatus.PENDING: 'pending'>)), Column('documents_processed', Integer(), table=<sync_logs>, nullable=False, default=ScalarElementColumnDefault(0)), Column('documents_added', Integer(), table=<sync_logs>, nullable=False, default=ScalarElementColumnDefault(0)), Column('documents_updated', Integer(), table=<sync_logs>, nullable=False, default=ScalarElementColumnDefault(0)), Column('documents_deleted', Integer(), table=<sync_logs>, nullable=False, default=ScalarElementColumnDefault(0)), Column('error_log', Text(), table=<sync_logs>), schema=None),
 Table('documents', MetaData(), Column('id', UUID(), table=<documents>, primary_key=True, nullable=False, default=CallableColumnDefault(<function uuid4 at 0x78f00101bec0>)), Column('source_id', UUID(), ForeignKey('data_sources.id'), table=<documents>, nullable=False), Column('external_id', String(length=255), table=<documents>, nullable=False), Column('title', Text(), table=<documents>, nullable=False), Column('content', Text(), table=<documents>, nullable=False), Column('url', Text(), table=<documents>), Column('metadata', JSONB(astext_type=Text()), table=<documents>, default=CallableColumnDefault(<function dict at 0x78f000fec360>)), Column('created_at', DateTime(timezone=True), table=<documents>, nullable=False, default=CallableColumnDefault(<function datetime.utcnow at 0x78efe0cbef20>)), Column('updated_at', DateTime(timezone=True), table=<documents>, nullable=False, onupdate=CallableColumnDefault(<function datetime.utcnow at 0x78efe0cbf060>), default=CallableColumnDefault(<function datetime.utcnow at 0x78efe0cbefc0>)), Column('is_deleted', Boolean(), table=<documents>, nullable=False, default=ScalarElementColumnDefault(False)), schema=None),
 Table('document_chunks', MetaData(), Column('id', UUID(), table=<document_chunks>, primary_key=True, nullable=False, default=CallableColumnDefault(<function uuid4 at 0x78efe0ce0720>)), Column('document_id', UUID(), ForeignKey('documents.id'), table=<document_chunks>, nullable=False), Column('chunk_index', Integer(), table=<document_chunks>, nullable=False), Column('content', Text(), table=<document_chunks>, nullable=False), Column('embedding', Vector(dim=384), table=<document_chunks>), Column('metadata', JSONB(astext_type=Text()), table=<document_chunks>, default=CallableColumnDefault(<function dict at 0x78efe0ce07c0>)), Column('created_at', DateTime(timezone=True), table=<document_chunks>, nullable=False, default=CallableColumnDefault(<function datetime.utcnow at 0x78efe0ce09a0>)), schema=None)]
venv/lib/python3.12/site-packages/sqlalchemy/sql/visitors.py:671: in traverse_single
    return meth(obj, **kw)
        kw         = {'_is_metadata_operation': True,
 'create_ok': True,
 'include_foreign_key_constraints': set()}
        meth       = <bound method SchemaGenerator.visit_table of <sqlalchemy.sql.ddl.SchemaGenerator object at 0x78efe0ce40d0>>
        obj        = Table('users', MetaData(), Column('id', GUID(), table=<users>, primary_key=True, nullable=False, default=CallableColumnDefault(<function uuid4 at 0x78f001182de0>)), Column('email', String(length=255), table=<users>), Column('password_hash', String(length=255), table=<users>), Column('role', Enum('ADMIN', 'USER', 'ANONYMOUS', name='user_role'), table=<users>, nullable=False, default=ScalarElementColumnDefault(<UserRole.ANONYMOUS: 'anonymous'>)), Column('is_active', Boolean(), table=<users>, nullable=False, default=ScalarElementColumnDefault(True)), Column('created_at', DateTime(timezone=True), table=<users>, nullable=False, default=CallableColumnDefault(<function datetime.utcnow at 0x78f0011e8ea0>)), Column('last_login', DateTime(timezone=True), table=<users>), schema=None)
        self       = <sqlalchemy.sql.ddl.SchemaGenerator object at 0x78efe0ce40d0>
        v          = <sqlalchemy.sql.ddl.SchemaGenerator object at 0x78efe0ce40d0>
venv/lib/python3.12/site-packages/sqlalchemy/sql/ddl.py:961: in visit_table
    self.traverse_single(index, create_ok=True)
        _is_metadata_operation = True
        column     = Column('last_login', DateTime(timezone=True), table=<users>)
        create_ok  = True
        include_foreign_key_constraints = None
        index      = Index('ix_users_email', Column('email', String(length=255), table=<users>), unique=True)
        self       = <sqlalchemy.sql.ddl.SchemaGenerator object at 0x78efe0ce40d0>
        table      = Table('users', MetaData(), Column('id', GUID(), table=<users>, primary_key=True, nullable=False, default=CallableColumnDefault(<function uuid4 at 0x78f001182de0>)), Column('email', String(length=255), table=<users>), Column('password_hash', String(length=255), table=<users>), Column('role', Enum('ADMIN', 'USER', 'ANONYMOUS', name='user_role'), table=<users>, nullable=False, default=ScalarElementColumnDefault(<UserRole.ANONYMOUS: 'anonymous'>)), Column('is_active', Boolean(), table=<users>, nullable=False, default=ScalarElementColumnDefault(True)), Column('created_at', DateTime(timezone=True), table=<users>, nullable=False, default=CallableColumnDefault(<function datetime.utcnow at 0x78f0011e8ea0>)), Column('last_login', DateTime(timezone=True), table=<users>), schema=None)
venv/lib/python3.12/site-packages/sqlalchemy/sql/visitors.py:671: in traverse_single
    return meth(obj, **kw)
        kw         = {'create_ok': True}
        meth       = <bound method SchemaGenerator.visit_index of <sqlalchemy.sql.ddl.SchemaGenerator object at 0x78efe0ce40d0>>
        obj        = Index('ix_users_email', Column('email', String(length=255), table=<users>), unique=True)
        self       = <sqlalchemy.sql.ddl.SchemaGenerator object at 0x78efe0ce40d0>
        v          = <sqlalchemy.sql.ddl.SchemaGenerator object at 0x78efe0ce40d0>
venv/lib/python3.12/site-packages/sqlalchemy/sql/ddl.py:998: in visit_index
    CreateIndex(index)._invoke_with(self.connection)
        create_ok  = True
        index      = Index('ix_users_email', Column('email', String(length=255), table=<users>), unique=True)
        self       = <sqlalchemy.sql.ddl.SchemaGenerator object at 0x78efe0ce40d0>
venv/lib/python3.12/site-packages/sqlalchemy/sql/ddl.py:315: in _invoke_with
    return bind.execute(self)
        bind       = <sqlalchemy.engine.base.Connection object at 0x78efe0bd0380>
        self       = <sqlalchemy.sql.ddl.CreateIndex object at 0x78f000fe2900>
venv/lib/python3.12/site-packages/sqlalchemy/engine/base.py:1416: in execute
    return meth(
        distilled_parameters = ()
        execution_options = None
        meth       = <bound method ExecutableDDLElement._execute_on_connection of <sqlalchemy.sql.ddl.CreateIndex object at 0x78f000fe2900>>
        parameters = None
        self       = <sqlalchemy.engine.base.Connection object at 0x78efe0bd0380>
        statement  = <sqlalchemy.sql.ddl.CreateIndex object at 0x78f000fe2900>
venv/lib/python3.12/site-packages/sqlalchemy/sql/ddl.py:181: in _execute_on_connection
    return connection._execute_ddl(
        connection = <sqlalchemy.engine.base.Connection object at 0x78efe0bd0380>
        distilled_params = ()
        execution_options = immutabledict({})
        self       = <sqlalchemy.sql.ddl.CreateIndex object at 0x78f000fe2900>
venv/lib/python3.12/site-packages/sqlalchemy/engine/base.py:1528: in _execute_ddl
    ret = self._execute_context(
        compiled   = <sqlalchemy.dialects.sqlite.base.SQLiteDDLCompiler object at 0x78efe0bd18e0>
        ddl        = <sqlalchemy.sql.ddl.CreateIndex object at 0x78f000fe2900>
        dialect    = <sqlalchemy.dialects.sqlite.aiosqlite.SQLiteDialect_aiosqlite object at 0x78efe0cc3620>
        distilled_parameters = ()
        event_multiparams = None
        event_params = None
        exec_opts  = immutabledict({})
        execution_options = immutabledict({})
        schema_translate_map = None
        self       = <sqlalchemy.engine.base.Connection object at 0x78efe0bd0380>
venv/lib/python3.12/site-packages/sqlalchemy/engine/base.py:1848: in _execute_context
    return self._exec_single_context(
        args       = (<sqlalchemy.dialects.sqlite.base.SQLiteDDLCompiler object at 0x78efe0bd18e0>,)
        conn       = <sqlalchemy.pool.base._ConnectionFairy object at 0x78efe0ba6930>
        constructor = <bound method DefaultExecutionContext._init_ddl of <class 'sqlalchemy.dialects.sqlite.aiosqlite.SQLiteExecutionContext_aiosqlite'>>
        context    = <sqlalchemy.dialects.sqlite.aiosqlite.SQLiteExecutionContext_aiosqlite object at 0x78efe0bd21b0>
        dialect    = <sqlalchemy.dialects.sqlite.aiosqlite.SQLiteDialect_aiosqlite object at 0x78efe0cc3620>
        execution_options = immutabledict({})
        kw         = {}
        parameters = None
        self       = <sqlalchemy.engine.base.Connection object at 0x78efe0bd0380>
        statement  = <sqlalchemy.dialects.sqlite.base.SQLiteDDLCompiler object at 0x78efe0bd18e0>
venv/lib/python3.12/site-packages/sqlalchemy/engine/base.py:1988: in _exec_single_context
    self._handle_dbapi_exception(
        context    = <sqlalchemy.dialects.sqlite.aiosqlite.SQLiteExecutionContext_aiosqlite object at 0x78efe0bd21b0>
        cursor     = <sqlalchemy.dialects.sqlite.aiosqlite.AsyncAdapt_aiosqlite_cursor object at 0x78efe0ba7e20>
        dialect    = <sqlalchemy.dialects.sqlite.aiosqlite.SQLiteDialect_aiosqlite object at 0x78efe0cc3620>
        effective_parameters = ()
        evt_handled = False
        parameters = [()]
        self       = <sqlalchemy.engine.base.Connection object at 0x78efe0bd0380>
        statement  = <sqlalchemy.dialects.sqlite.base.SQLiteDDLCompiler object at 0x78efe0bd18e0>
        str_statement = 'CREATE UNIQUE INDEX ix_users_email ON users (email)'
venv/lib/python3.12/site-packages/sqlalchemy/engine/base.py:2344: in _handle_dbapi_exception
    raise sqlalchemy_exception.with_traceback(exc_info[2]) from e
        context    = <sqlalchemy.dialects.sqlite.aiosqlite.SQLiteExecutionContext_aiosqlite object at 0x78efe0bd21b0>
        cursor     = <sqlalchemy.dialects.sqlite.aiosqlite.AsyncAdapt_aiosqlite_cursor object at 0x78efe0ba7e20>
        e          = OperationalError('index ix_users_email already exists')
        exc_info   = (<class 'sqlite3.OperationalError'>,
 OperationalError('index ix_users_email already exists'),
 <traceback object at 0x78efe0201740>)
        invalidate_pool_on_disconnect = True
        is_exit_exception = False
        is_sub_exec = False
        ismulti    = False
        newraise   = None
        parameters = ()
        self       = <sqlalchemy.engine.base.Connection object at 0x78efe0bd0380>
        should_wrap = True
        sqlalchemy_exception = OperationalError('(sqlite3.OperationalError) index ix_users_email already exists')
        statement  = 'CREATE UNIQUE INDEX ix_users_email ON users (email)'
venv/lib/python3.12/site-packages/sqlalchemy/engine/base.py:1969: in _exec_single_context
    self.dialect.do_execute(
        context    = <sqlalchemy.dialects.sqlite.aiosqlite.SQLiteExecutionContext_aiosqlite object at 0x78efe0bd21b0>
        cursor     = <sqlalchemy.dialects.sqlite.aiosqlite.AsyncAdapt_aiosqlite_cursor object at 0x78efe0ba7e20>
        dialect    = <sqlalchemy.dialects.sqlite.aiosqlite.SQLiteDialect_aiosqlite object at 0x78efe0cc3620>
        effective_parameters = ()
        evt_handled = False
        parameters = [()]
        self       = <sqlalchemy.engine.base.Connection object at 0x78efe0bd0380>
        statement  = <sqlalchemy.dialects.sqlite.base.SQLiteDDLCompiler object at 0x78efe0bd18e0>
        str_statement = 'CREATE UNIQUE INDEX ix_users_email ON users (email)'
venv/lib/python3.12/site-packages/sqlalchemy/engine/default.py:922: in do_execute
    cursor.execute(statement, parameters)
        context    = <sqlalchemy.dialects.sqlite.aiosqlite.SQLiteExecutionContext_aiosqlite object at 0x78efe0bd21b0>
        cursor     = <sqlalchemy.dialects.sqlite.aiosqlite.AsyncAdapt_aiosqlite_cursor object at 0x78efe0ba7e20>
        parameters = ()
        self       = <sqlalchemy.dialects.sqlite.aiosqlite.SQLiteDialect_aiosqlite object at 0x78efe0cc3620>
        statement  = 'CREATE UNIQUE INDEX ix_users_email ON users (email)'
venv/lib/python3.12/site-packages/sqlalchemy/dialects/sqlite/aiosqlite.py:146: in execute
    self._adapt_connection._handle_exception(error)
        _cursor    = <aiosqlite.cursor.Cursor object at 0x78efe0bd2210>
        operation  = 'CREATE UNIQUE INDEX ix_users_email ON users (email)'
        parameters = ()
        self       = <sqlalchemy.dialects.sqlite.aiosqlite.AsyncAdapt_aiosqlite_cursor object at 0x78efe0ba7e20>
venv/lib/python3.12/site-packages/sqlalchemy/dialects/sqlite/aiosqlite.py:298: in _handle_exception
    raise error
        error      = OperationalError('index ix_users_email already exists')
        self       = <AdaptedConnection <aiosqlite.core.Connection object at 0x78efe0bd0950>>
venv/lib/python3.12/site-packages/sqlalchemy/dialects/sqlite/aiosqlite.py:128: in execute
    self.await_(_cursor.execute(operation, parameters))
        _cursor    = <aiosqlite.cursor.Cursor object at 0x78efe0bd2210>
        operation  = 'CREATE UNIQUE INDEX ix_users_email ON users (email)'
        parameters = ()
        self       = <sqlalchemy.dialects.sqlite.aiosqlite.AsyncAdapt_aiosqlite_cursor object at 0x78efe0ba7e20>
venv/lib/python3.12/site-packages/sqlalchemy/util/_concurrency_py3k.py:130: in await_only
    return current.driver.switch(awaitable)  # type: ignore[no-any-return]
        awaitable  = <coroutine object Cursor.execute at 0x78efe0be19a0>
        current    = <_AsyncIoGreenlet object at 0x78efe0b41940 (otid=0x1d6ace30) dead>
venv/lib/python3.12/site-packages/sqlalchemy/util/_concurrency_py3k.py:195: in greenlet_spawn
    value = await result
        _require_await = False
        args       = (<sqlalchemy.engine.base.Connection object at 0x78efe0bd0380>,)
        context    = <_AsyncIoGreenlet object at 0x78efe0b41940 (otid=0x1d6ace30) dead>
        fn         = <bound method MetaData.create_all of MetaData()>
        kwargs     = {}
        result     = <coroutine object Cursor.execute at 0x78efe0be19a0>
        switch_occurred = True
        value      = <aiosqlite.cursor.Cursor object at 0x78efe0bd2210>
venv/lib/python3.12/site-packages/aiosqlite/cursor.py:40: in execute
    await self._execute(self._cursor.execute, sql, parameters)
        parameters = ()
        self       = <aiosqlite.cursor.Cursor object at 0x78efe0bd2210>
        sql        = 'CREATE UNIQUE INDEX ix_users_email ON users (email)'
venv/lib/python3.12/site-packages/aiosqlite/cursor.py:32: in _execute
    return await self._conn._execute(fn, *args, **kwargs)
        args       = ('CREATE UNIQUE INDEX ix_users_email ON users (email)', ())
        fn         = <built-in method execute of sqlite3.Cursor object at 0x78efe0bb97c0>
        kwargs     = {}
        self       = <aiosqlite.cursor.Cursor object at 0x78efe0bd2210>
venv/lib/python3.12/site-packages/aiosqlite/core.py:160: in _execute
    return await future
        args       = ('CREATE UNIQUE INDEX ix_users_email ON users (email)', ())
        fn         = <built-in method execute of sqlite3.Cursor object at 0x78efe0bb97c0>
        function   = functools.partial(<built-in method execute of sqlite3.Cursor object at 0x78efe0bb97c0>, 'CREATE UNIQUE INDEX ix_users_email ON users (email)', ())
        future     = <Future finished exception=OperationalError('index ix_users_email already exists')>
        kwargs     = {}
        self       = <aiosqlite.core.Connection object at 0x78efe0bd0950>
venv/lib/python3.12/site-packages/aiosqlite/core.py:63: in _connection_worker_thread
    result = function()
E   sqlalchemy.exc.OperationalError: (sqlite3.OperationalError) index ix_users_email already exists
E   [SQL: CREATE UNIQUE INDEX ix_users_email ON users (email)]
E   (Background on this error at: https://sqlalche.me/e/20/e3q8)
        function   = functools.partial(<built-in method rollback of sqlite3.Connection object at 0x78efe0b6f2e0>)
        future     = <Future finished result=None>
        result     = None
        tx         = <_queue.SimpleQueue object at 0x78efe0bd7060>
_____________ ERROR at setup of test_user_creation_with_all_fields _____________
venv/lib/python3.12/site-packages/sqlalchemy/engine/base.py:1969: in _exec_single_context
    self.dialect.do_execute(
        context    = <sqlalchemy.dialects.sqlite.aiosqlite.SQLiteExecutionContext_aiosqlite object at 0x78efe0bd21b0>
        cursor     = <sqlalchemy.dialects.sqlite.aiosqlite.AsyncAdapt_aiosqlite_cursor object at 0x78efe0ba7e20>
        dialect    = <sqlalchemy.dialects.sqlite.aiosqlite.SQLiteDialect_aiosqlite object at 0x78efe0cc3620>
        effective_parameters = ()
        evt_handled = False
        parameters = [()]
        self       = <sqlalchemy.engine.base.Connection object at 0x78efe0bd0380>
        statement  = <sqlalchemy.dialects.sqlite.base.SQLiteDDLCompiler object at 0x78efe0bd18e0>
        str_statement = 'CREATE UNIQUE INDEX ix_users_email ON users (email)'
venv/lib/python3.12/site-packages/sqlalchemy/engine/default.py:922: in do_execute
    cursor.execute(statement, parameters)
        context    = <sqlalchemy.dialects.sqlite.aiosqlite.SQLiteExecutionContext_aiosqlite object at 0x78efe0bd21b0>
        cursor     = <sqlalchemy.dialects.sqlite.aiosqlite.AsyncAdapt_aiosqlite_cursor object at 0x78efe0ba7e20>
        parameters = ()
        self       = <sqlalchemy.dialects.sqlite.aiosqlite.SQLiteDialect_aiosqlite object at 0x78efe0cc3620>
        statement  = 'CREATE UNIQUE INDEX ix_users_email ON users (email)'
venv/lib/python3.12/site-packages/sqlalchemy/dialects/sqlite/aiosqlite.py:146: in execute
    self._adapt_connection._handle_exception(error)
        _cursor    = <aiosqlite.cursor.Cursor object at 0x78efe0bd2210>
        operation  = 'CREATE UNIQUE INDEX ix_users_email ON users (email)'
        parameters = ()
        self       = <sqlalchemy.dialects.sqlite.aiosqlite.AsyncAdapt_aiosqlite_cursor object at 0x78efe0ba7e20>
venv/lib/python3.12/site-packages/sqlalchemy/dialects/sqlite/aiosqlite.py:298: in _handle_exception
    raise error
        error      = OperationalError('index ix_users_email already exists')
        self       = <AdaptedConnection <aiosqlite.core.Connection object at 0x78efe0bd0950>>
venv/lib/python3.12/site-packages/sqlalchemy/dialects/sqlite/aiosqlite.py:128: in execute
    self.await_(_cursor.execute(operation, parameters))
        _cursor    = <aiosqlite.cursor.Cursor object at 0x78efe0bd2210>
        operation  = 'CREATE UNIQUE INDEX ix_users_email ON users (email)'
        parameters = ()
        self       = <sqlalchemy.dialects.sqlite.aiosqlite.AsyncAdapt_aiosqlite_cursor object at 0x78efe0ba7e20>
venv/lib/python3.12/site-packages/sqlalchemy/util/_concurrency_py3k.py:130: in await_only
    return current.driver.switch(awaitable)  # type: ignore[no-any-return]
        awaitable  = <coroutine object Cursor.execute at 0x78efe0be19a0>
        current    = <_AsyncIoGreenlet object at 0x78efe0b41940 (otid=0x1d6ace30) dead>
venv/lib/python3.12/site-packages/sqlalchemy/util/_concurrency_py3k.py:195: in greenlet_spawn
    value = await result
        _require_await = False
        args       = (<sqlalchemy.engine.base.Connection object at 0x78efe0bd0380>,)
        context    = <_AsyncIoGreenlet object at 0x78efe0b41940 (otid=0x1d6ace30) dead>
        fn         = <bound method MetaData.create_all of MetaData()>
        kwargs     = {}
        result     = <coroutine object Cursor.execute at 0x78efe0be19a0>
        switch_occurred = True
        value      = <aiosqlite.cursor.Cursor object at 0x78efe0bd2210>
venv/lib/python3.12/site-packages/aiosqlite/cursor.py:40: in execute
    await self._execute(self._cursor.execute, sql, parameters)
        parameters = ()
        self       = <aiosqlite.cursor.Cursor object at 0x78efe0bd2210>
        sql        = 'CREATE UNIQUE INDEX ix_users_email ON users (email)'
venv/lib/python3.12/site-packages/aiosqlite/cursor.py:32: in _execute
    return await self._conn._execute(fn, *args, **kwargs)
        args       = ('CREATE UNIQUE INDEX ix_users_email ON users (email)', ())
        fn         = <built-in method execute of sqlite3.Cursor object at 0x78efe0bb97c0>
        kwargs     = {}
        self       = <aiosqlite.cursor.Cursor object at 0x78efe0bd2210>
venv/lib/python3.12/site-packages/aiosqlite/core.py:160: in _execute
    return await future
        args       = ('CREATE UNIQUE INDEX ix_users_email ON users (email)', ())
        fn         = <built-in method execute of sqlite3.Cursor object at 0x78efe0bb97c0>
        function   = functools.partial(<built-in method execute of sqlite3.Cursor object at 0x78efe0bb97c0>, 'CREATE UNIQUE INDEX ix_users_email ON users (email)', ())
        future     = <Future finished exception=OperationalError('index ix_users_email already exists')>
        kwargs     = {}
        self       = <aiosqlite.core.Connection object at 0x78efe0bd0950>
venv/lib/python3.12/site-packages/aiosqlite/core.py:63: in _connection_worker_thread
    result = function()
E   sqlite3.OperationalError: index ix_users_email already exists
        function   = functools.partial(<built-in method rollback of sqlite3.Connection object at 0x78efe0b6f2e0>)
        future     = <Future finished result=None>
        result     = None
        tx         = <_queue.SimpleQueue object at 0x78efe0bd7060>

The above exception was the direct cause of the following exception:
venv/lib/python3.12/site-packages/pytest_asyncio/plugin.py:336: in _asyncgen_fixture_wrapper
    result = event_loop.run_until_complete(setup())
        event_loop = <_UnixSelectorEventLoop running=False closed=False debug=False>
        event_loop_fixture_id = '_session_event_loop'
        finalizer  = <function _wrap_asyncgen_fixture.<locals>._asyncgen_fixture_wrapper.<locals>.finalizer at 0x78efe0ba99e0>
        fixture    = <function engine at 0x78f001182b60>
        fixturedef = <FixtureDef argname='engine' scope='session' baseid='tests'>
        func       = <function engine at 0x78f001182b60>
        gen_obj    = <async_generator object engine at 0x78efe0b6ec50>
        kwargs     = {}
        request    = <SubRequest 'engine' for <Coroutine test_chat_session_creation_with_user>>
        setup      = <function _wrap_asyncgen_fixture.<locals>._asyncgen_fixture_wrapper.<locals>.setup at 0x78efe0ba9a80>
/usr/lib/python3.12/asyncio/base_events.py:687: in run_until_complete
    return future.result()
        future     = <Task finished name='Task-1' coro=<_wrap_asyncgen_fixture.<locals>._asyncgen_fixture_wrapper.<locals>.setup() done, defined at /mnt/d/workspace/ChatApplication/project-code/backend/venv/lib/python3.12/site-packages/pytest_asyncio/plugin.py:317> exception=OperationalError('(sqlite3.OperationalError) index ix_users_email already exists')>
        new_task   = True
        self       = <_UnixSelectorEventLoop running=False closed=False debug=False>
venv/lib/python3.12/site-packages/pytest_asyncio/plugin.py:318: in setup
    res = await gen_obj.__anext__()
        gen_obj    = <async_generator object engine at 0x78efe0b6ec50>
tests/conftest.py:62: in engine
    await conn.run_sync(Base.metadata.create_all)
        conn       = <sqlalchemy.ext.asyncio.engine.AsyncConnection object at 0x78efe0bd6850>
        test_engine = <sqlalchemy.ext.asyncio.engine.AsyncEngine object at 0x78f001041090>
venv/lib/python3.12/site-packages/sqlalchemy/ext/asyncio/engine.py:891: in run_sync
    return await greenlet_spawn(fn, self._proxied, *arg, **kw)
        arg        = ()
        fn         = <bound method MetaData.create_all of MetaData()>
        kw         = {}
        self       = <sqlalchemy.ext.asyncio.engine.AsyncConnection object at 0x78efe0bd6850>
venv/lib/python3.12/site-packages/sqlalchemy/util/_concurrency_py3k.py:200: in greenlet_spawn
    result = context.throw(*sys.exc_info())
        _require_await = False
        args       = (<sqlalchemy.engine.base.Connection object at 0x78efe0bd0380>,)
        context    = <_AsyncIoGreenlet object at 0x78efe0b41940 (otid=0x1d6ace30) dead>
        fn         = <bound method MetaData.create_all of MetaData()>
        kwargs     = {}
        result     = <coroutine object Cursor.execute at 0x78efe0be19a0>
        switch_occurred = True
        value      = <aiosqlite.cursor.Cursor object at 0x78efe0bd2210>
venv/lib/python3.12/site-packages/sqlalchemy/sql/schema.py:5832: in create_all
    bind._run_ddl_visitor(
        bind       = <sqlalchemy.engine.base.Connection object at 0x78efe0bd0380>
        checkfirst = True
        self       = MetaData()
        tables     = None
venv/lib/python3.12/site-packages/sqlalchemy/engine/base.py:2448: in _run_ddl_visitor
    visitorcallable(self.dialect, self, **kwargs).traverse_single(element)
        element    = MetaData()
        kwargs     = {'checkfirst': True, 'tables': None}
        self       = <sqlalchemy.engine.base.Connection object at 0x78efe0bd0380>
        visitorcallable = <class 'sqlalchemy.sql.ddl.SchemaGenerator'>
venv/lib/python3.12/site-packages/sqlalchemy/sql/visitors.py:671: in traverse_single
    return meth(obj, **kw)
        kw         = {}
        meth       = <bound method SchemaGenerator.visit_metadata of <sqlalchemy.sql.ddl.SchemaGenerator object at 0x78efe0ce40d0>>
        obj        = MetaData()
        self       = <sqlalchemy.sql.ddl.SchemaGenerator object at 0x78efe0ce40d0>
        v          = <sqlalchemy.sql.ddl.SchemaGenerator object at 0x78efe0ce40d0>
venv/lib/python3.12/site-packages/sqlalchemy/sql/ddl.py:919: in visit_metadata
    self.traverse_single(
        collection = [(Table('users', MetaData(), Column('id', GUID(), table=<users>, primary_key=True, nullable=False, default=CallableColumnDefault(<function uuid4 at 0x78f001182de0>)), Column('email', String(length=255), table=<users>), Column('password_hash', String(length=255), table=<users>), Column('role', Enum('ADMIN', 'USER', 'ANONYMOUS', name='user_role'), table=<users>, nullable=False, default=ScalarElementColumnDefault(<UserRole.ANONYMOUS: 'anonymous'>)), Column('is_active', Boolean(), table=<users>, nullable=False, default=ScalarElementColumnDefault(True)), Column('created_at', DateTime(timezone=True), table=<users>, nullable=False, default=CallableColumnDefault(<function datetime.utcnow at 0x78f0011e8ea0>)), Column('last_login', DateTime(timezone=True), table=<users>), schema=None),
  set()),
 (Table('chat_sessions', MetaData(), Column('id', GUID(), table=<chat_sessions>, primary_key=True, nullable=False, default=CallableColumnDefault(<function uuid4 at 0x78f001078720>)), Column('user_id', GUID(), ForeignKey('users.id'), table=<chat_sessions>), Column('session_token', String(length=255), table=<chat_sessions>, nullable=False), Column('created_at', DateTime(timezone=True), table=<chat_sessions>, nullable=False, default=CallableColumnDefault(<function datetime.utcnow at 0x78f0010787c0>)), Column('updated_at', DateTime(timezone=True), table=<chat_sessions>, nullable=False, onupdate=CallableColumnDefault(<function datetime.utcnow at 0x78f001078ae0>), default=CallableColumnDefault(<function datetime.utcnow at 0x78f001078a40>)), Column('metadata', JSON(), table=<chat_sessions>, default=CallableColumnDefault(<function dict at 0x78f001078b80>)), schema=None),
  {ForeignKeyConstraint(<sqlalchemy.sql.base.ReadOnlyColumnCollection object at 0x78efdb3365c0>, None, ondelete='SET NULL', table=Table('chat_sessions', MetaData(), Column('id', GUID(), table=<chat_sessions>, primary_key=True, nullable=False, default=CallableColumnDefault(<function uuid4 at 0x78f001078720>)), Column('user_id', GUID(), ForeignKey('users.id'), table=<chat_sessions>), Column('session_token', String(length=255), table=<chat_sessions>, nullable=False), Column('created_at', DateTime(timezone=True), table=<chat_sessions>, nullable=False, default=CallableColumnDefault(<function datetime.utcnow at 0x78f0010787c0>)), Column('updated_at', DateTime(timezone=True), table=<chat_sessions>, nullable=False, onupdate=CallableColumnDefault(<function datetime.utcnow at 0x78f001078ae0>), default=CallableColumnDefault(<function datetime.utcnow at 0x78f001078a40>)), Column('metadata', JSON(), table=<chat_sessions>, default=CallableColumnDefault(<function dict at 0x78f001078b80>)), schema=None))}),
 (Table('data_sources', MetaData(), Column('id', GUID(), table=<data_sources>, primary_key=True, nullable=False, default=CallableColumnDefault(<function uuid4 at 0x78f00107bd80>)), Column('name', String(length=255), table=<data_sources>, nullable=False), Column('type', Enum('CONFLUENCE', 'JIRA', 'GITHUB', 'ONBOARDING', name='source_type'), table=<data_sources>, nullable=False), Column('config', JSON(), table=<data_sources>, nullable=False, default=CallableColumnDefault(<function dict at 0x78f001018040>)), Column('last_sync_at', DateTime(timezone=True), table=<data_sources>), Column('sync_status', Enum('PENDING', 'SYNCING', 'SUCCESS', 'FAILED', name='sync_status'), table=<data_sources>, nullable=False, default=ScalarElementColumnDefault(<SyncStatus.PENDING: 'pending'>)), Column('sync_error', Text(), table=<data_sources>), Column('created_by', GUID(), ForeignKey('users.id'), table=<data_sources>, nullable=False), Column('is_active', Boolean(), table=<data_sources>, nullable=False, default=ScalarElementColumnDefault(True)), schema=None),
  {ForeignKeyConstraint(<sqlalchemy.sql.base.ReadOnlyColumnCollection object at 0x78efdb336610>, None, ondelete='CASCADE', table=Table('data_sources', MetaData(), Column('id', GUID(), table=<data_sources>, primary_key=True, nullable=False, default=CallableColumnDefault(<function uuid4 at 0x78f00107bd80>)), Column('name', String(length=255), table=<data_sources>, nullable=False), Column('type', Enum('CONFLUENCE', 'JIRA', 'GITHUB', 'ONBOARDING', name='source_type'), table=<data_sources>, nullable=False), Column('config', JSON(), table=<data_sources>, nullable=False, default=CallableColumnDefault(<function dict at 0x78f001018040>)), Column('last_sync_at', DateTime(timezone=True), table=<data_sources>), Column('sync_status', Enum('PENDING', 'SYNCING', 'SUCCESS', 'FAILED', name='sync_status'), table=<data_sources>, nullable=False, default=ScalarElementColumnDefault(<SyncStatus.PENDING: 'pending'>)), Column('sync_error', Text(), table=<data_sources>), Column('created_by', GUID(), ForeignKey('users.id'), table=<data_sources>, nullable=False), Column('is_active', Boolean(), table=<data_sources>, nullable=False, default=ScalarElementColumnDefault(True)), schema=None))}),
 (Table('messages', MetaData(), Column('id', GUID(), table=<messages>, primary_key=True, nullable=False, default=CallableColumnDefault(<function uuid4 at 0x78f00107a020>)), Column('session_id', GUID(), ForeignKey('chat_sessions.id'), table=<messages>, nullable=False), Column('role', Enum('USER', 'ASSISTANT', 'SYSTEM', name='message_role'), table=<messages>, nullable=False), Column('content', Text(), table=<messages>, nullable=False), Column('created_at', DateTime(timezone=True), table=<messages>, nullable=False, default=CallableColumnDefault(<function datetime.utcnow at 0x78f00107a3e0>)), Column('sources', JSON(), table=<messages>, default=CallableColumnDefault(<function dict at 0x78f00107a520>)), Column('feedback', JSON(), table=<messages>, default=CallableColumnDefault(<function dict at 0x78f00107a660>)), schema=None),
  {ForeignKeyConstraint(<sqlalchemy.sql.base.ReadOnlyColumnCollection object at 0x78efdb3366b0>, None, ondelete='CASCADE', table=Table('messages', MetaData(), Column('id', GUID(), table=<messages>, primary_key=True, nullable=False, default=CallableColumnDefault(<function uuid4 at 0x78f00107a020>)), Column('session_id', GUID(), ForeignKey('chat_sessions.id'), table=<messages>, nullable=False), Column('role', Enum('USER', 'ASSISTANT', 'SYSTEM', name='message_role'), table=<messages>, nullable=False), Column('content', Text(), table=<messages>, nullable=False), Column('created_at', DateTime(timezone=True), table=<messages>, nullable=False, default=CallableColumnDefault(<function datetime.utcnow at 0x78f00107a3e0>)), Column('sources', JSON(), table=<messages>, default=CallableColumnDefault(<function dict at 0x78f00107a520>)), Column('feedback', JSON(), table=<messages>, default=CallableColumnDefault(<function dict at 0x78f00107a660>)), schema=None))}),
 (Table('sync_logs', MetaData(), Column('id', GUID(), table=<sync_logs>, primary_key=True, nullable=False, default=CallableColumnDefault(<function uuid4 at 0x78f00101a3e0>)), Column('source_id', GUID(), ForeignKey('data_sources.id'), table=<sync_logs>, nullable=False), Column('started_at', DateTime(timezone=True), table=<sync_logs>, nullable=False, default=CallableColumnDefault(<function datetime.utcnow at 0x78f00101a480>)), Column('completed_at', DateTime(timezone=True), table=<sync_logs>), Column('status', Enum('PENDING', 'SYNCING', 'SUCCESS', 'FAILED', name='sync_status'), table=<sync_logs>, nullable=False, default=ScalarElementColumnDefault(<SyncStatus.PENDING: 'pending'>)), Column('documents_processed', Integer(), table=<sync_logs>, nullable=False, default=ScalarElementColumnDefault(0)), Column('documents_added', Integer(), table=<sync_logs>, nullable=False, default=ScalarElementColumnDefault(0)), Column('documents_updated', Integer(), table=<sync_logs>, nullable=False, default=ScalarElementColumnDefault(0)), Column('documents_deleted', Integer(), table=<sync_logs>, nullable=False, default=ScalarElementColumnDefault(0)), Column('error_log', Text(), table=<sync_logs>), schema=None),
  {ForeignKeyConstraint(<sqlalchemy.sql.base.ReadOnlyColumnCollection object at 0x78efdb336660>, None, ondelete='CASCADE', table=Table('sync_logs', MetaData(), Column('id', GUID(), table=<sync_logs>, primary_key=True, nullable=False, default=CallableColumnDefault(<function uuid4 at 0x78f00101a3e0>)), Column('source_id', GUID(), ForeignKey('data_sources.id'), table=<sync_logs>, nullable=False), Column('started_at', DateTime(timezone=True), table=<sync_logs>, nullable=False, default=CallableColumnDefault(<function datetime.utcnow at 0x78f00101a480>)), Column('completed_at', DateTime(timezone=True), table=<sync_logs>), Column('status', Enum('PENDING', 'SYNCING', 'SUCCESS', 'FAILED', name='sync_status'), table=<sync_logs>, nullable=False, default=ScalarElementColumnDefault(<SyncStatus.PENDING: 'pending'>)), Column('documents_processed', Integer(), table=<sync_logs>, nullable=False, default=ScalarElementColumnDefault(0)), Column('documents_added', Integer(), table=<sync_logs>, nullable=False, default=ScalarElementColumnDefault(0)), Column('documents_updated', Integer(), table=<sync_logs>, nullable=False, default=ScalarElementColumnDefault(0)), Column('documents_deleted', Integer(), table=<sync_logs>, nullable=False, default=ScalarElementColumnDefault(0)), Column('error_log', Text(), table=<sync_logs>), schema=None))}),
 (Table('documents', MetaData(), Column('id', UUID(), table=<documents>, primary_key=True, nullable=False, default=CallableColumnDefault(<function uuid4 at 0x78f00101bec0>)), Column('source_id', UUID(), ForeignKey('data_sources.id'), table=<documents>, nullable=False), Column('external_id', String(length=255), table=<documents>, nullable=False), Column('title', Text(), table=<documents>, nullable=False), Column('content', Text(), table=<documents>, nullable=False), Column('url', Text(), table=<documents>), Column('metadata', JSONB(astext_type=Text()), table=<documents>, default=CallableColumnDefault(<function dict at 0x78f000fec360>)), Column('created_at', DateTime(timezone=True), table=<documents>, nullable=False, default=CallableColumnDefault(<function datetime.utcnow at 0x78efe0cbef20>)), Column('updated_at', DateTime(timezone=True), table=<documents>, nullable=False, onupdate=CallableColumnDefault(<function datetime.utcnow at 0x78efe0cbf060>), default=CallableColumnDefault(<function datetime.utcnow at 0x78efe0cbefc0>)), Column('is_deleted', Boolean(), table=<documents>, nullable=False, default=ScalarElementColumnDefault(False)), schema=None),
  {ForeignKeyConstraint(<sqlalchemy.sql.base.ReadOnlyColumnCollection object at 0x78efdb336750>, None, ondelete='CASCADE', table=Table('documents', MetaData(), Column('id', UUID(), table=<documents>, primary_key=True, nullable=False, default=CallableColumnDefault(<function uuid4 at 0x78f00101bec0>)), Column('source_id', UUID(), ForeignKey('data_sources.id'), table=<documents>, nullable=False), Column('external_id', String(length=255), table=<documents>, nullable=False), Column('title', Text(), table=<documents>, nullable=False), Column('content', Text(), table=<documents>, nullable=False), Column('url', Text(), table=<documents>), Column('metadata', JSONB(astext_type=Text()), table=<documents>, default=CallableColumnDefault(<function dict at 0x78f000fec360>)), Column('created_at', DateTime(timezone=True), table=<documents>, nullable=False, default=CallableColumnDefault(<function datetime.utcnow at 0x78efe0cbef20>)), Column('updated_at', DateTime(timezone=True), table=<documents>, nullable=False, onupdate=CallableColumnDefault(<function datetime.utcnow at 0x78efe0cbf060>), default=CallableColumnDefault(<function datetime.utcnow at 0x78efe0cbefc0>)), Column('is_deleted', Boolean(), table=<documents>, nullable=False, default=ScalarElementColumnDefault(False)), schema=None))}),
 (Table('document_chunks', MetaData(), Column('id', UUID(), table=<document_chunks>, primary_key=True, nullable=False, default=CallableColumnDefault(<function uuid4 at 0x78efe0ce0720>)), Column('document_id', UUID(), ForeignKey('documents.id'), table=<document_chunks>, nullable=False), Column('chunk_index', Integer(), table=<document_chunks>, nullable=False), Column('content', Text(), table=<document_chunks>, nullable=False), Column('embedding', Vector(dim=384), table=<document_chunks>), Column('metadata', JSONB(astext_type=Text()), table=<document_chunks>, default=CallableColumnDefault(<function dict at 0x78efe0ce07c0>)), Column('created_at', DateTime(timezone=True), table=<document_chunks>, nullable=False, default=CallableColumnDefault(<function datetime.utcnow at 0x78efe0ce09a0>)), schema=None),
  {ForeignKeyConstraint(<sqlalchemy.sql.base.ReadOnlyColumnCollection object at 0x78efdb3367a0>, None, ondelete='CASCADE', table=Table('document_chunks', MetaData(), Column('id', UUID(), table=<document_chunks>, primary_key=True, nullable=False, default=CallableColumnDefault(<function uuid4 at 0x78efe0ce0720>)), Column('document_id', UUID(), ForeignKey('documents.id'), table=<document_chunks>, nullable=False), Column('chunk_index', Integer(), table=<document_chunks>, nullable=False), Column('content', Text(), table=<document_chunks>, nullable=False), Column('embedding', Vector(dim=384), table=<document_chunks>), Column('metadata', JSONB(astext_type=Text()), table=<document_chunks>, default=CallableColumnDefault(<function dict at 0x78efe0ce07c0>)), Column('created_at', DateTime(timezone=True), table=<document_chunks>, nullable=False, default=CallableColumnDefault(<function datetime.utcnow at 0x78efe0ce09a0>)), schema=None))}),
 (None, [])]
        event_collection = [Table('users', MetaData(), Column('id', GUID(), table=<users>, primary_key=True, nullable=False, default=CallableColumnDefault(<function uuid4 at 0x78f001182de0>)), Column('email', String(length=255), table=<users>), Column('password_hash', String(length=255), table=<users>), Column('role', Enum('ADMIN', 'USER', 'ANONYMOUS', name='user_role'), table=<users>, nullable=False, default=ScalarElementColumnDefault(<UserRole.ANONYMOUS: 'anonymous'>)), Column('is_active', Boolean(), table=<users>, nullable=False, default=ScalarElementColumnDefault(True)), Column('created_at', DateTime(timezone=True), table=<users>, nullable=False, default=CallableColumnDefault(<function datetime.utcnow at 0x78f0011e8ea0>)), Column('last_login', DateTime(timezone=True), table=<users>), schema=None),
 Table('chat_sessions', MetaData(), Column('id', GUID(), table=<chat_sessions>, primary_key=True, nullable=False, default=CallableColumnDefault(<function uuid4 at 0x78f001078720>)), Column('user_id', GUID(), ForeignKey('users.id'), table=<chat_sessions>), Column('session_token', String(length=255), table=<chat_sessions>, nullable=False), Column('created_at', DateTime(timezone=True), table=<chat_sessions>, nullable=False, default=CallableColumnDefault(<function datetime.utcnow at 0x78f0010787c0>)), Column('updated_at', DateTime(timezone=True), table=<chat_sessions>, nullable=False, onupdate=CallableColumnDefault(<function datetime.utcnow at 0x78f001078ae0>), default=CallableColumnDefault(<function datetime.utcnow at 0x78f001078a40>)), Column('metadata', JSON(), table=<chat_sessions>, default=CallableColumnDefault(<function dict at 0x78f001078b80>)), schema=None),
 Table('data_sources', MetaData(), Column('id', GUID(), table=<data_sources>, primary_key=True, nullable=False, default=CallableColumnDefault(<function uuid4 at 0x78f00107bd80>)), Column('name', String(length=255), table=<data_sources>, nullable=False), Column('type', Enum('CONFLUENCE', 'JIRA', 'GITHUB', 'ONBOARDING', name='source_type'), table=<data_sources>, nullable=False), Column('config', JSON(), table=<data_sources>, nullable=False, default=CallableColumnDefault(<function dict at 0x78f001018040>)), Column('last_sync_at', DateTime(timezone=True), table=<data_sources>), Column('sync_status', Enum('PENDING', 'SYNCING', 'SUCCESS', 'FAILED', name='sync_status'), table=<data_sources>, nullable=False, default=ScalarElementColumnDefault(<SyncStatus.PENDING: 'pending'>)), Column('sync_error', Text(), table=<data_sources>), Column('created_by', GUID(), ForeignKey('users.id'), table=<data_sources>, nullable=False), Column('is_active', Boolean(), table=<data_sources>, nullable=False, default=ScalarElementColumnDefault(True)), schema=None),
 Table('messages', MetaData(), Column('id', GUID(), table=<messages>, primary_key=True, nullable=False, default=CallableColumnDefault(<function uuid4 at 0x78f00107a020>)), Column('session_id', GUID(), ForeignKey('chat_sessions.id'), table=<messages>, nullable=False), Column('role', Enum('USER', 'ASSISTANT', 'SYSTEM', name='message_role'), table=<messages>, nullable=False), Column('content', Text(), table=<messages>, nullable=False), Column('created_at', DateTime(timezone=True), table=<messages>, nullable=False, default=CallableColumnDefault(<function datetime.utcnow at 0x78f00107a3e0>)), Column('sources', JSON(), table=<messages>, default=CallableColumnDefault(<function dict at 0x78f00107a520>)), Column('feedback', JSON(), table=<messages>, default=CallableColumnDefault(<function dict at 0x78f00107a660>)), schema=None),
 Table('sync_logs', MetaData(), Column('id', GUID(), table=<sync_logs>, primary_key=True, nullable=False, default=CallableColumnDefault(<function uuid4 at 0x78f00101a3e0>)), Column('source_id', GUID(), ForeignKey('data_sources.id'), table=<sync_logs>, nullable=False), Column('started_at', DateTime(timezone=True), table=<sync_logs>, nullable=False, default=CallableColumnDefault(<function datetime.utcnow at 0x78f00101a480>)), Column('completed_at', DateTime(timezone=True), table=<sync_logs>), Column('status', Enum('PENDING', 'SYNCING', 'SUCCESS', 'FAILED', name='sync_status'), table=<sync_logs>, nullable=False, default=ScalarElementColumnDefault(<SyncStatus.PENDING: 'pending'>)), Column('documents_processed', Integer(), table=<sync_logs>, nullable=False, default=ScalarElementColumnDefault(0)), Column('documents_added', Integer(), table=<sync_logs>, nullable=False, default=ScalarElementColumnDefault(0)), Column('documents_updated', Integer(), table=<sync_logs>, nullable=False, default=ScalarElementColumnDefault(0)), Column('documents_deleted', Integer(), table=<sync_logs>, nullable=False, default=ScalarElementColumnDefault(0)), Column('error_log', Text(), table=<sync_logs>), schema=None),
 Table('documents', MetaData(), Column('id', UUID(), table=<documents>, primary_key=True, nullable=False, default=CallableColumnDefault(<function uuid4 at 0x78f00101bec0>)), Column('source_id', UUID(), ForeignKey('data_sources.id'), table=<documents>, nullable=False), Column('external_id', String(length=255), table=<documents>, nullable=False), Column('title', Text(), table=<documents>, nullable=False), Column('content', Text(), table=<documents>, nullable=False), Column('url', Text(), table=<documents>), Column('metadata', JSONB(astext_type=Text()), table=<documents>, default=CallableColumnDefault(<function dict at 0x78f000fec360>)), Column('created_at', DateTime(timezone=True), table=<documents>, nullable=False, default=CallableColumnDefault(<function datetime.utcnow at 0x78efe0cbef20>)), Column('updated_at', DateTime(timezone=True), table=<documents>, nullable=False, onupdate=CallableColumnDefault(<function datetime.utcnow at 0x78efe0cbf060>), default=CallableColumnDefault(<function datetime.utcnow at 0x78efe0cbefc0>)), Column('is_deleted', Boolean(), table=<documents>, nullable=False, default=ScalarElementColumnDefault(False)), schema=None),
 Table('document_chunks', MetaData(), Column('id', UUID(), table=<document_chunks>, primary_key=True, nullable=False, default=CallableColumnDefault(<function uuid4 at 0x78efe0ce0720>)), Column('document_id', UUID(), ForeignKey('documents.id'), table=<document_chunks>, nullable=False), Column('chunk_index', Integer(), table=<document_chunks>, nullable=False), Column('content', Text(), table=<document_chunks>, nullable=False), Column('embedding', Vector(dim=384), table=<document_chunks>), Column('metadata', JSONB(astext_type=Text()), table=<document_chunks>, default=CallableColumnDefault(<function dict at 0x78efe0ce07c0>)), Column('created_at', DateTime(timezone=True), table=<document_chunks>, nullable=False, default=CallableColumnDefault(<function datetime.utcnow at 0x78efe0ce09a0>)), schema=None)]
        fkcs       = set()
        metadata   = MetaData()
        self       = <sqlalchemy.sql.ddl.SchemaGenerator object at 0x78efe0ce40d0>
        seq_coll   = []
        table      = Table('users', MetaData(), Column('id', GUID(), table=<users>, primary_key=True, nullable=False, default=CallableColumnDefault(<function uuid4 at 0x78f001182de0>)), Column('email', String(length=255), table=<users>), Column('password_hash', String(length=255), table=<users>), Column('role', Enum('ADMIN', 'USER', 'ANONYMOUS', name='user_role'), table=<users>, nullable=False, default=ScalarElementColumnDefault(<UserRole.ANONYMOUS: 'anonymous'>)), Column('is_active', Boolean(), table=<users>, nullable=False, default=ScalarElementColumnDefault(True)), Column('created_at', DateTime(timezone=True), table=<users>, nullable=False, default=CallableColumnDefault(<function datetime.utcnow at 0x78f0011e8ea0>)), Column('last_login', DateTime(timezone=True), table=<users>), schema=None)
        tables     = [Table('users', MetaData(), Column('id', GUID(), table=<users>, primary_key=True, nullable=False, default=CallableColumnDefault(<function uuid4 at 0x78f001182de0>)), Column('email', String(length=255), table=<users>), Column('password_hash', String(length=255), table=<users>), Column('role', Enum('ADMIN', 'USER', 'ANONYMOUS', name='user_role'), table=<users>, nullable=False, default=ScalarElementColumnDefault(<UserRole.ANONYMOUS: 'anonymous'>)), Column('is_active', Boolean(), table=<users>, nullable=False, default=ScalarElementColumnDefault(True)), Column('created_at', DateTime(timezone=True), table=<users>, nullable=False, default=CallableColumnDefault(<function datetime.utcnow at 0x78f0011e8ea0>)), Column('last_login', DateTime(timezone=True), table=<users>), schema=None),
 Table('chat_sessions', MetaData(), Column('id', GUID(), table=<chat_sessions>, primary_key=True, nullable=False, default=CallableColumnDefault(<function uuid4 at 0x78f001078720>)), Column('user_id', GUID(), ForeignKey('users.id'), table=<chat_sessions>), Column('session_token', String(length=255), table=<chat_sessions>, nullable=False), Column('created_at', DateTime(timezone=True), table=<chat_sessions>, nullable=False, default=CallableColumnDefault(<function datetime.utcnow at 0x78f0010787c0>)), Column('updated_at', DateTime(timezone=True), table=<chat_sessions>, nullable=False, onupdate=CallableColumnDefault(<function datetime.utcnow at 0x78f001078ae0>), default=CallableColumnDefault(<function datetime.utcnow at 0x78f001078a40>)), Column('metadata', JSON(), table=<chat_sessions>, default=CallableColumnDefault(<function dict at 0x78f001078b80>)), schema=None),
 Table('messages', MetaData(), Column('id', GUID(), table=<messages>, primary_key=True, nullable=False, default=CallableColumnDefault(<function uuid4 at 0x78f00107a020>)), Column('session_id', GUID(), ForeignKey('chat_sessions.id'), table=<messages>, nullable=False), Column('role', Enum('USER', 'ASSISTANT', 'SYSTEM', name='message_role'), table=<messages>, nullable=False), Column('content', Text(), table=<messages>, nullable=False), Column('created_at', DateTime(timezone=True), table=<messages>, nullable=False, default=CallableColumnDefault(<function datetime.utcnow at 0x78f00107a3e0>)), Column('sources', JSON(), table=<messages>, default=CallableColumnDefault(<function dict at 0x78f00107a520>)), Column('feedback', JSON(), table=<messages>, default=CallableColumnDefault(<function dict at 0x78f00107a660>)), schema=None),
 Table('data_sources', MetaData(), Column('id', GUID(), table=<data_sources>, primary_key=True, nullable=False, default=CallableColumnDefault(<function uuid4 at 0x78f00107bd80>)), Column('name', String(length=255), table=<data_sources>, nullable=False), Column('type', Enum('CONFLUENCE', 'JIRA', 'GITHUB', 'ONBOARDING', name='source_type'), table=<data_sources>, nullable=False), Column('config', JSON(), table=<data_sources>, nullable=False, default=CallableColumnDefault(<function dict at 0x78f001018040>)), Column('last_sync_at', DateTime(timezone=True), table=<data_sources>), Column('sync_status', Enum('PENDING', 'SYNCING', 'SUCCESS', 'FAILED', name='sync_status'), table=<data_sources>, nullable=False, default=ScalarElementColumnDefault(<SyncStatus.PENDING: 'pending'>)), Column('sync_error', Text(), table=<data_sources>), Column('created_by', GUID(), ForeignKey('users.id'), table=<data_sources>, nullable=False), Column('is_active', Boolean(), table=<data_sources>, nullable=False, default=ScalarElementColumnDefault(True)), schema=None),
 Table('sync_logs', MetaData(), Column('id', GUID(), table=<sync_logs>, primary_key=True, nullable=False, default=CallableColumnDefault(<function uuid4 at 0x78f00101a3e0>)), Column('source_id', GUID(), ForeignKey('data_sources.id'), table=<sync_logs>, nullable=False), Column('started_at', DateTime(timezone=True), table=<sync_logs>, nullable=False, default=CallableColumnDefault(<function datetime.utcnow at 0x78f00101a480>)), Column('completed_at', DateTime(timezone=True), table=<sync_logs>), Column('status', Enum('PENDING', 'SYNCING', 'SUCCESS', 'FAILED', name='sync_status'), table=<sync_logs>, nullable=False, default=ScalarElementColumnDefault(<SyncStatus.PENDING: 'pending'>)), Column('documents_processed', Integer(), table=<sync_logs>, nullable=False, default=ScalarElementColumnDefault(0)), Column('documents_added', Integer(), table=<sync_logs>, nullable=False, default=ScalarElementColumnDefault(0)), Column('documents_updated', Integer(), table=<sync_logs>, nullable=False, default=ScalarElementColumnDefault(0)), Column('documents_deleted', Integer(), table=<sync_logs>, nullable=False, default=ScalarElementColumnDefault(0)), Column('error_log', Text(), table=<sync_logs>), schema=None),
 Table('documents', MetaData(), Column('id', UUID(), table=<documents>, primary_key=True, nullable=False, default=CallableColumnDefault(<function uuid4 at 0x78f00101bec0>)), Column('source_id', UUID(), ForeignKey('data_sources.id'), table=<documents>, nullable=False), Column('external_id', String(length=255), table=<documents>, nullable=False), Column('title', Text(), table=<documents>, nullable=False), Column('content', Text(), table=<documents>, nullable=False), Column('url', Text(), table=<documents>), Column('metadata', JSONB(astext_type=Text()), table=<documents>, default=CallableColumnDefault(<function dict at 0x78f000fec360>)), Column('created_at', DateTime(timezone=True), table=<documents>, nullable=False, default=CallableColumnDefault(<function datetime.utcnow at 0x78efe0cbef20>)), Column('updated_at', DateTime(timezone=True), table=<documents>, nullable=False, onupdate=CallableColumnDefault(<function datetime.utcnow at 0x78efe0cbf060>), default=CallableColumnDefault(<function datetime.utcnow at 0x78efe0cbefc0>)), Column('is_deleted', Boolean(), table=<documents>, nullable=False, default=ScalarElementColumnDefault(False)), schema=None),
 Table('document_chunks', MetaData(), Column('id', UUID(), table=<document_chunks>, primary_key=True, nullable=False, default=CallableColumnDefault(<function uuid4 at 0x78efe0ce0720>)), Column('document_id', UUID(), ForeignKey('documents.id'), table=<document_chunks>, nullable=False), Column('chunk_index', Integer(), table=<document_chunks>, nullable=False), Column('content', Text(), table=<document_chunks>, nullable=False), Column('embedding', Vector(dim=384), table=<document_chunks>), Column('metadata', JSONB(astext_type=Text()), table=<document_chunks>, default=CallableColumnDefault(<function dict at 0x78efe0ce07c0>)), Column('created_at', DateTime(timezone=True), table=<document_chunks>, nullable=False, default=CallableColumnDefault(<function datetime.utcnow at 0x78efe0ce09a0>)), schema=None)]
venv/lib/python3.12/site-packages/sqlalchemy/sql/visitors.py:671: in traverse_single
    return meth(obj, **kw)
        kw         = {'_is_metadata_operation': True,
 'create_ok': True,
 'include_foreign_key_constraints': set()}
        meth       = <bound method SchemaGenerator.visit_table of <sqlalchemy.sql.ddl.SchemaGenerator object at 0x78efe0ce40d0>>
        obj        = Table('users', MetaData(), Column('id', GUID(), table=<users>, primary_key=True, nullable=False, default=CallableColumnDefault(<function uuid4 at 0x78f001182de0>)), Column('email', String(length=255), table=<users>), Column('password_hash', String(length=255), table=<users>), Column('role', Enum('ADMIN', 'USER', 'ANONYMOUS', name='user_role'), table=<users>, nullable=False, default=ScalarElementColumnDefault(<UserRole.ANONYMOUS: 'anonymous'>)), Column('is_active', Boolean(), table=<users>, nullable=False, default=ScalarElementColumnDefault(True)), Column('created_at', DateTime(timezone=True), table=<users>, nullable=False, default=CallableColumnDefault(<function datetime.utcnow at 0x78f0011e8ea0>)), Column('last_login', DateTime(timezone=True), table=<users>), schema=None)
        self       = <sqlalchemy.sql.ddl.SchemaGenerator object at 0x78efe0ce40d0>
        v          = <sqlalchemy.sql.ddl.SchemaGenerator object at 0x78efe0ce40d0>
venv/lib/python3.12/site-packages/sqlalchemy/sql/ddl.py:961: in visit_table
    self.traverse_single(index, create_ok=True)
        _is_metadata_operation = True
        column     = Column('last_login', DateTime(timezone=True), table=<users>)
        create_ok  = True
        include_foreign_key_constraints = None
        index      = Index('ix_users_email', Column('email', String(length=255), table=<users>), unique=True)
        self       = <sqlalchemy.sql.ddl.SchemaGenerator object at 0x78efe0ce40d0>
        table      = Table('users', MetaData(), Column('id', GUID(), table=<users>, primary_key=True, nullable=False, default=CallableColumnDefault(<function uuid4 at 0x78f001182de0>)), Column('email', String(length=255), table=<users>), Column('password_hash', String(length=255), table=<users>), Column('role', Enum('ADMIN', 'USER', 'ANONYMOUS', name='user_role'), table=<users>, nullable=False, default=ScalarElementColumnDefault(<UserRole.ANONYMOUS: 'anonymous'>)), Column('is_active', Boolean(), table=<users>, nullable=False, default=ScalarElementColumnDefault(True)), Column('created_at', DateTime(timezone=True), table=<users>, nullable=False, default=CallableColumnDefault(<function datetime.utcnow at 0x78f0011e8ea0>)), Column('last_login', DateTime(timezone=True), table=<users>), schema=None)
venv/lib/python3.12/site-packages/sqlalchemy/sql/visitors.py:671: in traverse_single
    return meth(obj, **kw)
        kw         = {'create_ok': True}
        meth       = <bound method SchemaGenerator.visit_index of <sqlalchemy.sql.ddl.SchemaGenerator object at 0x78efe0ce40d0>>
        obj        = Index('ix_users_email', Column('email', String(length=255), table=<users>), unique=True)
        self       = <sqlalchemy.sql.ddl.SchemaGenerator object at 0x78efe0ce40d0>
        v          = <sqlalchemy.sql.ddl.SchemaGenerator object at 0x78efe0ce40d0>
venv/lib/python3.12/site-packages/sqlalchemy/sql/ddl.py:998: in visit_index
    CreateIndex(index)._invoke_with(self.connection)
        create_ok  = True
        index      = Index('ix_users_email', Column('email', String(length=255), table=<users>), unique=True)
        self       = <sqlalchemy.sql.ddl.SchemaGenerator object at 0x78efe0ce40d0>
venv/lib/python3.12/site-packages/sqlalchemy/sql/ddl.py:315: in _invoke_with
    return bind.execute(self)
        bind       = <sqlalchemy.engine.base.Connection object at 0x78efe0bd0380>
        self       = <sqlalchemy.sql.ddl.CreateIndex object at 0x78f000fe2900>
venv/lib/python3.12/site-packages/sqlalchemy/engine/base.py:1416: in execute
    return meth(
        distilled_parameters = ()
        execution_options = None
        meth       = <bound method ExecutableDDLElement._execute_on_connection of <sqlalchemy.sql.ddl.CreateIndex object at 0x78f000fe2900>>
        parameters = None
        self       = <sqlalchemy.engine.base.Connection object at 0x78efe0bd0380>
        statement  = <sqlalchemy.sql.ddl.CreateIndex object at 0x78f000fe2900>
venv/lib/python3.12/site-packages/sqlalchemy/sql/ddl.py:181: in _execute_on_connection
    return connection._execute_ddl(
        connection = <sqlalchemy.engine.base.Connection object at 0x78efe0bd0380>
        distilled_params = ()
        execution_options = immutabledict({})
        self       = <sqlalchemy.sql.ddl.CreateIndex object at 0x78f000fe2900>
venv/lib/python3.12/site-packages/sqlalchemy/engine/base.py:1528: in _execute_ddl
    ret = self._execute_context(
        compiled   = <sqlalchemy.dialects.sqlite.base.SQLiteDDLCompiler object at 0x78efe0bd18e0>
        ddl        = <sqlalchemy.sql.ddl.CreateIndex object at 0x78f000fe2900>
        dialect    = <sqlalchemy.dialects.sqlite.aiosqlite.SQLiteDialect_aiosqlite object at 0x78efe0cc3620>
        distilled_parameters = ()
        event_multiparams = None
        event_params = None
        exec_opts  = immutabledict({})
        execution_options = immutabledict({})
        schema_translate_map = None
        self       = <sqlalchemy.engine.base.Connection object at 0x78efe0bd0380>
venv/lib/python3.12/site-packages/sqlalchemy/engine/base.py:1848: in _execute_context
    return self._exec_single_context(
        args       = (<sqlalchemy.dialects.sqlite.base.SQLiteDDLCompiler object at 0x78efe0bd18e0>,)
        conn       = <sqlalchemy.pool.base._ConnectionFairy object at 0x78efe0ba6930>
        constructor = <bound method DefaultExecutionContext._init_ddl of <class 'sqlalchemy.dialects.sqlite.aiosqlite.SQLiteExecutionContext_aiosqlite'>>
        context    = <sqlalchemy.dialects.sqlite.aiosqlite.SQLiteExecutionContext_aiosqlite object at 0x78efe0bd21b0>
        dialect    = <sqlalchemy.dialects.sqlite.aiosqlite.SQLiteDialect_aiosqlite object at 0x78efe0cc3620>
        execution_options = immutabledict({})
        kw         = {}
        parameters = None
        self       = <sqlalchemy.engine.base.Connection object at 0x78efe0bd0380>
        statement  = <sqlalchemy.dialects.sqlite.base.SQLiteDDLCompiler object at 0x78efe0bd18e0>
venv/lib/python3.12/site-packages/sqlalchemy/engine/base.py:1988: in _exec_single_context
    self._handle_dbapi_exception(
        context    = <sqlalchemy.dialects.sqlite.aiosqlite.SQLiteExecutionContext_aiosqlite object at 0x78efe0bd21b0>
        cursor     = <sqlalchemy.dialects.sqlite.aiosqlite.AsyncAdapt_aiosqlite_cursor object at 0x78efe0ba7e20>
        dialect    = <sqlalchemy.dialects.sqlite.aiosqlite.SQLiteDialect_aiosqlite object at 0x78efe0cc3620>
        effective_parameters = ()
        evt_handled = False
        parameters = [()]
        self       = <sqlalchemy.engine.base.Connection object at 0x78efe0bd0380>
        statement  = <sqlalchemy.dialects.sqlite.base.SQLiteDDLCompiler object at 0x78efe0bd18e0>
        str_statement = 'CREATE UNIQUE INDEX ix_users_email ON users (email)'
venv/lib/python3.12/site-packages/sqlalchemy/engine/base.py:2344: in _handle_dbapi_exception
    raise sqlalchemy_exception.with_traceback(exc_info[2]) from e
        context    = <sqlalchemy.dialects.sqlite.aiosqlite.SQLiteExecutionContext_aiosqlite object at 0x78efe0bd21b0>
        cursor     = <sqlalchemy.dialects.sqlite.aiosqlite.AsyncAdapt_aiosqlite_cursor object at 0x78efe0ba7e20>
        e          = OperationalError('index ix_users_email already exists')
        exc_info   = (<class 'sqlite3.OperationalError'>,
 OperationalError('index ix_users_email already exists'),
 <traceback object at 0x78efe0201740>)
        invalidate_pool_on_disconnect = True
        is_exit_exception = False
        is_sub_exec = False
        ismulti    = False
        newraise   = None
        parameters = ()
        self       = <sqlalchemy.engine.base.Connection object at 0x78efe0bd0380>
        should_wrap = True
        sqlalchemy_exception = OperationalError('(sqlite3.OperationalError) index ix_users_email already exists')
        statement  = 'CREATE UNIQUE INDEX ix_users_email ON users (email)'
venv/lib/python3.12/site-packages/sqlalchemy/engine/base.py:1969: in _exec_single_context
    self.dialect.do_execute(
        context    = <sqlalchemy.dialects.sqlite.aiosqlite.SQLiteExecutionContext_aiosqlite object at 0x78efe0bd21b0>
        cursor     = <sqlalchemy.dialects.sqlite.aiosqlite.AsyncAdapt_aiosqlite_cursor object at 0x78efe0ba7e20>
        dialect    = <sqlalchemy.dialects.sqlite.aiosqlite.SQLiteDialect_aiosqlite object at 0x78efe0cc3620>
        effective_parameters = ()
        evt_handled = False
        parameters = [()]
        self       = <sqlalchemy.engine.base.Connection object at 0x78efe0bd0380>
        statement  = <sqlalchemy.dialects.sqlite.base.SQLiteDDLCompiler object at 0x78efe0bd18e0>
        str_statement = 'CREATE UNIQUE INDEX ix_users_email ON users (email)'
venv/lib/python3.12/site-packages/sqlalchemy/engine/default.py:922: in do_execute
    cursor.execute(statement, parameters)
        context    = <sqlalchemy.dialects.sqlite.aiosqlite.SQLiteExecutionContext_aiosqlite object at 0x78efe0bd21b0>
        cursor     = <sqlalchemy.dialects.sqlite.aiosqlite.AsyncAdapt_aiosqlite_cursor object at 0x78efe0ba7e20>
        parameters = ()
        self       = <sqlalchemy.dialects.sqlite.aiosqlite.SQLiteDialect_aiosqlite object at 0x78efe0cc3620>
        statement  = 'CREATE UNIQUE INDEX ix_users_email ON users (email)'
venv/lib/python3.12/site-packages/sqlalchemy/dialects/sqlite/aiosqlite.py:146: in execute
    self._adapt_connection._handle_exception(error)
        _cursor    = <aiosqlite.cursor.Cursor object at 0x78efe0bd2210>
        operation  = 'CREATE UNIQUE INDEX ix_users_email ON users (email)'
        parameters = ()
        self       = <sqlalchemy.dialects.sqlite.aiosqlite.AsyncAdapt_aiosqlite_cursor object at 0x78efe0ba7e20>
venv/lib/python3.12/site-packages/sqlalchemy/dialects/sqlite/aiosqlite.py:298: in _handle_exception
    raise error
        error      = OperationalError('index ix_users_email already exists')
        self       = <AdaptedConnection <aiosqlite.core.Connection object at 0x78efe0bd0950>>
venv/lib/python3.12/site-packages/sqlalchemy/dialects/sqlite/aiosqlite.py:128: in execute
    self.await_(_cursor.execute(operation, parameters))
        _cursor    = <aiosqlite.cursor.Cursor object at 0x78efe0bd2210>
        operation  = 'CREATE UNIQUE INDEX ix_users_email ON users (email)'
        parameters = ()
        self       = <sqlalchemy.dialects.sqlite.aiosqlite.AsyncAdapt_aiosqlite_cursor object at 0x78efe0ba7e20>
venv/lib/python3.12/site-packages/sqlalchemy/util/_concurrency_py3k.py:130: in await_only
    return current.driver.switch(awaitable)  # type: ignore[no-any-return]
        awaitable  = <coroutine object Cursor.execute at 0x78efe0be19a0>
        current    = <_AsyncIoGreenlet object at 0x78efe0b41940 (otid=0x1d6ace30) dead>
venv/lib/python3.12/site-packages/sqlalchemy/util/_concurrency_py3k.py:195: in greenlet_spawn
    value = await result
        _require_await = False
        args       = (<sqlalchemy.engine.base.Connection object at 0x78efe0bd0380>,)
        context    = <_AsyncIoGreenlet object at 0x78efe0b41940 (otid=0x1d6ace30) dead>
        fn         = <bound method MetaData.create_all of MetaData()>
        kwargs     = {}
        result     = <coroutine object Cursor.execute at 0x78efe0be19a0>
        switch_occurred = True
        value      = <aiosqlite.cursor.Cursor object at 0x78efe0bd2210>
venv/lib/python3.12/site-packages/aiosqlite/cursor.py:40: in execute
    await self._execute(self._cursor.execute, sql, parameters)
        parameters = ()
        self       = <aiosqlite.cursor.Cursor object at 0x78efe0bd2210>
        sql        = 'CREATE UNIQUE INDEX ix_users_email ON users (email)'
venv/lib/python3.12/site-packages/aiosqlite/cursor.py:32: in _execute
    return await self._conn._execute(fn, *args, **kwargs)
        args       = ('CREATE UNIQUE INDEX ix_users_email ON users (email)', ())
        fn         = <built-in method execute of sqlite3.Cursor object at 0x78efe0bb97c0>
        kwargs     = {}
        self       = <aiosqlite.cursor.Cursor object at 0x78efe0bd2210>
venv/lib/python3.12/site-packages/aiosqlite/core.py:160: in _execute
    return await future
        args       = ('CREATE UNIQUE INDEX ix_users_email ON users (email)', ())
        fn         = <built-in method execute of sqlite3.Cursor object at 0x78efe0bb97c0>
        function   = functools.partial(<built-in method execute of sqlite3.Cursor object at 0x78efe0bb97c0>, 'CREATE UNIQUE INDEX ix_users_email ON users (email)', ())
        future     = <Future finished exception=OperationalError('index ix_users_email already exists')>
        kwargs     = {}
        self       = <aiosqlite.core.Connection object at 0x78efe0bd0950>
venv/lib/python3.12/site-packages/aiosqlite/core.py:63: in _connection_worker_thread
    result = function()
E   sqlalchemy.exc.OperationalError: (sqlite3.OperationalError) index ix_users_email already exists
E   [SQL: CREATE UNIQUE INDEX ix_users_email ON users (email)]
E   (Background on this error at: https://sqlalche.me/e/20/e3q8)
        function   = functools.partial(<built-in method rollback of sqlite3.Connection object at 0x78efe0b6f2e0>)
        future     = <Future finished result=None>
        result     = None
        tx         = <_queue.SimpleQueue object at 0x78efe0bd7060>
_____________ ERROR at setup of test_user_email_unique_constraint ______________
venv/lib/python3.12/site-packages/sqlalchemy/engine/base.py:1969: in _exec_single_context
    self.dialect.do_execute(
        context    = <sqlalchemy.dialects.sqlite.aiosqlite.SQLiteExecutionContext_aiosqlite object at 0x78efe0bd21b0>
        cursor     = <sqlalchemy.dialects.sqlite.aiosqlite.AsyncAdapt_aiosqlite_cursor object at 0x78efe0ba7e20>
        dialect    = <sqlalchemy.dialects.sqlite.aiosqlite.SQLiteDialect_aiosqlite object at 0x78efe0cc3620>
        effective_parameters = ()
        evt_handled = False
        parameters = [()]
        self       = <sqlalchemy.engine.base.Connection object at 0x78efe0bd0380>
        statement  = <sqlalchemy.dialects.sqlite.base.SQLiteDDLCompiler object at 0x78efe0bd18e0>
        str_statement = 'CREATE UNIQUE INDEX ix_users_email ON users (email)'
venv/lib/python3.12/site-packages/sqlalchemy/engine/default.py:922: in do_execute
    cursor.execute(statement, parameters)
        context    = <sqlalchemy.dialects.sqlite.aiosqlite.SQLiteExecutionContext_aiosqlite object at 0x78efe0bd21b0>
        cursor     = <sqlalchemy.dialects.sqlite.aiosqlite.AsyncAdapt_aiosqlite_cursor object at 0x78efe0ba7e20>
        parameters = ()
        self       = <sqlalchemy.dialects.sqlite.aiosqlite.SQLiteDialect_aiosqlite object at 0x78efe0cc3620>
        statement  = 'CREATE UNIQUE INDEX ix_users_email ON users (email)'
venv/lib/python3.12/site-packages/sqlalchemy/dialects/sqlite/aiosqlite.py:146: in execute
    self._adapt_connection._handle_exception(error)
        _cursor    = <aiosqlite.cursor.Cursor object at 0x78efe0bd2210>
        operation  = 'CREATE UNIQUE INDEX ix_users_email ON users (email)'
        parameters = ()
        self       = <sqlalchemy.dialects.sqlite.aiosqlite.AsyncAdapt_aiosqlite_cursor object at 0x78efe0ba7e20>
venv/lib/python3.12/site-packages/sqlalchemy/dialects/sqlite/aiosqlite.py:298: in _handle_exception
    raise error
        error      = OperationalError('index ix_users_email already exists')
        self       = <AdaptedConnection <aiosqlite.core.Connection object at 0x78efe0bd0950>>
venv/lib/python3.12/site-packages/sqlalchemy/dialects/sqlite/aiosqlite.py:128: in execute
    self.await_(_cursor.execute(operation, parameters))
        _cursor    = <aiosqlite.cursor.Cursor object at 0x78efe0bd2210>
        operation  = 'CREATE UNIQUE INDEX ix_users_email ON users (email)'
        parameters = ()
        self       = <sqlalchemy.dialects.sqlite.aiosqlite.AsyncAdapt_aiosqlite_cursor object at 0x78efe0ba7e20>
venv/lib/python3.12/site-packages/sqlalchemy/util/_concurrency_py3k.py:130: in await_only
    return current.driver.switch(awaitable)  # type: ignore[no-any-return]
        awaitable  = <coroutine object Cursor.execute at 0x78efe0be19a0>
        current    = <_AsyncIoGreenlet object at 0x78efe0b41940 (otid=0x1d6ace30) dead>
venv/lib/python3.12/site-packages/sqlalchemy/util/_concurrency_py3k.py:195: in greenlet_spawn
    value = await result
        _require_await = False
        args       = (<sqlalchemy.engine.base.Connection object at 0x78efe0bd0380>,)
        context    = <_AsyncIoGreenlet object at 0x78efe0b41940 (otid=0x1d6ace30) dead>
        fn         = <bound method MetaData.create_all of MetaData()>
        kwargs     = {}
        result     = <coroutine object Cursor.execute at 0x78efe0be19a0>
        switch_occurred = True
        value      = <aiosqlite.cursor.Cursor object at 0x78efe0bd2210>
venv/lib/python3.12/site-packages/aiosqlite/cursor.py:40: in execute
    await self._execute(self._cursor.execute, sql, parameters)
        parameters = ()
        self       = <aiosqlite.cursor.Cursor object at 0x78efe0bd2210>
        sql        = 'CREATE UNIQUE INDEX ix_users_email ON users (email)'
venv/lib/python3.12/site-packages/aiosqlite/cursor.py:32: in _execute
    return await self._conn._execute(fn, *args, **kwargs)
        args       = ('CREATE UNIQUE INDEX ix_users_email ON users (email)', ())
        fn         = <built-in method execute of sqlite3.Cursor object at 0x78efe0bb97c0>
        kwargs     = {}
        self       = <aiosqlite.cursor.Cursor object at 0x78efe0bd2210>
venv/lib/python3.12/site-packages/aiosqlite/core.py:160: in _execute
    return await future
        args       = ('CREATE UNIQUE INDEX ix_users_email ON users (email)', ())
        fn         = <built-in method execute of sqlite3.Cursor object at 0x78efe0bb97c0>
        function   = functools.partial(<built-in method execute of sqlite3.Cursor object at 0x78efe0bb97c0>, 'CREATE UNIQUE INDEX ix_users_email ON users (email)', ())
        future     = <Future finished exception=OperationalError('index ix_users_email already exists')>
        kwargs     = {}
        self       = <aiosqlite.core.Connection object at 0x78efe0bd0950>
venv/lib/python3.12/site-packages/aiosqlite/core.py:63: in _connection_worker_thread
    result = function()
E   sqlite3.OperationalError: index ix_users_email already exists
        function   = functools.partial(<built-in method rollback of sqlite3.Connection object at 0x78efe0b6f2e0>)
        future     = <Future finished result=None>
        result     = None
        tx         = <_queue.SimpleQueue object at 0x78efe0bd7060>

The above exception was the direct cause of the following exception:
venv/lib/python3.12/site-packages/pytest_asyncio/plugin.py:336: in _asyncgen_fixture_wrapper
    result = event_loop.run_until_complete(setup())
        event_loop = <_UnixSelectorEventLoop running=False closed=False debug=False>
        event_loop_fixture_id = '_session_event_loop'
        finalizer  = <function _wrap_asyncgen_fixture.<locals>._asyncgen_fixture_wrapper.<locals>.finalizer at 0x78efe0ba99e0>
        fixture    = <function engine at 0x78f001182b60>
        fixturedef = <FixtureDef argname='engine' scope='session' baseid='tests'>
        func       = <function engine at 0x78f001182b60>
        gen_obj    = <async_generator object engine at 0x78efe0b6ec50>
        kwargs     = {}
        request    = <SubRequest 'engine' for <Coroutine test_chat_session_creation_with_user>>
        setup      = <function _wrap_asyncgen_fixture.<locals>._asyncgen_fixture_wrapper.<locals>.setup at 0x78efe0ba9a80>
/usr/lib/python3.12/asyncio/base_events.py:687: in run_until_complete
    return future.result()
        future     = <Task finished name='Task-1' coro=<_wrap_asyncgen_fixture.<locals>._asyncgen_fixture_wrapper.<locals>.setup() done, defined at /mnt/d/workspace/ChatApplication/project-code/backend/venv/lib/python3.12/site-packages/pytest_asyncio/plugin.py:317> exception=OperationalError('(sqlite3.OperationalError) index ix_users_email already exists')>
        new_task   = True
        self       = <_UnixSelectorEventLoop running=False closed=False debug=False>
venv/lib/python3.12/site-packages/pytest_asyncio/plugin.py:318: in setup
    res = await gen_obj.__anext__()
        gen_obj    = <async_generator object engine at 0x78efe0b6ec50>
tests/conftest.py:62: in engine
    await conn.run_sync(Base.metadata.create_all)
        conn       = <sqlalchemy.ext.asyncio.engine.AsyncConnection object at 0x78efe0bd6850>
        test_engine = <sqlalchemy.ext.asyncio.engine.AsyncEngine object at 0x78f001041090>
venv/lib/python3.12/site-packages/sqlalchemy/ext/asyncio/engine.py:891: in run_sync
    return await greenlet_spawn(fn, self._proxied, *arg, **kw)
        arg        = ()
        fn         = <bound method MetaData.create_all of MetaData()>
        kw         = {}
        self       = <sqlalchemy.ext.asyncio.engine.AsyncConnection object at 0x78efe0bd6850>
venv/lib/python3.12/site-packages/sqlalchemy/util/_concurrency_py3k.py:200: in greenlet_spawn
    result = context.throw(*sys.exc_info())
        _require_await = False
        args       = (<sqlalchemy.engine.base.Connection object at 0x78efe0bd0380>,)
        context    = <_AsyncIoGreenlet object at 0x78efe0b41940 (otid=0x1d6ace30) dead>
        fn         = <bound method MetaData.create_all of MetaData()>
        kwargs     = {}
        result     = <coroutine object Cursor.execute at 0x78efe0be19a0>
        switch_occurred = True
        value      = <aiosqlite.cursor.Cursor object at 0x78efe0bd2210>
venv/lib/python3.12/site-packages/sqlalchemy/sql/schema.py:5832: in create_all
    bind._run_ddl_visitor(
        bind       = <sqlalchemy.engine.base.Connection object at 0x78efe0bd0380>
        checkfirst = True
        self       = MetaData()
        tables     = None
venv/lib/python3.12/site-packages/sqlalchemy/engine/base.py:2448: in _run_ddl_visitor
    visitorcallable(self.dialect, self, **kwargs).traverse_single(element)
        element    = MetaData()
        kwargs     = {'checkfirst': True, 'tables': None}
        self       = <sqlalchemy.engine.base.Connection object at 0x78efe0bd0380>
        visitorcallable = <class 'sqlalchemy.sql.ddl.SchemaGenerator'>
venv/lib/python3.12/site-packages/sqlalchemy/sql/visitors.py:671: in traverse_single
    return meth(obj, **kw)
        kw         = {}
        meth       = <bound method SchemaGenerator.visit_metadata of <sqlalchemy.sql.ddl.SchemaGenerator object at 0x78efe0ce40d0>>
        obj        = MetaData()
        self       = <sqlalchemy.sql.ddl.SchemaGenerator object at 0x78efe0ce40d0>
        v          = <sqlalchemy.sql.ddl.SchemaGenerator object at 0x78efe0ce40d0>
venv/lib/python3.12/site-packages/sqlalchemy/sql/ddl.py:919: in visit_metadata
    self.traverse_single(
        collection = [(Table('users', MetaData(), Column('id', GUID(), table=<users>, primary_key=True, nullable=False, default=CallableColumnDefault(<function uuid4 at 0x78f001182de0>)), Column('email', String(length=255), table=<users>), Column('password_hash', String(length=255), table=<users>), Column('role', Enum('ADMIN', 'USER', 'ANONYMOUS', name='user_role'), table=<users>, nullable=False, default=ScalarElementColumnDefault(<UserRole.ANONYMOUS: 'anonymous'>)), Column('is_active', Boolean(), table=<users>, nullable=False, default=ScalarElementColumnDefault(True)), Column('created_at', DateTime(timezone=True), table=<users>, nullable=False, default=CallableColumnDefault(<function datetime.utcnow at 0x78f0011e8ea0>)), Column('last_login', DateTime(timezone=True), table=<users>), schema=None),
  set()),
 (Table('chat_sessions', MetaData(), Column('id', GUID(), table=<chat_sessions>, primary_key=True, nullable=False, default=CallableColumnDefault(<function uuid4 at 0x78f001078720>)), Column('user_id', GUID(), ForeignKey('users.id'), table=<chat_sessions>), Column('session_token', String(length=255), table=<chat_sessions>, nullable=False), Column('created_at', DateTime(timezone=True), table=<chat_sessions>, nullable=False, default=CallableColumnDefault(<function datetime.utcnow at 0x78f0010787c0>)), Column('updated_at', DateTime(timezone=True), table=<chat_sessions>, nullable=False, onupdate=CallableColumnDefault(<function datetime.utcnow at 0x78f001078ae0>), default=CallableColumnDefault(<function datetime.utcnow at 0x78f001078a40>)), Column('metadata', JSON(), table=<chat_sessions>, default=CallableColumnDefault(<function dict at 0x78f001078b80>)), schema=None),
  {ForeignKeyConstraint(<sqlalchemy.sql.base.ReadOnlyColumnCollection object at 0x78efdb3365c0>, None, ondelete='SET NULL', table=Table('chat_sessions', MetaData(), Column('id', GUID(), table=<chat_sessions>, primary_key=True, nullable=False, default=CallableColumnDefault(<function uuid4 at 0x78f001078720>)), Column('user_id', GUID(), ForeignKey('users.id'), table=<chat_sessions>), Column('session_token', String(length=255), table=<chat_sessions>, nullable=False), Column('created_at', DateTime(timezone=True), table=<chat_sessions>, nullable=False, default=CallableColumnDefault(<function datetime.utcnow at 0x78f0010787c0>)), Column('updated_at', DateTime(timezone=True), table=<chat_sessions>, nullable=False, onupdate=CallableColumnDefault(<function datetime.utcnow at 0x78f001078ae0>), default=CallableColumnDefault(<function datetime.utcnow at 0x78f001078a40>)), Column('metadata', JSON(), table=<chat_sessions>, default=CallableColumnDefault(<function dict at 0x78f001078b80>)), schema=None))}),
 (Table('data_sources', MetaData(), Column('id', GUID(), table=<data_sources>, primary_key=True, nullable=False, default=CallableColumnDefault(<function uuid4 at 0x78f00107bd80>)), Column('name', String(length=255), table=<data_sources>, nullable=False), Column('type', Enum('CONFLUENCE', 'JIRA', 'GITHUB', 'ONBOARDING', name='source_type'), table=<data_sources>, nullable=False), Column('config', JSON(), table=<data_sources>, nullable=False, default=CallableColumnDefault(<function dict at 0x78f001018040>)), Column('last_sync_at', DateTime(timezone=True), table=<data_sources>), Column('sync_status', Enum('PENDING', 'SYNCING', 'SUCCESS', 'FAILED', name='sync_status'), table=<data_sources>, nullable=False, default=ScalarElementColumnDefault(<SyncStatus.PENDING: 'pending'>)), Column('sync_error', Text(), table=<data_sources>), Column('created_by', GUID(), ForeignKey('users.id'), table=<data_sources>, nullable=False), Column('is_active', Boolean(), table=<data_sources>, nullable=False, default=ScalarElementColumnDefault(True)), schema=None),
  {ForeignKeyConstraint(<sqlalchemy.sql.base.ReadOnlyColumnCollection object at 0x78efdb336610>, None, ondelete='CASCADE', table=Table('data_sources', MetaData(), Column('id', GUID(), table=<data_sources>, primary_key=True, nullable=False, default=CallableColumnDefault(<function uuid4 at 0x78f00107bd80>)), Column('name', String(length=255), table=<data_sources>, nullable=False), Column('type', Enum('CONFLUENCE', 'JIRA', 'GITHUB', 'ONBOARDING', name='source_type'), table=<data_sources>, nullable=False), Column('config', JSON(), table=<data_sources>, nullable=False, default=CallableColumnDefault(<function dict at 0x78f001018040>)), Column('last_sync_at', DateTime(timezone=True), table=<data_sources>), Column('sync_status', Enum('PENDING', 'SYNCING', 'SUCCESS', 'FAILED', name='sync_status'), table=<data_sources>, nullable=False, default=ScalarElementColumnDefault(<SyncStatus.PENDING: 'pending'>)), Column('sync_error', Text(), table=<data_sources>), Column('created_by', GUID(), ForeignKey('users.id'), table=<data_sources>, nullable=False), Column('is_active', Boolean(), table=<data_sources>, nullable=False, default=ScalarElementColumnDefault(True)), schema=None))}),
 (Table('messages', MetaData(), Column('id', GUID(), table=<messages>, primary_key=True, nullable=False, default=CallableColumnDefault(<function uuid4 at 0x78f00107a020>)), Column('session_id', GUID(), ForeignKey('chat_sessions.id'), table=<messages>, nullable=False), Column('role', Enum('USER', 'ASSISTANT', 'SYSTEM', name='message_role'), table=<messages>, nullable=False), Column('content', Text(), table=<messages>, nullable=False), Column('created_at', DateTime(timezone=True), table=<messages>, nullable=False, default=CallableColumnDefault(<function datetime.utcnow at 0x78f00107a3e0>)), Column('sources', JSON(), table=<messages>, default=CallableColumnDefault(<function dict at 0x78f00107a520>)), Column('feedback', JSON(), table=<messages>, default=CallableColumnDefault(<function dict at 0x78f00107a660>)), schema=None),
  {ForeignKeyConstraint(<sqlalchemy.sql.base.ReadOnlyColumnCollection object at 0x78efdb3366b0>, None, ondelete='CASCADE', table=Table('messages', MetaData(), Column('id', GUID(), table=<messages>, primary_key=True, nullable=False, default=CallableColumnDefault(<function uuid4 at 0x78f00107a020>)), Column('session_id', GUID(), ForeignKey('chat_sessions.id'), table=<messages>, nullable=False), Column('role', Enum('USER', 'ASSISTANT', 'SYSTEM', name='message_role'), table=<messages>, nullable=False), Column('content', Text(), table=<messages>, nullable=False), Column('created_at', DateTime(timezone=True), table=<messages>, nullable=False, default=CallableColumnDefault(<function datetime.utcnow at 0x78f00107a3e0>)), Column('sources', JSON(), table=<messages>, default=CallableColumnDefault(<function dict at 0x78f00107a520>)), Column('feedback', JSON(), table=<messages>, default=CallableColumnDefault(<function dict at 0x78f00107a660>)), schema=None))}),
 (Table('sync_logs', MetaData(), Column('id', GUID(), table=<sync_logs>, primary_key=True, nullable=False, default=CallableColumnDefault(<function uuid4 at 0x78f00101a3e0>)), Column('source_id', GUID(), ForeignKey('data_sources.id'), table=<sync_logs>, nullable=False), Column('started_at', DateTime(timezone=True), table=<sync_logs>, nullable=False, default=CallableColumnDefault(<function datetime.utcnow at 0x78f00101a480>)), Column('completed_at', DateTime(timezone=True), table=<sync_logs>), Column('status', Enum('PENDING', 'SYNCING', 'SUCCESS', 'FAILED', name='sync_status'), table=<sync_logs>, nullable=False, default=ScalarElementColumnDefault(<SyncStatus.PENDING: 'pending'>)), Column('documents_processed', Integer(), table=<sync_logs>, nullable=False, default=ScalarElementColumnDefault(0)), Column('documents_added', Integer(), table=<sync_logs>, nullable=False, default=ScalarElementColumnDefault(0)), Column('documents_updated', Integer(), table=<sync_logs>, nullable=False, default=ScalarElementColumnDefault(0)), Column('documents_deleted', Integer(), table=<sync_logs>, nullable=False, default=ScalarElementColumnDefault(0)), Column('error_log', Text(), table=<sync_logs>), schema=None),
  {ForeignKeyConstraint(<sqlalchemy.sql.base.ReadOnlyColumnCollection object at 0x78efdb336660>, None, ondelete='CASCADE', table=Table('sync_logs', MetaData(), Column('id', GUID(), table=<sync_logs>, primary_key=True, nullable=False, default=CallableColumnDefault(<function uuid4 at 0x78f00101a3e0>)), Column('source_id', GUID(), ForeignKey('data_sources.id'), table=<sync_logs>, nullable=False), Column('started_at', DateTime(timezone=True), table=<sync_logs>, nullable=False, default=CallableColumnDefault(<function datetime.utcnow at 0x78f00101a480>)), Column('completed_at', DateTime(timezone=True), table=<sync_logs>), Column('status', Enum('PENDING', 'SYNCING', 'SUCCESS', 'FAILED', name='sync_status'), table=<sync_logs>, nullable=False, default=ScalarElementColumnDefault(<SyncStatus.PENDING: 'pending'>)), Column('documents_processed', Integer(), table=<sync_logs>, nullable=False, default=ScalarElementColumnDefault(0)), Column('documents_added', Integer(), table=<sync_logs>, nullable=False, default=ScalarElementColumnDefault(0)), Column('documents_updated', Integer(), table=<sync_logs>, nullable=False, default=ScalarElementColumnDefault(0)), Column('documents_deleted', Integer(), table=<sync_logs>, nullable=False, default=ScalarElementColumnDefault(0)), Column('error_log', Text(), table=<sync_logs>), schema=None))}),
 (Table('documents', MetaData(), Column('id', UUID(), table=<documents>, primary_key=True, nullable=False, default=CallableColumnDefault(<function uuid4 at 0x78f00101bec0>)), Column('source_id', UUID(), ForeignKey('data_sources.id'), table=<documents>, nullable=False), Column('external_id', String(length=255), table=<documents>, nullable=False), Column('title', Text(), table=<documents>, nullable=False), Column('content', Text(), table=<documents>, nullable=False), Column('url', Text(), table=<documents>), Column('metadata', JSONB(astext_type=Text()), table=<documents>, default=CallableColumnDefault(<function dict at 0x78f000fec360>)), Column('created_at', DateTime(timezone=True), table=<documents>, nullable=False, default=CallableColumnDefault(<function datetime.utcnow at 0x78efe0cbef20>)), Column('updated_at', DateTime(timezone=True), table=<documents>, nullable=False, onupdate=CallableColumnDefault(<function datetime.utcnow at 0x78efe0cbf060>), default=CallableColumnDefault(<function datetime.utcnow at 0x78efe0cbefc0>)), Column('is_deleted', Boolean(), table=<documents>, nullable=False, default=ScalarElementColumnDefault(False)), schema=None),
  {ForeignKeyConstraint(<sqlalchemy.sql.base.ReadOnlyColumnCollection object at 0x78efdb336750>, None, ondelete='CASCADE', table=Table('documents', MetaData(), Column('id', UUID(), table=<documents>, primary_key=True, nullable=False, default=CallableColumnDefault(<function uuid4 at 0x78f00101bec0>)), Column('source_id', UUID(), ForeignKey('data_sources.id'), table=<documents>, nullable=False), Column('external_id', String(length=255), table=<documents>, nullable=False), Column('title', Text(), table=<documents>, nullable=False), Column('content', Text(), table=<documents>, nullable=False), Column('url', Text(), table=<documents>), Column('metadata', JSONB(astext_type=Text()), table=<documents>, default=CallableColumnDefault(<function dict at 0x78f000fec360>)), Column('created_at', DateTime(timezone=True), table=<documents>, nullable=False, default=CallableColumnDefault(<function datetime.utcnow at 0x78efe0cbef20>)), Column('updated_at', DateTime(timezone=True), table=<documents>, nullable=False, onupdate=CallableColumnDefault(<function datetime.utcnow at 0x78efe0cbf060>), default=CallableColumnDefault(<function datetime.utcnow at 0x78efe0cbefc0>)), Column('is_deleted', Boolean(), table=<documents>, nullable=False, default=ScalarElementColumnDefault(False)), schema=None))}),
 (Table('document_chunks', MetaData(), Column('id', UUID(), table=<document_chunks>, primary_key=True, nullable=False, default=CallableColumnDefault(<function uuid4 at 0x78efe0ce0720>)), Column('document_id', UUID(), ForeignKey('documents.id'), table=<document_chunks>, nullable=False), Column('chunk_index', Integer(), table=<document_chunks>, nullable=False), Column('content', Text(), table=<document_chunks>, nullable=False), Column('embedding', Vector(dim=384), table=<document_chunks>), Column('metadata', JSONB(astext_type=Text()), table=<document_chunks>, default=CallableColumnDefault(<function dict at 0x78efe0ce07c0>)), Column('created_at', DateTime(timezone=True), table=<document_chunks>, nullable=False, default=CallableColumnDefault(<function datetime.utcnow at 0x78efe0ce09a0>)), schema=None),
  {ForeignKeyConstraint(<sqlalchemy.sql.base.ReadOnlyColumnCollection object at 0x78efdb3367a0>, None, ondelete='CASCADE', table=Table('document_chunks', MetaData(), Column('id', UUID(), table=<document_chunks>, primary_key=True, nullable=False, default=CallableColumnDefault(<function uuid4 at 0x78efe0ce0720>)), Column('document_id', UUID(), ForeignKey('documents.id'), table=<document_chunks>, nullable=False), Column('chunk_index', Integer(), table=<document_chunks>, nullable=False), Column('content', Text(), table=<document_chunks>, nullable=False), Column('embedding', Vector(dim=384), table=<document_chunks>), Column('metadata', JSONB(astext_type=Text()), table=<document_chunks>, default=CallableColumnDefault(<function dict at 0x78efe0ce07c0>)), Column('created_at', DateTime(timezone=True), table=<document_chunks>, nullable=False, default=CallableColumnDefault(<function datetime.utcnow at 0x78efe0ce09a0>)), schema=None))}),
 (None, [])]
        event_collection = [Table('users', MetaData(), Column('id', GUID(), table=<users>, primary_key=True, nullable=False, default=CallableColumnDefault(<function uuid4 at 0x78f001182de0>)), Column('email', String(length=255), table=<users>), Column('password_hash', String(length=255), table=<users>), Column('role', Enum('ADMIN', 'USER', 'ANONYMOUS', name='user_role'), table=<users>, nullable=False, default=ScalarElementColumnDefault(<UserRole.ANONYMOUS: 'anonymous'>)), Column('is_active', Boolean(), table=<users>, nullable=False, default=ScalarElementColumnDefault(True)), Column('created_at', DateTime(timezone=True), table=<users>, nullable=False, default=CallableColumnDefault(<function datetime.utcnow at 0x78f0011e8ea0>)), Column('last_login', DateTime(timezone=True), table=<users>), schema=None),
 Table('chat_sessions', MetaData(), Column('id', GUID(), table=<chat_sessions>, primary_key=True, nullable=False, default=CallableColumnDefault(<function uuid4 at 0x78f001078720>)), Column('user_id', GUID(), ForeignKey('users.id'), table=<chat_sessions>), Column('session_token', String(length=255), table=<chat_sessions>, nullable=False), Column('created_at', DateTime(timezone=True), table=<chat_sessions>, nullable=False, default=CallableColumnDefault(<function datetime.utcnow at 0x78f0010787c0>)), Column('updated_at', DateTime(timezone=True), table=<chat_sessions>, nullable=False, onupdate=CallableColumnDefault(<function datetime.utcnow at 0x78f001078ae0>), default=CallableColumnDefault(<function datetime.utcnow at 0x78f001078a40>)), Column('metadata', JSON(), table=<chat_sessions>, default=CallableColumnDefault(<function dict at 0x78f001078b80>)), schema=None),
 Table('data_sources', MetaData(), Column('id', GUID(), table=<data_sources>, primary_key=True, nullable=False, default=CallableColumnDefault(<function uuid4 at 0x78f00107bd80>)), Column('name', String(length=255), table=<data_sources>, nullable=False), Column('type', Enum('CONFLUENCE', 'JIRA', 'GITHUB', 'ONBOARDING', name='source_type'), table=<data_sources>, nullable=False), Column('config', JSON(), table=<data_sources>, nullable=False, default=CallableColumnDefault(<function dict at 0x78f001018040>)), Column('last_sync_at', DateTime(timezone=True), table=<data_sources>), Column('sync_status', Enum('PENDING', 'SYNCING', 'SUCCESS', 'FAILED', name='sync_status'), table=<data_sources>, nullable=False, default=ScalarElementColumnDefault(<SyncStatus.PENDING: 'pending'>)), Column('sync_error', Text(), table=<data_sources>), Column('created_by', GUID(), ForeignKey('users.id'), table=<data_sources>, nullable=False), Column('is_active', Boolean(), table=<data_sources>, nullable=False, default=ScalarElementColumnDefault(True)), schema=None),
 Table('messages', MetaData(), Column('id', GUID(), table=<messages>, primary_key=True, nullable=False, default=CallableColumnDefault(<function uuid4 at 0x78f00107a020>)), Column('session_id', GUID(), ForeignKey('chat_sessions.id'), table=<messages>, nullable=False), Column('role', Enum('USER', 'ASSISTANT', 'SYSTEM', name='message_role'), table=<messages>, nullable=False), Column('content', Text(), table=<messages>, nullable=False), Column('created_at', DateTime(timezone=True), table=<messages>, nullable=False, default=CallableColumnDefault(<function datetime.utcnow at 0x78f00107a3e0>)), Column('sources', JSON(), table=<messages>, default=CallableColumnDefault(<function dict at 0x78f00107a520>)), Column('feedback', JSON(), table=<messages>, default=CallableColumnDefault(<function dict at 0x78f00107a660>)), schema=None),
 Table('sync_logs', MetaData(), Column('id', GUID(), table=<sync_logs>, primary_key=True, nullable=False, default=CallableColumnDefault(<function uuid4 at 0x78f00101a3e0>)), Column('source_id', GUID(), ForeignKey('data_sources.id'), table=<sync_logs>, nullable=False), Column('started_at', DateTime(timezone=True), table=<sync_logs>, nullable=False, default=CallableColumnDefault(<function datetime.utcnow at 0x78f00101a480>)), Column('completed_at', DateTime(timezone=True), table=<sync_logs>), Column('status', Enum('PENDING', 'SYNCING', 'SUCCESS', 'FAILED', name='sync_status'), table=<sync_logs>, nullable=False, default=ScalarElementColumnDefault(<SyncStatus.PENDING: 'pending'>)), Column('documents_processed', Integer(), table=<sync_logs>, nullable=False, default=ScalarElementColumnDefault(0)), Column('documents_added', Integer(), table=<sync_logs>, nullable=False, default=ScalarElementColumnDefault(0)), Column('documents_updated', Integer(), table=<sync_logs>, nullable=False, default=ScalarElementColumnDefault(0)), Column('documents_deleted', Integer(), table=<sync_logs>, nullable=False, default=ScalarElementColumnDefault(0)), Column('error_log', Text(), table=<sync_logs>), schema=None),
 Table('documents', MetaData(), Column('id', UUID(), table=<documents>, primary_key=True, nullable=False, default=CallableColumnDefault(<function uuid4 at 0x78f00101bec0>)), Column('source_id', UUID(), ForeignKey('data_sources.id'), table=<documents>, nullable=False), Column('external_id', String(length=255), table=<documents>, nullable=False), Column('title', Text(), table=<documents>, nullable=False), Column('content', Text(), table=<documents>, nullable=False), Column('url', Text(), table=<documents>), Column('metadata', JSONB(astext_type=Text()), table=<documents>, default=CallableColumnDefault(<function dict at 0x78f000fec360>)), Column('created_at', DateTime(timezone=True), table=<documents>, nullable=False, default=CallableColumnDefault(<function datetime.utcnow at 0x78efe0cbef20>)), Column('updated_at', DateTime(timezone=True), table=<documents>, nullable=False, onupdate=CallableColumnDefault(<function datetime.utcnow at 0x78efe0cbf060>), default=CallableColumnDefault(<function datetime.utcnow at 0x78efe0cbefc0>)), Column('is_deleted', Boolean(), table=<documents>, nullable=False, default=ScalarElementColumnDefault(False)), schema=None),
 Table('document_chunks', MetaData(), Column('id', UUID(), table=<document_chunks>, primary_key=True, nullable=False, default=CallableColumnDefault(<function uuid4 at 0x78efe0ce0720>)), Column('document_id', UUID(), ForeignKey('documents.id'), table=<document_chunks>, nullable=False), Column('chunk_index', Integer(), table=<document_chunks>, nullable=False), Column('content', Text(), table=<document_chunks>, nullable=False), Column('embedding', Vector(dim=384), table=<document_chunks>), Column('metadata', JSONB(astext_type=Text()), table=<document_chunks>, default=CallableColumnDefault(<function dict at 0x78efe0ce07c0>)), Column('created_at', DateTime(timezone=True), table=<document_chunks>, nullable=False, default=CallableColumnDefault(<function datetime.utcnow at 0x78efe0ce09a0>)), schema=None)]
        fkcs       = set()
        metadata   = MetaData()
        self       = <sqlalchemy.sql.ddl.SchemaGenerator object at 0x78efe0ce40d0>
        seq_coll   = []
        table      = Table('users', MetaData(), Column('id', GUID(), table=<users>, primary_key=True, nullable=False, default=CallableColumnDefault(<function uuid4 at 0x78f001182de0>)), Column('email', String(length=255), table=<users>), Column('password_hash', String(length=255), table=<users>), Column('role', Enum('ADMIN', 'USER', 'ANONYMOUS', name='user_role'), table=<users>, nullable=False, default=ScalarElementColumnDefault(<UserRole.ANONYMOUS: 'anonymous'>)), Column('is_active', Boolean(), table=<users>, nullable=False, default=ScalarElementColumnDefault(True)), Column('created_at', DateTime(timezone=True), table=<users>, nullable=False, default=CallableColumnDefault(<function datetime.utcnow at 0x78f0011e8ea0>)), Column('last_login', DateTime(timezone=True), table=<users>), schema=None)
        tables     = [Table('users', MetaData(), Column('id', GUID(), table=<users>, primary_key=True, nullable=False, default=CallableColumnDefault(<function uuid4 at 0x78f001182de0>)), Column('email', String(length=255), table=<users>), Column('password_hash', String(length=255), table=<users>), Column('role', Enum('ADMIN', 'USER', 'ANONYMOUS', name='user_role'), table=<users>, nullable=False, default=ScalarElementColumnDefault(<UserRole.ANONYMOUS: 'anonymous'>)), Column('is_active', Boolean(), table=<users>, nullable=False, default=ScalarElementColumnDefault(True)), Column('created_at', DateTime(timezone=True), table=<users>, nullable=False, default=CallableColumnDefault(<function datetime.utcnow at 0x78f0011e8ea0>)), Column('last_login', DateTime(timezone=True), table=<users>), schema=None),
 Table('chat_sessions', MetaData(), Column('id', GUID(), table=<chat_sessions>, primary_key=True, nullable=False, default=CallableColumnDefault(<function uuid4 at 0x78f001078720>)), Column('user_id', GUID(), ForeignKey('users.id'), table=<chat_sessions>), Column('session_token', String(length=255), table=<chat_sessions>, nullable=False), Column('created_at', DateTime(timezone=True), table=<chat_sessions>, nullable=False, default=CallableColumnDefault(<function datetime.utcnow at 0x78f0010787c0>)), Column('updated_at', DateTime(timezone=True), table=<chat_sessions>, nullable=False, onupdate=CallableColumnDefault(<function datetime.utcnow at 0x78f001078ae0>), default=CallableColumnDefault(<function datetime.utcnow at 0x78f001078a40>)), Column('metadata', JSON(), table=<chat_sessions>, default=CallableColumnDefault(<function dict at 0x78f001078b80>)), schema=None),
 Table('messages', MetaData(), Column('id', GUID(), table=<messages>, primary_key=True, nullable=False, default=CallableColumnDefault(<function uuid4 at 0x78f00107a020>)), Column('session_id', GUID(), ForeignKey('chat_sessions.id'), table=<messages>, nullable=False), Column('role', Enum('USER', 'ASSISTANT', 'SYSTEM', name='message_role'), table=<messages>, nullable=False), Column('content', Text(), table=<messages>, nullable=False), Column('created_at', DateTime(timezone=True), table=<messages>, nullable=False, default=CallableColumnDefault(<function datetime.utcnow at 0x78f00107a3e0>)), Column('sources', JSON(), table=<messages>, default=CallableColumnDefault(<function dict at 0x78f00107a520>)), Column('feedback', JSON(), table=<messages>, default=CallableColumnDefault(<function dict at 0x78f00107a660>)), schema=None),
 Table('data_sources', MetaData(), Column('id', GUID(), table=<data_sources>, primary_key=True, nullable=False, default=CallableColumnDefault(<function uuid4 at 0x78f00107bd80>)), Column('name', String(length=255), table=<data_sources>, nullable=False), Column('type', Enum('CONFLUENCE', 'JIRA', 'GITHUB', 'ONBOARDING', name='source_type'), table=<data_sources>, nullable=False), Column('config', JSON(), table=<data_sources>, nullable=False, default=CallableColumnDefault(<function dict at 0x78f001018040>)), Column('last_sync_at', DateTime(timezone=True), table=<data_sources>), Column('sync_status', Enum('PENDING', 'SYNCING', 'SUCCESS', 'FAILED', name='sync_status'), table=<data_sources>, nullable=False, default=ScalarElementColumnDefault(<SyncStatus.PENDING: 'pending'>)), Column('sync_error', Text(), table=<data_sources>), Column('created_by', GUID(), ForeignKey('users.id'), table=<data_sources>, nullable=False), Column('is_active', Boolean(), table=<data_sources>, nullable=False, default=ScalarElementColumnDefault(True)), schema=None),
 Table('sync_logs', MetaData(), Column('id', GUID(), table=<sync_logs>, primary_key=True, nullable=False, default=CallableColumnDefault(<function uuid4 at 0x78f00101a3e0>)), Column('source_id', GUID(), ForeignKey('data_sources.id'), table=<sync_logs>, nullable=False), Column('started_at', DateTime(timezone=True), table=<sync_logs>, nullable=False, default=CallableColumnDefault(<function datetime.utcnow at 0x78f00101a480>)), Column('completed_at', DateTime(timezone=True), table=<sync_logs>), Column('status', Enum('PENDING', 'SYNCING', 'SUCCESS', 'FAILED', name='sync_status'), table=<sync_logs>, nullable=False, default=ScalarElementColumnDefault(<SyncStatus.PENDING: 'pending'>)), Column('documents_processed', Integer(), table=<sync_logs>, nullable=False, default=ScalarElementColumnDefault(0)), Column('documents_added', Integer(), table=<sync_logs>, nullable=False, default=ScalarElementColumnDefault(0)), Column('documents_updated', Integer(), table=<sync_logs>, nullable=False, default=ScalarElementColumnDefault(0)), Column('documents_deleted', Integer(), table=<sync_logs>, nullable=False, default=ScalarElementColumnDefault(0)), Column('error_log', Text(), table=<sync_logs>), schema=None),
 Table('documents', MetaData(), Column('id', UUID(), table=<documents>, primary_key=True, nullable=False, default=CallableColumnDefault(<function uuid4 at 0x78f00101bec0>)), Column('source_id', UUID(), ForeignKey('data_sources.id'), table=<documents>, nullable=False), Column('external_id', String(length=255), table=<documents>, nullable=False), Column('title', Text(), table=<documents>, nullable=False), Column('content', Text(), table=<documents>, nullable=False), Column('url', Text(), table=<documents>), Column('metadata', JSONB(astext_type=Text()), table=<documents>, default=CallableColumnDefault(<function dict at 0x78f000fec360>)), Column('created_at', DateTime(timezone=True), table=<documents>, nullable=False, default=CallableColumnDefault(<function datetime.utcnow at 0x78efe0cbef20>)), Column('updated_at', DateTime(timezone=True), table=<documents>, nullable=False, onupdate=CallableColumnDefault(<function datetime.utcnow at 0x78efe0cbf060>), default=CallableColumnDefault(<function datetime.utcnow at 0x78efe0cbefc0>)), Column('is_deleted', Boolean(), table=<documents>, nullable=False, default=ScalarElementColumnDefault(False)), schema=None),
 Table('document_chunks', MetaData(), Column('id', UUID(), table=<document_chunks>, primary_key=True, nullable=False, default=CallableColumnDefault(<function uuid4 at 0x78efe0ce0720>)), Column('document_id', UUID(), ForeignKey('documents.id'), table=<document_chunks>, nullable=False), Column('chunk_index', Integer(), table=<document_chunks>, nullable=False), Column('content', Text(), table=<document_chunks>, nullable=False), Column('embedding', Vector(dim=384), table=<document_chunks>), Column('metadata', JSONB(astext_type=Text()), table=<document_chunks>, default=CallableColumnDefault(<function dict at 0x78efe0ce07c0>)), Column('created_at', DateTime(timezone=True), table=<document_chunks>, nullable=False, default=CallableColumnDefault(<function datetime.utcnow at 0x78efe0ce09a0>)), schema=None)]
venv/lib/python3.12/site-packages/sqlalchemy/sql/visitors.py:671: in traverse_single
    return meth(obj, **kw)
        kw         = {'_is_metadata_operation': True,
 'create_ok': True,
 'include_foreign_key_constraints': set()}
        meth       = <bound method SchemaGenerator.visit_table of <sqlalchemy.sql.ddl.SchemaGenerator object at 0x78efe0ce40d0>>
        obj        = Table('users', MetaData(), Column('id', GUID(), table=<users>, primary_key=True, nullable=False, default=CallableColumnDefault(<function uuid4 at 0x78f001182de0>)), Column('email', String(length=255), table=<users>), Column('password_hash', String(length=255), table=<users>), Column('role', Enum('ADMIN', 'USER', 'ANONYMOUS', name='user_role'), table=<users>, nullable=False, default=ScalarElementColumnDefault(<UserRole.ANONYMOUS: 'anonymous'>)), Column('is_active', Boolean(), table=<users>, nullable=False, default=ScalarElementColumnDefault(True)), Column('created_at', DateTime(timezone=True), table=<users>, nullable=False, default=CallableColumnDefault(<function datetime.utcnow at 0x78f0011e8ea0>)), Column('last_login', DateTime(timezone=True), table=<users>), schema=None)
        self       = <sqlalchemy.sql.ddl.SchemaGenerator object at 0x78efe0ce40d0>
        v          = <sqlalchemy.sql.ddl.SchemaGenerator object at 0x78efe0ce40d0>
venv/lib/python3.12/site-packages/sqlalchemy/sql/ddl.py:961: in visit_table
    self.traverse_single(index, create_ok=True)
        _is_metadata_operation = True
        column     = Column('last_login', DateTime(timezone=True), table=<users>)
        create_ok  = True
        include_foreign_key_constraints = None
        index      = Index('ix_users_email', Column('email', String(length=255), table=<users>), unique=True)
        self       = <sqlalchemy.sql.ddl.SchemaGenerator object at 0x78efe0ce40d0>
        table      = Table('users', MetaData(), Column('id', GUID(), table=<users>, primary_key=True, nullable=False, default=CallableColumnDefault(<function uuid4 at 0x78f001182de0>)), Column('email', String(length=255), table=<users>), Column('password_hash', String(length=255), table=<users>), Column('role', Enum('ADMIN', 'USER', 'ANONYMOUS', name='user_role'), table=<users>, nullable=False, default=ScalarElementColumnDefault(<UserRole.ANONYMOUS: 'anonymous'>)), Column('is_active', Boolean(), table=<users>, nullable=False, default=ScalarElementColumnDefault(True)), Column('created_at', DateTime(timezone=True), table=<users>, nullable=False, default=CallableColumnDefault(<function datetime.utcnow at 0x78f0011e8ea0>)), Column('last_login', DateTime(timezone=True), table=<users>), schema=None)
venv/lib/python3.12/site-packages/sqlalchemy/sql/visitors.py:671: in traverse_single
    return meth(obj, **kw)
        kw         = {'create_ok': True}
        meth       = <bound method SchemaGenerator.visit_index of <sqlalchemy.sql.ddl.SchemaGenerator object at 0x78efe0ce40d0>>
        obj        = Index('ix_users_email', Column('email', String(length=255), table=<users>), unique=True)
        self       = <sqlalchemy.sql.ddl.SchemaGenerator object at 0x78efe0ce40d0>
        v          = <sqlalchemy.sql.ddl.SchemaGenerator object at 0x78efe0ce40d0>
venv/lib/python3.12/site-packages/sqlalchemy/sql/ddl.py:998: in visit_index
    CreateIndex(index)._invoke_with(self.connection)
        create_ok  = True
        index      = Index('ix_users_email', Column('email', String(length=255), table=<users>), unique=True)
        self       = <sqlalchemy.sql.ddl.SchemaGenerator object at 0x78efe0ce40d0>
venv/lib/python3.12/site-packages/sqlalchemy/sql/ddl.py:315: in _invoke_with
    return bind.execute(self)
        bind       = <sqlalchemy.engine.base.Connection object at 0x78efe0bd0380>
        self       = <sqlalchemy.sql.ddl.CreateIndex object at 0x78f000fe2900>
venv/lib/python3.12/site-packages/sqlalchemy/engine/base.py:1416: in execute
    return meth(
        distilled_parameters = ()
        execution_options = None
        meth       = <bound method ExecutableDDLElement._execute_on_connection of <sqlalchemy.sql.ddl.CreateIndex object at 0x78f000fe2900>>
        parameters = None
        self       = <sqlalchemy.engine.base.Connection object at 0x78efe0bd0380>
        statement  = <sqlalchemy.sql.ddl.CreateIndex object at 0x78f000fe2900>
venv/lib/python3.12/site-packages/sqlalchemy/sql/ddl.py:181: in _execute_on_connection
    return connection._execute_ddl(
        connection = <sqlalchemy.engine.base.Connection object at 0x78efe0bd0380>
        distilled_params = ()
        execution_options = immutabledict({})
        self       = <sqlalchemy.sql.ddl.CreateIndex object at 0x78f000fe2900>
venv/lib/python3.12/site-packages/sqlalchemy/engine/base.py:1528: in _execute_ddl
    ret = self._execute_context(
        compiled   = <sqlalchemy.dialects.sqlite.base.SQLiteDDLCompiler object at 0x78efe0bd18e0>
        ddl        = <sqlalchemy.sql.ddl.CreateIndex object at 0x78f000fe2900>
        dialect    = <sqlalchemy.dialects.sqlite.aiosqlite.SQLiteDialect_aiosqlite object at 0x78efe0cc3620>
        distilled_parameters = ()
        event_multiparams = None
        event_params = None
        exec_opts  = immutabledict({})
        execution_options = immutabledict({})
        schema_translate_map = None
        self       = <sqlalchemy.engine.base.Connection object at 0x78efe0bd0380>
venv/lib/python3.12/site-packages/sqlalchemy/engine/base.py:1848: in _execute_context
    return self._exec_single_context(
        args       = (<sqlalchemy.dialects.sqlite.base.SQLiteDDLCompiler object at 0x78efe0bd18e0>,)
        conn       = <sqlalchemy.pool.base._ConnectionFairy object at 0x78efe0ba6930>
        constructor = <bound method DefaultExecutionContext._init_ddl of <class 'sqlalchemy.dialects.sqlite.aiosqlite.SQLiteExecutionContext_aiosqlite'>>
        context    = <sqlalchemy.dialects.sqlite.aiosqlite.SQLiteExecutionContext_aiosqlite object at 0x78efe0bd21b0>
        dialect    = <sqlalchemy.dialects.sqlite.aiosqlite.SQLiteDialect_aiosqlite object at 0x78efe0cc3620>
        execution_options = immutabledict({})
        kw         = {}
        parameters = None
        self       = <sqlalchemy.engine.base.Connection object at 0x78efe0bd0380>
        statement  = <sqlalchemy.dialects.sqlite.base.SQLiteDDLCompiler object at 0x78efe0bd18e0>
venv/lib/python3.12/site-packages/sqlalchemy/engine/base.py:1988: in _exec_single_context
    self._handle_dbapi_exception(
        context    = <sqlalchemy.dialects.sqlite.aiosqlite.SQLiteExecutionContext_aiosqlite object at 0x78efe0bd21b0>
        cursor     = <sqlalchemy.dialects.sqlite.aiosqlite.AsyncAdapt_aiosqlite_cursor object at 0x78efe0ba7e20>
        dialect    = <sqlalchemy.dialects.sqlite.aiosqlite.SQLiteDialect_aiosqlite object at 0x78efe0cc3620>
        effective_parameters = ()
        evt_handled = False
        parameters = [()]
        self       = <sqlalchemy.engine.base.Connection object at 0x78efe0bd0380>
        statement  = <sqlalchemy.dialects.sqlite.base.SQLiteDDLCompiler object at 0x78efe0bd18e0>
        str_statement = 'CREATE UNIQUE INDEX ix_users_email ON users (email)'
venv/lib/python3.12/site-packages/sqlalchemy/engine/base.py:2344: in _handle_dbapi_exception
    raise sqlalchemy_exception.with_traceback(exc_info[2]) from e
        context    = <sqlalchemy.dialects.sqlite.aiosqlite.SQLiteExecutionContext_aiosqlite object at 0x78efe0bd21b0>
        cursor     = <sqlalchemy.dialects.sqlite.aiosqlite.AsyncAdapt_aiosqlite_cursor object at 0x78efe0ba7e20>
        e          = OperationalError('index ix_users_email already exists')
        exc_info   = (<class 'sqlite3.OperationalError'>,
 OperationalError('index ix_users_email already exists'),
 <traceback object at 0x78efe0201740>)
        invalidate_pool_on_disconnect = True
        is_exit_exception = False
        is_sub_exec = False
        ismulti    = False
        newraise   = None
        parameters = ()
        self       = <sqlalchemy.engine.base.Connection object at 0x78efe0bd0380>
        should_wrap = True
        sqlalchemy_exception = OperationalError('(sqlite3.OperationalError) index ix_users_email already exists')
        statement  = 'CREATE UNIQUE INDEX ix_users_email ON users (email)'
venv/lib/python3.12/site-packages/sqlalchemy/engine/base.py:1969: in _exec_single_context
    self.dialect.do_execute(
        context    = <sqlalchemy.dialects.sqlite.aiosqlite.SQLiteExecutionContext_aiosqlite object at 0x78efe0bd21b0>
        cursor     = <sqlalchemy.dialects.sqlite.aiosqlite.AsyncAdapt_aiosqlite_cursor object at 0x78efe0ba7e20>
        dialect    = <sqlalchemy.dialects.sqlite.aiosqlite.SQLiteDialect_aiosqlite object at 0x78efe0cc3620>
        effective_parameters = ()
        evt_handled = False
        parameters = [()]
        self       = <sqlalchemy.engine.base.Connection object at 0x78efe0bd0380>
        statement  = <sqlalchemy.dialects.sqlite.base.SQLiteDDLCompiler object at 0x78efe0bd18e0>
        str_statement = 'CREATE UNIQUE INDEX ix_users_email ON users (email)'
venv/lib/python3.12/site-packages/sqlalchemy/engine/default.py:922: in do_execute
    cursor.execute(statement, parameters)
        context    = <sqlalchemy.dialects.sqlite.aiosqlite.SQLiteExecutionContext_aiosqlite object at 0x78efe0bd21b0>
        cursor     = <sqlalchemy.dialects.sqlite.aiosqlite.AsyncAdapt_aiosqlite_cursor object at 0x78efe0ba7e20>
        parameters = ()
        self       = <sqlalchemy.dialects.sqlite.aiosqlite.SQLiteDialect_aiosqlite object at 0x78efe0cc3620>
        statement  = 'CREATE UNIQUE INDEX ix_users_email ON users (email)'
venv/lib/python3.12/site-packages/sqlalchemy/dialects/sqlite/aiosqlite.py:146: in execute
    self._adapt_connection._handle_exception(error)
        _cursor    = <aiosqlite.cursor.Cursor object at 0x78efe0bd2210>
        operation  = 'CREATE UNIQUE INDEX ix_users_email ON users (email)'
        parameters = ()
        self       = <sqlalchemy.dialects.sqlite.aiosqlite.AsyncAdapt_aiosqlite_cursor object at 0x78efe0ba7e20>
venv/lib/python3.12/site-packages/sqlalchemy/dialects/sqlite/aiosqlite.py:298: in _handle_exception
    raise error
        error      = OperationalError('index ix_users_email already exists')
        self       = <AdaptedConnection <aiosqlite.core.Connection object at 0x78efe0bd0950>>
venv/lib/python3.12/site-packages/sqlalchemy/dialects/sqlite/aiosqlite.py:128: in execute
    self.await_(_cursor.execute(operation, parameters))
        _cursor    = <aiosqlite.cursor.Cursor object at 0x78efe0bd2210>
        operation  = 'CREATE UNIQUE INDEX ix_users_email ON users (email)'
        parameters = ()
        self       = <sqlalchemy.dialects.sqlite.aiosqlite.AsyncAdapt_aiosqlite_cursor object at 0x78efe0ba7e20>
venv/lib/python3.12/site-packages/sqlalchemy/util/_concurrency_py3k.py:130: in await_only
    return current.driver.switch(awaitable)  # type: ignore[no-any-return]
        awaitable  = <coroutine object Cursor.execute at 0x78efe0be19a0>
        current    = <_AsyncIoGreenlet object at 0x78efe0b41940 (otid=0x1d6ace30) dead>
venv/lib/python3.12/site-packages/sqlalchemy/util/_concurrency_py3k.py:195: in greenlet_spawn
    value = await result
        _require_await = False
        args       = (<sqlalchemy.engine.base.Connection object at 0x78efe0bd0380>,)
        context    = <_AsyncIoGreenlet object at 0x78efe0b41940 (otid=0x1d6ace30) dead>
        fn         = <bound method MetaData.create_all of MetaData()>
        kwargs     = {}
        result     = <coroutine object Cursor.execute at 0x78efe0be19a0>
        switch_occurred = True
        value      = <aiosqlite.cursor.Cursor object at 0x78efe0bd2210>
venv/lib/python3.12/site-packages/aiosqlite/cursor.py:40: in execute
    await self._execute(self._cursor.execute, sql, parameters)
        parameters = ()
        self       = <aiosqlite.cursor.Cursor object at 0x78efe0bd2210>
        sql        = 'CREATE UNIQUE INDEX ix_users_email ON users (email)'
venv/lib/python3.12/site-packages/aiosqlite/cursor.py:32: in _execute
    return await self._conn._execute(fn, *args, **kwargs)
        args       = ('CREATE UNIQUE INDEX ix_users_email ON users (email)', ())
        fn         = <built-in method execute of sqlite3.Cursor object at 0x78efe0bb97c0>
        kwargs     = {}
        self       = <aiosqlite.cursor.Cursor object at 0x78efe0bd2210>
venv/lib/python3.12/site-packages/aiosqlite/core.py:160: in _execute
    return await future
        args       = ('CREATE UNIQUE INDEX ix_users_email ON users (email)', ())
        fn         = <built-in method execute of sqlite3.Cursor object at 0x78efe0bb97c0>
        function   = functools.partial(<built-in method execute of sqlite3.Cursor object at 0x78efe0bb97c0>, 'CREATE UNIQUE INDEX ix_users_email ON users (email)', ())
        future     = <Future finished exception=OperationalError('index ix_users_email already exists')>
        kwargs     = {}
        self       = <aiosqlite.core.Connection object at 0x78efe0bd0950>
venv/lib/python3.12/site-packages/aiosqlite/core.py:63: in _connection_worker_thread
    result = function()
E   sqlalchemy.exc.OperationalError: (sqlite3.OperationalError) index ix_users_email already exists
E   [SQL: CREATE UNIQUE INDEX ix_users_email ON users (email)]
E   (Background on this error at: https://sqlalche.me/e/20/e3q8)
        function   = functools.partial(<built-in method rollback of sqlite3.Connection object at 0x78efe0b6f2e0>)
        future     = <Future finished result=None>
        result     = None
        tx         = <_queue.SimpleQueue object at 0x78efe0bd7060>
_______________ ERROR at setup of test_user_role_enum_validation _______________
venv/lib/python3.12/site-packages/sqlalchemy/engine/base.py:1969: in _exec_single_context
    self.dialect.do_execute(
        context    = <sqlalchemy.dialects.sqlite.aiosqlite.SQLiteExecutionContext_aiosqlite object at 0x78efe0bd21b0>
        cursor     = <sqlalchemy.dialects.sqlite.aiosqlite.AsyncAdapt_aiosqlite_cursor object at 0x78efe0ba7e20>
        dialect    = <sqlalchemy.dialects.sqlite.aiosqlite.SQLiteDialect_aiosqlite object at 0x78efe0cc3620>
        effective_parameters = ()
        evt_handled = False
        parameters = [()]
        self       = <sqlalchemy.engine.base.Connection object at 0x78efe0bd0380>
        statement  = <sqlalchemy.dialects.sqlite.base.SQLiteDDLCompiler object at 0x78efe0bd18e0>
        str_statement = 'CREATE UNIQUE INDEX ix_users_email ON users (email)'
venv/lib/python3.12/site-packages/sqlalchemy/engine/default.py:922: in do_execute
    cursor.execute(statement, parameters)
        context    = <sqlalchemy.dialects.sqlite.aiosqlite.SQLiteExecutionContext_aiosqlite object at 0x78efe0bd21b0>
        cursor     = <sqlalchemy.dialects.sqlite.aiosqlite.AsyncAdapt_aiosqlite_cursor object at 0x78efe0ba7e20>
        parameters = ()
        self       = <sqlalchemy.dialects.sqlite.aiosqlite.SQLiteDialect_aiosqlite object at 0x78efe0cc3620>
        statement  = 'CREATE UNIQUE INDEX ix_users_email ON users (email)'
venv/lib/python3.12/site-packages/sqlalchemy/dialects/sqlite/aiosqlite.py:146: in execute
    self._adapt_connection._handle_exception(error)
        _cursor    = <aiosqlite.cursor.Cursor object at 0x78efe0bd2210>
        operation  = 'CREATE UNIQUE INDEX ix_users_email ON users (email)'
        parameters = ()
        self       = <sqlalchemy.dialects.sqlite.aiosqlite.AsyncAdapt_aiosqlite_cursor object at 0x78efe0ba7e20>
venv/lib/python3.12/site-packages/sqlalchemy/dialects/sqlite/aiosqlite.py:298: in _handle_exception
    raise error
        error      = OperationalError('index ix_users_email already exists')
        self       = <AdaptedConnection <aiosqlite.core.Connection object at 0x78efe0bd0950>>
venv/lib/python3.12/site-packages/sqlalchemy/dialects/sqlite/aiosqlite.py:128: in execute
    self.await_(_cursor.execute(operation, parameters))
        _cursor    = <aiosqlite.cursor.Cursor object at 0x78efe0bd2210>
        operation  = 'CREATE UNIQUE INDEX ix_users_email ON users (email)'
        parameters = ()
        self       = <sqlalchemy.dialects.sqlite.aiosqlite.AsyncAdapt_aiosqlite_cursor object at 0x78efe0ba7e20>
venv/lib/python3.12/site-packages/sqlalchemy/util/_concurrency_py3k.py:130: in await_only
    return current.driver.switch(awaitable)  # type: ignore[no-any-return]
        awaitable  = <coroutine object Cursor.execute at 0x78efe0be19a0>
        current    = <_AsyncIoGreenlet object at 0x78efe0b41940 (otid=0x1d6ace30) dead>
venv/lib/python3.12/site-packages/sqlalchemy/util/_concurrency_py3k.py:195: in greenlet_spawn
    value = await result
        _require_await = False
        args       = (<sqlalchemy.engine.base.Connection object at 0x78efe0bd0380>,)
        context    = <_AsyncIoGreenlet object at 0x78efe0b41940 (otid=0x1d6ace30) dead>
        fn         = <bound method MetaData.create_all of MetaData()>
        kwargs     = {}
        result     = <coroutine object Cursor.execute at 0x78efe0be19a0>
        switch_occurred = True
        value      = <aiosqlite.cursor.Cursor object at 0x78efe0bd2210>
venv/lib/python3.12/site-packages/aiosqlite/cursor.py:40: in execute
    await self._execute(self._cursor.execute, sql, parameters)
        parameters = ()
        self       = <aiosqlite.cursor.Cursor object at 0x78efe0bd2210>
        sql        = 'CREATE UNIQUE INDEX ix_users_email ON users (email)'
venv/lib/python3.12/site-packages/aiosqlite/cursor.py:32: in _execute
    return await self._conn._execute(fn, *args, **kwargs)
        args       = ('CREATE UNIQUE INDEX ix_users_email ON users (email)', ())
        fn         = <built-in method execute of sqlite3.Cursor object at 0x78efe0bb97c0>
        kwargs     = {}
        self       = <aiosqlite.cursor.Cursor object at 0x78efe0bd2210>
venv/lib/python3.12/site-packages/aiosqlite/core.py:160: in _execute
    return await future
        args       = ('CREATE UNIQUE INDEX ix_users_email ON users (email)', ())
        fn         = <built-in method execute of sqlite3.Cursor object at 0x78efe0bb97c0>
        function   = functools.partial(<built-in method execute of sqlite3.Cursor object at 0x78efe0bb97c0>, 'CREATE UNIQUE INDEX ix_users_email ON users (email)', ())
        future     = <Future finished exception=OperationalError('index ix_users_email already exists')>
        kwargs     = {}
        self       = <aiosqlite.core.Connection object at 0x78efe0bd0950>
venv/lib/python3.12/site-packages/aiosqlite/core.py:63: in _connection_worker_thread
    result = function()
E   sqlite3.OperationalError: index ix_users_email already exists
        function   = functools.partial(<built-in method rollback of sqlite3.Connection object at 0x78efe0b6f2e0>)
        future     = <Future finished result=None>
        result     = None
        tx         = <_queue.SimpleQueue object at 0x78efe0bd7060>

The above exception was the direct cause of the following exception:
venv/lib/python3.12/site-packages/pytest_asyncio/plugin.py:336: in _asyncgen_fixture_wrapper
    result = event_loop.run_until_complete(setup())
        event_loop = <_UnixSelectorEventLoop running=False closed=False debug=False>
        event_loop_fixture_id = '_session_event_loop'
        finalizer  = <function _wrap_asyncgen_fixture.<locals>._asyncgen_fixture_wrapper.<locals>.finalizer at 0x78efe0ba99e0>
        fixture    = <function engine at 0x78f001182b60>
        fixturedef = <FixtureDef argname='engine' scope='session' baseid='tests'>
        func       = <function engine at 0x78f001182b60>
        gen_obj    = <async_generator object engine at 0x78efe0b6ec50>
        kwargs     = {}
        request    = <SubRequest 'engine' for <Coroutine test_chat_session_creation_with_user>>
        setup      = <function _wrap_asyncgen_fixture.<locals>._asyncgen_fixture_wrapper.<locals>.setup at 0x78efe0ba9a80>
/usr/lib/python3.12/asyncio/base_events.py:687: in run_until_complete
    return future.result()
        future     = <Task finished name='Task-1' coro=<_wrap_asyncgen_fixture.<locals>._asyncgen_fixture_wrapper.<locals>.setup() done, defined at /mnt/d/workspace/ChatApplication/project-code/backend/venv/lib/python3.12/site-packages/pytest_asyncio/plugin.py:317> exception=OperationalError('(sqlite3.OperationalError) index ix_users_email already exists')>
        new_task   = True
        self       = <_UnixSelectorEventLoop running=False closed=False debug=False>
venv/lib/python3.12/site-packages/pytest_asyncio/plugin.py:318: in setup
    res = await gen_obj.__anext__()
        gen_obj    = <async_generator object engine at 0x78efe0b6ec50>
tests/conftest.py:62: in engine
    await conn.run_sync(Base.metadata.create_all)
        conn       = <sqlalchemy.ext.asyncio.engine.AsyncConnection object at 0x78efe0bd6850>
        test_engine = <sqlalchemy.ext.asyncio.engine.AsyncEngine object at 0x78f001041090>
venv/lib/python3.12/site-packages/sqlalchemy/ext/asyncio/engine.py:891: in run_sync
    return await greenlet_spawn(fn, self._proxied, *arg, **kw)
        arg        = ()
        fn         = <bound method MetaData.create_all of MetaData()>
        kw         = {}
        self       = <sqlalchemy.ext.asyncio.engine.AsyncConnection object at 0x78efe0bd6850>
venv/lib/python3.12/site-packages/sqlalchemy/util/_concurrency_py3k.py:200: in greenlet_spawn
    result = context.throw(*sys.exc_info())
        _require_await = False
        args       = (<sqlalchemy.engine.base.Connection object at 0x78efe0bd0380>,)
        context    = <_AsyncIoGreenlet object at 0x78efe0b41940 (otid=0x1d6ace30) dead>
        fn         = <bound method MetaData.create_all of MetaData()>
        kwargs     = {}
        result     = <coroutine object Cursor.execute at 0x78efe0be19a0>
        switch_occurred = True
        value      = <aiosqlite.cursor.Cursor object at 0x78efe0bd2210>
venv/lib/python3.12/site-packages/sqlalchemy/sql/schema.py:5832: in create_all
    bind._run_ddl_visitor(
        bind       = <sqlalchemy.engine.base.Connection object at 0x78efe0bd0380>
        checkfirst = True
        self       = MetaData()
        tables     = None
venv/lib/python3.12/site-packages/sqlalchemy/engine/base.py:2448: in _run_ddl_visitor
    visitorcallable(self.dialect, self, **kwargs).traverse_single(element)
        element    = MetaData()
        kwargs     = {'checkfirst': True, 'tables': None}
        self       = <sqlalchemy.engine.base.Connection object at 0x78efe0bd0380>
        visitorcallable = <class 'sqlalchemy.sql.ddl.SchemaGenerator'>
venv/lib/python3.12/site-packages/sqlalchemy/sql/visitors.py:671: in traverse_single
    return meth(obj, **kw)
        kw         = {}
        meth       = <bound method SchemaGenerator.visit_metadata of <sqlalchemy.sql.ddl.SchemaGenerator object at 0x78efe0ce40d0>>
        obj        = MetaData()
        self       = <sqlalchemy.sql.ddl.SchemaGenerator object at 0x78efe0ce40d0>
        v          = <sqlalchemy.sql.ddl.SchemaGenerator object at 0x78efe0ce40d0>
venv/lib/python3.12/site-packages/sqlalchemy/sql/ddl.py:919: in visit_metadata
    self.traverse_single(
        collection = [(Table('users', MetaData(), Column('id', GUID(), table=<users>, primary_key=True, nullable=False, default=CallableColumnDefault(<function uuid4 at 0x78f001182de0>)), Column('email', String(length=255), table=<users>), Column('password_hash', String(length=255), table=<users>), Column('role', Enum('ADMIN', 'USER', 'ANONYMOUS', name='user_role'), table=<users>, nullable=False, default=ScalarElementColumnDefault(<UserRole.ANONYMOUS: 'anonymous'>)), Column('is_active', Boolean(), table=<users>, nullable=False, default=ScalarElementColumnDefault(True)), Column('created_at', DateTime(timezone=True), table=<users>, nullable=False, default=CallableColumnDefault(<function datetime.utcnow at 0x78f0011e8ea0>)), Column('last_login', DateTime(timezone=True), table=<users>), schema=None),
  set()),
 (Table('chat_sessions', MetaData(), Column('id', GUID(), table=<chat_sessions>, primary_key=True, nullable=False, default=CallableColumnDefault(<function uuid4 at 0x78f001078720>)), Column('user_id', GUID(), ForeignKey('users.id'), table=<chat_sessions>), Column('session_token', String(length=255), table=<chat_sessions>, nullable=False), Column('created_at', DateTime(timezone=True), table=<chat_sessions>, nullable=False, default=CallableColumnDefault(<function datetime.utcnow at 0x78f0010787c0>)), Column('updated_at', DateTime(timezone=True), table=<chat_sessions>, nullable=False, onupdate=CallableColumnDefault(<function datetime.utcnow at 0x78f001078ae0>), default=CallableColumnDefault(<function datetime.utcnow at 0x78f001078a40>)), Column('metadata', JSON(), table=<chat_sessions>, default=CallableColumnDefault(<function dict at 0x78f001078b80>)), schema=None),
  {ForeignKeyConstraint(<sqlalchemy.sql.base.ReadOnlyColumnCollection object at 0x78efdb3365c0>, None, ondelete='SET NULL', table=Table('chat_sessions', MetaData(), Column('id', GUID(), table=<chat_sessions>, primary_key=True, nullable=False, default=CallableColumnDefault(<function uuid4 at 0x78f001078720>)), Column('user_id', GUID(), ForeignKey('users.id'), table=<chat_sessions>), Column('session_token', String(length=255), table=<chat_sessions>, nullable=False), Column('created_at', DateTime(timezone=True), table=<chat_sessions>, nullable=False, default=CallableColumnDefault(<function datetime.utcnow at 0x78f0010787c0>)), Column('updated_at', DateTime(timezone=True), table=<chat_sessions>, nullable=False, onupdate=CallableColumnDefault(<function datetime.utcnow at 0x78f001078ae0>), default=CallableColumnDefault(<function datetime.utcnow at 0x78f001078a40>)), Column('metadata', JSON(), table=<chat_sessions>, default=CallableColumnDefault(<function dict at 0x78f001078b80>)), schema=None))}),
 (Table('data_sources', MetaData(), Column('id', GUID(), table=<data_sources>, primary_key=True, nullable=False, default=CallableColumnDefault(<function uuid4 at 0x78f00107bd80>)), Column('name', String(length=255), table=<data_sources>, nullable=False), Column('type', Enum('CONFLUENCE', 'JIRA', 'GITHUB', 'ONBOARDING', name='source_type'), table=<data_sources>, nullable=False), Column('config', JSON(), table=<data_sources>, nullable=False, default=CallableColumnDefault(<function dict at 0x78f001018040>)), Column('last_sync_at', DateTime(timezone=True), table=<data_sources>), Column('sync_status', Enum('PENDING', 'SYNCING', 'SUCCESS', 'FAILED', name='sync_status'), table=<data_sources>, nullable=False, default=ScalarElementColumnDefault(<SyncStatus.PENDING: 'pending'>)), Column('sync_error', Text(), table=<data_sources>), Column('created_by', GUID(), ForeignKey('users.id'), table=<data_sources>, nullable=False), Column('is_active', Boolean(), table=<data_sources>, nullable=False, default=ScalarElementColumnDefault(True)), schema=None),
  {ForeignKeyConstraint(<sqlalchemy.sql.base.ReadOnlyColumnCollection object at 0x78efdb336610>, None, ondelete='CASCADE', table=Table('data_sources', MetaData(), Column('id', GUID(), table=<data_sources>, primary_key=True, nullable=False, default=CallableColumnDefault(<function uuid4 at 0x78f00107bd80>)), Column('name', String(length=255), table=<data_sources>, nullable=False), Column('type', Enum('CONFLUENCE', 'JIRA', 'GITHUB', 'ONBOARDING', name='source_type'), table=<data_sources>, nullable=False), Column('config', JSON(), table=<data_sources>, nullable=False, default=CallableColumnDefault(<function dict at 0x78f001018040>)), Column('last_sync_at', DateTime(timezone=True), table=<data_sources>), Column('sync_status', Enum('PENDING', 'SYNCING', 'SUCCESS', 'FAILED', name='sync_status'), table=<data_sources>, nullable=False, default=ScalarElementColumnDefault(<SyncStatus.PENDING: 'pending'>)), Column('sync_error', Text(), table=<data_sources>), Column('created_by', GUID(), ForeignKey('users.id'), table=<data_sources>, nullable=False), Column('is_active', Boolean(), table=<data_sources>, nullable=False, default=ScalarElementColumnDefault(True)), schema=None))}),
 (Table('messages', MetaData(), Column('id', GUID(), table=<messages>, primary_key=True, nullable=False, default=CallableColumnDefault(<function uuid4 at 0x78f00107a020>)), Column('session_id', GUID(), ForeignKey('chat_sessions.id'), table=<messages>, nullable=False), Column('role', Enum('USER', 'ASSISTANT', 'SYSTEM', name='message_role'), table=<messages>, nullable=False), Column('content', Text(), table=<messages>, nullable=False), Column('created_at', DateTime(timezone=True), table=<messages>, nullable=False, default=CallableColumnDefault(<function datetime.utcnow at 0x78f00107a3e0>)), Column('sources', JSON(), table=<messages>, default=CallableColumnDefault(<function dict at 0x78f00107a520>)), Column('feedback', JSON(), table=<messages>, default=CallableColumnDefault(<function dict at 0x78f00107a660>)), schema=None),
  {ForeignKeyConstraint(<sqlalchemy.sql.base.ReadOnlyColumnCollection object at 0x78efdb3366b0>, None, ondelete='CASCADE', table=Table('messages', MetaData(), Column('id', GUID(), table=<messages>, primary_key=True, nullable=False, default=CallableColumnDefault(<function uuid4 at 0x78f00107a020>)), Column('session_id', GUID(), ForeignKey('chat_sessions.id'), table=<messages>, nullable=False), Column('role', Enum('USER', 'ASSISTANT', 'SYSTEM', name='message_role'), table=<messages>, nullable=False), Column('content', Text(), table=<messages>, nullable=False), Column('created_at', DateTime(timezone=True), table=<messages>, nullable=False, default=CallableColumnDefault(<function datetime.utcnow at 0x78f00107a3e0>)), Column('sources', JSON(), table=<messages>, default=CallableColumnDefault(<function dict at 0x78f00107a520>)), Column('feedback', JSON(), table=<messages>, default=CallableColumnDefault(<function dict at 0x78f00107a660>)), schema=None))}),
 (Table('sync_logs', MetaData(), Column('id', GUID(), table=<sync_logs>, primary_key=True, nullable=False, default=CallableColumnDefault(<function uuid4 at 0x78f00101a3e0>)), Column('source_id', GUID(), ForeignKey('data_sources.id'), table=<sync_logs>, nullable=False), Column('started_at', DateTime(timezone=True), table=<sync_logs>, nullable=False, default=CallableColumnDefault(<function datetime.utcnow at 0x78f00101a480>)), Column('completed_at', DateTime(timezone=True), table=<sync_logs>), Column('status', Enum('PENDING', 'SYNCING', 'SUCCESS', 'FAILED', name='sync_status'), table=<sync_logs>, nullable=False, default=ScalarElementColumnDefault(<SyncStatus.PENDING: 'pending'>)), Column('documents_processed', Integer(), table=<sync_logs>, nullable=False, default=ScalarElementColumnDefault(0)), Column('documents_added', Integer(), table=<sync_logs>, nullable=False, default=ScalarElementColumnDefault(0)), Column('documents_updated', Integer(), table=<sync_logs>, nullable=False, default=ScalarElementColumnDefault(0)), Column('documents_deleted', Integer(), table=<sync_logs>, nullable=False, default=ScalarElementColumnDefault(0)), Column('error_log', Text(), table=<sync_logs>), schema=None),
  {ForeignKeyConstraint(<sqlalchemy.sql.base.ReadOnlyColumnCollection object at 0x78efdb336660>, None, ondelete='CASCADE', table=Table('sync_logs', MetaData(), Column('id', GUID(), table=<sync_logs>, primary_key=True, nullable=False, default=CallableColumnDefault(<function uuid4 at 0x78f00101a3e0>)), Column('source_id', GUID(), ForeignKey('data_sources.id'), table=<sync_logs>, nullable=False), Column('started_at', DateTime(timezone=True), table=<sync_logs>, nullable=False, default=CallableColumnDefault(<function datetime.utcnow at 0x78f00101a480>)), Column('completed_at', DateTime(timezone=True), table=<sync_logs>), Column('status', Enum('PENDING', 'SYNCING', 'SUCCESS', 'FAILED', name='sync_status'), table=<sync_logs>, nullable=False, default=ScalarElementColumnDefault(<SyncStatus.PENDING: 'pending'>)), Column('documents_processed', Integer(), table=<sync_logs>, nullable=False, default=ScalarElementColumnDefault(0)), Column('documents_added', Integer(), table=<sync_logs>, nullable=False, default=ScalarElementColumnDefault(0)), Column('documents_updated', Integer(), table=<sync_logs>, nullable=False, default=ScalarElementColumnDefault(0)), Column('documents_deleted', Integer(), table=<sync_logs>, nullable=False, default=ScalarElementColumnDefault(0)), Column('error_log', Text(), table=<sync_logs>), schema=None))}),
 (Table('documents', MetaData(), Column('id', UUID(), table=<documents>, primary_key=True, nullable=False, default=CallableColumnDefault(<function uuid4 at 0x78f00101bec0>)), Column('source_id', UUID(), ForeignKey('data_sources.id'), table=<documents>, nullable=False), Column('external_id', String(length=255), table=<documents>, nullable=False), Column('title', Text(), table=<documents>, nullable=False), Column('content', Text(), table=<documents>, nullable=False), Column('url', Text(), table=<documents>), Column('metadata', JSONB(astext_type=Text()), table=<documents>, default=CallableColumnDefault(<function dict at 0x78f000fec360>)), Column('created_at', DateTime(timezone=True), table=<documents>, nullable=False, default=CallableColumnDefault(<function datetime.utcnow at 0x78efe0cbef20>)), Column('updated_at', DateTime(timezone=True), table=<documents>, nullable=False, onupdate=CallableColumnDefault(<function datetime.utcnow at 0x78efe0cbf060>), default=CallableColumnDefault(<function datetime.utcnow at 0x78efe0cbefc0>)), Column('is_deleted', Boolean(), table=<documents>, nullable=False, default=ScalarElementColumnDefault(False)), schema=None),
  {ForeignKeyConstraint(<sqlalchemy.sql.base.ReadOnlyColumnCollection object at 0x78efdb336750>, None, ondelete='CASCADE', table=Table('documents', MetaData(), Column('id', UUID(), table=<documents>, primary_key=True, nullable=False, default=CallableColumnDefault(<function uuid4 at 0x78f00101bec0>)), Column('source_id', UUID(), ForeignKey('data_sources.id'), table=<documents>, nullable=False), Column('external_id', String(length=255), table=<documents>, nullable=False), Column('title', Text(), table=<documents>, nullable=False), Column('content', Text(), table=<documents>, nullable=False), Column('url', Text(), table=<documents>), Column('metadata', JSONB(astext_type=Text()), table=<documents>, default=CallableColumnDefault(<function dict at 0x78f000fec360>)), Column('created_at', DateTime(timezone=True), table=<documents>, nullable=False, default=CallableColumnDefault(<function datetime.utcnow at 0x78efe0cbef20>)), Column('updated_at', DateTime(timezone=True), table=<documents>, nullable=False, onupdate=CallableColumnDefault(<function datetime.utcnow at 0x78efe0cbf060>), default=CallableColumnDefault(<function datetime.utcnow at 0x78efe0cbefc0>)), Column('is_deleted', Boolean(), table=<documents>, nullable=False, default=ScalarElementColumnDefault(False)), schema=None))}),
 (Table('document_chunks', MetaData(), Column('id', UUID(), table=<document_chunks>, primary_key=True, nullable=False, default=CallableColumnDefault(<function uuid4 at 0x78efe0ce0720>)), Column('document_id', UUID(), ForeignKey('documents.id'), table=<document_chunks>, nullable=False), Column('chunk_index', Integer(), table=<document_chunks>, nullable=False), Column('content', Text(), table=<document_chunks>, nullable=False), Column('embedding', Vector(dim=384), table=<document_chunks>), Column('metadata', JSONB(astext_type=Text()), table=<document_chunks>, default=CallableColumnDefault(<function dict at 0x78efe0ce07c0>)), Column('created_at', DateTime(timezone=True), table=<document_chunks>, nullable=False, default=CallableColumnDefault(<function datetime.utcnow at 0x78efe0ce09a0>)), schema=None),
  {ForeignKeyConstraint(<sqlalchemy.sql.base.ReadOnlyColumnCollection object at 0x78efdb3367a0>, None, ondelete='CASCADE', table=Table('document_chunks', MetaData(), Column('id', UUID(), table=<document_chunks>, primary_key=True, nullable=False, default=CallableColumnDefault(<function uuid4 at 0x78efe0ce0720>)), Column('document_id', UUID(), ForeignKey('documents.id'), table=<document_chunks>, nullable=False), Column('chunk_index', Integer(), table=<document_chunks>, nullable=False), Column('content', Text(), table=<document_chunks>, nullable=False), Column('embedding', Vector(dim=384), table=<document_chunks>), Column('metadata', JSONB(astext_type=Text()), table=<document_chunks>, default=CallableColumnDefault(<function dict at 0x78efe0ce07c0>)), Column('created_at', DateTime(timezone=True), table=<document_chunks>, nullable=False, default=CallableColumnDefault(<function datetime.utcnow at 0x78efe0ce09a0>)), schema=None))}),
 (None, [])]
        event_collection = [Table('users', MetaData(), Column('id', GUID(), table=<users>, primary_key=True, nullable=False, default=CallableColumnDefault(<function uuid4 at 0x78f001182de0>)), Column('email', String(length=255), table=<users>), Column('password_hash', String(length=255), table=<users>), Column('role', Enum('ADMIN', 'USER', 'ANONYMOUS', name='user_role'), table=<users>, nullable=False, default=ScalarElementColumnDefault(<UserRole.ANONYMOUS: 'anonymous'>)), Column('is_active', Boolean(), table=<users>, nullable=False, default=ScalarElementColumnDefault(True)), Column('created_at', DateTime(timezone=True), table=<users>, nullable=False, default=CallableColumnDefault(<function datetime.utcnow at 0x78f0011e8ea0>)), Column('last_login', DateTime(timezone=True), table=<users>), schema=None),
 Table('chat_sessions', MetaData(), Column('id', GUID(), table=<chat_sessions>, primary_key=True, nullable=False, default=CallableColumnDefault(<function uuid4 at 0x78f001078720>)), Column('user_id', GUID(), ForeignKey('users.id'), table=<chat_sessions>), Column('session_token', String(length=255), table=<chat_sessions>, nullable=False), Column('created_at', DateTime(timezone=True), table=<chat_sessions>, nullable=False, default=CallableColumnDefault(<function datetime.utcnow at 0x78f0010787c0>)), Column('updated_at', DateTime(timezone=True), table=<chat_sessions>, nullable=False, onupdate=CallableColumnDefault(<function datetime.utcnow at 0x78f001078ae0>), default=CallableColumnDefault(<function datetime.utcnow at 0x78f001078a40>)), Column('metadata', JSON(), table=<chat_sessions>, default=CallableColumnDefault(<function dict at 0x78f001078b80>)), schema=None),
 Table('data_sources', MetaData(), Column('id', GUID(), table=<data_sources>, primary_key=True, nullable=False, default=CallableColumnDefault(<function uuid4 at 0x78f00107bd80>)), Column('name', String(length=255), table=<data_sources>, nullable=False), Column('type', Enum('CONFLUENCE', 'JIRA', 'GITHUB', 'ONBOARDING', name='source_type'), table=<data_sources>, nullable=False), Column('config', JSON(), table=<data_sources>, nullable=False, default=CallableColumnDefault(<function dict at 0x78f001018040>)), Column('last_sync_at', DateTime(timezone=True), table=<data_sources>), Column('sync_status', Enum('PENDING', 'SYNCING', 'SUCCESS', 'FAILED', name='sync_status'), table=<data_sources>, nullable=False, default=ScalarElementColumnDefault(<SyncStatus.PENDING: 'pending'>)), Column('sync_error', Text(), table=<data_sources>), Column('created_by', GUID(), ForeignKey('users.id'), table=<data_sources>, nullable=False), Column('is_active', Boolean(), table=<data_sources>, nullable=False, default=ScalarElementColumnDefault(True)), schema=None),
 Table('messages', MetaData(), Column('id', GUID(), table=<messages>, primary_key=True, nullable=False, default=CallableColumnDefault(<function uuid4 at 0x78f00107a020>)), Column('session_id', GUID(), ForeignKey('chat_sessions.id'), table=<messages>, nullable=False), Column('role', Enum('USER', 'ASSISTANT', 'SYSTEM', name='message_role'), table=<messages>, nullable=False), Column('content', Text(), table=<messages>, nullable=False), Column('created_at', DateTime(timezone=True), table=<messages>, nullable=False, default=CallableColumnDefault(<function datetime.utcnow at 0x78f00107a3e0>)), Column('sources', JSON(), table=<messages>, default=CallableColumnDefault(<function dict at 0x78f00107a520>)), Column('feedback', JSON(), table=<messages>, default=CallableColumnDefault(<function dict at 0x78f00107a660>)), schema=None),
 Table('sync_logs', MetaData(), Column('id', GUID(), table=<sync_logs>, primary_key=True, nullable=False, default=CallableColumnDefault(<function uuid4 at 0x78f00101a3e0>)), Column('source_id', GUID(), ForeignKey('data_sources.id'), table=<sync_logs>, nullable=False), Column('started_at', DateTime(timezone=True), table=<sync_logs>, nullable=False, default=CallableColumnDefault(<function datetime.utcnow at 0x78f00101a480>)), Column('completed_at', DateTime(timezone=True), table=<sync_logs>), Column('status', Enum('PENDING', 'SYNCING', 'SUCCESS', 'FAILED', name='sync_status'), table=<sync_logs>, nullable=False, default=ScalarElementColumnDefault(<SyncStatus.PENDING: 'pending'>)), Column('documents_processed', Integer(), table=<sync_logs>, nullable=False, default=ScalarElementColumnDefault(0)), Column('documents_added', Integer(), table=<sync_logs>, nullable=False, default=ScalarElementColumnDefault(0)), Column('documents_updated', Integer(), table=<sync_logs>, nullable=False, default=ScalarElementColumnDefault(0)), Column('documents_deleted', Integer(), table=<sync_logs>, nullable=False, default=ScalarElementColumnDefault(0)), Column('error_log', Text(), table=<sync_logs>), schema=None),
 Table('documents', MetaData(), Column('id', UUID(), table=<documents>, primary_key=True, nullable=False, default=CallableColumnDefault(<function uuid4 at 0x78f00101bec0>)), Column('source_id', UUID(), ForeignKey('data_sources.id'), table=<documents>, nullable=False), Column('external_id', String(length=255), table=<documents>, nullable=False), Column('title', Text(), table=<documents>, nullable=False), Column('content', Text(), table=<documents>, nullable=False), Column('url', Text(), table=<documents>), Column('metadata', JSONB(astext_type=Text()), table=<documents>, default=CallableColumnDefault(<function dict at 0x78f000fec360>)), Column('created_at', DateTime(timezone=True), table=<documents>, nullable=False, default=CallableColumnDefault(<function datetime.utcnow at 0x78efe0cbef20>)), Column('updated_at', DateTime(timezone=True), table=<documents>, nullable=False, onupdate=CallableColumnDefault(<function datetime.utcnow at 0x78efe0cbf060>), default=CallableColumnDefault(<function datetime.utcnow at 0x78efe0cbefc0>)), Column('is_deleted', Boolean(), table=<documents>, nullable=False, default=ScalarElementColumnDefault(False)), schema=None),
 Table('document_chunks', MetaData(), Column('id', UUID(), table=<document_chunks>, primary_key=True, nullable=False, default=CallableColumnDefault(<function uuid4 at 0x78efe0ce0720>)), Column('document_id', UUID(), ForeignKey('documents.id'), table=<document_chunks>, nullable=False), Column('chunk_index', Integer(), table=<document_chunks>, nullable=False), Column('content', Text(), table=<document_chunks>, nullable=False), Column('embedding', Vector(dim=384), table=<document_chunks>), Column('metadata', JSONB(astext_type=Text()), table=<document_chunks>, default=CallableColumnDefault(<function dict at 0x78efe0ce07c0>)), Column('created_at', DateTime(timezone=True), table=<document_chunks>, nullable=False, default=CallableColumnDefault(<function datetime.utcnow at 0x78efe0ce09a0>)), schema=None)]
        fkcs       = set()
        metadata   = MetaData()
        self       = <sqlalchemy.sql.ddl.SchemaGenerator object at 0x78efe0ce40d0>
        seq_coll   = []
        table      = Table('users', MetaData(), Column('id', GUID(), table=<users>, primary_key=True, nullable=False, default=CallableColumnDefault(<function uuid4 at 0x78f001182de0>)), Column('email', String(length=255), table=<users>), Column('password_hash', String(length=255), table=<users>), Column('role', Enum('ADMIN', 'USER', 'ANONYMOUS', name='user_role'), table=<users>, nullable=False, default=ScalarElementColumnDefault(<UserRole.ANONYMOUS: 'anonymous'>)), Column('is_active', Boolean(), table=<users>, nullable=False, default=ScalarElementColumnDefault(True)), Column('created_at', DateTime(timezone=True), table=<users>, nullable=False, default=CallableColumnDefault(<function datetime.utcnow at 0x78f0011e8ea0>)), Column('last_login', DateTime(timezone=True), table=<users>), schema=None)
        tables     = [Table('users', MetaData(), Column('id', GUID(), table=<users>, primary_key=True, nullable=False, default=CallableColumnDefault(<function uuid4 at 0x78f001182de0>)), Column('email', String(length=255), table=<users>), Column('password_hash', String(length=255), table=<users>), Column('role', Enum('ADMIN', 'USER', 'ANONYMOUS', name='user_role'), table=<users>, nullable=False, default=ScalarElementColumnDefault(<UserRole.ANONYMOUS: 'anonymous'>)), Column('is_active', Boolean(), table=<users>, nullable=False, default=ScalarElementColumnDefault(True)), Column('created_at', DateTime(timezone=True), table=<users>, nullable=False, default=CallableColumnDefault(<function datetime.utcnow at 0x78f0011e8ea0>)), Column('last_login', DateTime(timezone=True), table=<users>), schema=None),
 Table('chat_sessions', MetaData(), Column('id', GUID(), table=<chat_sessions>, primary_key=True, nullable=False, default=CallableColumnDefault(<function uuid4 at 0x78f001078720>)), Column('user_id', GUID(), ForeignKey('users.id'), table=<chat_sessions>), Column('session_token', String(length=255), table=<chat_sessions>, nullable=False), Column('created_at', DateTime(timezone=True), table=<chat_sessions>, nullable=False, default=CallableColumnDefault(<function datetime.utcnow at 0x78f0010787c0>)), Column('updated_at', DateTime(timezone=True), table=<chat_sessions>, nullable=False, onupdate=CallableColumnDefault(<function datetime.utcnow at 0x78f001078ae0>), default=CallableColumnDefault(<function datetime.utcnow at 0x78f001078a40>)), Column('metadata', JSON(), table=<chat_sessions>, default=CallableColumnDefault(<function dict at 0x78f001078b80>)), schema=None),
 Table('messages', MetaData(), Column('id', GUID(), table=<messages>, primary_key=True, nullable=False, default=CallableColumnDefault(<function uuid4 at 0x78f00107a020>)), Column('session_id', GUID(), ForeignKey('chat_sessions.id'), table=<messages>, nullable=False), Column('role', Enum('USER', 'ASSISTANT', 'SYSTEM', name='message_role'), table=<messages>, nullable=False), Column('content', Text(), table=<messages>, nullable=False), Column('created_at', DateTime(timezone=True), table=<messages>, nullable=False, default=CallableColumnDefault(<function datetime.utcnow at 0x78f00107a3e0>)), Column('sources', JSON(), table=<messages>, default=CallableColumnDefault(<function dict at 0x78f00107a520>)), Column('feedback', JSON(), table=<messages>, default=CallableColumnDefault(<function dict at 0x78f00107a660>)), schema=None),
 Table('data_sources', MetaData(), Column('id', GUID(), table=<data_sources>, primary_key=True, nullable=False, default=CallableColumnDefault(<function uuid4 at 0x78f00107bd80>)), Column('name', String(length=255), table=<data_sources>, nullable=False), Column('type', Enum('CONFLUENCE', 'JIRA', 'GITHUB', 'ONBOARDING', name='source_type'), table=<data_sources>, nullable=False), Column('config', JSON(), table=<data_sources>, nullable=False, default=CallableColumnDefault(<function dict at 0x78f001018040>)), Column('last_sync_at', DateTime(timezone=True), table=<data_sources>), Column('sync_status', Enum('PENDING', 'SYNCING', 'SUCCESS', 'FAILED', name='sync_status'), table=<data_sources>, nullable=False, default=ScalarElementColumnDefault(<SyncStatus.PENDING: 'pending'>)), Column('sync_error', Text(), table=<data_sources>), Column('created_by', GUID(), ForeignKey('users.id'), table=<data_sources>, nullable=False), Column('is_active', Boolean(), table=<data_sources>, nullable=False, default=ScalarElementColumnDefault(True)), schema=None),
 Table('sync_logs', MetaData(), Column('id', GUID(), table=<sync_logs>, primary_key=True, nullable=False, default=CallableColumnDefault(<function uuid4 at 0x78f00101a3e0>)), Column('source_id', GUID(), ForeignKey('data_sources.id'), table=<sync_logs>, nullable=False), Column('started_at', DateTime(timezone=True), table=<sync_logs>, nullable=False, default=CallableColumnDefault(<function datetime.utcnow at 0x78f00101a480>)), Column('completed_at', DateTime(timezone=True), table=<sync_logs>), Column('status', Enum('PENDING', 'SYNCING', 'SUCCESS', 'FAILED', name='sync_status'), table=<sync_logs>, nullable=False, default=ScalarElementColumnDefault(<SyncStatus.PENDING: 'pending'>)), Column('documents_processed', Integer(), table=<sync_logs>, nullable=False, default=ScalarElementColumnDefault(0)), Column('documents_added', Integer(), table=<sync_logs>, nullable=False, default=ScalarElementColumnDefault(0)), Column('documents_updated', Integer(), table=<sync_logs>, nullable=False, default=ScalarElementColumnDefault(0)), Column('documents_deleted', Integer(), table=<sync_logs>, nullable=False, default=ScalarElementColumnDefault(0)), Column('error_log', Text(), table=<sync_logs>), schema=None),
 Table('documents', MetaData(), Column('id', UUID(), table=<documents>, primary_key=True, nullable=False, default=CallableColumnDefault(<function uuid4 at 0x78f00101bec0>)), Column('source_id', UUID(), ForeignKey('data_sources.id'), table=<documents>, nullable=False), Column('external_id', String(length=255), table=<documents>, nullable=False), Column('title', Text(), table=<documents>, nullable=False), Column('content', Text(), table=<documents>, nullable=False), Column('url', Text(), table=<documents>), Column('metadata', JSONB(astext_type=Text()), table=<documents>, default=CallableColumnDefault(<function dict at 0x78f000fec360>)), Column('created_at', DateTime(timezone=True), table=<documents>, nullable=False, default=CallableColumnDefault(<function datetime.utcnow at 0x78efe0cbef20>)), Column('updated_at', DateTime(timezone=True), table=<documents>, nullable=False, onupdate=CallableColumnDefault(<function datetime.utcnow at 0x78efe0cbf060>), default=CallableColumnDefault(<function datetime.utcnow at 0x78efe0cbefc0>)), Column('is_deleted', Boolean(), table=<documents>, nullable=False, default=ScalarElementColumnDefault(False)), schema=None),
 Table('document_chunks', MetaData(), Column('id', UUID(), table=<document_chunks>, primary_key=True, nullable=False, default=CallableColumnDefault(<function uuid4 at 0x78efe0ce0720>)), Column('document_id', UUID(), ForeignKey('documents.id'), table=<document_chunks>, nullable=False), Column('chunk_index', Integer(), table=<document_chunks>, nullable=False), Column('content', Text(), table=<document_chunks>, nullable=False), Column('embedding', Vector(dim=384), table=<document_chunks>), Column('metadata', JSONB(astext_type=Text()), table=<document_chunks>, default=CallableColumnDefault(<function dict at 0x78efe0ce07c0>)), Column('created_at', DateTime(timezone=True), table=<document_chunks>, nullable=False, default=CallableColumnDefault(<function datetime.utcnow at 0x78efe0ce09a0>)), schema=None)]
venv/lib/python3.12/site-packages/sqlalchemy/sql/visitors.py:671: in traverse_single
    return meth(obj, **kw)
        kw         = {'_is_metadata_operation': True,
 'create_ok': True,
 'include_foreign_key_constraints': set()}
        meth       = <bound method SchemaGenerator.visit_table of <sqlalchemy.sql.ddl.SchemaGenerator object at 0x78efe0ce40d0>>
        obj        = Table('users', MetaData(), Column('id', GUID(), table=<users>, primary_key=True, nullable=False, default=CallableColumnDefault(<function uuid4 at 0x78f001182de0>)), Column('email', String(length=255), table=<users>), Column('password_hash', String(length=255), table=<users>), Column('role', Enum('ADMIN', 'USER', 'ANONYMOUS', name='user_role'), table=<users>, nullable=False, default=ScalarElementColumnDefault(<UserRole.ANONYMOUS: 'anonymous'>)), Column('is_active', Boolean(), table=<users>, nullable=False, default=ScalarElementColumnDefault(True)), Column('created_at', DateTime(timezone=True), table=<users>, nullable=False, default=CallableColumnDefault(<function datetime.utcnow at 0x78f0011e8ea0>)), Column('last_login', DateTime(timezone=True), table=<users>), schema=None)
        self       = <sqlalchemy.sql.ddl.SchemaGenerator object at 0x78efe0ce40d0>
        v          = <sqlalchemy.sql.ddl.SchemaGenerator object at 0x78efe0ce40d0>
venv/lib/python3.12/site-packages/sqlalchemy/sql/ddl.py:961: in visit_table
    self.traverse_single(index, create_ok=True)
        _is_metadata_operation = True
        column     = Column('last_login', DateTime(timezone=True), table=<users>)
        create_ok  = True
        include_foreign_key_constraints = None
        index      = Index('ix_users_email', Column('email', String(length=255), table=<users>), unique=True)
        self       = <sqlalchemy.sql.ddl.SchemaGenerator object at 0x78efe0ce40d0>
        table      = Table('users', MetaData(), Column('id', GUID(), table=<users>, primary_key=True, nullable=False, default=CallableColumnDefault(<function uuid4 at 0x78f001182de0>)), Column('email', String(length=255), table=<users>), Column('password_hash', String(length=255), table=<users>), Column('role', Enum('ADMIN', 'USER', 'ANONYMOUS', name='user_role'), table=<users>, nullable=False, default=ScalarElementColumnDefault(<UserRole.ANONYMOUS: 'anonymous'>)), Column('is_active', Boolean(), table=<users>, nullable=False, default=ScalarElementColumnDefault(True)), Column('created_at', DateTime(timezone=True), table=<users>, nullable=False, default=CallableColumnDefault(<function datetime.utcnow at 0x78f0011e8ea0>)), Column('last_login', DateTime(timezone=True), table=<users>), schema=None)
venv/lib/python3.12/site-packages/sqlalchemy/sql/visitors.py:671: in traverse_single
    return meth(obj, **kw)
        kw         = {'create_ok': True}
        meth       = <bound method SchemaGenerator.visit_index of <sqlalchemy.sql.ddl.SchemaGenerator object at 0x78efe0ce40d0>>
        obj        = Index('ix_users_email', Column('email', String(length=255), table=<users>), unique=True)
        self       = <sqlalchemy.sql.ddl.SchemaGenerator object at 0x78efe0ce40d0>
        v          = <sqlalchemy.sql.ddl.SchemaGenerator object at 0x78efe0ce40d0>
venv/lib/python3.12/site-packages/sqlalchemy/sql/ddl.py:998: in visit_index
    CreateIndex(index)._invoke_with(self.connection)
        create_ok  = True
        index      = Index('ix_users_email', Column('email', String(length=255), table=<users>), unique=True)
        self       = <sqlalchemy.sql.ddl.SchemaGenerator object at 0x78efe0ce40d0>
venv/lib/python3.12/site-packages/sqlalchemy/sql/ddl.py:315: in _invoke_with
    return bind.execute(self)
        bind       = <sqlalchemy.engine.base.Connection object at 0x78efe0bd0380>
        self       = <sqlalchemy.sql.ddl.CreateIndex object at 0x78f000fe2900>
venv/lib/python3.12/site-packages/sqlalchemy/engine/base.py:1416: in execute
    return meth(
        distilled_parameters = ()
        execution_options = None
        meth       = <bound method ExecutableDDLElement._execute_on_connection of <sqlalchemy.sql.ddl.CreateIndex object at 0x78f000fe2900>>
        parameters = None
        self       = <sqlalchemy.engine.base.Connection object at 0x78efe0bd0380>
        statement  = <sqlalchemy.sql.ddl.CreateIndex object at 0x78f000fe2900>
venv/lib/python3.12/site-packages/sqlalchemy/sql/ddl.py:181: in _execute_on_connection
    return connection._execute_ddl(
        connection = <sqlalchemy.engine.base.Connection object at 0x78efe0bd0380>
        distilled_params = ()
        execution_options = immutabledict({})
        self       = <sqlalchemy.sql.ddl.CreateIndex object at 0x78f000fe2900>
venv/lib/python3.12/site-packages/sqlalchemy/engine/base.py:1528: in _execute_ddl
    ret = self._execute_context(
        compiled   = <sqlalchemy.dialects.sqlite.base.SQLiteDDLCompiler object at 0x78efe0bd18e0>
        ddl        = <sqlalchemy.sql.ddl.CreateIndex object at 0x78f000fe2900>
        dialect    = <sqlalchemy.dialects.sqlite.aiosqlite.SQLiteDialect_aiosqlite object at 0x78efe0cc3620>
        distilled_parameters = ()
        event_multiparams = None
        event_params = None
        exec_opts  = immutabledict({})
        execution_options = immutabledict({})
        schema_translate_map = None
        self       = <sqlalchemy.engine.base.Connection object at 0x78efe0bd0380>
venv/lib/python3.12/site-packages/sqlalchemy/engine/base.py:1848: in _execute_context
    return self._exec_single_context(
        args       = (<sqlalchemy.dialects.sqlite.base.SQLiteDDLCompiler object at 0x78efe0bd18e0>,)
        conn       = <sqlalchemy.pool.base._ConnectionFairy object at 0x78efe0ba6930>
        constructor = <bound method DefaultExecutionContext._init_ddl of <class 'sqlalchemy.dialects.sqlite.aiosqlite.SQLiteExecutionContext_aiosqlite'>>
        context    = <sqlalchemy.dialects.sqlite.aiosqlite.SQLiteExecutionContext_aiosqlite object at 0x78efe0bd21b0>
        dialect    = <sqlalchemy.dialects.sqlite.aiosqlite.SQLiteDialect_aiosqlite object at 0x78efe0cc3620>
        execution_options = immutabledict({})
        kw         = {}
        parameters = None
        self       = <sqlalchemy.engine.base.Connection object at 0x78efe0bd0380>
        statement  = <sqlalchemy.dialects.sqlite.base.SQLiteDDLCompiler object at 0x78efe0bd18e0>
venv/lib/python3.12/site-packages/sqlalchemy/engine/base.py:1988: in _exec_single_context
    self._handle_dbapi_exception(
        context    = <sqlalchemy.dialects.sqlite.aiosqlite.SQLiteExecutionContext_aiosqlite object at 0x78efe0bd21b0>
        cursor     = <sqlalchemy.dialects.sqlite.aiosqlite.AsyncAdapt_aiosqlite_cursor object at 0x78efe0ba7e20>
        dialect    = <sqlalchemy.dialects.sqlite.aiosqlite.SQLiteDialect_aiosqlite object at 0x78efe0cc3620>
        effective_parameters = ()
        evt_handled = False
        parameters = [()]
        self       = <sqlalchemy.engine.base.Connection object at 0x78efe0bd0380>
        statement  = <sqlalchemy.dialects.sqlite.base.SQLiteDDLCompiler object at 0x78efe0bd18e0>
        str_statement = 'CREATE UNIQUE INDEX ix_users_email ON users (email)'
venv/lib/python3.12/site-packages/sqlalchemy/engine/base.py:2344: in _handle_dbapi_exception
    raise sqlalchemy_exception.with_traceback(exc_info[2]) from e
        context    = <sqlalchemy.dialects.sqlite.aiosqlite.SQLiteExecutionContext_aiosqlite object at 0x78efe0bd21b0>
        cursor     = <sqlalchemy.dialects.sqlite.aiosqlite.AsyncAdapt_aiosqlite_cursor object at 0x78efe0ba7e20>
        e          = OperationalError('index ix_users_email already exists')
        exc_info   = (<class 'sqlite3.OperationalError'>,
 OperationalError('index ix_users_email already exists'),
 <traceback object at 0x78efe0201740>)
        invalidate_pool_on_disconnect = True
        is_exit_exception = False
        is_sub_exec = False
        ismulti    = False
        newraise   = None
        parameters = ()
        self       = <sqlalchemy.engine.base.Connection object at 0x78efe0bd0380>
        should_wrap = True
        sqlalchemy_exception = OperationalError('(sqlite3.OperationalError) index ix_users_email already exists')
        statement  = 'CREATE UNIQUE INDEX ix_users_email ON users (email)'
venv/lib/python3.12/site-packages/sqlalchemy/engine/base.py:1969: in _exec_single_context
    self.dialect.do_execute(
        context    = <sqlalchemy.dialects.sqlite.aiosqlite.SQLiteExecutionContext_aiosqlite object at 0x78efe0bd21b0>
        cursor     = <sqlalchemy.dialects.sqlite.aiosqlite.AsyncAdapt_aiosqlite_cursor object at 0x78efe0ba7e20>
        dialect    = <sqlalchemy.dialects.sqlite.aiosqlite.SQLiteDialect_aiosqlite object at 0x78efe0cc3620>
        effective_parameters = ()
        evt_handled = False
        parameters = [()]
        self       = <sqlalchemy.engine.base.Connection object at 0x78efe0bd0380>
        statement  = <sqlalchemy.dialects.sqlite.base.SQLiteDDLCompiler object at 0x78efe0bd18e0>
        str_statement = 'CREATE UNIQUE INDEX ix_users_email ON users (email)'
venv/lib/python3.12/site-packages/sqlalchemy/engine/default.py:922: in do_execute
    cursor.execute(statement, parameters)
        context    = <sqlalchemy.dialects.sqlite.aiosqlite.SQLiteExecutionContext_aiosqlite object at 0x78efe0bd21b0>
        cursor     = <sqlalchemy.dialects.sqlite.aiosqlite.AsyncAdapt_aiosqlite_cursor object at 0x78efe0ba7e20>
        parameters = ()
        self       = <sqlalchemy.dialects.sqlite.aiosqlite.SQLiteDialect_aiosqlite object at 0x78efe0cc3620>
        statement  = 'CREATE UNIQUE INDEX ix_users_email ON users (email)'
venv/lib/python3.12/site-packages/sqlalchemy/dialects/sqlite/aiosqlite.py:146: in execute
    self._adapt_connection._handle_exception(error)
        _cursor    = <aiosqlite.cursor.Cursor object at 0x78efe0bd2210>
        operation  = 'CREATE UNIQUE INDEX ix_users_email ON users (email)'
        parameters = ()
        self       = <sqlalchemy.dialects.sqlite.aiosqlite.AsyncAdapt_aiosqlite_cursor object at 0x78efe0ba7e20>
venv/lib/python3.12/site-packages/sqlalchemy/dialects/sqlite/aiosqlite.py:298: in _handle_exception
    raise error
        error      = OperationalError('index ix_users_email already exists')
        self       = <AdaptedConnection <aiosqlite.core.Connection object at 0x78efe0bd0950>>
venv/lib/python3.12/site-packages/sqlalchemy/dialects/sqlite/aiosqlite.py:128: in execute
    self.await_(_cursor.execute(operation, parameters))
        _cursor    = <aiosqlite.cursor.Cursor object at 0x78efe0bd2210>
        operation  = 'CREATE UNIQUE INDEX ix_users_email ON users (email)'
        parameters = ()
        self       = <sqlalchemy.dialects.sqlite.aiosqlite.AsyncAdapt_aiosqlite_cursor object at 0x78efe0ba7e20>
venv/lib/python3.12/site-packages/sqlalchemy/util/_concurrency_py3k.py:130: in await_only
    return current.driver.switch(awaitable)  # type: ignore[no-any-return]
        awaitable  = <coroutine object Cursor.execute at 0x78efe0be19a0>
        current    = <_AsyncIoGreenlet object at 0x78efe0b41940 (otid=0x1d6ace30) dead>
venv/lib/python3.12/site-packages/sqlalchemy/util/_concurrency_py3k.py:195: in greenlet_spawn
    value = await result
        _require_await = False
        args       = (<sqlalchemy.engine.base.Connection object at 0x78efe0bd0380>,)
        context    = <_AsyncIoGreenlet object at 0x78efe0b41940 (otid=0x1d6ace30) dead>
        fn         = <bound method MetaData.create_all of MetaData()>
        kwargs     = {}
        result     = <coroutine object Cursor.execute at 0x78efe0be19a0>
        switch_occurred = True
        value      = <aiosqlite.cursor.Cursor object at 0x78efe0bd2210>
venv/lib/python3.12/site-packages/aiosqlite/cursor.py:40: in execute
    await self._execute(self._cursor.execute, sql, parameters)
        parameters = ()
        self       = <aiosqlite.cursor.Cursor object at 0x78efe0bd2210>
        sql        = 'CREATE UNIQUE INDEX ix_users_email ON users (email)'
venv/lib/python3.12/site-packages/aiosqlite/cursor.py:32: in _execute
    return await self._conn._execute(fn, *args, **kwargs)
        args       = ('CREATE UNIQUE INDEX ix_users_email ON users (email)', ())
        fn         = <built-in method execute of sqlite3.Cursor object at 0x78efe0bb97c0>
        kwargs     = {}
        self       = <aiosqlite.cursor.Cursor object at 0x78efe0bd2210>
venv/lib/python3.12/site-packages/aiosqlite/core.py:160: in _execute
    return await future
        args       = ('CREATE UNIQUE INDEX ix_users_email ON users (email)', ())
        fn         = <built-in method execute of sqlite3.Cursor object at 0x78efe0bb97c0>
        function   = functools.partial(<built-in method execute of sqlite3.Cursor object at 0x78efe0bb97c0>, 'CREATE UNIQUE INDEX ix_users_email ON users (email)', ())
        future     = <Future finished exception=OperationalError('index ix_users_email already exists')>
        kwargs     = {}
        self       = <aiosqlite.core.Connection object at 0x78efe0bd0950>
venv/lib/python3.12/site-packages/aiosqlite/core.py:63: in _connection_worker_thread
    result = function()
E   sqlalchemy.exc.OperationalError: (sqlite3.OperationalError) index ix_users_email already exists
E   [SQL: CREATE UNIQUE INDEX ix_users_email ON users (email)]
E   (Background on this error at: https://sqlalche.me/e/20/e3q8)
        function   = functools.partial(<built-in method rollback of sqlite3.Connection object at 0x78efe0b6f2e0>)
        future     = <Future finished result=None>
        result     = None
        tx         = <_queue.SimpleQueue object at 0x78efe0bd7060>
__________________ ERROR at setup of test_user_default_values __________________
venv/lib/python3.12/site-packages/sqlalchemy/engine/base.py:1969: in _exec_single_context
    self.dialect.do_execute(
        context    = <sqlalchemy.dialects.sqlite.aiosqlite.SQLiteExecutionContext_aiosqlite object at 0x78efe0bd21b0>
        cursor     = <sqlalchemy.dialects.sqlite.aiosqlite.AsyncAdapt_aiosqlite_cursor object at 0x78efe0ba7e20>
        dialect    = <sqlalchemy.dialects.sqlite.aiosqlite.SQLiteDialect_aiosqlite object at 0x78efe0cc3620>
        effective_parameters = ()
        evt_handled = False
        parameters = [()]
        self       = <sqlalchemy.engine.base.Connection object at 0x78efe0bd0380>
        statement  = <sqlalchemy.dialects.sqlite.base.SQLiteDDLCompiler object at 0x78efe0bd18e0>
        str_statement = 'CREATE UNIQUE INDEX ix_users_email ON users (email)'
venv/lib/python3.12/site-packages/sqlalchemy/engine/default.py:922: in do_execute
    cursor.execute(statement, parameters)
        context    = <sqlalchemy.dialects.sqlite.aiosqlite.SQLiteExecutionContext_aiosqlite object at 0x78efe0bd21b0>
        cursor     = <sqlalchemy.dialects.sqlite.aiosqlite.AsyncAdapt_aiosqlite_cursor object at 0x78efe0ba7e20>
        parameters = ()
        self       = <sqlalchemy.dialects.sqlite.aiosqlite.SQLiteDialect_aiosqlite object at 0x78efe0cc3620>
        statement  = 'CREATE UNIQUE INDEX ix_users_email ON users (email)'
venv/lib/python3.12/site-packages/sqlalchemy/dialects/sqlite/aiosqlite.py:146: in execute
    self._adapt_connection._handle_exception(error)
        _cursor    = <aiosqlite.cursor.Cursor object at 0x78efe0bd2210>
        operation  = 'CREATE UNIQUE INDEX ix_users_email ON users (email)'
        parameters = ()
        self       = <sqlalchemy.dialects.sqlite.aiosqlite.AsyncAdapt_aiosqlite_cursor object at 0x78efe0ba7e20>
venv/lib/python3.12/site-packages/sqlalchemy/dialects/sqlite/aiosqlite.py:298: in _handle_exception
    raise error
        error      = OperationalError('index ix_users_email already exists')
        self       = <AdaptedConnection <aiosqlite.core.Connection object at 0x78efe0bd0950>>
venv/lib/python3.12/site-packages/sqlalchemy/dialects/sqlite/aiosqlite.py:128: in execute
    self.await_(_cursor.execute(operation, parameters))
        _cursor    = <aiosqlite.cursor.Cursor object at 0x78efe0bd2210>
        operation  = 'CREATE UNIQUE INDEX ix_users_email ON users (email)'
        parameters = ()
        self       = <sqlalchemy.dialects.sqlite.aiosqlite.AsyncAdapt_aiosqlite_cursor object at 0x78efe0ba7e20>
venv/lib/python3.12/site-packages/sqlalchemy/util/_concurrency_py3k.py:130: in await_only
    return current.driver.switch(awaitable)  # type: ignore[no-any-return]
        awaitable  = <coroutine object Cursor.execute at 0x78efe0be19a0>
        current    = <_AsyncIoGreenlet object at 0x78efe0b41940 (otid=0x1d6ace30) dead>
venv/lib/python3.12/site-packages/sqlalchemy/util/_concurrency_py3k.py:195: in greenlet_spawn
    value = await result
        _require_await = False
        args       = (<sqlalchemy.engine.base.Connection object at 0x78efe0bd0380>,)
        context    = <_AsyncIoGreenlet object at 0x78efe0b41940 (otid=0x1d6ace30) dead>
        fn         = <bound method MetaData.create_all of MetaData()>
        kwargs     = {}
        result     = <coroutine object Cursor.execute at 0x78efe0be19a0>
        switch_occurred = True
        value      = <aiosqlite.cursor.Cursor object at 0x78efe0bd2210>
venv/lib/python3.12/site-packages/aiosqlite/cursor.py:40: in execute
    await self._execute(self._cursor.execute, sql, parameters)
        parameters = ()
        self       = <aiosqlite.cursor.Cursor object at 0x78efe0bd2210>
        sql        = 'CREATE UNIQUE INDEX ix_users_email ON users (email)'
venv/lib/python3.12/site-packages/aiosqlite/cursor.py:32: in _execute
    return await self._conn._execute(fn, *args, **kwargs)
        args       = ('CREATE UNIQUE INDEX ix_users_email ON users (email)', ())
        fn         = <built-in method execute of sqlite3.Cursor object at 0x78efe0bb97c0>
        kwargs     = {}
        self       = <aiosqlite.cursor.Cursor object at 0x78efe0bd2210>
venv/lib/python3.12/site-packages/aiosqlite/core.py:160: in _execute
    return await future
        args       = ('CREATE UNIQUE INDEX ix_users_email ON users (email)', ())
        fn         = <built-in method execute of sqlite3.Cursor object at 0x78efe0bb97c0>
        function   = functools.partial(<built-in method execute of sqlite3.Cursor object at 0x78efe0bb97c0>, 'CREATE UNIQUE INDEX ix_users_email ON users (email)', ())
        future     = <Future finished exception=OperationalError('index ix_users_email already exists')>
        kwargs     = {}
        self       = <aiosqlite.core.Connection object at 0x78efe0bd0950>
venv/lib/python3.12/site-packages/aiosqlite/core.py:63: in _connection_worker_thread
    result = function()
E   sqlite3.OperationalError: index ix_users_email already exists
        function   = functools.partial(<built-in method rollback of sqlite3.Connection object at 0x78efe0b6f2e0>)
        future     = <Future finished result=None>
        result     = None
        tx         = <_queue.SimpleQueue object at 0x78efe0bd7060>

The above exception was the direct cause of the following exception:
venv/lib/python3.12/site-packages/pytest_asyncio/plugin.py:336: in _asyncgen_fixture_wrapper
    result = event_loop.run_until_complete(setup())
        event_loop = <_UnixSelectorEventLoop running=False closed=False debug=False>
        event_loop_fixture_id = '_session_event_loop'
        finalizer  = <function _wrap_asyncgen_fixture.<locals>._asyncgen_fixture_wrapper.<locals>.finalizer at 0x78efe0ba99e0>
        fixture    = <function engine at 0x78f001182b60>
        fixturedef = <FixtureDef argname='engine' scope='session' baseid='tests'>
        func       = <function engine at 0x78f001182b60>
        gen_obj    = <async_generator object engine at 0x78efe0b6ec50>
        kwargs     = {}
        request    = <SubRequest 'engine' for <Coroutine test_chat_session_creation_with_user>>
        setup      = <function _wrap_asyncgen_fixture.<locals>._asyncgen_fixture_wrapper.<locals>.setup at 0x78efe0ba9a80>
/usr/lib/python3.12/asyncio/base_events.py:687: in run_until_complete
    return future.result()
        future     = <Task finished name='Task-1' coro=<_wrap_asyncgen_fixture.<locals>._asyncgen_fixture_wrapper.<locals>.setup() done, defined at /mnt/d/workspace/ChatApplication/project-code/backend/venv/lib/python3.12/site-packages/pytest_asyncio/plugin.py:317> exception=OperationalError('(sqlite3.OperationalError) index ix_users_email already exists')>
        new_task   = True
        self       = <_UnixSelectorEventLoop running=False closed=False debug=False>
venv/lib/python3.12/site-packages/pytest_asyncio/plugin.py:318: in setup
    res = await gen_obj.__anext__()
        gen_obj    = <async_generator object engine at 0x78efe0b6ec50>
tests/conftest.py:62: in engine
    await conn.run_sync(Base.metadata.create_all)
        conn       = <sqlalchemy.ext.asyncio.engine.AsyncConnection object at 0x78efe0bd6850>
        test_engine = <sqlalchemy.ext.asyncio.engine.AsyncEngine object at 0x78f001041090>
venv/lib/python3.12/site-packages/sqlalchemy/ext/asyncio/engine.py:891: in run_sync
    return await greenlet_spawn(fn, self._proxied, *arg, **kw)
        arg        = ()
        fn         = <bound method MetaData.create_all of MetaData()>
        kw         = {}
        self       = <sqlalchemy.ext.asyncio.engine.AsyncConnection object at 0x78efe0bd6850>
venv/lib/python3.12/site-packages/sqlalchemy/util/_concurrency_py3k.py:200: in greenlet_spawn
    result = context.throw(*sys.exc_info())
        _require_await = False
        args       = (<sqlalchemy.engine.base.Connection object at 0x78efe0bd0380>,)
        context    = <_AsyncIoGreenlet object at 0x78efe0b41940 (otid=0x1d6ace30) dead>
        fn         = <bound method MetaData.create_all of MetaData()>
        kwargs     = {}
        result     = <coroutine object Cursor.execute at 0x78efe0be19a0>
        switch_occurred = True
        value      = <aiosqlite.cursor.Cursor object at 0x78efe0bd2210>
venv/lib/python3.12/site-packages/sqlalchemy/sql/schema.py:5832: in create_all
    bind._run_ddl_visitor(
        bind       = <sqlalchemy.engine.base.Connection object at 0x78efe0bd0380>
        checkfirst = True
        self       = MetaData()
        tables     = None
venv/lib/python3.12/site-packages/sqlalchemy/engine/base.py:2448: in _run_ddl_visitor
    visitorcallable(self.dialect, self, **kwargs).traverse_single(element)
        element    = MetaData()
        kwargs     = {'checkfirst': True, 'tables': None}
        self       = <sqlalchemy.engine.base.Connection object at 0x78efe0bd0380>
        visitorcallable = <class 'sqlalchemy.sql.ddl.SchemaGenerator'>
venv/lib/python3.12/site-packages/sqlalchemy/sql/visitors.py:671: in traverse_single
    return meth(obj, **kw)
        kw         = {}
        meth       = <bound method SchemaGenerator.visit_metadata of <sqlalchemy.sql.ddl.SchemaGenerator object at 0x78efe0ce40d0>>
        obj        = MetaData()
        self       = <sqlalchemy.sql.ddl.SchemaGenerator object at 0x78efe0ce40d0>
        v          = <sqlalchemy.sql.ddl.SchemaGenerator object at 0x78efe0ce40d0>
venv/lib/python3.12/site-packages/sqlalchemy/sql/ddl.py:919: in visit_metadata
    self.traverse_single(
        collection = [(Table('users', MetaData(), Column('id', GUID(), table=<users>, primary_key=True, nullable=False, default=CallableColumnDefault(<function uuid4 at 0x78f001182de0>)), Column('email', String(length=255), table=<users>), Column('password_hash', String(length=255), table=<users>), Column('role', Enum('ADMIN', 'USER', 'ANONYMOUS', name='user_role'), table=<users>, nullable=False, default=ScalarElementColumnDefault(<UserRole.ANONYMOUS: 'anonymous'>)), Column('is_active', Boolean(), table=<users>, nullable=False, default=ScalarElementColumnDefault(True)), Column('created_at', DateTime(timezone=True), table=<users>, nullable=False, default=CallableColumnDefault(<function datetime.utcnow at 0x78f0011e8ea0>)), Column('last_login', DateTime(timezone=True), table=<users>), schema=None),
  set()),
 (Table('chat_sessions', MetaData(), Column('id', GUID(), table=<chat_sessions>, primary_key=True, nullable=False, default=CallableColumnDefault(<function uuid4 at 0x78f001078720>)), Column('user_id', GUID(), ForeignKey('users.id'), table=<chat_sessions>), Column('session_token', String(length=255), table=<chat_sessions>, nullable=False), Column('created_at', DateTime(timezone=True), table=<chat_sessions>, nullable=False, default=CallableColumnDefault(<function datetime.utcnow at 0x78f0010787c0>)), Column('updated_at', DateTime(timezone=True), table=<chat_sessions>, nullable=False, onupdate=CallableColumnDefault(<function datetime.utcnow at 0x78f001078ae0>), default=CallableColumnDefault(<function datetime.utcnow at 0x78f001078a40>)), Column('metadata', JSON(), table=<chat_sessions>, default=CallableColumnDefault(<function dict at 0x78f001078b80>)), schema=None),
  {ForeignKeyConstraint(<sqlalchemy.sql.base.ReadOnlyColumnCollection object at 0x78efdb3365c0>, None, ondelete='SET NULL', table=Table('chat_sessions', MetaData(), Column('id', GUID(), table=<chat_sessions>, primary_key=True, nullable=False, default=CallableColumnDefault(<function uuid4 at 0x78f001078720>)), Column('user_id', GUID(), ForeignKey('users.id'), table=<chat_sessions>), Column('session_token', String(length=255), table=<chat_sessions>, nullable=False), Column('created_at', DateTime(timezone=True), table=<chat_sessions>, nullable=False, default=CallableColumnDefault(<function datetime.utcnow at 0x78f0010787c0>)), Column('updated_at', DateTime(timezone=True), table=<chat_sessions>, nullable=False, onupdate=CallableColumnDefault(<function datetime.utcnow at 0x78f001078ae0>), default=CallableColumnDefault(<function datetime.utcnow at 0x78f001078a40>)), Column('metadata', JSON(), table=<chat_sessions>, default=CallableColumnDefault(<function dict at 0x78f001078b80>)), schema=None))}),
 (Table('data_sources', MetaData(), Column('id', GUID(), table=<data_sources>, primary_key=True, nullable=False, default=CallableColumnDefault(<function uuid4 at 0x78f00107bd80>)), Column('name', String(length=255), table=<data_sources>, nullable=False), Column('type', Enum('CONFLUENCE', 'JIRA', 'GITHUB', 'ONBOARDING', name='source_type'), table=<data_sources>, nullable=False), Column('config', JSON(), table=<data_sources>, nullable=False, default=CallableColumnDefault(<function dict at 0x78f001018040>)), Column('last_sync_at', DateTime(timezone=True), table=<data_sources>), Column('sync_status', Enum('PENDING', 'SYNCING', 'SUCCESS', 'FAILED', name='sync_status'), table=<data_sources>, nullable=False, default=ScalarElementColumnDefault(<SyncStatus.PENDING: 'pending'>)), Column('sync_error', Text(), table=<data_sources>), Column('created_by', GUID(), ForeignKey('users.id'), table=<data_sources>, nullable=False), Column('is_active', Boolean(), table=<data_sources>, nullable=False, default=ScalarElementColumnDefault(True)), schema=None),
  {ForeignKeyConstraint(<sqlalchemy.sql.base.ReadOnlyColumnCollection object at 0x78efdb336610>, None, ondelete='CASCADE', table=Table('data_sources', MetaData(), Column('id', GUID(), table=<data_sources>, primary_key=True, nullable=False, default=CallableColumnDefault(<function uuid4 at 0x78f00107bd80>)), Column('name', String(length=255), table=<data_sources>, nullable=False), Column('type', Enum('CONFLUENCE', 'JIRA', 'GITHUB', 'ONBOARDING', name='source_type'), table=<data_sources>, nullable=False), Column('config', JSON(), table=<data_sources>, nullable=False, default=CallableColumnDefault(<function dict at 0x78f001018040>)), Column('last_sync_at', DateTime(timezone=True), table=<data_sources>), Column('sync_status', Enum('PENDING', 'SYNCING', 'SUCCESS', 'FAILED', name='sync_status'), table=<data_sources>, nullable=False, default=ScalarElementColumnDefault(<SyncStatus.PENDING: 'pending'>)), Column('sync_error', Text(), table=<data_sources>), Column('created_by', GUID(), ForeignKey('users.id'), table=<data_sources>, nullable=False), Column('is_active', Boolean(), table=<data_sources>, nullable=False, default=ScalarElementColumnDefault(True)), schema=None))}),
 (Table('messages', MetaData(), Column('id', GUID(), table=<messages>, primary_key=True, nullable=False, default=CallableColumnDefault(<function uuid4 at 0x78f00107a020>)), Column('session_id', GUID(), ForeignKey('chat_sessions.id'), table=<messages>, nullable=False), Column('role', Enum('USER', 'ASSISTANT', 'SYSTEM', name='message_role'), table=<messages>, nullable=False), Column('content', Text(), table=<messages>, nullable=False), Column('created_at', DateTime(timezone=True), table=<messages>, nullable=False, default=CallableColumnDefault(<function datetime.utcnow at 0x78f00107a3e0>)), Column('sources', JSON(), table=<messages>, default=CallableColumnDefault(<function dict at 0x78f00107a520>)), Column('feedback', JSON(), table=<messages>, default=CallableColumnDefault(<function dict at 0x78f00107a660>)), schema=None),
  {ForeignKeyConstraint(<sqlalchemy.sql.base.ReadOnlyColumnCollection object at 0x78efdb3366b0>, None, ondelete='CASCADE', table=Table('messages', MetaData(), Column('id', GUID(), table=<messages>, primary_key=True, nullable=False, default=CallableColumnDefault(<function uuid4 at 0x78f00107a020>)), Column('session_id', GUID(), ForeignKey('chat_sessions.id'), table=<messages>, nullable=False), Column('role', Enum('USER', 'ASSISTANT', 'SYSTEM', name='message_role'), table=<messages>, nullable=False), Column('content', Text(), table=<messages>, nullable=False), Column('created_at', DateTime(timezone=True), table=<messages>, nullable=False, default=CallableColumnDefault(<function datetime.utcnow at 0x78f00107a3e0>)), Column('sources', JSON(), table=<messages>, default=CallableColumnDefault(<function dict at 0x78f00107a520>)), Column('feedback', JSON(), table=<messages>, default=CallableColumnDefault(<function dict at 0x78f00107a660>)), schema=None))}),
 (Table('sync_logs', MetaData(), Column('id', GUID(), table=<sync_logs>, primary_key=True, nullable=False, default=CallableColumnDefault(<function uuid4 at 0x78f00101a3e0>)), Column('source_id', GUID(), ForeignKey('data_sources.id'), table=<sync_logs>, nullable=False), Column('started_at', DateTime(timezone=True), table=<sync_logs>, nullable=False, default=CallableColumnDefault(<function datetime.utcnow at 0x78f00101a480>)), Column('completed_at', DateTime(timezone=True), table=<sync_logs>), Column('status', Enum('PENDING', 'SYNCING', 'SUCCESS', 'FAILED', name='sync_status'), table=<sync_logs>, nullable=False, default=ScalarElementColumnDefault(<SyncStatus.PENDING: 'pending'>)), Column('documents_processed', Integer(), table=<sync_logs>, nullable=False, default=ScalarElementColumnDefault(0)), Column('documents_added', Integer(), table=<sync_logs>, nullable=False, default=ScalarElementColumnDefault(0)), Column('documents_updated', Integer(), table=<sync_logs>, nullable=False, default=ScalarElementColumnDefault(0)), Column('documents_deleted', Integer(), table=<sync_logs>, nullable=False, default=ScalarElementColumnDefault(0)), Column('error_log', Text(), table=<sync_logs>), schema=None),
  {ForeignKeyConstraint(<sqlalchemy.sql.base.ReadOnlyColumnCollection object at 0x78efdb336660>, None, ondelete='CASCADE', table=Table('sync_logs', MetaData(), Column('id', GUID(), table=<sync_logs>, primary_key=True, nullable=False, default=CallableColumnDefault(<function uuid4 at 0x78f00101a3e0>)), Column('source_id', GUID(), ForeignKey('data_sources.id'), table=<sync_logs>, nullable=False), Column('started_at', DateTime(timezone=True), table=<sync_logs>, nullable=False, default=CallableColumnDefault(<function datetime.utcnow at 0x78f00101a480>)), Column('completed_at', DateTime(timezone=True), table=<sync_logs>), Column('status', Enum('PENDING', 'SYNCING', 'SUCCESS', 'FAILED', name='sync_status'), table=<sync_logs>, nullable=False, default=ScalarElementColumnDefault(<SyncStatus.PENDING: 'pending'>)), Column('documents_processed', Integer(), table=<sync_logs>, nullable=False, default=ScalarElementColumnDefault(0)), Column('documents_added', Integer(), table=<sync_logs>, nullable=False, default=ScalarElementColumnDefault(0)), Column('documents_updated', Integer(), table=<sync_logs>, nullable=False, default=ScalarElementColumnDefault(0)), Column('documents_deleted', Integer(), table=<sync_logs>, nullable=False, default=ScalarElementColumnDefault(0)), Column('error_log', Text(), table=<sync_logs>), schema=None))}),
 (Table('documents', MetaData(), Column('id', UUID(), table=<documents>, primary_key=True, nullable=False, default=CallableColumnDefault(<function uuid4 at 0x78f00101bec0>)), Column('source_id', UUID(), ForeignKey('data_sources.id'), table=<documents>, nullable=False), Column('external_id', String(length=255), table=<documents>, nullable=False), Column('title', Text(), table=<documents>, nullable=False), Column('content', Text(), table=<documents>, nullable=False), Column('url', Text(), table=<documents>), Column('metadata', JSONB(astext_type=Text()), table=<documents>, default=CallableColumnDefault(<function dict at 0x78f000fec360>)), Column('created_at', DateTime(timezone=True), table=<documents>, nullable=False, default=CallableColumnDefault(<function datetime.utcnow at 0x78efe0cbef20>)), Column('updated_at', DateTime(timezone=True), table=<documents>, nullable=False, onupdate=CallableColumnDefault(<function datetime.utcnow at 0x78efe0cbf060>), default=CallableColumnDefault(<function datetime.utcnow at 0x78efe0cbefc0>)), Column('is_deleted', Boolean(), table=<documents>, nullable=False, default=ScalarElementColumnDefault(False)), schema=None),
  {ForeignKeyConstraint(<sqlalchemy.sql.base.ReadOnlyColumnCollection object at 0x78efdb336750>, None, ondelete='CASCADE', table=Table('documents', MetaData(), Column('id', UUID(), table=<documents>, primary_key=True, nullable=False, default=CallableColumnDefault(<function uuid4 at 0x78f00101bec0>)), Column('source_id', UUID(), ForeignKey('data_sources.id'), table=<documents>, nullable=False), Column('external_id', String(length=255), table=<documents>, nullable=False), Column('title', Text(), table=<documents>, nullable=False), Column('content', Text(), table=<documents>, nullable=False), Column('url', Text(), table=<documents>), Column('metadata', JSONB(astext_type=Text()), table=<documents>, default=CallableColumnDefault(<function dict at 0x78f000fec360>)), Column('created_at', DateTime(timezone=True), table=<documents>, nullable=False, default=CallableColumnDefault(<function datetime.utcnow at 0x78efe0cbef20>)), Column('updated_at', DateTime(timezone=True), table=<documents>, nullable=False, onupdate=CallableColumnDefault(<function datetime.utcnow at 0x78efe0cbf060>), default=CallableColumnDefault(<function datetime.utcnow at 0x78efe0cbefc0>)), Column('is_deleted', Boolean(), table=<documents>, nullable=False, default=ScalarElementColumnDefault(False)), schema=None))}),
 (Table('document_chunks', MetaData(), Column('id', UUID(), table=<document_chunks>, primary_key=True, nullable=False, default=CallableColumnDefault(<function uuid4 at 0x78efe0ce0720>)), Column('document_id', UUID(), ForeignKey('documents.id'), table=<document_chunks>, nullable=False), Column('chunk_index', Integer(), table=<document_chunks>, nullable=False), Column('content', Text(), table=<document_chunks>, nullable=False), Column('embedding', Vector(dim=384), table=<document_chunks>), Column('metadata', JSONB(astext_type=Text()), table=<document_chunks>, default=CallableColumnDefault(<function dict at 0x78efe0ce07c0>)), Column('created_at', DateTime(timezone=True), table=<document_chunks>, nullable=False, default=CallableColumnDefault(<function datetime.utcnow at 0x78efe0ce09a0>)), schema=None),
  {ForeignKeyConstraint(<sqlalchemy.sql.base.ReadOnlyColumnCollection object at 0x78efdb3367a0>, None, ondelete='CASCADE', table=Table('document_chunks', MetaData(), Column('id', UUID(), table=<document_chunks>, primary_key=True, nullable=False, default=CallableColumnDefault(<function uuid4 at 0x78efe0ce0720>)), Column('document_id', UUID(), ForeignKey('documents.id'), table=<document_chunks>, nullable=False), Column('chunk_index', Integer(), table=<document_chunks>, nullable=False), Column('content', Text(), table=<document_chunks>, nullable=False), Column('embedding', Vector(dim=384), table=<document_chunks>), Column('metadata', JSONB(astext_type=Text()), table=<document_chunks>, default=CallableColumnDefault(<function dict at 0x78efe0ce07c0>)), Column('created_at', DateTime(timezone=True), table=<document_chunks>, nullable=False, default=CallableColumnDefault(<function datetime.utcnow at 0x78efe0ce09a0>)), schema=None))}),
 (None, [])]
        event_collection = [Table('users', MetaData(), Column('id', GUID(), table=<users>, primary_key=True, nullable=False, default=CallableColumnDefault(<function uuid4 at 0x78f001182de0>)), Column('email', String(length=255), table=<users>), Column('password_hash', String(length=255), table=<users>), Column('role', Enum('ADMIN', 'USER', 'ANONYMOUS', name='user_role'), table=<users>, nullable=False, default=ScalarElementColumnDefault(<UserRole.ANONYMOUS: 'anonymous'>)), Column('is_active', Boolean(), table=<users>, nullable=False, default=ScalarElementColumnDefault(True)), Column('created_at', DateTime(timezone=True), table=<users>, nullable=False, default=CallableColumnDefault(<function datetime.utcnow at 0x78f0011e8ea0>)), Column('last_login', DateTime(timezone=True), table=<users>), schema=None),
 Table('chat_sessions', MetaData(), Column('id', GUID(), table=<chat_sessions>, primary_key=True, nullable=False, default=CallableColumnDefault(<function uuid4 at 0x78f001078720>)), Column('user_id', GUID(), ForeignKey('users.id'), table=<chat_sessions>), Column('session_token', String(length=255), table=<chat_sessions>, nullable=False), Column('created_at', DateTime(timezone=True), table=<chat_sessions>, nullable=False, default=CallableColumnDefault(<function datetime.utcnow at 0x78f0010787c0>)), Column('updated_at', DateTime(timezone=True), table=<chat_sessions>, nullable=False, onupdate=CallableColumnDefault(<function datetime.utcnow at 0x78f001078ae0>), default=CallableColumnDefault(<function datetime.utcnow at 0x78f001078a40>)), Column('metadata', JSON(), table=<chat_sessions>, default=CallableColumnDefault(<function dict at 0x78f001078b80>)), schema=None),
 Table('data_sources', MetaData(), Column('id', GUID(), table=<data_sources>, primary_key=True, nullable=False, default=CallableColumnDefault(<function uuid4 at 0x78f00107bd80>)), Column('name', String(length=255), table=<data_sources>, nullable=False), Column('type', Enum('CONFLUENCE', 'JIRA', 'GITHUB', 'ONBOARDING', name='source_type'), table=<data_sources>, nullable=False), Column('config', JSON(), table=<data_sources>, nullable=False, default=CallableColumnDefault(<function dict at 0x78f001018040>)), Column('last_sync_at', DateTime(timezone=True), table=<data_sources>), Column('sync_status', Enum('PENDING', 'SYNCING', 'SUCCESS', 'FAILED', name='sync_status'), table=<data_sources>, nullable=False, default=ScalarElementColumnDefault(<SyncStatus.PENDING: 'pending'>)), Column('sync_error', Text(), table=<data_sources>), Column('created_by', GUID(), ForeignKey('users.id'), table=<data_sources>, nullable=False), Column('is_active', Boolean(), table=<data_sources>, nullable=False, default=ScalarElementColumnDefault(True)), schema=None),
 Table('messages', MetaData(), Column('id', GUID(), table=<messages>, primary_key=True, nullable=False, default=CallableColumnDefault(<function uuid4 at 0x78f00107a020>)), Column('session_id', GUID(), ForeignKey('chat_sessions.id'), table=<messages>, nullable=False), Column('role', Enum('USER', 'ASSISTANT', 'SYSTEM', name='message_role'), table=<messages>, nullable=False), Column('content', Text(), table=<messages>, nullable=False), Column('created_at', DateTime(timezone=True), table=<messages>, nullable=False, default=CallableColumnDefault(<function datetime.utcnow at 0x78f00107a3e0>)), Column('sources', JSON(), table=<messages>, default=CallableColumnDefault(<function dict at 0x78f00107a520>)), Column('feedback', JSON(), table=<messages>, default=CallableColumnDefault(<function dict at 0x78f00107a660>)), schema=None),
 Table('sync_logs', MetaData(), Column('id', GUID(), table=<sync_logs>, primary_key=True, nullable=False, default=CallableColumnDefault(<function uuid4 at 0x78f00101a3e0>)), Column('source_id', GUID(), ForeignKey('data_sources.id'), table=<sync_logs>, nullable=False), Column('started_at', DateTime(timezone=True), table=<sync_logs>, nullable=False, default=CallableColumnDefault(<function datetime.utcnow at 0x78f00101a480>)), Column('completed_at', DateTime(timezone=True), table=<sync_logs>), Column('status', Enum('PENDING', 'SYNCING', 'SUCCESS', 'FAILED', name='sync_status'), table=<sync_logs>, nullable=False, default=ScalarElementColumnDefault(<SyncStatus.PENDING: 'pending'>)), Column('documents_processed', Integer(), table=<sync_logs>, nullable=False, default=ScalarElementColumnDefault(0)), Column('documents_added', Integer(), table=<sync_logs>, nullable=False, default=ScalarElementColumnDefault(0)), Column('documents_updated', Integer(), table=<sync_logs>, nullable=False, default=ScalarElementColumnDefault(0)), Column('documents_deleted', Integer(), table=<sync_logs>, nullable=False, default=ScalarElementColumnDefault(0)), Column('error_log', Text(), table=<sync_logs>), schema=None),
 Table('documents', MetaData(), Column('id', UUID(), table=<documents>, primary_key=True, nullable=False, default=CallableColumnDefault(<function uuid4 at 0x78f00101bec0>)), Column('source_id', UUID(), ForeignKey('data_sources.id'), table=<documents>, nullable=False), Column('external_id', String(length=255), table=<documents>, nullable=False), Column('title', Text(), table=<documents>, nullable=False), Column('content', Text(), table=<documents>, nullable=False), Column('url', Text(), table=<documents>), Column('metadata', JSONB(astext_type=Text()), table=<documents>, default=CallableColumnDefault(<function dict at 0x78f000fec360>)), Column('created_at', DateTime(timezone=True), table=<documents>, nullable=False, default=CallableColumnDefault(<function datetime.utcnow at 0x78efe0cbef20>)), Column('updated_at', DateTime(timezone=True), table=<documents>, nullable=False, onupdate=CallableColumnDefault(<function datetime.utcnow at 0x78efe0cbf060>), default=CallableColumnDefault(<function datetime.utcnow at 0x78efe0cbefc0>)), Column('is_deleted', Boolean(), table=<documents>, nullable=False, default=ScalarElementColumnDefault(False)), schema=None),
 Table('document_chunks', MetaData(), Column('id', UUID(), table=<document_chunks>, primary_key=True, nullable=False, default=CallableColumnDefault(<function uuid4 at 0x78efe0ce0720>)), Column('document_id', UUID(), ForeignKey('documents.id'), table=<document_chunks>, nullable=False), Column('chunk_index', Integer(), table=<document_chunks>, nullable=False), Column('content', Text(), table=<document_chunks>, nullable=False), Column('embedding', Vector(dim=384), table=<document_chunks>), Column('metadata', JSONB(astext_type=Text()), table=<document_chunks>, default=CallableColumnDefault(<function dict at 0x78efe0ce07c0>)), Column('created_at', DateTime(timezone=True), table=<document_chunks>, nullable=False, default=CallableColumnDefault(<function datetime.utcnow at 0x78efe0ce09a0>)), schema=None)]
        fkcs       = set()
        metadata   = MetaData()
        self       = <sqlalchemy.sql.ddl.SchemaGenerator object at 0x78efe0ce40d0>
        seq_coll   = []
        table      = Table('users', MetaData(), Column('id', GUID(), table=<users>, primary_key=True, nullable=False, default=CallableColumnDefault(<function uuid4 at 0x78f001182de0>)), Column('email', String(length=255), table=<users>), Column('password_hash', String(length=255), table=<users>), Column('role', Enum('ADMIN', 'USER', 'ANONYMOUS', name='user_role'), table=<users>, nullable=False, default=ScalarElementColumnDefault(<UserRole.ANONYMOUS: 'anonymous'>)), Column('is_active', Boolean(), table=<users>, nullable=False, default=ScalarElementColumnDefault(True)), Column('created_at', DateTime(timezone=True), table=<users>, nullable=False, default=CallableColumnDefault(<function datetime.utcnow at 0x78f0011e8ea0>)), Column('last_login', DateTime(timezone=True), table=<users>), schema=None)
        tables     = [Table('users', MetaData(), Column('id', GUID(), table=<users>, primary_key=True, nullable=False, default=CallableColumnDefault(<function uuid4 at 0x78f001182de0>)), Column('email', String(length=255), table=<users>), Column('password_hash', String(length=255), table=<users>), Column('role', Enum('ADMIN', 'USER', 'ANONYMOUS', name='user_role'), table=<users>, nullable=False, default=ScalarElementColumnDefault(<UserRole.ANONYMOUS: 'anonymous'>)), Column('is_active', Boolean(), table=<users>, nullable=False, default=ScalarElementColumnDefault(True)), Column('created_at', DateTime(timezone=True), table=<users>, nullable=False, default=CallableColumnDefault(<function datetime.utcnow at 0x78f0011e8ea0>)), Column('last_login', DateTime(timezone=True), table=<users>), schema=None),
 Table('chat_sessions', MetaData(), Column('id', GUID(), table=<chat_sessions>, primary_key=True, nullable=False, default=CallableColumnDefault(<function uuid4 at 0x78f001078720>)), Column('user_id', GUID(), ForeignKey('users.id'), table=<chat_sessions>), Column('session_token', String(length=255), table=<chat_sessions>, nullable=False), Column('created_at', DateTime(timezone=True), table=<chat_sessions>, nullable=False, default=CallableColumnDefault(<function datetime.utcnow at 0x78f0010787c0>)), Column('updated_at', DateTime(timezone=True), table=<chat_sessions>, nullable=False, onupdate=CallableColumnDefault(<function datetime.utcnow at 0x78f001078ae0>), default=CallableColumnDefault(<function datetime.utcnow at 0x78f001078a40>)), Column('metadata', JSON(), table=<chat_sessions>, default=CallableColumnDefault(<function dict at 0x78f001078b80>)), schema=None),
 Table('messages', MetaData(), Column('id', GUID(), table=<messages>, primary_key=True, nullable=False, default=CallableColumnDefault(<function uuid4 at 0x78f00107a020>)), Column('session_id', GUID(), ForeignKey('chat_sessions.id'), table=<messages>, nullable=False), Column('role', Enum('USER', 'ASSISTANT', 'SYSTEM', name='message_role'), table=<messages>, nullable=False), Column('content', Text(), table=<messages>, nullable=False), Column('created_at', DateTime(timezone=True), table=<messages>, nullable=False, default=CallableColumnDefault(<function datetime.utcnow at 0x78f00107a3e0>)), Column('sources', JSON(), table=<messages>, default=CallableColumnDefault(<function dict at 0x78f00107a520>)), Column('feedback', JSON(), table=<messages>, default=CallableColumnDefault(<function dict at 0x78f00107a660>)), schema=None),
 Table('data_sources', MetaData(), Column('id', GUID(), table=<data_sources>, primary_key=True, nullable=False, default=CallableColumnDefault(<function uuid4 at 0x78f00107bd80>)), Column('name', String(length=255), table=<data_sources>, nullable=False), Column('type', Enum('CONFLUENCE', 'JIRA', 'GITHUB', 'ONBOARDING', name='source_type'), table=<data_sources>, nullable=False), Column('config', JSON(), table=<data_sources>, nullable=False, default=CallableColumnDefault(<function dict at 0x78f001018040>)), Column('last_sync_at', DateTime(timezone=True), table=<data_sources>), Column('sync_status', Enum('PENDING', 'SYNCING', 'SUCCESS', 'FAILED', name='sync_status'), table=<data_sources>, nullable=False, default=ScalarElementColumnDefault(<SyncStatus.PENDING: 'pending'>)), Column('sync_error', Text(), table=<data_sources>), Column('created_by', GUID(), ForeignKey('users.id'), table=<data_sources>, nullable=False), Column('is_active', Boolean(), table=<data_sources>, nullable=False, default=ScalarElementColumnDefault(True)), schema=None),
 Table('sync_logs', MetaData(), Column('id', GUID(), table=<sync_logs>, primary_key=True, nullable=False, default=CallableColumnDefault(<function uuid4 at 0x78f00101a3e0>)), Column('source_id', GUID(), ForeignKey('data_sources.id'), table=<sync_logs>, nullable=False), Column('started_at', DateTime(timezone=True), table=<sync_logs>, nullable=False, default=CallableColumnDefault(<function datetime.utcnow at 0x78f00101a480>)), Column('completed_at', DateTime(timezone=True), table=<sync_logs>), Column('status', Enum('PENDING', 'SYNCING', 'SUCCESS', 'FAILED', name='sync_status'), table=<sync_logs>, nullable=False, default=ScalarElementColumnDefault(<SyncStatus.PENDING: 'pending'>)), Column('documents_processed', Integer(), table=<sync_logs>, nullable=False, default=ScalarElementColumnDefault(0)), Column('documents_added', Integer(), table=<sync_logs>, nullable=False, default=ScalarElementColumnDefault(0)), Column('documents_updated', Integer(), table=<sync_logs>, nullable=False, default=ScalarElementColumnDefault(0)), Column('documents_deleted', Integer(), table=<sync_logs>, nullable=False, default=ScalarElementColumnDefault(0)), Column('error_log', Text(), table=<sync_logs>), schema=None),
 Table('documents', MetaData(), Column('id', UUID(), table=<documents>, primary_key=True, nullable=False, default=CallableColumnDefault(<function uuid4 at 0x78f00101bec0>)), Column('source_id', UUID(), ForeignKey('data_sources.id'), table=<documents>, nullable=False), Column('external_id', String(length=255), table=<documents>, nullable=False), Column('title', Text(), table=<documents>, nullable=False), Column('content', Text(), table=<documents>, nullable=False), Column('url', Text(), table=<documents>), Column('metadata', JSONB(astext_type=Text()), table=<documents>, default=CallableColumnDefault(<function dict at 0x78f000fec360>)), Column('created_at', DateTime(timezone=True), table=<documents>, nullable=False, default=CallableColumnDefault(<function datetime.utcnow at 0x78efe0cbef20>)), Column('updated_at', DateTime(timezone=True), table=<documents>, nullable=False, onupdate=CallableColumnDefault(<function datetime.utcnow at 0x78efe0cbf060>), default=CallableColumnDefault(<function datetime.utcnow at 0x78efe0cbefc0>)), Column('is_deleted', Boolean(), table=<documents>, nullable=False, default=ScalarElementColumnDefault(False)), schema=None),
 Table('document_chunks', MetaData(), Column('id', UUID(), table=<document_chunks>, primary_key=True, nullable=False, default=CallableColumnDefault(<function uuid4 at 0x78efe0ce0720>)), Column('document_id', UUID(), ForeignKey('documents.id'), table=<document_chunks>, nullable=False), Column('chunk_index', Integer(), table=<document_chunks>, nullable=False), Column('content', Text(), table=<document_chunks>, nullable=False), Column('embedding', Vector(dim=384), table=<document_chunks>), Column('metadata', JSONB(astext_type=Text()), table=<document_chunks>, default=CallableColumnDefault(<function dict at 0x78efe0ce07c0>)), Column('created_at', DateTime(timezone=True), table=<document_chunks>, nullable=False, default=CallableColumnDefault(<function datetime.utcnow at 0x78efe0ce09a0>)), schema=None)]
venv/lib/python3.12/site-packages/sqlalchemy/sql/visitors.py:671: in traverse_single
    return meth(obj, **kw)
        kw         = {'_is_metadata_operation': True,
 'create_ok': True,
 'include_foreign_key_constraints': set()}
        meth       = <bound method SchemaGenerator.visit_table of <sqlalchemy.sql.ddl.SchemaGenerator object at 0x78efe0ce40d0>>
        obj        = Table('users', MetaData(), Column('id', GUID(), table=<users>, primary_key=True, nullable=False, default=CallableColumnDefault(<function uuid4 at 0x78f001182de0>)), Column('email', String(length=255), table=<users>), Column('password_hash', String(length=255), table=<users>), Column('role', Enum('ADMIN', 'USER', 'ANONYMOUS', name='user_role'), table=<users>, nullable=False, default=ScalarElementColumnDefault(<UserRole.ANONYMOUS: 'anonymous'>)), Column('is_active', Boolean(), table=<users>, nullable=False, default=ScalarElementColumnDefault(True)), Column('created_at', DateTime(timezone=True), table=<users>, nullable=False, default=CallableColumnDefault(<function datetime.utcnow at 0x78f0011e8ea0>)), Column('last_login', DateTime(timezone=True), table=<users>), schema=None)
        self       = <sqlalchemy.sql.ddl.SchemaGenerator object at 0x78efe0ce40d0>
        v          = <sqlalchemy.sql.ddl.SchemaGenerator object at 0x78efe0ce40d0>
venv/lib/python3.12/site-packages/sqlalchemy/sql/ddl.py:961: in visit_table
    self.traverse_single(index, create_ok=True)
        _is_metadata_operation = True
        column     = Column('last_login', DateTime(timezone=True), table=<users>)
        create_ok  = True
        include_foreign_key_constraints = None
        index      = Index('ix_users_email', Column('email', String(length=255), table=<users>), unique=True)
        self       = <sqlalchemy.sql.ddl.SchemaGenerator object at 0x78efe0ce40d0>
        table      = Table('users', MetaData(), Column('id', GUID(), table=<users>, primary_key=True, nullable=False, default=CallableColumnDefault(<function uuid4 at 0x78f001182de0>)), Column('email', String(length=255), table=<users>), Column('password_hash', String(length=255), table=<users>), Column('role', Enum('ADMIN', 'USER', 'ANONYMOUS', name='user_role'), table=<users>, nullable=False, default=ScalarElementColumnDefault(<UserRole.ANONYMOUS: 'anonymous'>)), Column('is_active', Boolean(), table=<users>, nullable=False, default=ScalarElementColumnDefault(True)), Column('created_at', DateTime(timezone=True), table=<users>, nullable=False, default=CallableColumnDefault(<function datetime.utcnow at 0x78f0011e8ea0>)), Column('last_login', DateTime(timezone=True), table=<users>), schema=None)
venv/lib/python3.12/site-packages/sqlalchemy/sql/visitors.py:671: in traverse_single
    return meth(obj, **kw)
        kw         = {'create_ok': True}
        meth       = <bound method SchemaGenerator.visit_index of <sqlalchemy.sql.ddl.SchemaGenerator object at 0x78efe0ce40d0>>
        obj        = Index('ix_users_email', Column('email', String(length=255), table=<users>), unique=True)
        self       = <sqlalchemy.sql.ddl.SchemaGenerator object at 0x78efe0ce40d0>
        v          = <sqlalchemy.sql.ddl.SchemaGenerator object at 0x78efe0ce40d0>
venv/lib/python3.12/site-packages/sqlalchemy/sql/ddl.py:998: in visit_index
    CreateIndex(index)._invoke_with(self.connection)
        create_ok  = True
        index      = Index('ix_users_email', Column('email', String(length=255), table=<users>), unique=True)
        self       = <sqlalchemy.sql.ddl.SchemaGenerator object at 0x78efe0ce40d0>
venv/lib/python3.12/site-packages/sqlalchemy/sql/ddl.py:315: in _invoke_with
    return bind.execute(self)
        bind       = <sqlalchemy.engine.base.Connection object at 0x78efe0bd0380>
        self       = <sqlalchemy.sql.ddl.CreateIndex object at 0x78f000fe2900>
venv/lib/python3.12/site-packages/sqlalchemy/engine/base.py:1416: in execute
    return meth(
        distilled_parameters = ()
        execution_options = None
        meth       = <bound method ExecutableDDLElement._execute_on_connection of <sqlalchemy.sql.ddl.CreateIndex object at 0x78f000fe2900>>
        parameters = None
        self       = <sqlalchemy.engine.base.Connection object at 0x78efe0bd0380>
        statement  = <sqlalchemy.sql.ddl.CreateIndex object at 0x78f000fe2900>
venv/lib/python3.12/site-packages/sqlalchemy/sql/ddl.py:181: in _execute_on_connection
    return connection._execute_ddl(
        connection = <sqlalchemy.engine.base.Connection object at 0x78efe0bd0380>
        distilled_params = ()
        execution_options = immutabledict({})
        self       = <sqlalchemy.sql.ddl.CreateIndex object at 0x78f000fe2900>
venv/lib/python3.12/site-packages/sqlalchemy/engine/base.py:1528: in _execute_ddl
    ret = self._execute_context(
        compiled   = <sqlalchemy.dialects.sqlite.base.SQLiteDDLCompiler object at 0x78efe0bd18e0>
        ddl        = <sqlalchemy.sql.ddl.CreateIndex object at 0x78f000fe2900>
        dialect    = <sqlalchemy.dialects.sqlite.aiosqlite.SQLiteDialect_aiosqlite object at 0x78efe0cc3620>
        distilled_parameters = ()
        event_multiparams = None
        event_params = None
        exec_opts  = immutabledict({})
        execution_options = immutabledict({})
        schema_translate_map = None
        self       = <sqlalchemy.engine.base.Connection object at 0x78efe0bd0380>
venv/lib/python3.12/site-packages/sqlalchemy/engine/base.py:1848: in _execute_context
    return self._exec_single_context(
        args       = (<sqlalchemy.dialects.sqlite.base.SQLiteDDLCompiler object at 0x78efe0bd18e0>,)
        conn       = <sqlalchemy.pool.base._ConnectionFairy object at 0x78efe0ba6930>
        constructor = <bound method DefaultExecutionContext._init_ddl of <class 'sqlalchemy.dialects.sqlite.aiosqlite.SQLiteExecutionContext_aiosqlite'>>
        context    = <sqlalchemy.dialects.sqlite.aiosqlite.SQLiteExecutionContext_aiosqlite object at 0x78efe0bd21b0>
        dialect    = <sqlalchemy.dialects.sqlite.aiosqlite.SQLiteDialect_aiosqlite object at 0x78efe0cc3620>
        execution_options = immutabledict({})
        kw         = {}
        parameters = None
        self       = <sqlalchemy.engine.base.Connection object at 0x78efe0bd0380>
        statement  = <sqlalchemy.dialects.sqlite.base.SQLiteDDLCompiler object at 0x78efe0bd18e0>
venv/lib/python3.12/site-packages/sqlalchemy/engine/base.py:1988: in _exec_single_context
    self._handle_dbapi_exception(
        context    = <sqlalchemy.dialects.sqlite.aiosqlite.SQLiteExecutionContext_aiosqlite object at 0x78efe0bd21b0>
        cursor     = <sqlalchemy.dialects.sqlite.aiosqlite.AsyncAdapt_aiosqlite_cursor object at 0x78efe0ba7e20>
        dialect    = <sqlalchemy.dialects.sqlite.aiosqlite.SQLiteDialect_aiosqlite object at 0x78efe0cc3620>
        effective_parameters = ()
        evt_handled = False
        parameters = [()]
        self       = <sqlalchemy.engine.base.Connection object at 0x78efe0bd0380>
        statement  = <sqlalchemy.dialects.sqlite.base.SQLiteDDLCompiler object at 0x78efe0bd18e0>
        str_statement = 'CREATE UNIQUE INDEX ix_users_email ON users (email)'
venv/lib/python3.12/site-packages/sqlalchemy/engine/base.py:2344: in _handle_dbapi_exception
    raise sqlalchemy_exception.with_traceback(exc_info[2]) from e
        context    = <sqlalchemy.dialects.sqlite.aiosqlite.SQLiteExecutionContext_aiosqlite object at 0x78efe0bd21b0>
        cursor     = <sqlalchemy.dialects.sqlite.aiosqlite.AsyncAdapt_aiosqlite_cursor object at 0x78efe0ba7e20>
        e          = OperationalError('index ix_users_email already exists')
        exc_info   = (<class 'sqlite3.OperationalError'>,
 OperationalError('index ix_users_email already exists'),
 <traceback object at 0x78efe0201740>)
        invalidate_pool_on_disconnect = True
        is_exit_exception = False
        is_sub_exec = False
        ismulti    = False
        newraise   = None
        parameters = ()
        self       = <sqlalchemy.engine.base.Connection object at 0x78efe0bd0380>
        should_wrap = True
        sqlalchemy_exception = OperationalError('(sqlite3.OperationalError) index ix_users_email already exists')
        statement  = 'CREATE UNIQUE INDEX ix_users_email ON users (email)'
venv/lib/python3.12/site-packages/sqlalchemy/engine/base.py:1969: in _exec_single_context
    self.dialect.do_execute(
        context    = <sqlalchemy.dialects.sqlite.aiosqlite.SQLiteExecutionContext_aiosqlite object at 0x78efe0bd21b0>
        cursor     = <sqlalchemy.dialects.sqlite.aiosqlite.AsyncAdapt_aiosqlite_cursor object at 0x78efe0ba7e20>
        dialect    = <sqlalchemy.dialects.sqlite.aiosqlite.SQLiteDialect_aiosqlite object at 0x78efe0cc3620>
        effective_parameters = ()
        evt_handled = False
        parameters = [()]
        self       = <sqlalchemy.engine.base.Connection object at 0x78efe0bd0380>
        statement  = <sqlalchemy.dialects.sqlite.base.SQLiteDDLCompiler object at 0x78efe0bd18e0>
        str_statement = 'CREATE UNIQUE INDEX ix_users_email ON users (email)'
venv/lib/python3.12/site-packages/sqlalchemy/engine/default.py:922: in do_execute
    cursor.execute(statement, parameters)
        context    = <sqlalchemy.dialects.sqlite.aiosqlite.SQLiteExecutionContext_aiosqlite object at 0x78efe0bd21b0>
        cursor     = <sqlalchemy.dialects.sqlite.aiosqlite.AsyncAdapt_aiosqlite_cursor object at 0x78efe0ba7e20>
        parameters = ()
        self       = <sqlalchemy.dialects.sqlite.aiosqlite.SQLiteDialect_aiosqlite object at 0x78efe0cc3620>
        statement  = 'CREATE UNIQUE INDEX ix_users_email ON users (email)'
venv/lib/python3.12/site-packages/sqlalchemy/dialects/sqlite/aiosqlite.py:146: in execute
    self._adapt_connection._handle_exception(error)
        _cursor    = <aiosqlite.cursor.Cursor object at 0x78efe0bd2210>
        operation  = 'CREATE UNIQUE INDEX ix_users_email ON users (email)'
        parameters = ()
        self       = <sqlalchemy.dialects.sqlite.aiosqlite.AsyncAdapt_aiosqlite_cursor object at 0x78efe0ba7e20>
venv/lib/python3.12/site-packages/sqlalchemy/dialects/sqlite/aiosqlite.py:298: in _handle_exception
    raise error
        error      = OperationalError('index ix_users_email already exists')
        self       = <AdaptedConnection <aiosqlite.core.Connection object at 0x78efe0bd0950>>
venv/lib/python3.12/site-packages/sqlalchemy/dialects/sqlite/aiosqlite.py:128: in execute
    self.await_(_cursor.execute(operation, parameters))
        _cursor    = <aiosqlite.cursor.Cursor object at 0x78efe0bd2210>
        operation  = 'CREATE UNIQUE INDEX ix_users_email ON users (email)'
        parameters = ()
        self       = <sqlalchemy.dialects.sqlite.aiosqlite.AsyncAdapt_aiosqlite_cursor object at 0x78efe0ba7e20>
venv/lib/python3.12/site-packages/sqlalchemy/util/_concurrency_py3k.py:130: in await_only
    return current.driver.switch(awaitable)  # type: ignore[no-any-return]
        awaitable  = <coroutine object Cursor.execute at 0x78efe0be19a0>
        current    = <_AsyncIoGreenlet object at 0x78efe0b41940 (otid=0x1d6ace30) dead>
venv/lib/python3.12/site-packages/sqlalchemy/util/_concurrency_py3k.py:195: in greenlet_spawn
    value = await result
        _require_await = False
        args       = (<sqlalchemy.engine.base.Connection object at 0x78efe0bd0380>,)
        context    = <_AsyncIoGreenlet object at 0x78efe0b41940 (otid=0x1d6ace30) dead>
        fn         = <bound method MetaData.create_all of MetaData()>
        kwargs     = {}
        result     = <coroutine object Cursor.execute at 0x78efe0be19a0>
        switch_occurred = True
        value      = <aiosqlite.cursor.Cursor object at 0x78efe0bd2210>
venv/lib/python3.12/site-packages/aiosqlite/cursor.py:40: in execute
    await self._execute(self._cursor.execute, sql, parameters)
        parameters = ()
        self       = <aiosqlite.cursor.Cursor object at 0x78efe0bd2210>
        sql        = 'CREATE UNIQUE INDEX ix_users_email ON users (email)'
venv/lib/python3.12/site-packages/aiosqlite/cursor.py:32: in _execute
    return await self._conn._execute(fn, *args, **kwargs)
        args       = ('CREATE UNIQUE INDEX ix_users_email ON users (email)', ())
        fn         = <built-in method execute of sqlite3.Cursor object at 0x78efe0bb97c0>
        kwargs     = {}
        self       = <aiosqlite.cursor.Cursor object at 0x78efe0bd2210>
venv/lib/python3.12/site-packages/aiosqlite/core.py:160: in _execute
    return await future
        args       = ('CREATE UNIQUE INDEX ix_users_email ON users (email)', ())
        fn         = <built-in method execute of sqlite3.Cursor object at 0x78efe0bb97c0>
        function   = functools.partial(<built-in method execute of sqlite3.Cursor object at 0x78efe0bb97c0>, 'CREATE UNIQUE INDEX ix_users_email ON users (email)', ())
        future     = <Future finished exception=OperationalError('index ix_users_email already exists')>
        kwargs     = {}
        self       = <aiosqlite.core.Connection object at 0x78efe0bd0950>
venv/lib/python3.12/site-packages/aiosqlite/core.py:63: in _connection_worker_thread
    result = function()
E   sqlalchemy.exc.OperationalError: (sqlite3.OperationalError) index ix_users_email already exists
E   [SQL: CREATE UNIQUE INDEX ix_users_email ON users (email)]
E   (Background on this error at: https://sqlalche.me/e/20/e3q8)
        function   = functools.partial(<built-in method rollback of sqlite3.Connection object at 0x78efe0b6f2e0>)
        future     = <Future finished result=None>
        result     = None
        tx         = <_queue.SimpleQueue object at 0x78efe0bd7060>
_____________ ERROR at setup of test_index_existence_verification ______________
venv/lib/python3.12/site-packages/sqlalchemy/engine/base.py:1969: in _exec_single_context
    self.dialect.do_execute(
        context    = <sqlalchemy.dialects.sqlite.aiosqlite.SQLiteExecutionContext_aiosqlite object at 0x78efe0bd21b0>
        cursor     = <sqlalchemy.dialects.sqlite.aiosqlite.AsyncAdapt_aiosqlite_cursor object at 0x78efe0ba7e20>
        dialect    = <sqlalchemy.dialects.sqlite.aiosqlite.SQLiteDialect_aiosqlite object at 0x78efe0cc3620>
        effective_parameters = ()
        evt_handled = False
        parameters = [()]
        self       = <sqlalchemy.engine.base.Connection object at 0x78efe0bd0380>
        statement  = <sqlalchemy.dialects.sqlite.base.SQLiteDDLCompiler object at 0x78efe0bd18e0>
        str_statement = 'CREATE UNIQUE INDEX ix_users_email ON users (email)'
venv/lib/python3.12/site-packages/sqlalchemy/engine/default.py:922: in do_execute
    cursor.execute(statement, parameters)
        context    = <sqlalchemy.dialects.sqlite.aiosqlite.SQLiteExecutionContext_aiosqlite object at 0x78efe0bd21b0>
        cursor     = <sqlalchemy.dialects.sqlite.aiosqlite.AsyncAdapt_aiosqlite_cursor object at 0x78efe0ba7e20>
        parameters = ()
        self       = <sqlalchemy.dialects.sqlite.aiosqlite.SQLiteDialect_aiosqlite object at 0x78efe0cc3620>
        statement  = 'CREATE UNIQUE INDEX ix_users_email ON users (email)'
venv/lib/python3.12/site-packages/sqlalchemy/dialects/sqlite/aiosqlite.py:146: in execute
    self._adapt_connection._handle_exception(error)
        _cursor    = <aiosqlite.cursor.Cursor object at 0x78efe0bd2210>
        operation  = 'CREATE UNIQUE INDEX ix_users_email ON users (email)'
        parameters = ()
        self       = <sqlalchemy.dialects.sqlite.aiosqlite.AsyncAdapt_aiosqlite_cursor object at 0x78efe0ba7e20>
venv/lib/python3.12/site-packages/sqlalchemy/dialects/sqlite/aiosqlite.py:298: in _handle_exception
    raise error
        error      = OperationalError('index ix_users_email already exists')
        self       = <AdaptedConnection <aiosqlite.core.Connection object at 0x78efe0bd0950>>
venv/lib/python3.12/site-packages/sqlalchemy/dialects/sqlite/aiosqlite.py:128: in execute
    self.await_(_cursor.execute(operation, parameters))
        _cursor    = <aiosqlite.cursor.Cursor object at 0x78efe0bd2210>
        operation  = 'CREATE UNIQUE INDEX ix_users_email ON users (email)'
        parameters = ()
        self       = <sqlalchemy.dialects.sqlite.aiosqlite.AsyncAdapt_aiosqlite_cursor object at 0x78efe0ba7e20>
venv/lib/python3.12/site-packages/sqlalchemy/util/_concurrency_py3k.py:130: in await_only
    return current.driver.switch(awaitable)  # type: ignore[no-any-return]
        awaitable  = <coroutine object Cursor.execute at 0x78efe0be19a0>
        current    = <_AsyncIoGreenlet object at 0x78efe0b41940 (otid=0x1d6ace30) dead>
venv/lib/python3.12/site-packages/sqlalchemy/util/_concurrency_py3k.py:195: in greenlet_spawn
    value = await result
        _require_await = False
        args       = (<sqlalchemy.engine.base.Connection object at 0x78efe0bd0380>,)
        context    = <_AsyncIoGreenlet object at 0x78efe0b41940 (otid=0x1d6ace30) dead>
        fn         = <bound method MetaData.create_all of MetaData()>
        kwargs     = {}
        result     = <coroutine object Cursor.execute at 0x78efe0be19a0>
        switch_occurred = True
        value      = <aiosqlite.cursor.Cursor object at 0x78efe0bd2210>
venv/lib/python3.12/site-packages/aiosqlite/cursor.py:40: in execute
    await self._execute(self._cursor.execute, sql, parameters)
        parameters = ()
        self       = <aiosqlite.cursor.Cursor object at 0x78efe0bd2210>
        sql        = 'CREATE UNIQUE INDEX ix_users_email ON users (email)'
venv/lib/python3.12/site-packages/aiosqlite/cursor.py:32: in _execute
    return await self._conn._execute(fn, *args, **kwargs)
        args       = ('CREATE UNIQUE INDEX ix_users_email ON users (email)', ())
        fn         = <built-in method execute of sqlite3.Cursor object at 0x78efe0bb97c0>
        kwargs     = {}
        self       = <aiosqlite.cursor.Cursor object at 0x78efe0bd2210>
venv/lib/python3.12/site-packages/aiosqlite/core.py:160: in _execute
    return await future
        args       = ('CREATE UNIQUE INDEX ix_users_email ON users (email)', ())
        fn         = <built-in method execute of sqlite3.Cursor object at 0x78efe0bb97c0>
        function   = functools.partial(<built-in method execute of sqlite3.Cursor object at 0x78efe0bb97c0>, 'CREATE UNIQUE INDEX ix_users_email ON users (email)', ())
        future     = <Future finished exception=OperationalError('index ix_users_email already exists')>
        kwargs     = {}
        self       = <aiosqlite.core.Connection object at 0x78efe0bd0950>
venv/lib/python3.12/site-packages/aiosqlite/core.py:63: in _connection_worker_thread
    result = function()
E   sqlite3.OperationalError: index ix_users_email already exists
        function   = functools.partial(<built-in method rollback of sqlite3.Connection object at 0x78efe0b6f2e0>)
        future     = <Future finished result=None>
        result     = None
        tx         = <_queue.SimpleQueue object at 0x78efe0bd7060>

The above exception was the direct cause of the following exception:
venv/lib/python3.12/site-packages/pytest_asyncio/plugin.py:336: in _asyncgen_fixture_wrapper
    result = event_loop.run_until_complete(setup())
        event_loop = <_UnixSelectorEventLoop running=False closed=False debug=False>
        event_loop_fixture_id = '_session_event_loop'
        finalizer  = <function _wrap_asyncgen_fixture.<locals>._asyncgen_fixture_wrapper.<locals>.finalizer at 0x78efe0ba99e0>
        fixture    = <function engine at 0x78f001182b60>
        fixturedef = <FixtureDef argname='engine' scope='session' baseid='tests'>
        func       = <function engine at 0x78f001182b60>
        gen_obj    = <async_generator object engine at 0x78efe0b6ec50>
        kwargs     = {}
        request    = <SubRequest 'engine' for <Coroutine test_chat_session_creation_with_user>>
        setup      = <function _wrap_asyncgen_fixture.<locals>._asyncgen_fixture_wrapper.<locals>.setup at 0x78efe0ba9a80>
/usr/lib/python3.12/asyncio/base_events.py:687: in run_until_complete
    return future.result()
        future     = <Task finished name='Task-1' coro=<_wrap_asyncgen_fixture.<locals>._asyncgen_fixture_wrapper.<locals>.setup() done, defined at /mnt/d/workspace/ChatApplication/project-code/backend/venv/lib/python3.12/site-packages/pytest_asyncio/plugin.py:317> exception=OperationalError('(sqlite3.OperationalError) index ix_users_email already exists')>
        new_task   = True
        self       = <_UnixSelectorEventLoop running=False closed=False debug=False>
venv/lib/python3.12/site-packages/pytest_asyncio/plugin.py:318: in setup
    res = await gen_obj.__anext__()
        gen_obj    = <async_generator object engine at 0x78efe0b6ec50>
tests/conftest.py:62: in engine
    await conn.run_sync(Base.metadata.create_all)
        conn       = <sqlalchemy.ext.asyncio.engine.AsyncConnection object at 0x78efe0bd6850>
        test_engine = <sqlalchemy.ext.asyncio.engine.AsyncEngine object at 0x78f001041090>
venv/lib/python3.12/site-packages/sqlalchemy/ext/asyncio/engine.py:891: in run_sync
    return await greenlet_spawn(fn, self._proxied, *arg, **kw)
        arg        = ()
        fn         = <bound method MetaData.create_all of MetaData()>
        kw         = {}
        self       = <sqlalchemy.ext.asyncio.engine.AsyncConnection object at 0x78efe0bd6850>
venv/lib/python3.12/site-packages/sqlalchemy/util/_concurrency_py3k.py:200: in greenlet_spawn
    result = context.throw(*sys.exc_info())
        _require_await = False
        args       = (<sqlalchemy.engine.base.Connection object at 0x78efe0bd0380>,)
        context    = <_AsyncIoGreenlet object at 0x78efe0b41940 (otid=0x1d6ace30) dead>
        fn         = <bound method MetaData.create_all of MetaData()>
        kwargs     = {}
        result     = <coroutine object Cursor.execute at 0x78efe0be19a0>
        switch_occurred = True
        value      = <aiosqlite.cursor.Cursor object at 0x78efe0bd2210>
venv/lib/python3.12/site-packages/sqlalchemy/sql/schema.py:5832: in create_all
    bind._run_ddl_visitor(
        bind       = <sqlalchemy.engine.base.Connection object at 0x78efe0bd0380>
        checkfirst = True
        self       = MetaData()
        tables     = None
venv/lib/python3.12/site-packages/sqlalchemy/engine/base.py:2448: in _run_ddl_visitor
    visitorcallable(self.dialect, self, **kwargs).traverse_single(element)
        element    = MetaData()
        kwargs     = {'checkfirst': True, 'tables': None}
        self       = <sqlalchemy.engine.base.Connection object at 0x78efe0bd0380>
        visitorcallable = <class 'sqlalchemy.sql.ddl.SchemaGenerator'>
venv/lib/python3.12/site-packages/sqlalchemy/sql/visitors.py:671: in traverse_single
    return meth(obj, **kw)
        kw         = {}
        meth       = <bound method SchemaGenerator.visit_metadata of <sqlalchemy.sql.ddl.SchemaGenerator object at 0x78efe0ce40d0>>
        obj        = MetaData()
        self       = <sqlalchemy.sql.ddl.SchemaGenerator object at 0x78efe0ce40d0>
        v          = <sqlalchemy.sql.ddl.SchemaGenerator object at 0x78efe0ce40d0>
venv/lib/python3.12/site-packages/sqlalchemy/sql/ddl.py:919: in visit_metadata
    self.traverse_single(
        collection = [(Table('users', MetaData(), Column('id', GUID(), table=<users>, primary_key=True, nullable=False, default=CallableColumnDefault(<function uuid4 at 0x78f001182de0>)), Column('email', String(length=255), table=<users>), Column('password_hash', String(length=255), table=<users>), Column('role', Enum('ADMIN', 'USER', 'ANONYMOUS', name='user_role'), table=<users>, nullable=False, default=ScalarElementColumnDefault(<UserRole.ANONYMOUS: 'anonymous'>)), Column('is_active', Boolean(), table=<users>, nullable=False, default=ScalarElementColumnDefault(True)), Column('created_at', DateTime(timezone=True), table=<users>, nullable=False, default=CallableColumnDefault(<function datetime.utcnow at 0x78f0011e8ea0>)), Column('last_login', DateTime(timezone=True), table=<users>), schema=None),
  set()),
 (Table('chat_sessions', MetaData(), Column('id', GUID(), table=<chat_sessions>, primary_key=True, nullable=False, default=CallableColumnDefault(<function uuid4 at 0x78f001078720>)), Column('user_id', GUID(), ForeignKey('users.id'), table=<chat_sessions>), Column('session_token', String(length=255), table=<chat_sessions>, nullable=False), Column('created_at', DateTime(timezone=True), table=<chat_sessions>, nullable=False, default=CallableColumnDefault(<function datetime.utcnow at 0x78f0010787c0>)), Column('updated_at', DateTime(timezone=True), table=<chat_sessions>, nullable=False, onupdate=CallableColumnDefault(<function datetime.utcnow at 0x78f001078ae0>), default=CallableColumnDefault(<function datetime.utcnow at 0x78f001078a40>)), Column('metadata', JSON(), table=<chat_sessions>, default=CallableColumnDefault(<function dict at 0x78f001078b80>)), schema=None),
  {ForeignKeyConstraint(<sqlalchemy.sql.base.ReadOnlyColumnCollection object at 0x78efdb3365c0>, None, ondelete='SET NULL', table=Table('chat_sessions', MetaData(), Column('id', GUID(), table=<chat_sessions>, primary_key=True, nullable=False, default=CallableColumnDefault(<function uuid4 at 0x78f001078720>)), Column('user_id', GUID(), ForeignKey('users.id'), table=<chat_sessions>), Column('session_token', String(length=255), table=<chat_sessions>, nullable=False), Column('created_at', DateTime(timezone=True), table=<chat_sessions>, nullable=False, default=CallableColumnDefault(<function datetime.utcnow at 0x78f0010787c0>)), Column('updated_at', DateTime(timezone=True), table=<chat_sessions>, nullable=False, onupdate=CallableColumnDefault(<function datetime.utcnow at 0x78f001078ae0>), default=CallableColumnDefault(<function datetime.utcnow at 0x78f001078a40>)), Column('metadata', JSON(), table=<chat_sessions>, default=CallableColumnDefault(<function dict at 0x78f001078b80>)), schema=None))}),
 (Table('data_sources', MetaData(), Column('id', GUID(), table=<data_sources>, primary_key=True, nullable=False, default=CallableColumnDefault(<function uuid4 at 0x78f00107bd80>)), Column('name', String(length=255), table=<data_sources>, nullable=False), Column('type', Enum('CONFLUENCE', 'JIRA', 'GITHUB', 'ONBOARDING', name='source_type'), table=<data_sources>, nullable=False), Column('config', JSON(), table=<data_sources>, nullable=False, default=CallableColumnDefault(<function dict at 0x78f001018040>)), Column('last_sync_at', DateTime(timezone=True), table=<data_sources>), Column('sync_status', Enum('PENDING', 'SYNCING', 'SUCCESS', 'FAILED', name='sync_status'), table=<data_sources>, nullable=False, default=ScalarElementColumnDefault(<SyncStatus.PENDING: 'pending'>)), Column('sync_error', Text(), table=<data_sources>), Column('created_by', GUID(), ForeignKey('users.id'), table=<data_sources>, nullable=False), Column('is_active', Boolean(), table=<data_sources>, nullable=False, default=ScalarElementColumnDefault(True)), schema=None),
  {ForeignKeyConstraint(<sqlalchemy.sql.base.ReadOnlyColumnCollection object at 0x78efdb336610>, None, ondelete='CASCADE', table=Table('data_sources', MetaData(), Column('id', GUID(), table=<data_sources>, primary_key=True, nullable=False, default=CallableColumnDefault(<function uuid4 at 0x78f00107bd80>)), Column('name', String(length=255), table=<data_sources>, nullable=False), Column('type', Enum('CONFLUENCE', 'JIRA', 'GITHUB', 'ONBOARDING', name='source_type'), table=<data_sources>, nullable=False), Column('config', JSON(), table=<data_sources>, nullable=False, default=CallableColumnDefault(<function dict at 0x78f001018040>)), Column('last_sync_at', DateTime(timezone=True), table=<data_sources>), Column('sync_status', Enum('PENDING', 'SYNCING', 'SUCCESS', 'FAILED', name='sync_status'), table=<data_sources>, nullable=False, default=ScalarElementColumnDefault(<SyncStatus.PENDING: 'pending'>)), Column('sync_error', Text(), table=<data_sources>), Column('created_by', GUID(), ForeignKey('users.id'), table=<data_sources>, nullable=False), Column('is_active', Boolean(), table=<data_sources>, nullable=False, default=ScalarElementColumnDefault(True)), schema=None))}),
 (Table('messages', MetaData(), Column('id', GUID(), table=<messages>, primary_key=True, nullable=False, default=CallableColumnDefault(<function uuid4 at 0x78f00107a020>)), Column('session_id', GUID(), ForeignKey('chat_sessions.id'), table=<messages>, nullable=False), Column('role', Enum('USER', 'ASSISTANT', 'SYSTEM', name='message_role'), table=<messages>, nullable=False), Column('content', Text(), table=<messages>, nullable=False), Column('created_at', DateTime(timezone=True), table=<messages>, nullable=False, default=CallableColumnDefault(<function datetime.utcnow at 0x78f00107a3e0>)), Column('sources', JSON(), table=<messages>, default=CallableColumnDefault(<function dict at 0x78f00107a520>)), Column('feedback', JSON(), table=<messages>, default=CallableColumnDefault(<function dict at 0x78f00107a660>)), schema=None),
  {ForeignKeyConstraint(<sqlalchemy.sql.base.ReadOnlyColumnCollection object at 0x78efdb3366b0>, None, ondelete='CASCADE', table=Table('messages', MetaData(), Column('id', GUID(), table=<messages>, primary_key=True, nullable=False, default=CallableColumnDefault(<function uuid4 at 0x78f00107a020>)), Column('session_id', GUID(), ForeignKey('chat_sessions.id'), table=<messages>, nullable=False), Column('role', Enum('USER', 'ASSISTANT', 'SYSTEM', name='message_role'), table=<messages>, nullable=False), Column('content', Text(), table=<messages>, nullable=False), Column('created_at', DateTime(timezone=True), table=<messages>, nullable=False, default=CallableColumnDefault(<function datetime.utcnow at 0x78f00107a3e0>)), Column('sources', JSON(), table=<messages>, default=CallableColumnDefault(<function dict at 0x78f00107a520>)), Column('feedback', JSON(), table=<messages>, default=CallableColumnDefault(<function dict at 0x78f00107a660>)), schema=None))}),
 (Table('sync_logs', MetaData(), Column('id', GUID(), table=<sync_logs>, primary_key=True, nullable=False, default=CallableColumnDefault(<function uuid4 at 0x78f00101a3e0>)), Column('source_id', GUID(), ForeignKey('data_sources.id'), table=<sync_logs>, nullable=False), Column('started_at', DateTime(timezone=True), table=<sync_logs>, nullable=False, default=CallableColumnDefault(<function datetime.utcnow at 0x78f00101a480>)), Column('completed_at', DateTime(timezone=True), table=<sync_logs>), Column('status', Enum('PENDING', 'SYNCING', 'SUCCESS', 'FAILED', name='sync_status'), table=<sync_logs>, nullable=False, default=ScalarElementColumnDefault(<SyncStatus.PENDING: 'pending'>)), Column('documents_processed', Integer(), table=<sync_logs>, nullable=False, default=ScalarElementColumnDefault(0)), Column('documents_added', Integer(), table=<sync_logs>, nullable=False, default=ScalarElementColumnDefault(0)), Column('documents_updated', Integer(), table=<sync_logs>, nullable=False, default=ScalarElementColumnDefault(0)), Column('documents_deleted', Integer(), table=<sync_logs>, nullable=False, default=ScalarElementColumnDefault(0)), Column('error_log', Text(), table=<sync_logs>), schema=None),
  {ForeignKeyConstraint(<sqlalchemy.sql.base.ReadOnlyColumnCollection object at 0x78efdb336660>, None, ondelete='CASCADE', table=Table('sync_logs', MetaData(), Column('id', GUID(), table=<sync_logs>, primary_key=True, nullable=False, default=CallableColumnDefault(<function uuid4 at 0x78f00101a3e0>)), Column('source_id', GUID(), ForeignKey('data_sources.id'), table=<sync_logs>, nullable=False), Column('started_at', DateTime(timezone=True), table=<sync_logs>, nullable=False, default=CallableColumnDefault(<function datetime.utcnow at 0x78f00101a480>)), Column('completed_at', DateTime(timezone=True), table=<sync_logs>), Column('status', Enum('PENDING', 'SYNCING', 'SUCCESS', 'FAILED', name='sync_status'), table=<sync_logs>, nullable=False, default=ScalarElementColumnDefault(<SyncStatus.PENDING: 'pending'>)), Column('documents_processed', Integer(), table=<sync_logs>, nullable=False, default=ScalarElementColumnDefault(0)), Column('documents_added', Integer(), table=<sync_logs>, nullable=False, default=ScalarElementColumnDefault(0)), Column('documents_updated', Integer(), table=<sync_logs>, nullable=False, default=ScalarElementColumnDefault(0)), Column('documents_deleted', Integer(), table=<sync_logs>, nullable=False, default=ScalarElementColumnDefault(0)), Column('error_log', Text(), table=<sync_logs>), schema=None))}),
 (Table('documents', MetaData(), Column('id', UUID(), table=<documents>, primary_key=True, nullable=False, default=CallableColumnDefault(<function uuid4 at 0x78f00101bec0>)), Column('source_id', UUID(), ForeignKey('data_sources.id'), table=<documents>, nullable=False), Column('external_id', String(length=255), table=<documents>, nullable=False), Column('title', Text(), table=<documents>, nullable=False), Column('content', Text(), table=<documents>, nullable=False), Column('url', Text(), table=<documents>), Column('metadata', JSONB(astext_type=Text()), table=<documents>, default=CallableColumnDefault(<function dict at 0x78f000fec360>)), Column('created_at', DateTime(timezone=True), table=<documents>, nullable=False, default=CallableColumnDefault(<function datetime.utcnow at 0x78efe0cbef20>)), Column('updated_at', DateTime(timezone=True), table=<documents>, nullable=False, onupdate=CallableColumnDefault(<function datetime.utcnow at 0x78efe0cbf060>), default=CallableColumnDefault(<function datetime.utcnow at 0x78efe0cbefc0>)), Column('is_deleted', Boolean(), table=<documents>, nullable=False, default=ScalarElementColumnDefault(False)), schema=None),
  {ForeignKeyConstraint(<sqlalchemy.sql.base.ReadOnlyColumnCollection object at 0x78efdb336750>, None, ondelete='CASCADE', table=Table('documents', MetaData(), Column('id', UUID(), table=<documents>, primary_key=True, nullable=False, default=CallableColumnDefault(<function uuid4 at 0x78f00101bec0>)), Column('source_id', UUID(), ForeignKey('data_sources.id'), table=<documents>, nullable=False), Column('external_id', String(length=255), table=<documents>, nullable=False), Column('title', Text(), table=<documents>, nullable=False), Column('content', Text(), table=<documents>, nullable=False), Column('url', Text(), table=<documents>), Column('metadata', JSONB(astext_type=Text()), table=<documents>, default=CallableColumnDefault(<function dict at 0x78f000fec360>)), Column('created_at', DateTime(timezone=True), table=<documents>, nullable=False, default=CallableColumnDefault(<function datetime.utcnow at 0x78efe0cbef20>)), Column('updated_at', DateTime(timezone=True), table=<documents>, nullable=False, onupdate=CallableColumnDefault(<function datetime.utcnow at 0x78efe0cbf060>), default=CallableColumnDefault(<function datetime.utcnow at 0x78efe0cbefc0>)), Column('is_deleted', Boolean(), table=<documents>, nullable=False, default=ScalarElementColumnDefault(False)), schema=None))}),
 (Table('document_chunks', MetaData(), Column('id', UUID(), table=<document_chunks>, primary_key=True, nullable=False, default=CallableColumnDefault(<function uuid4 at 0x78efe0ce0720>)), Column('document_id', UUID(), ForeignKey('documents.id'), table=<document_chunks>, nullable=False), Column('chunk_index', Integer(), table=<document_chunks>, nullable=False), Column('content', Text(), table=<document_chunks>, nullable=False), Column('embedding', Vector(dim=384), table=<document_chunks>), Column('metadata', JSONB(astext_type=Text()), table=<document_chunks>, default=CallableColumnDefault(<function dict at 0x78efe0ce07c0>)), Column('created_at', DateTime(timezone=True), table=<document_chunks>, nullable=False, default=CallableColumnDefault(<function datetime.utcnow at 0x78efe0ce09a0>)), schema=None),
  {ForeignKeyConstraint(<sqlalchemy.sql.base.ReadOnlyColumnCollection object at 0x78efdb3367a0>, None, ondelete='CASCADE', table=Table('document_chunks', MetaData(), Column('id', UUID(), table=<document_chunks>, primary_key=True, nullable=False, default=CallableColumnDefault(<function uuid4 at 0x78efe0ce0720>)), Column('document_id', UUID(), ForeignKey('documents.id'), table=<document_chunks>, nullable=False), Column('chunk_index', Integer(), table=<document_chunks>, nullable=False), Column('content', Text(), table=<document_chunks>, nullable=False), Column('embedding', Vector(dim=384), table=<document_chunks>), Column('metadata', JSONB(astext_type=Text()), table=<document_chunks>, default=CallableColumnDefault(<function dict at 0x78efe0ce07c0>)), Column('created_at', DateTime(timezone=True), table=<document_chunks>, nullable=False, default=CallableColumnDefault(<function datetime.utcnow at 0x78efe0ce09a0>)), schema=None))}),
 (None, [])]
        event_collection = [Table('users', MetaData(), Column('id', GUID(), table=<users>, primary_key=True, nullable=False, default=CallableColumnDefault(<function uuid4 at 0x78f001182de0>)), Column('email', String(length=255), table=<users>), Column('password_hash', String(length=255), table=<users>), Column('role', Enum('ADMIN', 'USER', 'ANONYMOUS', name='user_role'), table=<users>, nullable=False, default=ScalarElementColumnDefault(<UserRole.ANONYMOUS: 'anonymous'>)), Column('is_active', Boolean(), table=<users>, nullable=False, default=ScalarElementColumnDefault(True)), Column('created_at', DateTime(timezone=True), table=<users>, nullable=False, default=CallableColumnDefault(<function datetime.utcnow at 0x78f0011e8ea0>)), Column('last_login', DateTime(timezone=True), table=<users>), schema=None),
 Table('chat_sessions', MetaData(), Column('id', GUID(), table=<chat_sessions>, primary_key=True, nullable=False, default=CallableColumnDefault(<function uuid4 at 0x78f001078720>)), Column('user_id', GUID(), ForeignKey('users.id'), table=<chat_sessions>), Column('session_token', String(length=255), table=<chat_sessions>, nullable=False), Column('created_at', DateTime(timezone=True), table=<chat_sessions>, nullable=False, default=CallableColumnDefault(<function datetime.utcnow at 0x78f0010787c0>)), Column('updated_at', DateTime(timezone=True), table=<chat_sessions>, nullable=False, onupdate=CallableColumnDefault(<function datetime.utcnow at 0x78f001078ae0>), default=CallableColumnDefault(<function datetime.utcnow at 0x78f001078a40>)), Column('metadata', JSON(), table=<chat_sessions>, default=CallableColumnDefault(<function dict at 0x78f001078b80>)), schema=None),
 Table('data_sources', MetaData(), Column('id', GUID(), table=<data_sources>, primary_key=True, nullable=False, default=CallableColumnDefault(<function uuid4 at 0x78f00107bd80>)), Column('name', String(length=255), table=<data_sources>, nullable=False), Column('type', Enum('CONFLUENCE', 'JIRA', 'GITHUB', 'ONBOARDING', name='source_type'), table=<data_sources>, nullable=False), Column('config', JSON(), table=<data_sources>, nullable=False, default=CallableColumnDefault(<function dict at 0x78f001018040>)), Column('last_sync_at', DateTime(timezone=True), table=<data_sources>), Column('sync_status', Enum('PENDING', 'SYNCING', 'SUCCESS', 'FAILED', name='sync_status'), table=<data_sources>, nullable=False, default=ScalarElementColumnDefault(<SyncStatus.PENDING: 'pending'>)), Column('sync_error', Text(), table=<data_sources>), Column('created_by', GUID(), ForeignKey('users.id'), table=<data_sources>, nullable=False), Column('is_active', Boolean(), table=<data_sources>, nullable=False, default=ScalarElementColumnDefault(True)), schema=None),
 Table('messages', MetaData(), Column('id', GUID(), table=<messages>, primary_key=True, nullable=False, default=CallableColumnDefault(<function uuid4 at 0x78f00107a020>)), Column('session_id', GUID(), ForeignKey('chat_sessions.id'), table=<messages>, nullable=False), Column('role', Enum('USER', 'ASSISTANT', 'SYSTEM', name='message_role'), table=<messages>, nullable=False), Column('content', Text(), table=<messages>, nullable=False), Column('created_at', DateTime(timezone=True), table=<messages>, nullable=False, default=CallableColumnDefault(<function datetime.utcnow at 0x78f00107a3e0>)), Column('sources', JSON(), table=<messages>, default=CallableColumnDefault(<function dict at 0x78f00107a520>)), Column('feedback', JSON(), table=<messages>, default=CallableColumnDefault(<function dict at 0x78f00107a660>)), schema=None),
 Table('sync_logs', MetaData(), Column('id', GUID(), table=<sync_logs>, primary_key=True, nullable=False, default=CallableColumnDefault(<function uuid4 at 0x78f00101a3e0>)), Column('source_id', GUID(), ForeignKey('data_sources.id'), table=<sync_logs>, nullable=False), Column('started_at', DateTime(timezone=True), table=<sync_logs>, nullable=False, default=CallableColumnDefault(<function datetime.utcnow at 0x78f00101a480>)), Column('completed_at', DateTime(timezone=True), table=<sync_logs>), Column('status', Enum('PENDING', 'SYNCING', 'SUCCESS', 'FAILED', name='sync_status'), table=<sync_logs>, nullable=False, default=ScalarElementColumnDefault(<SyncStatus.PENDING: 'pending'>)), Column('documents_processed', Integer(), table=<sync_logs>, nullable=False, default=ScalarElementColumnDefault(0)), Column('documents_added', Integer(), table=<sync_logs>, nullable=False, default=ScalarElementColumnDefault(0)), Column('documents_updated', Integer(), table=<sync_logs>, nullable=False, default=ScalarElementColumnDefault(0)), Column('documents_deleted', Integer(), table=<sync_logs>, nullable=False, default=ScalarElementColumnDefault(0)), Column('error_log', Text(), table=<sync_logs>), schema=None),
 Table('documents', MetaData(), Column('id', UUID(), table=<documents>, primary_key=True, nullable=False, default=CallableColumnDefault(<function uuid4 at 0x78f00101bec0>)), Column('source_id', UUID(), ForeignKey('data_sources.id'), table=<documents>, nullable=False), Column('external_id', String(length=255), table=<documents>, nullable=False), Column('title', Text(), table=<documents>, nullable=False), Column('content', Text(), table=<documents>, nullable=False), Column('url', Text(), table=<documents>), Column('metadata', JSONB(astext_type=Text()), table=<documents>, default=CallableColumnDefault(<function dict at 0x78f000fec360>)), Column('created_at', DateTime(timezone=True), table=<documents>, nullable=False, default=CallableColumnDefault(<function datetime.utcnow at 0x78efe0cbef20>)), Column('updated_at', DateTime(timezone=True), table=<documents>, nullable=False, onupdate=CallableColumnDefault(<function datetime.utcnow at 0x78efe0cbf060>), default=CallableColumnDefault(<function datetime.utcnow at 0x78efe0cbefc0>)), Column('is_deleted', Boolean(), table=<documents>, nullable=False, default=ScalarElementColumnDefault(False)), schema=None),
 Table('document_chunks', MetaData(), Column('id', UUID(), table=<document_chunks>, primary_key=True, nullable=False, default=CallableColumnDefault(<function uuid4 at 0x78efe0ce0720>)), Column('document_id', UUID(), ForeignKey('documents.id'), table=<document_chunks>, nullable=False), Column('chunk_index', Integer(), table=<document_chunks>, nullable=False), Column('content', Text(), table=<document_chunks>, nullable=False), Column('embedding', Vector(dim=384), table=<document_chunks>), Column('metadata', JSONB(astext_type=Text()), table=<document_chunks>, default=CallableColumnDefault(<function dict at 0x78efe0ce07c0>)), Column('created_at', DateTime(timezone=True), table=<document_chunks>, nullable=False, default=CallableColumnDefault(<function datetime.utcnow at 0x78efe0ce09a0>)), schema=None)]
        fkcs       = set()
        metadata   = MetaData()
        self       = <sqlalchemy.sql.ddl.SchemaGenerator object at 0x78efe0ce40d0>
        seq_coll   = []
        table      = Table('users', MetaData(), Column('id', GUID(), table=<users>, primary_key=True, nullable=False, default=CallableColumnDefault(<function uuid4 at 0x78f001182de0>)), Column('email', String(length=255), table=<users>), Column('password_hash', String(length=255), table=<users>), Column('role', Enum('ADMIN', 'USER', 'ANONYMOUS', name='user_role'), table=<users>, nullable=False, default=ScalarElementColumnDefault(<UserRole.ANONYMOUS: 'anonymous'>)), Column('is_active', Boolean(), table=<users>, nullable=False, default=ScalarElementColumnDefault(True)), Column('created_at', DateTime(timezone=True), table=<users>, nullable=False, default=CallableColumnDefault(<function datetime.utcnow at 0x78f0011e8ea0>)), Column('last_login', DateTime(timezone=True), table=<users>), schema=None)
        tables     = [Table('users', MetaData(), Column('id', GUID(), table=<users>, primary_key=True, nullable=False, default=CallableColumnDefault(<function uuid4 at 0x78f001182de0>)), Column('email', String(length=255), table=<users>), Column('password_hash', String(length=255), table=<users>), Column('role', Enum('ADMIN', 'USER', 'ANONYMOUS', name='user_role'), table=<users>, nullable=False, default=ScalarElementColumnDefault(<UserRole.ANONYMOUS: 'anonymous'>)), Column('is_active', Boolean(), table=<users>, nullable=False, default=ScalarElementColumnDefault(True)), Column('created_at', DateTime(timezone=True), table=<users>, nullable=False, default=CallableColumnDefault(<function datetime.utcnow at 0x78f0011e8ea0>)), Column('last_login', DateTime(timezone=True), table=<users>), schema=None),
 Table('chat_sessions', MetaData(), Column('id', GUID(), table=<chat_sessions>, primary_key=True, nullable=False, default=CallableColumnDefault(<function uuid4 at 0x78f001078720>)), Column('user_id', GUID(), ForeignKey('users.id'), table=<chat_sessions>), Column('session_token', String(length=255), table=<chat_sessions>, nullable=False), Column('created_at', DateTime(timezone=True), table=<chat_sessions>, nullable=False, default=CallableColumnDefault(<function datetime.utcnow at 0x78f0010787c0>)), Column('updated_at', DateTime(timezone=True), table=<chat_sessions>, nullable=False, onupdate=CallableColumnDefault(<function datetime.utcnow at 0x78f001078ae0>), default=CallableColumnDefault(<function datetime.utcnow at 0x78f001078a40>)), Column('metadata', JSON(), table=<chat_sessions>, default=CallableColumnDefault(<function dict at 0x78f001078b80>)), schema=None),
 Table('messages', MetaData(), Column('id', GUID(), table=<messages>, primary_key=True, nullable=False, default=CallableColumnDefault(<function uuid4 at 0x78f00107a020>)), Column('session_id', GUID(), ForeignKey('chat_sessions.id'), table=<messages>, nullable=False), Column('role', Enum('USER', 'ASSISTANT', 'SYSTEM', name='message_role'), table=<messages>, nullable=False), Column('content', Text(), table=<messages>, nullable=False), Column('created_at', DateTime(timezone=True), table=<messages>, nullable=False, default=CallableColumnDefault(<function datetime.utcnow at 0x78f00107a3e0>)), Column('sources', JSON(), table=<messages>, default=CallableColumnDefault(<function dict at 0x78f00107a520>)), Column('feedback', JSON(), table=<messages>, default=CallableColumnDefault(<function dict at 0x78f00107a660>)), schema=None),
 Table('data_sources', MetaData(), Column('id', GUID(), table=<data_sources>, primary_key=True, nullable=False, default=CallableColumnDefault(<function uuid4 at 0x78f00107bd80>)), Column('name', String(length=255), table=<data_sources>, nullable=False), Column('type', Enum('CONFLUENCE', 'JIRA', 'GITHUB', 'ONBOARDING', name='source_type'), table=<data_sources>, nullable=False), Column('config', JSON(), table=<data_sources>, nullable=False, default=CallableColumnDefault(<function dict at 0x78f001018040>)), Column('last_sync_at', DateTime(timezone=True), table=<data_sources>), Column('sync_status', Enum('PENDING', 'SYNCING', 'SUCCESS', 'FAILED', name='sync_status'), table=<data_sources>, nullable=False, default=ScalarElementColumnDefault(<SyncStatus.PENDING: 'pending'>)), Column('sync_error', Text(), table=<data_sources>), Column('created_by', GUID(), ForeignKey('users.id'), table=<data_sources>, nullable=False), Column('is_active', Boolean(), table=<data_sources>, nullable=False, default=ScalarElementColumnDefault(True)), schema=None),
 Table('sync_logs', MetaData(), Column('id', GUID(), table=<sync_logs>, primary_key=True, nullable=False, default=CallableColumnDefault(<function uuid4 at 0x78f00101a3e0>)), Column('source_id', GUID(), ForeignKey('data_sources.id'), table=<sync_logs>, nullable=False), Column('started_at', DateTime(timezone=True), table=<sync_logs>, nullable=False, default=CallableColumnDefault(<function datetime.utcnow at 0x78f00101a480>)), Column('completed_at', DateTime(timezone=True), table=<sync_logs>), Column('status', Enum('PENDING', 'SYNCING', 'SUCCESS', 'FAILED', name='sync_status'), table=<sync_logs>, nullable=False, default=ScalarElementColumnDefault(<SyncStatus.PENDING: 'pending'>)), Column('documents_processed', Integer(), table=<sync_logs>, nullable=False, default=ScalarElementColumnDefault(0)), Column('documents_added', Integer(), table=<sync_logs>, nullable=False, default=ScalarElementColumnDefault(0)), Column('documents_updated', Integer(), table=<sync_logs>, nullable=False, default=ScalarElementColumnDefault(0)), Column('documents_deleted', Integer(), table=<sync_logs>, nullable=False, default=ScalarElementColumnDefault(0)), Column('error_log', Text(), table=<sync_logs>), schema=None),
 Table('documents', MetaData(), Column('id', UUID(), table=<documents>, primary_key=True, nullable=False, default=CallableColumnDefault(<function uuid4 at 0x78f00101bec0>)), Column('source_id', UUID(), ForeignKey('data_sources.id'), table=<documents>, nullable=False), Column('external_id', String(length=255), table=<documents>, nullable=False), Column('title', Text(), table=<documents>, nullable=False), Column('content', Text(), table=<documents>, nullable=False), Column('url', Text(), table=<documents>), Column('metadata', JSONB(astext_type=Text()), table=<documents>, default=CallableColumnDefault(<function dict at 0x78f000fec360>)), Column('created_at', DateTime(timezone=True), table=<documents>, nullable=False, default=CallableColumnDefault(<function datetime.utcnow at 0x78efe0cbef20>)), Column('updated_at', DateTime(timezone=True), table=<documents>, nullable=False, onupdate=CallableColumnDefault(<function datetime.utcnow at 0x78efe0cbf060>), default=CallableColumnDefault(<function datetime.utcnow at 0x78efe0cbefc0>)), Column('is_deleted', Boolean(), table=<documents>, nullable=False, default=ScalarElementColumnDefault(False)), schema=None),
 Table('document_chunks', MetaData(), Column('id', UUID(), table=<document_chunks>, primary_key=True, nullable=False, default=CallableColumnDefault(<function uuid4 at 0x78efe0ce0720>)), Column('document_id', UUID(), ForeignKey('documents.id'), table=<document_chunks>, nullable=False), Column('chunk_index', Integer(), table=<document_chunks>, nullable=False), Column('content', Text(), table=<document_chunks>, nullable=False), Column('embedding', Vector(dim=384), table=<document_chunks>), Column('metadata', JSONB(astext_type=Text()), table=<document_chunks>, default=CallableColumnDefault(<function dict at 0x78efe0ce07c0>)), Column('created_at', DateTime(timezone=True), table=<document_chunks>, nullable=False, default=CallableColumnDefault(<function datetime.utcnow at 0x78efe0ce09a0>)), schema=None)]
venv/lib/python3.12/site-packages/sqlalchemy/sql/visitors.py:671: in traverse_single
    return meth(obj, **kw)
        kw         = {'_is_metadata_operation': True,
 'create_ok': True,
 'include_foreign_key_constraints': set()}
        meth       = <bound method SchemaGenerator.visit_table of <sqlalchemy.sql.ddl.SchemaGenerator object at 0x78efe0ce40d0>>
        obj        = Table('users', MetaData(), Column('id', GUID(), table=<users>, primary_key=True, nullable=False, default=CallableColumnDefault(<function uuid4 at 0x78f001182de0>)), Column('email', String(length=255), table=<users>), Column('password_hash', String(length=255), table=<users>), Column('role', Enum('ADMIN', 'USER', 'ANONYMOUS', name='user_role'), table=<users>, nullable=False, default=ScalarElementColumnDefault(<UserRole.ANONYMOUS: 'anonymous'>)), Column('is_active', Boolean(), table=<users>, nullable=False, default=ScalarElementColumnDefault(True)), Column('created_at', DateTime(timezone=True), table=<users>, nullable=False, default=CallableColumnDefault(<function datetime.utcnow at 0x78f0011e8ea0>)), Column('last_login', DateTime(timezone=True), table=<users>), schema=None)
        self       = <sqlalchemy.sql.ddl.SchemaGenerator object at 0x78efe0ce40d0>
        v          = <sqlalchemy.sql.ddl.SchemaGenerator object at 0x78efe0ce40d0>
venv/lib/python3.12/site-packages/sqlalchemy/sql/ddl.py:961: in visit_table
    self.traverse_single(index, create_ok=True)
        _is_metadata_operation = True
        column     = Column('last_login', DateTime(timezone=True), table=<users>)
        create_ok  = True
        include_foreign_key_constraints = None
        index      = Index('ix_users_email', Column('email', String(length=255), table=<users>), unique=True)
        self       = <sqlalchemy.sql.ddl.SchemaGenerator object at 0x78efe0ce40d0>
        table      = Table('users', MetaData(), Column('id', GUID(), table=<users>, primary_key=True, nullable=False, default=CallableColumnDefault(<function uuid4 at 0x78f001182de0>)), Column('email', String(length=255), table=<users>), Column('password_hash', String(length=255), table=<users>), Column('role', Enum('ADMIN', 'USER', 'ANONYMOUS', name='user_role'), table=<users>, nullable=False, default=ScalarElementColumnDefault(<UserRole.ANONYMOUS: 'anonymous'>)), Column('is_active', Boolean(), table=<users>, nullable=False, default=ScalarElementColumnDefault(True)), Column('created_at', DateTime(timezone=True), table=<users>, nullable=False, default=CallableColumnDefault(<function datetime.utcnow at 0x78f0011e8ea0>)), Column('last_login', DateTime(timezone=True), table=<users>), schema=None)
venv/lib/python3.12/site-packages/sqlalchemy/sql/visitors.py:671: in traverse_single
    return meth(obj, **kw)
        kw         = {'create_ok': True}
        meth       = <bound method SchemaGenerator.visit_index of <sqlalchemy.sql.ddl.SchemaGenerator object at 0x78efe0ce40d0>>
        obj        = Index('ix_users_email', Column('email', String(length=255), table=<users>), unique=True)
        self       = <sqlalchemy.sql.ddl.SchemaGenerator object at 0x78efe0ce40d0>
        v          = <sqlalchemy.sql.ddl.SchemaGenerator object at 0x78efe0ce40d0>
venv/lib/python3.12/site-packages/sqlalchemy/sql/ddl.py:998: in visit_index
    CreateIndex(index)._invoke_with(self.connection)
        create_ok  = True
        index      = Index('ix_users_email', Column('email', String(length=255), table=<users>), unique=True)
        self       = <sqlalchemy.sql.ddl.SchemaGenerator object at 0x78efe0ce40d0>
venv/lib/python3.12/site-packages/sqlalchemy/sql/ddl.py:315: in _invoke_with
    return bind.execute(self)
        bind       = <sqlalchemy.engine.base.Connection object at 0x78efe0bd0380>
        self       = <sqlalchemy.sql.ddl.CreateIndex object at 0x78f000fe2900>
venv/lib/python3.12/site-packages/sqlalchemy/engine/base.py:1416: in execute
    return meth(
        distilled_parameters = ()
        execution_options = None
        meth       = <bound method ExecutableDDLElement._execute_on_connection of <sqlalchemy.sql.ddl.CreateIndex object at 0x78f000fe2900>>
        parameters = None
        self       = <sqlalchemy.engine.base.Connection object at 0x78efe0bd0380>
        statement  = <sqlalchemy.sql.ddl.CreateIndex object at 0x78f000fe2900>
venv/lib/python3.12/site-packages/sqlalchemy/sql/ddl.py:181: in _execute_on_connection
    return connection._execute_ddl(
        connection = <sqlalchemy.engine.base.Connection object at 0x78efe0bd0380>
        distilled_params = ()
        execution_options = immutabledict({})
        self       = <sqlalchemy.sql.ddl.CreateIndex object at 0x78f000fe2900>
venv/lib/python3.12/site-packages/sqlalchemy/engine/base.py:1528: in _execute_ddl
    ret = self._execute_context(
        compiled   = <sqlalchemy.dialects.sqlite.base.SQLiteDDLCompiler object at 0x78efe0bd18e0>
        ddl        = <sqlalchemy.sql.ddl.CreateIndex object at 0x78f000fe2900>
        dialect    = <sqlalchemy.dialects.sqlite.aiosqlite.SQLiteDialect_aiosqlite object at 0x78efe0cc3620>
        distilled_parameters = ()
        event_multiparams = None
        event_params = None
        exec_opts  = immutabledict({})
        execution_options = immutabledict({})
        schema_translate_map = None
        self       = <sqlalchemy.engine.base.Connection object at 0x78efe0bd0380>
venv/lib/python3.12/site-packages/sqlalchemy/engine/base.py:1848: in _execute_context
    return self._exec_single_context(
        args       = (<sqlalchemy.dialects.sqlite.base.SQLiteDDLCompiler object at 0x78efe0bd18e0>,)
        conn       = <sqlalchemy.pool.base._ConnectionFairy object at 0x78efe0ba6930>
        constructor = <bound method DefaultExecutionContext._init_ddl of <class 'sqlalchemy.dialects.sqlite.aiosqlite.SQLiteExecutionContext_aiosqlite'>>
        context    = <sqlalchemy.dialects.sqlite.aiosqlite.SQLiteExecutionContext_aiosqlite object at 0x78efe0bd21b0>
        dialect    = <sqlalchemy.dialects.sqlite.aiosqlite.SQLiteDialect_aiosqlite object at 0x78efe0cc3620>
        execution_options = immutabledict({})
        kw         = {}
        parameters = None
        self       = <sqlalchemy.engine.base.Connection object at 0x78efe0bd0380>
        statement  = <sqlalchemy.dialects.sqlite.base.SQLiteDDLCompiler object at 0x78efe0bd18e0>
venv/lib/python3.12/site-packages/sqlalchemy/engine/base.py:1988: in _exec_single_context
    self._handle_dbapi_exception(
        context    = <sqlalchemy.dialects.sqlite.aiosqlite.SQLiteExecutionContext_aiosqlite object at 0x78efe0bd21b0>
        cursor     = <sqlalchemy.dialects.sqlite.aiosqlite.AsyncAdapt_aiosqlite_cursor object at 0x78efe0ba7e20>
        dialect    = <sqlalchemy.dialects.sqlite.aiosqlite.SQLiteDialect_aiosqlite object at 0x78efe0cc3620>
        effective_parameters = ()
        evt_handled = False
        parameters = [()]
        self       = <sqlalchemy.engine.base.Connection object at 0x78efe0bd0380>
        statement  = <sqlalchemy.dialects.sqlite.base.SQLiteDDLCompiler object at 0x78efe0bd18e0>
        str_statement = 'CREATE UNIQUE INDEX ix_users_email ON users (email)'
venv/lib/python3.12/site-packages/sqlalchemy/engine/base.py:2344: in _handle_dbapi_exception
    raise sqlalchemy_exception.with_traceback(exc_info[2]) from e
        context    = <sqlalchemy.dialects.sqlite.aiosqlite.SQLiteExecutionContext_aiosqlite object at 0x78efe0bd21b0>
        cursor     = <sqlalchemy.dialects.sqlite.aiosqlite.AsyncAdapt_aiosqlite_cursor object at 0x78efe0ba7e20>
        e          = OperationalError('index ix_users_email already exists')
        exc_info   = (<class 'sqlite3.OperationalError'>,
 OperationalError('index ix_users_email already exists'),
 <traceback object at 0x78efe0201740>)
        invalidate_pool_on_disconnect = True
        is_exit_exception = False
        is_sub_exec = False
        ismulti    = False
        newraise   = None
        parameters = ()
        self       = <sqlalchemy.engine.base.Connection object at 0x78efe0bd0380>
        should_wrap = True
        sqlalchemy_exception = OperationalError('(sqlite3.OperationalError) index ix_users_email already exists')
        statement  = 'CREATE UNIQUE INDEX ix_users_email ON users (email)'
venv/lib/python3.12/site-packages/sqlalchemy/engine/base.py:1969: in _exec_single_context
    self.dialect.do_execute(
        context    = <sqlalchemy.dialects.sqlite.aiosqlite.SQLiteExecutionContext_aiosqlite object at 0x78efe0bd21b0>
        cursor     = <sqlalchemy.dialects.sqlite.aiosqlite.AsyncAdapt_aiosqlite_cursor object at 0x78efe0ba7e20>
        dialect    = <sqlalchemy.dialects.sqlite.aiosqlite.SQLiteDialect_aiosqlite object at 0x78efe0cc3620>
        effective_parameters = ()
        evt_handled = False
        parameters = [()]
        self       = <sqlalchemy.engine.base.Connection object at 0x78efe0bd0380>
        statement  = <sqlalchemy.dialects.sqlite.base.SQLiteDDLCompiler object at 0x78efe0bd18e0>
        str_statement = 'CREATE UNIQUE INDEX ix_users_email ON users (email)'
venv/lib/python3.12/site-packages/sqlalchemy/engine/default.py:922: in do_execute
    cursor.execute(statement, parameters)
        context    = <sqlalchemy.dialects.sqlite.aiosqlite.SQLiteExecutionContext_aiosqlite object at 0x78efe0bd21b0>
        cursor     = <sqlalchemy.dialects.sqlite.aiosqlite.AsyncAdapt_aiosqlite_cursor object at 0x78efe0ba7e20>
        parameters = ()
        self       = <sqlalchemy.dialects.sqlite.aiosqlite.SQLiteDialect_aiosqlite object at 0x78efe0cc3620>
        statement  = 'CREATE UNIQUE INDEX ix_users_email ON users (email)'
venv/lib/python3.12/site-packages/sqlalchemy/dialects/sqlite/aiosqlite.py:146: in execute
    self._adapt_connection._handle_exception(error)
        _cursor    = <aiosqlite.cursor.Cursor object at 0x78efe0bd2210>
        operation  = 'CREATE UNIQUE INDEX ix_users_email ON users (email)'
        parameters = ()
        self       = <sqlalchemy.dialects.sqlite.aiosqlite.AsyncAdapt_aiosqlite_cursor object at 0x78efe0ba7e20>
venv/lib/python3.12/site-packages/sqlalchemy/dialects/sqlite/aiosqlite.py:298: in _handle_exception
    raise error
        error      = OperationalError('index ix_users_email already exists')
        self       = <AdaptedConnection <aiosqlite.core.Connection object at 0x78efe0bd0950>>
venv/lib/python3.12/site-packages/sqlalchemy/dialects/sqlite/aiosqlite.py:128: in execute
    self.await_(_cursor.execute(operation, parameters))
        _cursor    = <aiosqlite.cursor.Cursor object at 0x78efe0bd2210>
        operation  = 'CREATE UNIQUE INDEX ix_users_email ON users (email)'
        parameters = ()
        self       = <sqlalchemy.dialects.sqlite.aiosqlite.AsyncAdapt_aiosqlite_cursor object at 0x78efe0ba7e20>
venv/lib/python3.12/site-packages/sqlalchemy/util/_concurrency_py3k.py:130: in await_only
    return current.driver.switch(awaitable)  # type: ignore[no-any-return]
        awaitable  = <coroutine object Cursor.execute at 0x78efe0be19a0>
        current    = <_AsyncIoGreenlet object at 0x78efe0b41940 (otid=0x1d6ace30) dead>
venv/lib/python3.12/site-packages/sqlalchemy/util/_concurrency_py3k.py:195: in greenlet_spawn
    value = await result
        _require_await = False
        args       = (<sqlalchemy.engine.base.Connection object at 0x78efe0bd0380>,)
        context    = <_AsyncIoGreenlet object at 0x78efe0b41940 (otid=0x1d6ace30) dead>
        fn         = <bound method MetaData.create_all of MetaData()>
        kwargs     = {}
        result     = <coroutine object Cursor.execute at 0x78efe0be19a0>
        switch_occurred = True
        value      = <aiosqlite.cursor.Cursor object at 0x78efe0bd2210>
venv/lib/python3.12/site-packages/aiosqlite/cursor.py:40: in execute
    await self._execute(self._cursor.execute, sql, parameters)
        parameters = ()
        self       = <aiosqlite.cursor.Cursor object at 0x78efe0bd2210>
        sql        = 'CREATE UNIQUE INDEX ix_users_email ON users (email)'
venv/lib/python3.12/site-packages/aiosqlite/cursor.py:32: in _execute
    return await self._conn._execute(fn, *args, **kwargs)
        args       = ('CREATE UNIQUE INDEX ix_users_email ON users (email)', ())
        fn         = <built-in method execute of sqlite3.Cursor object at 0x78efe0bb97c0>
        kwargs     = {}
        self       = <aiosqlite.cursor.Cursor object at 0x78efe0bd2210>
venv/lib/python3.12/site-packages/aiosqlite/core.py:160: in _execute
    return await future
        args       = ('CREATE UNIQUE INDEX ix_users_email ON users (email)', ())
        fn         = <built-in method execute of sqlite3.Cursor object at 0x78efe0bb97c0>
        function   = functools.partial(<built-in method execute of sqlite3.Cursor object at 0x78efe0bb97c0>, 'CREATE UNIQUE INDEX ix_users_email ON users (email)', ())
        future     = <Future finished exception=OperationalError('index ix_users_email already exists')>
        kwargs     = {}
        self       = <aiosqlite.core.Connection object at 0x78efe0bd0950>
venv/lib/python3.12/site-packages/aiosqlite/core.py:63: in _connection_worker_thread
    result = function()
E   sqlalchemy.exc.OperationalError: (sqlite3.OperationalError) index ix_users_email already exists
E   [SQL: CREATE UNIQUE INDEX ix_users_email ON users (email)]
E   (Background on this error at: https://sqlalche.me/e/20/e3q8)
        function   = functools.partial(<built-in method rollback of sqlite3.Connection object at 0x78efe0b6f2e0>)
        future     = <Future finished result=None>
        result     = None
        tx         = <_queue.SimpleQueue object at 0x78efe0bd7060>
_________________ ERROR at setup of test_full_crud_operations __________________
venv/lib/python3.12/site-packages/sqlalchemy/engine/base.py:1969: in _exec_single_context
    self.dialect.do_execute(
        context    = <sqlalchemy.dialects.sqlite.aiosqlite.SQLiteExecutionContext_aiosqlite object at 0x78efe0bd21b0>
        cursor     = <sqlalchemy.dialects.sqlite.aiosqlite.AsyncAdapt_aiosqlite_cursor object at 0x78efe0ba7e20>
        dialect    = <sqlalchemy.dialects.sqlite.aiosqlite.SQLiteDialect_aiosqlite object at 0x78efe0cc3620>
        effective_parameters = ()
        evt_handled = False
        parameters = [()]
        self       = <sqlalchemy.engine.base.Connection object at 0x78efe0bd0380>
        statement  = <sqlalchemy.dialects.sqlite.base.SQLiteDDLCompiler object at 0x78efe0bd18e0>
        str_statement = 'CREATE UNIQUE INDEX ix_users_email ON users (email)'
venv/lib/python3.12/site-packages/sqlalchemy/engine/default.py:922: in do_execute
    cursor.execute(statement, parameters)
        context    = <sqlalchemy.dialects.sqlite.aiosqlite.SQLiteExecutionContext_aiosqlite object at 0x78efe0bd21b0>
        cursor     = <sqlalchemy.dialects.sqlite.aiosqlite.AsyncAdapt_aiosqlite_cursor object at 0x78efe0ba7e20>
        parameters = ()
        self       = <sqlalchemy.dialects.sqlite.aiosqlite.SQLiteDialect_aiosqlite object at 0x78efe0cc3620>
        statement  = 'CREATE UNIQUE INDEX ix_users_email ON users (email)'
venv/lib/python3.12/site-packages/sqlalchemy/dialects/sqlite/aiosqlite.py:146: in execute
    self._adapt_connection._handle_exception(error)
        _cursor    = <aiosqlite.cursor.Cursor object at 0x78efe0bd2210>
        operation  = 'CREATE UNIQUE INDEX ix_users_email ON users (email)'
        parameters = ()
        self       = <sqlalchemy.dialects.sqlite.aiosqlite.AsyncAdapt_aiosqlite_cursor object at 0x78efe0ba7e20>
venv/lib/python3.12/site-packages/sqlalchemy/dialects/sqlite/aiosqlite.py:298: in _handle_exception
    raise error
        error      = OperationalError('index ix_users_email already exists')
        self       = <AdaptedConnection <aiosqlite.core.Connection object at 0x78efe0bd0950>>
venv/lib/python3.12/site-packages/sqlalchemy/dialects/sqlite/aiosqlite.py:128: in execute
    self.await_(_cursor.execute(operation, parameters))
        _cursor    = <aiosqlite.cursor.Cursor object at 0x78efe0bd2210>
        operation  = 'CREATE UNIQUE INDEX ix_users_email ON users (email)'
        parameters = ()
        self       = <sqlalchemy.dialects.sqlite.aiosqlite.AsyncAdapt_aiosqlite_cursor object at 0x78efe0ba7e20>
venv/lib/python3.12/site-packages/sqlalchemy/util/_concurrency_py3k.py:130: in await_only
    return current.driver.switch(awaitable)  # type: ignore[no-any-return]
        awaitable  = <coroutine object Cursor.execute at 0x78efe0be19a0>
        current    = <_AsyncIoGreenlet object at 0x78efe0b41940 (otid=0x1d6ace30) dead>
venv/lib/python3.12/site-packages/sqlalchemy/util/_concurrency_py3k.py:195: in greenlet_spawn
    value = await result
        _require_await = False
        args       = (<sqlalchemy.engine.base.Connection object at 0x78efe0bd0380>,)
        context    = <_AsyncIoGreenlet object at 0x78efe0b41940 (otid=0x1d6ace30) dead>
        fn         = <bound method MetaData.create_all of MetaData()>
        kwargs     = {}
        result     = <coroutine object Cursor.execute at 0x78efe0be19a0>
        switch_occurred = True
        value      = <aiosqlite.cursor.Cursor object at 0x78efe0bd2210>
venv/lib/python3.12/site-packages/aiosqlite/cursor.py:40: in execute
    await self._execute(self._cursor.execute, sql, parameters)
        parameters = ()
        self       = <aiosqlite.cursor.Cursor object at 0x78efe0bd2210>
        sql        = 'CREATE UNIQUE INDEX ix_users_email ON users (email)'
venv/lib/python3.12/site-packages/aiosqlite/cursor.py:32: in _execute
    return await self._conn._execute(fn, *args, **kwargs)
        args       = ('CREATE UNIQUE INDEX ix_users_email ON users (email)', ())
        fn         = <built-in method execute of sqlite3.Cursor object at 0x78efe0bb97c0>
        kwargs     = {}
        self       = <aiosqlite.cursor.Cursor object at 0x78efe0bd2210>
venv/lib/python3.12/site-packages/aiosqlite/core.py:160: in _execute
    return await future
        args       = ('CREATE UNIQUE INDEX ix_users_email ON users (email)', ())
        fn         = <built-in method execute of sqlite3.Cursor object at 0x78efe0bb97c0>
        function   = functools.partial(<built-in method execute of sqlite3.Cursor object at 0x78efe0bb97c0>, 'CREATE UNIQUE INDEX ix_users_email ON users (email)', ())
        future     = <Future finished exception=OperationalError('index ix_users_email already exists')>
        kwargs     = {}
        self       = <aiosqlite.core.Connection object at 0x78efe0bd0950>
venv/lib/python3.12/site-packages/aiosqlite/core.py:63: in _connection_worker_thread
    result = function()
E   sqlite3.OperationalError: index ix_users_email already exists
        function   = functools.partial(<built-in method rollback of sqlite3.Connection object at 0x78efe0b6f2e0>)
        future     = <Future finished result=None>
        result     = None
        tx         = <_queue.SimpleQueue object at 0x78efe0bd7060>

The above exception was the direct cause of the following exception:
venv/lib/python3.12/site-packages/pytest_asyncio/plugin.py:336: in _asyncgen_fixture_wrapper
    result = event_loop.run_until_complete(setup())
        event_loop = <_UnixSelectorEventLoop running=False closed=False debug=False>
        event_loop_fixture_id = '_session_event_loop'
        finalizer  = <function _wrap_asyncgen_fixture.<locals>._asyncgen_fixture_wrapper.<locals>.finalizer at 0x78efe0ba99e0>
        fixture    = <function engine at 0x78f001182b60>
        fixturedef = <FixtureDef argname='engine' scope='session' baseid='tests'>
        func       = <function engine at 0x78f001182b60>
        gen_obj    = <async_generator object engine at 0x78efe0b6ec50>
        kwargs     = {}
        request    = <SubRequest 'engine' for <Coroutine test_chat_session_creation_with_user>>
        setup      = <function _wrap_asyncgen_fixture.<locals>._asyncgen_fixture_wrapper.<locals>.setup at 0x78efe0ba9a80>
/usr/lib/python3.12/asyncio/base_events.py:687: in run_until_complete
    return future.result()
        future     = <Task finished name='Task-1' coro=<_wrap_asyncgen_fixture.<locals>._asyncgen_fixture_wrapper.<locals>.setup() done, defined at /mnt/d/workspace/ChatApplication/project-code/backend/venv/lib/python3.12/site-packages/pytest_asyncio/plugin.py:317> exception=OperationalError('(sqlite3.OperationalError) index ix_users_email already exists')>
        new_task   = True
        self       = <_UnixSelectorEventLoop running=False closed=False debug=False>
venv/lib/python3.12/site-packages/pytest_asyncio/plugin.py:318: in setup
    res = await gen_obj.__anext__()
        gen_obj    = <async_generator object engine at 0x78efe0b6ec50>
tests/conftest.py:62: in engine
    await conn.run_sync(Base.metadata.create_all)
        conn       = <sqlalchemy.ext.asyncio.engine.AsyncConnection object at 0x78efe0bd6850>
        test_engine = <sqlalchemy.ext.asyncio.engine.AsyncEngine object at 0x78f001041090>
venv/lib/python3.12/site-packages/sqlalchemy/ext/asyncio/engine.py:891: in run_sync
    return await greenlet_spawn(fn, self._proxied, *arg, **kw)
        arg        = ()
        fn         = <bound method MetaData.create_all of MetaData()>
        kw         = {}
        self       = <sqlalchemy.ext.asyncio.engine.AsyncConnection object at 0x78efe0bd6850>
venv/lib/python3.12/site-packages/sqlalchemy/util/_concurrency_py3k.py:200: in greenlet_spawn
    result = context.throw(*sys.exc_info())
        _require_await = False
        args       = (<sqlalchemy.engine.base.Connection object at 0x78efe0bd0380>,)
        context    = <_AsyncIoGreenlet object at 0x78efe0b41940 (otid=0x1d6ace30) dead>
        fn         = <bound method MetaData.create_all of MetaData()>
        kwargs     = {}
        result     = <coroutine object Cursor.execute at 0x78efe0be19a0>
        switch_occurred = True
        value      = <aiosqlite.cursor.Cursor object at 0x78efe0bd2210>
venv/lib/python3.12/site-packages/sqlalchemy/sql/schema.py:5832: in create_all
    bind._run_ddl_visitor(
        bind       = <sqlalchemy.engine.base.Connection object at 0x78efe0bd0380>
        checkfirst = True
        self       = MetaData()
        tables     = None
venv/lib/python3.12/site-packages/sqlalchemy/engine/base.py:2448: in _run_ddl_visitor
    visitorcallable(self.dialect, self, **kwargs).traverse_single(element)
        element    = MetaData()
        kwargs     = {'checkfirst': True, 'tables': None}
        self       = <sqlalchemy.engine.base.Connection object at 0x78efe0bd0380>
        visitorcallable = <class 'sqlalchemy.sql.ddl.SchemaGenerator'>
venv/lib/python3.12/site-packages/sqlalchemy/sql/visitors.py:671: in traverse_single
    return meth(obj, **kw)
        kw         = {}
        meth       = <bound method SchemaGenerator.visit_metadata of <sqlalchemy.sql.ddl.SchemaGenerator object at 0x78efe0ce40d0>>
        obj        = MetaData()
        self       = <sqlalchemy.sql.ddl.SchemaGenerator object at 0x78efe0ce40d0>
        v          = <sqlalchemy.sql.ddl.SchemaGenerator object at 0x78efe0ce40d0>
venv/lib/python3.12/site-packages/sqlalchemy/sql/ddl.py:919: in visit_metadata
    self.traverse_single(
        collection = [(Table('users', MetaData(), Column('id', GUID(), table=<users>, primary_key=True, nullable=False, default=CallableColumnDefault(<function uuid4 at 0x78f001182de0>)), Column('email', String(length=255), table=<users>), Column('password_hash', String(length=255), table=<users>), Column('role', Enum('ADMIN', 'USER', 'ANONYMOUS', name='user_role'), table=<users>, nullable=False, default=ScalarElementColumnDefault(<UserRole.ANONYMOUS: 'anonymous'>)), Column('is_active', Boolean(), table=<users>, nullable=False, default=ScalarElementColumnDefault(True)), Column('created_at', DateTime(timezone=True), table=<users>, nullable=False, default=CallableColumnDefault(<function datetime.utcnow at 0x78f0011e8ea0>)), Column('last_login', DateTime(timezone=True), table=<users>), schema=None),
  set()),
 (Table('chat_sessions', MetaData(), Column('id', GUID(), table=<chat_sessions>, primary_key=True, nullable=False, default=CallableColumnDefault(<function uuid4 at 0x78f001078720>)), Column('user_id', GUID(), ForeignKey('users.id'), table=<chat_sessions>), Column('session_token', String(length=255), table=<chat_sessions>, nullable=False), Column('created_at', DateTime(timezone=True), table=<chat_sessions>, nullable=False, default=CallableColumnDefault(<function datetime.utcnow at 0x78f0010787c0>)), Column('updated_at', DateTime(timezone=True), table=<chat_sessions>, nullable=False, onupdate=CallableColumnDefault(<function datetime.utcnow at 0x78f001078ae0>), default=CallableColumnDefault(<function datetime.utcnow at 0x78f001078a40>)), Column('metadata', JSON(), table=<chat_sessions>, default=CallableColumnDefault(<function dict at 0x78f001078b80>)), schema=None),
  {ForeignKeyConstraint(<sqlalchemy.sql.base.ReadOnlyColumnCollection object at 0x78efdb3365c0>, None, ondelete='SET NULL', table=Table('chat_sessions', MetaData(), Column('id', GUID(), table=<chat_sessions>, primary_key=True, nullable=False, default=CallableColumnDefault(<function uuid4 at 0x78f001078720>)), Column('user_id', GUID(), ForeignKey('users.id'), table=<chat_sessions>), Column('session_token', String(length=255), table=<chat_sessions>, nullable=False), Column('created_at', DateTime(timezone=True), table=<chat_sessions>, nullable=False, default=CallableColumnDefault(<function datetime.utcnow at 0x78f0010787c0>)), Column('updated_at', DateTime(timezone=True), table=<chat_sessions>, nullable=False, onupdate=CallableColumnDefault(<function datetime.utcnow at 0x78f001078ae0>), default=CallableColumnDefault(<function datetime.utcnow at 0x78f001078a40>)), Column('metadata', JSON(), table=<chat_sessions>, default=CallableColumnDefault(<function dict at 0x78f001078b80>)), schema=None))}),
 (Table('data_sources', MetaData(), Column('id', GUID(), table=<data_sources>, primary_key=True, nullable=False, default=CallableColumnDefault(<function uuid4 at 0x78f00107bd80>)), Column('name', String(length=255), table=<data_sources>, nullable=False), Column('type', Enum('CONFLUENCE', 'JIRA', 'GITHUB', 'ONBOARDING', name='source_type'), table=<data_sources>, nullable=False), Column('config', JSON(), table=<data_sources>, nullable=False, default=CallableColumnDefault(<function dict at 0x78f001018040>)), Column('last_sync_at', DateTime(timezone=True), table=<data_sources>), Column('sync_status', Enum('PENDING', 'SYNCING', 'SUCCESS', 'FAILED', name='sync_status'), table=<data_sources>, nullable=False, default=ScalarElementColumnDefault(<SyncStatus.PENDING: 'pending'>)), Column('sync_error', Text(), table=<data_sources>), Column('created_by', GUID(), ForeignKey('users.id'), table=<data_sources>, nullable=False), Column('is_active', Boolean(), table=<data_sources>, nullable=False, default=ScalarElementColumnDefault(True)), schema=None),
  {ForeignKeyConstraint(<sqlalchemy.sql.base.ReadOnlyColumnCollection object at 0x78efdb336610>, None, ondelete='CASCADE', table=Table('data_sources', MetaData(), Column('id', GUID(), table=<data_sources>, primary_key=True, nullable=False, default=CallableColumnDefault(<function uuid4 at 0x78f00107bd80>)), Column('name', String(length=255), table=<data_sources>, nullable=False), Column('type', Enum('CONFLUENCE', 'JIRA', 'GITHUB', 'ONBOARDING', name='source_type'), table=<data_sources>, nullable=False), Column('config', JSON(), table=<data_sources>, nullable=False, default=CallableColumnDefault(<function dict at 0x78f001018040>)), Column('last_sync_at', DateTime(timezone=True), table=<data_sources>), Column('sync_status', Enum('PENDING', 'SYNCING', 'SUCCESS', 'FAILED', name='sync_status'), table=<data_sources>, nullable=False, default=ScalarElementColumnDefault(<SyncStatus.PENDING: 'pending'>)), Column('sync_error', Text(), table=<data_sources>), Column('created_by', GUID(), ForeignKey('users.id'), table=<data_sources>, nullable=False), Column('is_active', Boolean(), table=<data_sources>, nullable=False, default=ScalarElementColumnDefault(True)), schema=None))}),
 (Table('messages', MetaData(), Column('id', GUID(), table=<messages>, primary_key=True, nullable=False, default=CallableColumnDefault(<function uuid4 at 0x78f00107a020>)), Column('session_id', GUID(), ForeignKey('chat_sessions.id'), table=<messages>, nullable=False), Column('role', Enum('USER', 'ASSISTANT', 'SYSTEM', name='message_role'), table=<messages>, nullable=False), Column('content', Text(), table=<messages>, nullable=False), Column('created_at', DateTime(timezone=True), table=<messages>, nullable=False, default=CallableColumnDefault(<function datetime.utcnow at 0x78f00107a3e0>)), Column('sources', JSON(), table=<messages>, default=CallableColumnDefault(<function dict at 0x78f00107a520>)), Column('feedback', JSON(), table=<messages>, default=CallableColumnDefault(<function dict at 0x78f00107a660>)), schema=None),
  {ForeignKeyConstraint(<sqlalchemy.sql.base.ReadOnlyColumnCollection object at 0x78efdb3366b0>, None, ondelete='CASCADE', table=Table('messages', MetaData(), Column('id', GUID(), table=<messages>, primary_key=True, nullable=False, default=CallableColumnDefault(<function uuid4 at 0x78f00107a020>)), Column('session_id', GUID(), ForeignKey('chat_sessions.id'), table=<messages>, nullable=False), Column('role', Enum('USER', 'ASSISTANT', 'SYSTEM', name='message_role'), table=<messages>, nullable=False), Column('content', Text(), table=<messages>, nullable=False), Column('created_at', DateTime(timezone=True), table=<messages>, nullable=False, default=CallableColumnDefault(<function datetime.utcnow at 0x78f00107a3e0>)), Column('sources', JSON(), table=<messages>, default=CallableColumnDefault(<function dict at 0x78f00107a520>)), Column('feedback', JSON(), table=<messages>, default=CallableColumnDefault(<function dict at 0x78f00107a660>)), schema=None))}),
 (Table('sync_logs', MetaData(), Column('id', GUID(), table=<sync_logs>, primary_key=True, nullable=False, default=CallableColumnDefault(<function uuid4 at 0x78f00101a3e0>)), Column('source_id', GUID(), ForeignKey('data_sources.id'), table=<sync_logs>, nullable=False), Column('started_at', DateTime(timezone=True), table=<sync_logs>, nullable=False, default=CallableColumnDefault(<function datetime.utcnow at 0x78f00101a480>)), Column('completed_at', DateTime(timezone=True), table=<sync_logs>), Column('status', Enum('PENDING', 'SYNCING', 'SUCCESS', 'FAILED', name='sync_status'), table=<sync_logs>, nullable=False, default=ScalarElementColumnDefault(<SyncStatus.PENDING: 'pending'>)), Column('documents_processed', Integer(), table=<sync_logs>, nullable=False, default=ScalarElementColumnDefault(0)), Column('documents_added', Integer(), table=<sync_logs>, nullable=False, default=ScalarElementColumnDefault(0)), Column('documents_updated', Integer(), table=<sync_logs>, nullable=False, default=ScalarElementColumnDefault(0)), Column('documents_deleted', Integer(), table=<sync_logs>, nullable=False, default=ScalarElementColumnDefault(0)), Column('error_log', Text(), table=<sync_logs>), schema=None),
  {ForeignKeyConstraint(<sqlalchemy.sql.base.ReadOnlyColumnCollection object at 0x78efdb336660>, None, ondelete='CASCADE', table=Table('sync_logs', MetaData(), Column('id', GUID(), table=<sync_logs>, primary_key=True, nullable=False, default=CallableColumnDefault(<function uuid4 at 0x78f00101a3e0>)), Column('source_id', GUID(), ForeignKey('data_sources.id'), table=<sync_logs>, nullable=False), Column('started_at', DateTime(timezone=True), table=<sync_logs>, nullable=False, default=CallableColumnDefault(<function datetime.utcnow at 0x78f00101a480>)), Column('completed_at', DateTime(timezone=True), table=<sync_logs>), Column('status', Enum('PENDING', 'SYNCING', 'SUCCESS', 'FAILED', name='sync_status'), table=<sync_logs>, nullable=False, default=ScalarElementColumnDefault(<SyncStatus.PENDING: 'pending'>)), Column('documents_processed', Integer(), table=<sync_logs>, nullable=False, default=ScalarElementColumnDefault(0)), Column('documents_added', Integer(), table=<sync_logs>, nullable=False, default=ScalarElementColumnDefault(0)), Column('documents_updated', Integer(), table=<sync_logs>, nullable=False, default=ScalarElementColumnDefault(0)), Column('documents_deleted', Integer(), table=<sync_logs>, nullable=False, default=ScalarElementColumnDefault(0)), Column('error_log', Text(), table=<sync_logs>), schema=None))}),
 (Table('documents', MetaData(), Column('id', UUID(), table=<documents>, primary_key=True, nullable=False, default=CallableColumnDefault(<function uuid4 at 0x78f00101bec0>)), Column('source_id', UUID(), ForeignKey('data_sources.id'), table=<documents>, nullable=False), Column('external_id', String(length=255), table=<documents>, nullable=False), Column('title', Text(), table=<documents>, nullable=False), Column('content', Text(), table=<documents>, nullable=False), Column('url', Text(), table=<documents>), Column('metadata', JSONB(astext_type=Text()), table=<documents>, default=CallableColumnDefault(<function dict at 0x78f000fec360>)), Column('created_at', DateTime(timezone=True), table=<documents>, nullable=False, default=CallableColumnDefault(<function datetime.utcnow at 0x78efe0cbef20>)), Column('updated_at', DateTime(timezone=True), table=<documents>, nullable=False, onupdate=CallableColumnDefault(<function datetime.utcnow at 0x78efe0cbf060>), default=CallableColumnDefault(<function datetime.utcnow at 0x78efe0cbefc0>)), Column('is_deleted', Boolean(), table=<documents>, nullable=False, default=ScalarElementColumnDefault(False)), schema=None),
  {ForeignKeyConstraint(<sqlalchemy.sql.base.ReadOnlyColumnCollection object at 0x78efdb336750>, None, ondelete='CASCADE', table=Table('documents', MetaData(), Column('id', UUID(), table=<documents>, primary_key=True, nullable=False, default=CallableColumnDefault(<function uuid4 at 0x78f00101bec0>)), Column('source_id', UUID(), ForeignKey('data_sources.id'), table=<documents>, nullable=False), Column('external_id', String(length=255), table=<documents>, nullable=False), Column('title', Text(), table=<documents>, nullable=False), Column('content', Text(), table=<documents>, nullable=False), Column('url', Text(), table=<documents>), Column('metadata', JSONB(astext_type=Text()), table=<documents>, default=CallableColumnDefault(<function dict at 0x78f000fec360>)), Column('created_at', DateTime(timezone=True), table=<documents>, nullable=False, default=CallableColumnDefault(<function datetime.utcnow at 0x78efe0cbef20>)), Column('updated_at', DateTime(timezone=True), table=<documents>, nullable=False, onupdate=CallableColumnDefault(<function datetime.utcnow at 0x78efe0cbf060>), default=CallableColumnDefault(<function datetime.utcnow at 0x78efe0cbefc0>)), Column('is_deleted', Boolean(), table=<documents>, nullable=False, default=ScalarElementColumnDefault(False)), schema=None))}),
 (Table('document_chunks', MetaData(), Column('id', UUID(), table=<document_chunks>, primary_key=True, nullable=False, default=CallableColumnDefault(<function uuid4 at 0x78efe0ce0720>)), Column('document_id', UUID(), ForeignKey('documents.id'), table=<document_chunks>, nullable=False), Column('chunk_index', Integer(), table=<document_chunks>, nullable=False), Column('content', Text(), table=<document_chunks>, nullable=False), Column('embedding', Vector(dim=384), table=<document_chunks>), Column('metadata', JSONB(astext_type=Text()), table=<document_chunks>, default=CallableColumnDefault(<function dict at 0x78efe0ce07c0>)), Column('created_at', DateTime(timezone=True), table=<document_chunks>, nullable=False, default=CallableColumnDefault(<function datetime.utcnow at 0x78efe0ce09a0>)), schema=None),
  {ForeignKeyConstraint(<sqlalchemy.sql.base.ReadOnlyColumnCollection object at 0x78efdb3367a0>, None, ondelete='CASCADE', table=Table('document_chunks', MetaData(), Column('id', UUID(), table=<document_chunks>, primary_key=True, nullable=False, default=CallableColumnDefault(<function uuid4 at 0x78efe0ce0720>)), Column('document_id', UUID(), ForeignKey('documents.id'), table=<document_chunks>, nullable=False), Column('chunk_index', Integer(), table=<document_chunks>, nullable=False), Column('content', Text(), table=<document_chunks>, nullable=False), Column('embedding', Vector(dim=384), table=<document_chunks>), Column('metadata', JSONB(astext_type=Text()), table=<document_chunks>, default=CallableColumnDefault(<function dict at 0x78efe0ce07c0>)), Column('created_at', DateTime(timezone=True), table=<document_chunks>, nullable=False, default=CallableColumnDefault(<function datetime.utcnow at 0x78efe0ce09a0>)), schema=None))}),
 (None, [])]
        event_collection = [Table('users', MetaData(), Column('id', GUID(), table=<users>, primary_key=True, nullable=False, default=CallableColumnDefault(<function uuid4 at 0x78f001182de0>)), Column('email', String(length=255), table=<users>), Column('password_hash', String(length=255), table=<users>), Column('role', Enum('ADMIN', 'USER', 'ANONYMOUS', name='user_role'), table=<users>, nullable=False, default=ScalarElementColumnDefault(<UserRole.ANONYMOUS: 'anonymous'>)), Column('is_active', Boolean(), table=<users>, nullable=False, default=ScalarElementColumnDefault(True)), Column('created_at', DateTime(timezone=True), table=<users>, nullable=False, default=CallableColumnDefault(<function datetime.utcnow at 0x78f0011e8ea0>)), Column('last_login', DateTime(timezone=True), table=<users>), schema=None),
 Table('chat_sessions', MetaData(), Column('id', GUID(), table=<chat_sessions>, primary_key=True, nullable=False, default=CallableColumnDefault(<function uuid4 at 0x78f001078720>)), Column('user_id', GUID(), ForeignKey('users.id'), table=<chat_sessions>), Column('session_token', String(length=255), table=<chat_sessions>, nullable=False), Column('created_at', DateTime(timezone=True), table=<chat_sessions>, nullable=False, default=CallableColumnDefault(<function datetime.utcnow at 0x78f0010787c0>)), Column('updated_at', DateTime(timezone=True), table=<chat_sessions>, nullable=False, onupdate=CallableColumnDefault(<function datetime.utcnow at 0x78f001078ae0>), default=CallableColumnDefault(<function datetime.utcnow at 0x78f001078a40>)), Column('metadata', JSON(), table=<chat_sessions>, default=CallableColumnDefault(<function dict at 0x78f001078b80>)), schema=None),
 Table('data_sources', MetaData(), Column('id', GUID(), table=<data_sources>, primary_key=True, nullable=False, default=CallableColumnDefault(<function uuid4 at 0x78f00107bd80>)), Column('name', String(length=255), table=<data_sources>, nullable=False), Column('type', Enum('CONFLUENCE', 'JIRA', 'GITHUB', 'ONBOARDING', name='source_type'), table=<data_sources>, nullable=False), Column('config', JSON(), table=<data_sources>, nullable=False, default=CallableColumnDefault(<function dict at 0x78f001018040>)), Column('last_sync_at', DateTime(timezone=True), table=<data_sources>), Column('sync_status', Enum('PENDING', 'SYNCING', 'SUCCESS', 'FAILED', name='sync_status'), table=<data_sources>, nullable=False, default=ScalarElementColumnDefault(<SyncStatus.PENDING: 'pending'>)), Column('sync_error', Text(), table=<data_sources>), Column('created_by', GUID(), ForeignKey('users.id'), table=<data_sources>, nullable=False), Column('is_active', Boolean(), table=<data_sources>, nullable=False, default=ScalarElementColumnDefault(True)), schema=None),
 Table('messages', MetaData(), Column('id', GUID(), table=<messages>, primary_key=True, nullable=False, default=CallableColumnDefault(<function uuid4 at 0x78f00107a020>)), Column('session_id', GUID(), ForeignKey('chat_sessions.id'), table=<messages>, nullable=False), Column('role', Enum('USER', 'ASSISTANT', 'SYSTEM', name='message_role'), table=<messages>, nullable=False), Column('content', Text(), table=<messages>, nullable=False), Column('created_at', DateTime(timezone=True), table=<messages>, nullable=False, default=CallableColumnDefault(<function datetime.utcnow at 0x78f00107a3e0>)), Column('sources', JSON(), table=<messages>, default=CallableColumnDefault(<function dict at 0x78f00107a520>)), Column('feedback', JSON(), table=<messages>, default=CallableColumnDefault(<function dict at 0x78f00107a660>)), schema=None),
 Table('sync_logs', MetaData(), Column('id', GUID(), table=<sync_logs>, primary_key=True, nullable=False, default=CallableColumnDefault(<function uuid4 at 0x78f00101a3e0>)), Column('source_id', GUID(), ForeignKey('data_sources.id'), table=<sync_logs>, nullable=False), Column('started_at', DateTime(timezone=True), table=<sync_logs>, nullable=False, default=CallableColumnDefault(<function datetime.utcnow at 0x78f00101a480>)), Column('completed_at', DateTime(timezone=True), table=<sync_logs>), Column('status', Enum('PENDING', 'SYNCING', 'SUCCESS', 'FAILED', name='sync_status'), table=<sync_logs>, nullable=False, default=ScalarElementColumnDefault(<SyncStatus.PENDING: 'pending'>)), Column('documents_processed', Integer(), table=<sync_logs>, nullable=False, default=ScalarElementColumnDefault(0)), Column('documents_added', Integer(), table=<sync_logs>, nullable=False, default=ScalarElementColumnDefault(0)), Column('documents_updated', Integer(), table=<sync_logs>, nullable=False, default=ScalarElementColumnDefault(0)), Column('documents_deleted', Integer(), table=<sync_logs>, nullable=False, default=ScalarElementColumnDefault(0)), Column('error_log', Text(), table=<sync_logs>), schema=None),
 Table('documents', MetaData(), Column('id', UUID(), table=<documents>, primary_key=True, nullable=False, default=CallableColumnDefault(<function uuid4 at 0x78f00101bec0>)), Column('source_id', UUID(), ForeignKey('data_sources.id'), table=<documents>, nullable=False), Column('external_id', String(length=255), table=<documents>, nullable=False), Column('title', Text(), table=<documents>, nullable=False), Column('content', Text(), table=<documents>, nullable=False), Column('url', Text(), table=<documents>), Column('metadata', JSONB(astext_type=Text()), table=<documents>, default=CallableColumnDefault(<function dict at 0x78f000fec360>)), Column('created_at', DateTime(timezone=True), table=<documents>, nullable=False, default=CallableColumnDefault(<function datetime.utcnow at 0x78efe0cbef20>)), Column('updated_at', DateTime(timezone=True), table=<documents>, nullable=False, onupdate=CallableColumnDefault(<function datetime.utcnow at 0x78efe0cbf060>), default=CallableColumnDefault(<function datetime.utcnow at 0x78efe0cbefc0>)), Column('is_deleted', Boolean(), table=<documents>, nullable=False, default=ScalarElementColumnDefault(False)), schema=None),
 Table('document_chunks', MetaData(), Column('id', UUID(), table=<document_chunks>, primary_key=True, nullable=False, default=CallableColumnDefault(<function uuid4 at 0x78efe0ce0720>)), Column('document_id', UUID(), ForeignKey('documents.id'), table=<document_chunks>, nullable=False), Column('chunk_index', Integer(), table=<document_chunks>, nullable=False), Column('content', Text(), table=<document_chunks>, nullable=False), Column('embedding', Vector(dim=384), table=<document_chunks>), Column('metadata', JSONB(astext_type=Text()), table=<document_chunks>, default=CallableColumnDefault(<function dict at 0x78efe0ce07c0>)), Column('created_at', DateTime(timezone=True), table=<document_chunks>, nullable=False, default=CallableColumnDefault(<function datetime.utcnow at 0x78efe0ce09a0>)), schema=None)]
        fkcs       = set()
        metadata   = MetaData()
        self       = <sqlalchemy.sql.ddl.SchemaGenerator object at 0x78efe0ce40d0>
        seq_coll   = []
        table      = Table('users', MetaData(), Column('id', GUID(), table=<users>, primary_key=True, nullable=False, default=CallableColumnDefault(<function uuid4 at 0x78f001182de0>)), Column('email', String(length=255), table=<users>), Column('password_hash', String(length=255), table=<users>), Column('role', Enum('ADMIN', 'USER', 'ANONYMOUS', name='user_role'), table=<users>, nullable=False, default=ScalarElementColumnDefault(<UserRole.ANONYMOUS: 'anonymous'>)), Column('is_active', Boolean(), table=<users>, nullable=False, default=ScalarElementColumnDefault(True)), Column('created_at', DateTime(timezone=True), table=<users>, nullable=False, default=CallableColumnDefault(<function datetime.utcnow at 0x78f0011e8ea0>)), Column('last_login', DateTime(timezone=True), table=<users>), schema=None)
        tables     = [Table('users', MetaData(), Column('id', GUID(), table=<users>, primary_key=True, nullable=False, default=CallableColumnDefault(<function uuid4 at 0x78f001182de0>)), Column('email', String(length=255), table=<users>), Column('password_hash', String(length=255), table=<users>), Column('role', Enum('ADMIN', 'USER', 'ANONYMOUS', name='user_role'), table=<users>, nullable=False, default=ScalarElementColumnDefault(<UserRole.ANONYMOUS: 'anonymous'>)), Column('is_active', Boolean(), table=<users>, nullable=False, default=ScalarElementColumnDefault(True)), Column('created_at', DateTime(timezone=True), table=<users>, nullable=False, default=CallableColumnDefault(<function datetime.utcnow at 0x78f0011e8ea0>)), Column('last_login', DateTime(timezone=True), table=<users>), schema=None),
 Table('chat_sessions', MetaData(), Column('id', GUID(), table=<chat_sessions>, primary_key=True, nullable=False, default=CallableColumnDefault(<function uuid4 at 0x78f001078720>)), Column('user_id', GUID(), ForeignKey('users.id'), table=<chat_sessions>), Column('session_token', String(length=255), table=<chat_sessions>, nullable=False), Column('created_at', DateTime(timezone=True), table=<chat_sessions>, nullable=False, default=CallableColumnDefault(<function datetime.utcnow at 0x78f0010787c0>)), Column('updated_at', DateTime(timezone=True), table=<chat_sessions>, nullable=False, onupdate=CallableColumnDefault(<function datetime.utcnow at 0x78f001078ae0>), default=CallableColumnDefault(<function datetime.utcnow at 0x78f001078a40>)), Column('metadata', JSON(), table=<chat_sessions>, default=CallableColumnDefault(<function dict at 0x78f001078b80>)), schema=None),
 Table('messages', MetaData(), Column('id', GUID(), table=<messages>, primary_key=True, nullable=False, default=CallableColumnDefault(<function uuid4 at 0x78f00107a020>)), Column('session_id', GUID(), ForeignKey('chat_sessions.id'), table=<messages>, nullable=False), Column('role', Enum('USER', 'ASSISTANT', 'SYSTEM', name='message_role'), table=<messages>, nullable=False), Column('content', Text(), table=<messages>, nullable=False), Column('created_at', DateTime(timezone=True), table=<messages>, nullable=False, default=CallableColumnDefault(<function datetime.utcnow at 0x78f00107a3e0>)), Column('sources', JSON(), table=<messages>, default=CallableColumnDefault(<function dict at 0x78f00107a520>)), Column('feedback', JSON(), table=<messages>, default=CallableColumnDefault(<function dict at 0x78f00107a660>)), schema=None),
 Table('data_sources', MetaData(), Column('id', GUID(), table=<data_sources>, primary_key=True, nullable=False, default=CallableColumnDefault(<function uuid4 at 0x78f00107bd80>)), Column('name', String(length=255), table=<data_sources>, nullable=False), Column('type', Enum('CONFLUENCE', 'JIRA', 'GITHUB', 'ONBOARDING', name='source_type'), table=<data_sources>, nullable=False), Column('config', JSON(), table=<data_sources>, nullable=False, default=CallableColumnDefault(<function dict at 0x78f001018040>)), Column('last_sync_at', DateTime(timezone=True), table=<data_sources>), Column('sync_status', Enum('PENDING', 'SYNCING', 'SUCCESS', 'FAILED', name='sync_status'), table=<data_sources>, nullable=False, default=ScalarElementColumnDefault(<SyncStatus.PENDING: 'pending'>)), Column('sync_error', Text(), table=<data_sources>), Column('created_by', GUID(), ForeignKey('users.id'), table=<data_sources>, nullable=False), Column('is_active', Boolean(), table=<data_sources>, nullable=False, default=ScalarElementColumnDefault(True)), schema=None),
 Table('sync_logs', MetaData(), Column('id', GUID(), table=<sync_logs>, primary_key=True, nullable=False, default=CallableColumnDefault(<function uuid4 at 0x78f00101a3e0>)), Column('source_id', GUID(), ForeignKey('data_sources.id'), table=<sync_logs>, nullable=False), Column('started_at', DateTime(timezone=True), table=<sync_logs>, nullable=False, default=CallableColumnDefault(<function datetime.utcnow at 0x78f00101a480>)), Column('completed_at', DateTime(timezone=True), table=<sync_logs>), Column('status', Enum('PENDING', 'SYNCING', 'SUCCESS', 'FAILED', name='sync_status'), table=<sync_logs>, nullable=False, default=ScalarElementColumnDefault(<SyncStatus.PENDING: 'pending'>)), Column('documents_processed', Integer(), table=<sync_logs>, nullable=False, default=ScalarElementColumnDefault(0)), Column('documents_added', Integer(), table=<sync_logs>, nullable=False, default=ScalarElementColumnDefault(0)), Column('documents_updated', Integer(), table=<sync_logs>, nullable=False, default=ScalarElementColumnDefault(0)), Column('documents_deleted', Integer(), table=<sync_logs>, nullable=False, default=ScalarElementColumnDefault(0)), Column('error_log', Text(), table=<sync_logs>), schema=None),
 Table('documents', MetaData(), Column('id', UUID(), table=<documents>, primary_key=True, nullable=False, default=CallableColumnDefault(<function uuid4 at 0x78f00101bec0>)), Column('source_id', UUID(), ForeignKey('data_sources.id'), table=<documents>, nullable=False), Column('external_id', String(length=255), table=<documents>, nullable=False), Column('title', Text(), table=<documents>, nullable=False), Column('content', Text(), table=<documents>, nullable=False), Column('url', Text(), table=<documents>), Column('metadata', JSONB(astext_type=Text()), table=<documents>, default=CallableColumnDefault(<function dict at 0x78f000fec360>)), Column('created_at', DateTime(timezone=True), table=<documents>, nullable=False, default=CallableColumnDefault(<function datetime.utcnow at 0x78efe0cbef20>)), Column('updated_at', DateTime(timezone=True), table=<documents>, nullable=False, onupdate=CallableColumnDefault(<function datetime.utcnow at 0x78efe0cbf060>), default=CallableColumnDefault(<function datetime.utcnow at 0x78efe0cbefc0>)), Column('is_deleted', Boolean(), table=<documents>, nullable=False, default=ScalarElementColumnDefault(False)), schema=None),
 Table('document_chunks', MetaData(), Column('id', UUID(), table=<document_chunks>, primary_key=True, nullable=False, default=CallableColumnDefault(<function uuid4 at 0x78efe0ce0720>)), Column('document_id', UUID(), ForeignKey('documents.id'), table=<document_chunks>, nullable=False), Column('chunk_index', Integer(), table=<document_chunks>, nullable=False), Column('content', Text(), table=<document_chunks>, nullable=False), Column('embedding', Vector(dim=384), table=<document_chunks>), Column('metadata', JSONB(astext_type=Text()), table=<document_chunks>, default=CallableColumnDefault(<function dict at 0x78efe0ce07c0>)), Column('created_at', DateTime(timezone=True), table=<document_chunks>, nullable=False, default=CallableColumnDefault(<function datetime.utcnow at 0x78efe0ce09a0>)), schema=None)]
venv/lib/python3.12/site-packages/sqlalchemy/sql/visitors.py:671: in traverse_single
    return meth(obj, **kw)
        kw         = {'_is_metadata_operation': True,
 'create_ok': True,
 'include_foreign_key_constraints': set()}
        meth       = <bound method SchemaGenerator.visit_table of <sqlalchemy.sql.ddl.SchemaGenerator object at 0x78efe0ce40d0>>
        obj        = Table('users', MetaData(), Column('id', GUID(), table=<users>, primary_key=True, nullable=False, default=CallableColumnDefault(<function uuid4 at 0x78f001182de0>)), Column('email', String(length=255), table=<users>), Column('password_hash', String(length=255), table=<users>), Column('role', Enum('ADMIN', 'USER', 'ANONYMOUS', name='user_role'), table=<users>, nullable=False, default=ScalarElementColumnDefault(<UserRole.ANONYMOUS: 'anonymous'>)), Column('is_active', Boolean(), table=<users>, nullable=False, default=ScalarElementColumnDefault(True)), Column('created_at', DateTime(timezone=True), table=<users>, nullable=False, default=CallableColumnDefault(<function datetime.utcnow at 0x78f0011e8ea0>)), Column('last_login', DateTime(timezone=True), table=<users>), schema=None)
        self       = <sqlalchemy.sql.ddl.SchemaGenerator object at 0x78efe0ce40d0>
        v          = <sqlalchemy.sql.ddl.SchemaGenerator object at 0x78efe0ce40d0>
venv/lib/python3.12/site-packages/sqlalchemy/sql/ddl.py:961: in visit_table
    self.traverse_single(index, create_ok=True)
        _is_metadata_operation = True
        column     = Column('last_login', DateTime(timezone=True), table=<users>)
        create_ok  = True
        include_foreign_key_constraints = None
        index      = Index('ix_users_email', Column('email', String(length=255), table=<users>), unique=True)
        self       = <sqlalchemy.sql.ddl.SchemaGenerator object at 0x78efe0ce40d0>
        table      = Table('users', MetaData(), Column('id', GUID(), table=<users>, primary_key=True, nullable=False, default=CallableColumnDefault(<function uuid4 at 0x78f001182de0>)), Column('email', String(length=255), table=<users>), Column('password_hash', String(length=255), table=<users>), Column('role', Enum('ADMIN', 'USER', 'ANONYMOUS', name='user_role'), table=<users>, nullable=False, default=ScalarElementColumnDefault(<UserRole.ANONYMOUS: 'anonymous'>)), Column('is_active', Boolean(), table=<users>, nullable=False, default=ScalarElementColumnDefault(True)), Column('created_at', DateTime(timezone=True), table=<users>, nullable=False, default=CallableColumnDefault(<function datetime.utcnow at 0x78f0011e8ea0>)), Column('last_login', DateTime(timezone=True), table=<users>), schema=None)
venv/lib/python3.12/site-packages/sqlalchemy/sql/visitors.py:671: in traverse_single
    return meth(obj, **kw)
        kw         = {'create_ok': True}
        meth       = <bound method SchemaGenerator.visit_index of <sqlalchemy.sql.ddl.SchemaGenerator object at 0x78efe0ce40d0>>
        obj        = Index('ix_users_email', Column('email', String(length=255), table=<users>), unique=True)
        self       = <sqlalchemy.sql.ddl.SchemaGenerator object at 0x78efe0ce40d0>
        v          = <sqlalchemy.sql.ddl.SchemaGenerator object at 0x78efe0ce40d0>
venv/lib/python3.12/site-packages/sqlalchemy/sql/ddl.py:998: in visit_index
    CreateIndex(index)._invoke_with(self.connection)
        create_ok  = True
        index      = Index('ix_users_email', Column('email', String(length=255), table=<users>), unique=True)
        self       = <sqlalchemy.sql.ddl.SchemaGenerator object at 0x78efe0ce40d0>
venv/lib/python3.12/site-packages/sqlalchemy/sql/ddl.py:315: in _invoke_with
    return bind.execute(self)
        bind       = <sqlalchemy.engine.base.Connection object at 0x78efe0bd0380>
        self       = <sqlalchemy.sql.ddl.CreateIndex object at 0x78f000fe2900>
venv/lib/python3.12/site-packages/sqlalchemy/engine/base.py:1416: in execute
    return meth(
        distilled_parameters = ()
        execution_options = None
        meth       = <bound method ExecutableDDLElement._execute_on_connection of <sqlalchemy.sql.ddl.CreateIndex object at 0x78f000fe2900>>
        parameters = None
        self       = <sqlalchemy.engine.base.Connection object at 0x78efe0bd0380>
        statement  = <sqlalchemy.sql.ddl.CreateIndex object at 0x78f000fe2900>
venv/lib/python3.12/site-packages/sqlalchemy/sql/ddl.py:181: in _execute_on_connection
    return connection._execute_ddl(
        connection = <sqlalchemy.engine.base.Connection object at 0x78efe0bd0380>
        distilled_params = ()
        execution_options = immutabledict({})
        self       = <sqlalchemy.sql.ddl.CreateIndex object at 0x78f000fe2900>
venv/lib/python3.12/site-packages/sqlalchemy/engine/base.py:1528: in _execute_ddl
    ret = self._execute_context(
        compiled   = <sqlalchemy.dialects.sqlite.base.SQLiteDDLCompiler object at 0x78efe0bd18e0>
        ddl        = <sqlalchemy.sql.ddl.CreateIndex object at 0x78f000fe2900>
        dialect    = <sqlalchemy.dialects.sqlite.aiosqlite.SQLiteDialect_aiosqlite object at 0x78efe0cc3620>
        distilled_parameters = ()
        event_multiparams = None
        event_params = None
        exec_opts  = immutabledict({})
        execution_options = immutabledict({})
        schema_translate_map = None
        self       = <sqlalchemy.engine.base.Connection object at 0x78efe0bd0380>
venv/lib/python3.12/site-packages/sqlalchemy/engine/base.py:1848: in _execute_context
    return self._exec_single_context(
        args       = (<sqlalchemy.dialects.sqlite.base.SQLiteDDLCompiler object at 0x78efe0bd18e0>,)
        conn       = <sqlalchemy.pool.base._ConnectionFairy object at 0x78efe0ba6930>
        constructor = <bound method DefaultExecutionContext._init_ddl of <class 'sqlalchemy.dialects.sqlite.aiosqlite.SQLiteExecutionContext_aiosqlite'>>
        context    = <sqlalchemy.dialects.sqlite.aiosqlite.SQLiteExecutionContext_aiosqlite object at 0x78efe0bd21b0>
        dialect    = <sqlalchemy.dialects.sqlite.aiosqlite.SQLiteDialect_aiosqlite object at 0x78efe0cc3620>
        execution_options = immutabledict({})
        kw         = {}
        parameters = None
        self       = <sqlalchemy.engine.base.Connection object at 0x78efe0bd0380>
        statement  = <sqlalchemy.dialects.sqlite.base.SQLiteDDLCompiler object at 0x78efe0bd18e0>
venv/lib/python3.12/site-packages/sqlalchemy/engine/base.py:1988: in _exec_single_context
    self._handle_dbapi_exception(
        context    = <sqlalchemy.dialects.sqlite.aiosqlite.SQLiteExecutionContext_aiosqlite object at 0x78efe0bd21b0>
        cursor     = <sqlalchemy.dialects.sqlite.aiosqlite.AsyncAdapt_aiosqlite_cursor object at 0x78efe0ba7e20>
        dialect    = <sqlalchemy.dialects.sqlite.aiosqlite.SQLiteDialect_aiosqlite object at 0x78efe0cc3620>
        effective_parameters = ()
        evt_handled = False
        parameters = [()]
        self       = <sqlalchemy.engine.base.Connection object at 0x78efe0bd0380>
        statement  = <sqlalchemy.dialects.sqlite.base.SQLiteDDLCompiler object at 0x78efe0bd18e0>
        str_statement = 'CREATE UNIQUE INDEX ix_users_email ON users (email)'
venv/lib/python3.12/site-packages/sqlalchemy/engine/base.py:2344: in _handle_dbapi_exception
    raise sqlalchemy_exception.with_traceback(exc_info[2]) from e
        context    = <sqlalchemy.dialects.sqlite.aiosqlite.SQLiteExecutionContext_aiosqlite object at 0x78efe0bd21b0>
        cursor     = <sqlalchemy.dialects.sqlite.aiosqlite.AsyncAdapt_aiosqlite_cursor object at 0x78efe0ba7e20>
        e          = OperationalError('index ix_users_email already exists')
        exc_info   = (<class 'sqlite3.OperationalError'>,
 OperationalError('index ix_users_email already exists'),
 <traceback object at 0x78efe0201740>)
        invalidate_pool_on_disconnect = True
        is_exit_exception = False
        is_sub_exec = False
        ismulti    = False
        newraise   = None
        parameters = ()
        self       = <sqlalchemy.engine.base.Connection object at 0x78efe0bd0380>
        should_wrap = True
        sqlalchemy_exception = OperationalError('(sqlite3.OperationalError) index ix_users_email already exists')
        statement  = 'CREATE UNIQUE INDEX ix_users_email ON users (email)'
venv/lib/python3.12/site-packages/sqlalchemy/engine/base.py:1969: in _exec_single_context
    self.dialect.do_execute(
        context    = <sqlalchemy.dialects.sqlite.aiosqlite.SQLiteExecutionContext_aiosqlite object at 0x78efe0bd21b0>
        cursor     = <sqlalchemy.dialects.sqlite.aiosqlite.AsyncAdapt_aiosqlite_cursor object at 0x78efe0ba7e20>
        dialect    = <sqlalchemy.dialects.sqlite.aiosqlite.SQLiteDialect_aiosqlite object at 0x78efe0cc3620>
        effective_parameters = ()
        evt_handled = False
        parameters = [()]
        self       = <sqlalchemy.engine.base.Connection object at 0x78efe0bd0380>
        statement  = <sqlalchemy.dialects.sqlite.base.SQLiteDDLCompiler object at 0x78efe0bd18e0>
        str_statement = 'CREATE UNIQUE INDEX ix_users_email ON users (email)'
venv/lib/python3.12/site-packages/sqlalchemy/engine/default.py:922: in do_execute
    cursor.execute(statement, parameters)
        context    = <sqlalchemy.dialects.sqlite.aiosqlite.SQLiteExecutionContext_aiosqlite object at 0x78efe0bd21b0>
        cursor     = <sqlalchemy.dialects.sqlite.aiosqlite.AsyncAdapt_aiosqlite_cursor object at 0x78efe0ba7e20>
        parameters = ()
        self       = <sqlalchemy.dialects.sqlite.aiosqlite.SQLiteDialect_aiosqlite object at 0x78efe0cc3620>
        statement  = 'CREATE UNIQUE INDEX ix_users_email ON users (email)'
venv/lib/python3.12/site-packages/sqlalchemy/dialects/sqlite/aiosqlite.py:146: in execute
    self._adapt_connection._handle_exception(error)
        _cursor    = <aiosqlite.cursor.Cursor object at 0x78efe0bd2210>
        operation  = 'CREATE UNIQUE INDEX ix_users_email ON users (email)'
        parameters = ()
        self       = <sqlalchemy.dialects.sqlite.aiosqlite.AsyncAdapt_aiosqlite_cursor object at 0x78efe0ba7e20>
venv/lib/python3.12/site-packages/sqlalchemy/dialects/sqlite/aiosqlite.py:298: in _handle_exception
    raise error
        error      = OperationalError('index ix_users_email already exists')
        self       = <AdaptedConnection <aiosqlite.core.Connection object at 0x78efe0bd0950>>
venv/lib/python3.12/site-packages/sqlalchemy/dialects/sqlite/aiosqlite.py:128: in execute
    self.await_(_cursor.execute(operation, parameters))
        _cursor    = <aiosqlite.cursor.Cursor object at 0x78efe0bd2210>
        operation  = 'CREATE UNIQUE INDEX ix_users_email ON users (email)'
        parameters = ()
        self       = <sqlalchemy.dialects.sqlite.aiosqlite.AsyncAdapt_aiosqlite_cursor object at 0x78efe0ba7e20>
venv/lib/python3.12/site-packages/sqlalchemy/util/_concurrency_py3k.py:130: in await_only
    return current.driver.switch(awaitable)  # type: ignore[no-any-return]
        awaitable  = <coroutine object Cursor.execute at 0x78efe0be19a0>
        current    = <_AsyncIoGreenlet object at 0x78efe0b41940 (otid=0x1d6ace30) dead>
venv/lib/python3.12/site-packages/sqlalchemy/util/_concurrency_py3k.py:195: in greenlet_spawn
    value = await result
        _require_await = False
        args       = (<sqlalchemy.engine.base.Connection object at 0x78efe0bd0380>,)
        context    = <_AsyncIoGreenlet object at 0x78efe0b41940 (otid=0x1d6ace30) dead>
        fn         = <bound method MetaData.create_all of MetaData()>
        kwargs     = {}
        result     = <coroutine object Cursor.execute at 0x78efe0be19a0>
        switch_occurred = True
        value      = <aiosqlite.cursor.Cursor object at 0x78efe0bd2210>
venv/lib/python3.12/site-packages/aiosqlite/cursor.py:40: in execute
    await self._execute(self._cursor.execute, sql, parameters)
        parameters = ()
        self       = <aiosqlite.cursor.Cursor object at 0x78efe0bd2210>
        sql        = 'CREATE UNIQUE INDEX ix_users_email ON users (email)'
venv/lib/python3.12/site-packages/aiosqlite/cursor.py:32: in _execute
    return await self._conn._execute(fn, *args, **kwargs)
        args       = ('CREATE UNIQUE INDEX ix_users_email ON users (email)', ())
        fn         = <built-in method execute of sqlite3.Cursor object at 0x78efe0bb97c0>
        kwargs     = {}
        self       = <aiosqlite.cursor.Cursor object at 0x78efe0bd2210>
venv/lib/python3.12/site-packages/aiosqlite/core.py:160: in _execute
    return await future
        args       = ('CREATE UNIQUE INDEX ix_users_email ON users (email)', ())
        fn         = <built-in method execute of sqlite3.Cursor object at 0x78efe0bb97c0>
        function   = functools.partial(<built-in method execute of sqlite3.Cursor object at 0x78efe0bb97c0>, 'CREATE UNIQUE INDEX ix_users_email ON users (email)', ())
        future     = <Future finished exception=OperationalError('index ix_users_email already exists')>
        kwargs     = {}
        self       = <aiosqlite.core.Connection object at 0x78efe0bd0950>
venv/lib/python3.12/site-packages/aiosqlite/core.py:63: in _connection_worker_thread
    result = function()
E   sqlalchemy.exc.OperationalError: (sqlite3.OperationalError) index ix_users_email already exists
E   [SQL: CREATE UNIQUE INDEX ix_users_email ON users (email)]
E   (Background on this error at: https://sqlalche.me/e/20/e3q8)
        function   = functools.partial(<built-in method rollback of sqlite3.Connection object at 0x78efe0b6f2e0>)
        future     = <Future finished result=None>
        result     = None
        tx         = <_queue.SimpleQueue object at 0x78efe0bd7060>
________________ ERROR at setup of test_constraint_enforcement _________________
venv/lib/python3.12/site-packages/sqlalchemy/engine/base.py:1969: in _exec_single_context
    self.dialect.do_execute(
        context    = <sqlalchemy.dialects.sqlite.aiosqlite.SQLiteExecutionContext_aiosqlite object at 0x78efe0bd21b0>
        cursor     = <sqlalchemy.dialects.sqlite.aiosqlite.AsyncAdapt_aiosqlite_cursor object at 0x78efe0ba7e20>
        dialect    = <sqlalchemy.dialects.sqlite.aiosqlite.SQLiteDialect_aiosqlite object at 0x78efe0cc3620>
        effective_parameters = ()
        evt_handled = False
        parameters = [()]
        self       = <sqlalchemy.engine.base.Connection object at 0x78efe0bd0380>
        statement  = <sqlalchemy.dialects.sqlite.base.SQLiteDDLCompiler object at 0x78efe0bd18e0>
        str_statement = 'CREATE UNIQUE INDEX ix_users_email ON users (email)'
venv/lib/python3.12/site-packages/sqlalchemy/engine/default.py:922: in do_execute
    cursor.execute(statement, parameters)
        context    = <sqlalchemy.dialects.sqlite.aiosqlite.SQLiteExecutionContext_aiosqlite object at 0x78efe0bd21b0>
        cursor     = <sqlalchemy.dialects.sqlite.aiosqlite.AsyncAdapt_aiosqlite_cursor object at 0x78efe0ba7e20>
        parameters = ()
        self       = <sqlalchemy.dialects.sqlite.aiosqlite.SQLiteDialect_aiosqlite object at 0x78efe0cc3620>
        statement  = 'CREATE UNIQUE INDEX ix_users_email ON users (email)'
venv/lib/python3.12/site-packages/sqlalchemy/dialects/sqlite/aiosqlite.py:146: in execute
    self._adapt_connection._handle_exception(error)
        _cursor    = <aiosqlite.cursor.Cursor object at 0x78efe0bd2210>
        operation  = 'CREATE UNIQUE INDEX ix_users_email ON users (email)'
        parameters = ()
        self       = <sqlalchemy.dialects.sqlite.aiosqlite.AsyncAdapt_aiosqlite_cursor object at 0x78efe0ba7e20>
venv/lib/python3.12/site-packages/sqlalchemy/dialects/sqlite/aiosqlite.py:298: in _handle_exception
    raise error
        error      = OperationalError('index ix_users_email already exists')
        self       = <AdaptedConnection <aiosqlite.core.Connection object at 0x78efe0bd0950>>
venv/lib/python3.12/site-packages/sqlalchemy/dialects/sqlite/aiosqlite.py:128: in execute
    self.await_(_cursor.execute(operation, parameters))
        _cursor    = <aiosqlite.cursor.Cursor object at 0x78efe0bd2210>
        operation  = 'CREATE UNIQUE INDEX ix_users_email ON users (email)'
        parameters = ()
        self       = <sqlalchemy.dialects.sqlite.aiosqlite.AsyncAdapt_aiosqlite_cursor object at 0x78efe0ba7e20>
venv/lib/python3.12/site-packages/sqlalchemy/util/_concurrency_py3k.py:130: in await_only
    return current.driver.switch(awaitable)  # type: ignore[no-any-return]
        awaitable  = <coroutine object Cursor.execute at 0x78efe0be19a0>
        current    = <_AsyncIoGreenlet object at 0x78efe0b41940 (otid=0x1d6ace30) dead>
venv/lib/python3.12/site-packages/sqlalchemy/util/_concurrency_py3k.py:195: in greenlet_spawn
    value = await result
        _require_await = False
        args       = (<sqlalchemy.engine.base.Connection object at 0x78efe0bd0380>,)
        context    = <_AsyncIoGreenlet object at 0x78efe0b41940 (otid=0x1d6ace30) dead>
        fn         = <bound method MetaData.create_all of MetaData()>
        kwargs     = {}
        result     = <coroutine object Cursor.execute at 0x78efe0be19a0>
        switch_occurred = True
        value      = <aiosqlite.cursor.Cursor object at 0x78efe0bd2210>
venv/lib/python3.12/site-packages/aiosqlite/cursor.py:40: in execute
    await self._execute(self._cursor.execute, sql, parameters)
        parameters = ()
        self       = <aiosqlite.cursor.Cursor object at 0x78efe0bd2210>
        sql        = 'CREATE UNIQUE INDEX ix_users_email ON users (email)'
venv/lib/python3.12/site-packages/aiosqlite/cursor.py:32: in _execute
    return await self._conn._execute(fn, *args, **kwargs)
        args       = ('CREATE UNIQUE INDEX ix_users_email ON users (email)', ())
        fn         = <built-in method execute of sqlite3.Cursor object at 0x78efe0bb97c0>
        kwargs     = {}
        self       = <aiosqlite.cursor.Cursor object at 0x78efe0bd2210>
venv/lib/python3.12/site-packages/aiosqlite/core.py:160: in _execute
    return await future
        args       = ('CREATE UNIQUE INDEX ix_users_email ON users (email)', ())
        fn         = <built-in method execute of sqlite3.Cursor object at 0x78efe0bb97c0>
        function   = functools.partial(<built-in method execute of sqlite3.Cursor object at 0x78efe0bb97c0>, 'CREATE UNIQUE INDEX ix_users_email ON users (email)', ())
        future     = <Future finished exception=OperationalError('index ix_users_email already exists')>
        kwargs     = {}
        self       = <aiosqlite.core.Connection object at 0x78efe0bd0950>
venv/lib/python3.12/site-packages/aiosqlite/core.py:63: in _connection_worker_thread
    result = function()
E   sqlite3.OperationalError: index ix_users_email already exists
        function   = functools.partial(<built-in method rollback of sqlite3.Connection object at 0x78efe0b6f2e0>)
        future     = <Future finished result=None>
        result     = None
        tx         = <_queue.SimpleQueue object at 0x78efe0bd7060>

The above exception was the direct cause of the following exception:
venv/lib/python3.12/site-packages/pytest_asyncio/plugin.py:336: in _asyncgen_fixture_wrapper
    result = event_loop.run_until_complete(setup())
        event_loop = <_UnixSelectorEventLoop running=False closed=False debug=False>
        event_loop_fixture_id = '_session_event_loop'
        finalizer  = <function _wrap_asyncgen_fixture.<locals>._asyncgen_fixture_wrapper.<locals>.finalizer at 0x78efe0ba99e0>
        fixture    = <function engine at 0x78f001182b60>
        fixturedef = <FixtureDef argname='engine' scope='session' baseid='tests'>
        func       = <function engine at 0x78f001182b60>
        gen_obj    = <async_generator object engine at 0x78efe0b6ec50>
        kwargs     = {}
        request    = <SubRequest 'engine' for <Coroutine test_chat_session_creation_with_user>>
        setup      = <function _wrap_asyncgen_fixture.<locals>._asyncgen_fixture_wrapper.<locals>.setup at 0x78efe0ba9a80>
/usr/lib/python3.12/asyncio/base_events.py:687: in run_until_complete
    return future.result()
        future     = <Task finished name='Task-1' coro=<_wrap_asyncgen_fixture.<locals>._asyncgen_fixture_wrapper.<locals>.setup() done, defined at /mnt/d/workspace/ChatApplication/project-code/backend/venv/lib/python3.12/site-packages/pytest_asyncio/plugin.py:317> exception=OperationalError('(sqlite3.OperationalError) index ix_users_email already exists')>
        new_task   = True
        self       = <_UnixSelectorEventLoop running=False closed=False debug=False>
venv/lib/python3.12/site-packages/pytest_asyncio/plugin.py:318: in setup
    res = await gen_obj.__anext__()
        gen_obj    = <async_generator object engine at 0x78efe0b6ec50>
tests/conftest.py:62: in engine
    await conn.run_sync(Base.metadata.create_all)
        conn       = <sqlalchemy.ext.asyncio.engine.AsyncConnection object at 0x78efe0bd6850>
        test_engine = <sqlalchemy.ext.asyncio.engine.AsyncEngine object at 0x78f001041090>
venv/lib/python3.12/site-packages/sqlalchemy/ext/asyncio/engine.py:891: in run_sync
    return await greenlet_spawn(fn, self._proxied, *arg, **kw)
        arg        = ()
        fn         = <bound method MetaData.create_all of MetaData()>
        kw         = {}
        self       = <sqlalchemy.ext.asyncio.engine.AsyncConnection object at 0x78efe0bd6850>
venv/lib/python3.12/site-packages/sqlalchemy/util/_concurrency_py3k.py:200: in greenlet_spawn
    result = context.throw(*sys.exc_info())
        _require_await = False
        args       = (<sqlalchemy.engine.base.Connection object at 0x78efe0bd0380>,)
        context    = <_AsyncIoGreenlet object at 0x78efe0b41940 (otid=0x1d6ace30) dead>
        fn         = <bound method MetaData.create_all of MetaData()>
        kwargs     = {}
        result     = <coroutine object Cursor.execute at 0x78efe0be19a0>
        switch_occurred = True
        value      = <aiosqlite.cursor.Cursor object at 0x78efe0bd2210>
venv/lib/python3.12/site-packages/sqlalchemy/sql/schema.py:5832: in create_all
    bind._run_ddl_visitor(
        bind       = <sqlalchemy.engine.base.Connection object at 0x78efe0bd0380>
        checkfirst = True
        self       = MetaData()
        tables     = None
venv/lib/python3.12/site-packages/sqlalchemy/engine/base.py:2448: in _run_ddl_visitor
    visitorcallable(self.dialect, self, **kwargs).traverse_single(element)
        element    = MetaData()
        kwargs     = {'checkfirst': True, 'tables': None}
        self       = <sqlalchemy.engine.base.Connection object at 0x78efe0bd0380>
        visitorcallable = <class 'sqlalchemy.sql.ddl.SchemaGenerator'>
venv/lib/python3.12/site-packages/sqlalchemy/sql/visitors.py:671: in traverse_single
    return meth(obj, **kw)
        kw         = {}
        meth       = <bound method SchemaGenerator.visit_metadata of <sqlalchemy.sql.ddl.SchemaGenerator object at 0x78efe0ce40d0>>
        obj        = MetaData()
        self       = <sqlalchemy.sql.ddl.SchemaGenerator object at 0x78efe0ce40d0>
        v          = <sqlalchemy.sql.ddl.SchemaGenerator object at 0x78efe0ce40d0>
venv/lib/python3.12/site-packages/sqlalchemy/sql/ddl.py:919: in visit_metadata
    self.traverse_single(
        collection = [(Table('users', MetaData(), Column('id', GUID(), table=<users>, primary_key=True, nullable=False, default=CallableColumnDefault(<function uuid4 at 0x78f001182de0>)), Column('email', String(length=255), table=<users>), Column('password_hash', String(length=255), table=<users>), Column('role', Enum('ADMIN', 'USER', 'ANONYMOUS', name='user_role'), table=<users>, nullable=False, default=ScalarElementColumnDefault(<UserRole.ANONYMOUS: 'anonymous'>)), Column('is_active', Boolean(), table=<users>, nullable=False, default=ScalarElementColumnDefault(True)), Column('created_at', DateTime(timezone=True), table=<users>, nullable=False, default=CallableColumnDefault(<function datetime.utcnow at 0x78f0011e8ea0>)), Column('last_login', DateTime(timezone=True), table=<users>), schema=None),
  set()),
 (Table('chat_sessions', MetaData(), Column('id', GUID(), table=<chat_sessions>, primary_key=True, nullable=False, default=CallableColumnDefault(<function uuid4 at 0x78f001078720>)), Column('user_id', GUID(), ForeignKey('users.id'), table=<chat_sessions>), Column('session_token', String(length=255), table=<chat_sessions>, nullable=False), Column('created_at', DateTime(timezone=True), table=<chat_sessions>, nullable=False, default=CallableColumnDefault(<function datetime.utcnow at 0x78f0010787c0>)), Column('updated_at', DateTime(timezone=True), table=<chat_sessions>, nullable=False, onupdate=CallableColumnDefault(<function datetime.utcnow at 0x78f001078ae0>), default=CallableColumnDefault(<function datetime.utcnow at 0x78f001078a40>)), Column('metadata', JSON(), table=<chat_sessions>, default=CallableColumnDefault(<function dict at 0x78f001078b80>)), schema=None),
  {ForeignKeyConstraint(<sqlalchemy.sql.base.ReadOnlyColumnCollection object at 0x78efdb3365c0>, None, ondelete='SET NULL', table=Table('chat_sessions', MetaData(), Column('id', GUID(), table=<chat_sessions>, primary_key=True, nullable=False, default=CallableColumnDefault(<function uuid4 at 0x78f001078720>)), Column('user_id', GUID(), ForeignKey('users.id'), table=<chat_sessions>), Column('session_token', String(length=255), table=<chat_sessions>, nullable=False), Column('created_at', DateTime(timezone=True), table=<chat_sessions>, nullable=False, default=CallableColumnDefault(<function datetime.utcnow at 0x78f0010787c0>)), Column('updated_at', DateTime(timezone=True), table=<chat_sessions>, nullable=False, onupdate=CallableColumnDefault(<function datetime.utcnow at 0x78f001078ae0>), default=CallableColumnDefault(<function datetime.utcnow at 0x78f001078a40>)), Column('metadata', JSON(), table=<chat_sessions>, default=CallableColumnDefault(<function dict at 0x78f001078b80>)), schema=None))}),
 (Table('data_sources', MetaData(), Column('id', GUID(), table=<data_sources>, primary_key=True, nullable=False, default=CallableColumnDefault(<function uuid4 at 0x78f00107bd80>)), Column('name', String(length=255), table=<data_sources>, nullable=False), Column('type', Enum('CONFLUENCE', 'JIRA', 'GITHUB', 'ONBOARDING', name='source_type'), table=<data_sources>, nullable=False), Column('config', JSON(), table=<data_sources>, nullable=False, default=CallableColumnDefault(<function dict at 0x78f001018040>)), Column('last_sync_at', DateTime(timezone=True), table=<data_sources>), Column('sync_status', Enum('PENDING', 'SYNCING', 'SUCCESS', 'FAILED', name='sync_status'), table=<data_sources>, nullable=False, default=ScalarElementColumnDefault(<SyncStatus.PENDING: 'pending'>)), Column('sync_error', Text(), table=<data_sources>), Column('created_by', GUID(), ForeignKey('users.id'), table=<data_sources>, nullable=False), Column('is_active', Boolean(), table=<data_sources>, nullable=False, default=ScalarElementColumnDefault(True)), schema=None),
  {ForeignKeyConstraint(<sqlalchemy.sql.base.ReadOnlyColumnCollection object at 0x78efdb336610>, None, ondelete='CASCADE', table=Table('data_sources', MetaData(), Column('id', GUID(), table=<data_sources>, primary_key=True, nullable=False, default=CallableColumnDefault(<function uuid4 at 0x78f00107bd80>)), Column('name', String(length=255), table=<data_sources>, nullable=False), Column('type', Enum('CONFLUENCE', 'JIRA', 'GITHUB', 'ONBOARDING', name='source_type'), table=<data_sources>, nullable=False), Column('config', JSON(), table=<data_sources>, nullable=False, default=CallableColumnDefault(<function dict at 0x78f001018040>)), Column('last_sync_at', DateTime(timezone=True), table=<data_sources>), Column('sync_status', Enum('PENDING', 'SYNCING', 'SUCCESS', 'FAILED', name='sync_status'), table=<data_sources>, nullable=False, default=ScalarElementColumnDefault(<SyncStatus.PENDING: 'pending'>)), Column('sync_error', Text(), table=<data_sources>), Column('created_by', GUID(), ForeignKey('users.id'), table=<data_sources>, nullable=False), Column('is_active', Boolean(), table=<data_sources>, nullable=False, default=ScalarElementColumnDefault(True)), schema=None))}),
 (Table('messages', MetaData(), Column('id', GUID(), table=<messages>, primary_key=True, nullable=False, default=CallableColumnDefault(<function uuid4 at 0x78f00107a020>)), Column('session_id', GUID(), ForeignKey('chat_sessions.id'), table=<messages>, nullable=False), Column('role', Enum('USER', 'ASSISTANT', 'SYSTEM', name='message_role'), table=<messages>, nullable=False), Column('content', Text(), table=<messages>, nullable=False), Column('created_at', DateTime(timezone=True), table=<messages>, nullable=False, default=CallableColumnDefault(<function datetime.utcnow at 0x78f00107a3e0>)), Column('sources', JSON(), table=<messages>, default=CallableColumnDefault(<function dict at 0x78f00107a520>)), Column('feedback', JSON(), table=<messages>, default=CallableColumnDefault(<function dict at 0x78f00107a660>)), schema=None),
  {ForeignKeyConstraint(<sqlalchemy.sql.base.ReadOnlyColumnCollection object at 0x78efdb3366b0>, None, ondelete='CASCADE', table=Table('messages', MetaData(), Column('id', GUID(), table=<messages>, primary_key=True, nullable=False, default=CallableColumnDefault(<function uuid4 at 0x78f00107a020>)), Column('session_id', GUID(), ForeignKey('chat_sessions.id'), table=<messages>, nullable=False), Column('role', Enum('USER', 'ASSISTANT', 'SYSTEM', name='message_role'), table=<messages>, nullable=False), Column('content', Text(), table=<messages>, nullable=False), Column('created_at', DateTime(timezone=True), table=<messages>, nullable=False, default=CallableColumnDefault(<function datetime.utcnow at 0x78f00107a3e0>)), Column('sources', JSON(), table=<messages>, default=CallableColumnDefault(<function dict at 0x78f00107a520>)), Column('feedback', JSON(), table=<messages>, default=CallableColumnDefault(<function dict at 0x78f00107a660>)), schema=None))}),
 (Table('sync_logs', MetaData(), Column('id', GUID(), table=<sync_logs>, primary_key=True, nullable=False, default=CallableColumnDefault(<function uuid4 at 0x78f00101a3e0>)), Column('source_id', GUID(), ForeignKey('data_sources.id'), table=<sync_logs>, nullable=False), Column('started_at', DateTime(timezone=True), table=<sync_logs>, nullable=False, default=CallableColumnDefault(<function datetime.utcnow at 0x78f00101a480>)), Column('completed_at', DateTime(timezone=True), table=<sync_logs>), Column('status', Enum('PENDING', 'SYNCING', 'SUCCESS', 'FAILED', name='sync_status'), table=<sync_logs>, nullable=False, default=ScalarElementColumnDefault(<SyncStatus.PENDING: 'pending'>)), Column('documents_processed', Integer(), table=<sync_logs>, nullable=False, default=ScalarElementColumnDefault(0)), Column('documents_added', Integer(), table=<sync_logs>, nullable=False, default=ScalarElementColumnDefault(0)), Column('documents_updated', Integer(), table=<sync_logs>, nullable=False, default=ScalarElementColumnDefault(0)), Column('documents_deleted', Integer(), table=<sync_logs>, nullable=False, default=ScalarElementColumnDefault(0)), Column('error_log', Text(), table=<sync_logs>), schema=None),
  {ForeignKeyConstraint(<sqlalchemy.sql.base.ReadOnlyColumnCollection object at 0x78efdb336660>, None, ondelete='CASCADE', table=Table('sync_logs', MetaData(), Column('id', GUID(), table=<sync_logs>, primary_key=True, nullable=False, default=CallableColumnDefault(<function uuid4 at 0x78f00101a3e0>)), Column('source_id', GUID(), ForeignKey('data_sources.id'), table=<sync_logs>, nullable=False), Column('started_at', DateTime(timezone=True), table=<sync_logs>, nullable=False, default=CallableColumnDefault(<function datetime.utcnow at 0x78f00101a480>)), Column('completed_at', DateTime(timezone=True), table=<sync_logs>), Column('status', Enum('PENDING', 'SYNCING', 'SUCCESS', 'FAILED', name='sync_status'), table=<sync_logs>, nullable=False, default=ScalarElementColumnDefault(<SyncStatus.PENDING: 'pending'>)), Column('documents_processed', Integer(), table=<sync_logs>, nullable=False, default=ScalarElementColumnDefault(0)), Column('documents_added', Integer(), table=<sync_logs>, nullable=False, default=ScalarElementColumnDefault(0)), Column('documents_updated', Integer(), table=<sync_logs>, nullable=False, default=ScalarElementColumnDefault(0)), Column('documents_deleted', Integer(), table=<sync_logs>, nullable=False, default=ScalarElementColumnDefault(0)), Column('error_log', Text(), table=<sync_logs>), schema=None))}),
 (Table('documents', MetaData(), Column('id', UUID(), table=<documents>, primary_key=True, nullable=False, default=CallableColumnDefault(<function uuid4 at 0x78f00101bec0>)), Column('source_id', UUID(), ForeignKey('data_sources.id'), table=<documents>, nullable=False), Column('external_id', String(length=255), table=<documents>, nullable=False), Column('title', Text(), table=<documents>, nullable=False), Column('content', Text(), table=<documents>, nullable=False), Column('url', Text(), table=<documents>), Column('metadata', JSONB(astext_type=Text()), table=<documents>, default=CallableColumnDefault(<function dict at 0x78f000fec360>)), Column('created_at', DateTime(timezone=True), table=<documents>, nullable=False, default=CallableColumnDefault(<function datetime.utcnow at 0x78efe0cbef20>)), Column('updated_at', DateTime(timezone=True), table=<documents>, nullable=False, onupdate=CallableColumnDefault(<function datetime.utcnow at 0x78efe0cbf060>), default=CallableColumnDefault(<function datetime.utcnow at 0x78efe0cbefc0>)), Column('is_deleted', Boolean(), table=<documents>, nullable=False, default=ScalarElementColumnDefault(False)), schema=None),
  {ForeignKeyConstraint(<sqlalchemy.sql.base.ReadOnlyColumnCollection object at 0x78efdb336750>, None, ondelete='CASCADE', table=Table('documents', MetaData(), Column('id', UUID(), table=<documents>, primary_key=True, nullable=False, default=CallableColumnDefault(<function uuid4 at 0x78f00101bec0>)), Column('source_id', UUID(), ForeignKey('data_sources.id'), table=<documents>, nullable=False), Column('external_id', String(length=255), table=<documents>, nullable=False), Column('title', Text(), table=<documents>, nullable=False), Column('content', Text(), table=<documents>, nullable=False), Column('url', Text(), table=<documents>), Column('metadata', JSONB(astext_type=Text()), table=<documents>, default=CallableColumnDefault(<function dict at 0x78f000fec360>)), Column('created_at', DateTime(timezone=True), table=<documents>, nullable=False, default=CallableColumnDefault(<function datetime.utcnow at 0x78efe0cbef20>)), Column('updated_at', DateTime(timezone=True), table=<documents>, nullable=False, onupdate=CallableColumnDefault(<function datetime.utcnow at 0x78efe0cbf060>), default=CallableColumnDefault(<function datetime.utcnow at 0x78efe0cbefc0>)), Column('is_deleted', Boolean(), table=<documents>, nullable=False, default=ScalarElementColumnDefault(False)), schema=None))}),
 (Table('document_chunks', MetaData(), Column('id', UUID(), table=<document_chunks>, primary_key=True, nullable=False, default=CallableColumnDefault(<function uuid4 at 0x78efe0ce0720>)), Column('document_id', UUID(), ForeignKey('documents.id'), table=<document_chunks>, nullable=False), Column('chunk_index', Integer(), table=<document_chunks>, nullable=False), Column('content', Text(), table=<document_chunks>, nullable=False), Column('embedding', Vector(dim=384), table=<document_chunks>), Column('metadata', JSONB(astext_type=Text()), table=<document_chunks>, default=CallableColumnDefault(<function dict at 0x78efe0ce07c0>)), Column('created_at', DateTime(timezone=True), table=<document_chunks>, nullable=False, default=CallableColumnDefault(<function datetime.utcnow at 0x78efe0ce09a0>)), schema=None),
  {ForeignKeyConstraint(<sqlalchemy.sql.base.ReadOnlyColumnCollection object at 0x78efdb3367a0>, None, ondelete='CASCADE', table=Table('document_chunks', MetaData(), Column('id', UUID(), table=<document_chunks>, primary_key=True, nullable=False, default=CallableColumnDefault(<function uuid4 at 0x78efe0ce0720>)), Column('document_id', UUID(), ForeignKey('documents.id'), table=<document_chunks>, nullable=False), Column('chunk_index', Integer(), table=<document_chunks>, nullable=False), Column('content', Text(), table=<document_chunks>, nullable=False), Column('embedding', Vector(dim=384), table=<document_chunks>), Column('metadata', JSONB(astext_type=Text()), table=<document_chunks>, default=CallableColumnDefault(<function dict at 0x78efe0ce07c0>)), Column('created_at', DateTime(timezone=True), table=<document_chunks>, nullable=False, default=CallableColumnDefault(<function datetime.utcnow at 0x78efe0ce09a0>)), schema=None))}),
 (None, [])]
        event_collection = [Table('users', MetaData(), Column('id', GUID(), table=<users>, primary_key=True, nullable=False, default=CallableColumnDefault(<function uuid4 at 0x78f001182de0>)), Column('email', String(length=255), table=<users>), Column('password_hash', String(length=255), table=<users>), Column('role', Enum('ADMIN', 'USER', 'ANONYMOUS', name='user_role'), table=<users>, nullable=False, default=ScalarElementColumnDefault(<UserRole.ANONYMOUS: 'anonymous'>)), Column('is_active', Boolean(), table=<users>, nullable=False, default=ScalarElementColumnDefault(True)), Column('created_at', DateTime(timezone=True), table=<users>, nullable=False, default=CallableColumnDefault(<function datetime.utcnow at 0x78f0011e8ea0>)), Column('last_login', DateTime(timezone=True), table=<users>), schema=None),
 Table('chat_sessions', MetaData(), Column('id', GUID(), table=<chat_sessions>, primary_key=True, nullable=False, default=CallableColumnDefault(<function uuid4 at 0x78f001078720>)), Column('user_id', GUID(), ForeignKey('users.id'), table=<chat_sessions>), Column('session_token', String(length=255), table=<chat_sessions>, nullable=False), Column('created_at', DateTime(timezone=True), table=<chat_sessions>, nullable=False, default=CallableColumnDefault(<function datetime.utcnow at 0x78f0010787c0>)), Column('updated_at', DateTime(timezone=True), table=<chat_sessions>, nullable=False, onupdate=CallableColumnDefault(<function datetime.utcnow at 0x78f001078ae0>), default=CallableColumnDefault(<function datetime.utcnow at 0x78f001078a40>)), Column('metadata', JSON(), table=<chat_sessions>, default=CallableColumnDefault(<function dict at 0x78f001078b80>)), schema=None),
 Table('data_sources', MetaData(), Column('id', GUID(), table=<data_sources>, primary_key=True, nullable=False, default=CallableColumnDefault(<function uuid4 at 0x78f00107bd80>)), Column('name', String(length=255), table=<data_sources>, nullable=False), Column('type', Enum('CONFLUENCE', 'JIRA', 'GITHUB', 'ONBOARDING', name='source_type'), table=<data_sources>, nullable=False), Column('config', JSON(), table=<data_sources>, nullable=False, default=CallableColumnDefault(<function dict at 0x78f001018040>)), Column('last_sync_at', DateTime(timezone=True), table=<data_sources>), Column('sync_status', Enum('PENDING', 'SYNCING', 'SUCCESS', 'FAILED', name='sync_status'), table=<data_sources>, nullable=False, default=ScalarElementColumnDefault(<SyncStatus.PENDING: 'pending'>)), Column('sync_error', Text(), table=<data_sources>), Column('created_by', GUID(), ForeignKey('users.id'), table=<data_sources>, nullable=False), Column('is_active', Boolean(), table=<data_sources>, nullable=False, default=ScalarElementColumnDefault(True)), schema=None),
 Table('messages', MetaData(), Column('id', GUID(), table=<messages>, primary_key=True, nullable=False, default=CallableColumnDefault(<function uuid4 at 0x78f00107a020>)), Column('session_id', GUID(), ForeignKey('chat_sessions.id'), table=<messages>, nullable=False), Column('role', Enum('USER', 'ASSISTANT', 'SYSTEM', name='message_role'), table=<messages>, nullable=False), Column('content', Text(), table=<messages>, nullable=False), Column('created_at', DateTime(timezone=True), table=<messages>, nullable=False, default=CallableColumnDefault(<function datetime.utcnow at 0x78f00107a3e0>)), Column('sources', JSON(), table=<messages>, default=CallableColumnDefault(<function dict at 0x78f00107a520>)), Column('feedback', JSON(), table=<messages>, default=CallableColumnDefault(<function dict at 0x78f00107a660>)), schema=None),
 Table('sync_logs', MetaData(), Column('id', GUID(), table=<sync_logs>, primary_key=True, nullable=False, default=CallableColumnDefault(<function uuid4 at 0x78f00101a3e0>)), Column('source_id', GUID(), ForeignKey('data_sources.id'), table=<sync_logs>, nullable=False), Column('started_at', DateTime(timezone=True), table=<sync_logs>, nullable=False, default=CallableColumnDefault(<function datetime.utcnow at 0x78f00101a480>)), Column('completed_at', DateTime(timezone=True), table=<sync_logs>), Column('status', Enum('PENDING', 'SYNCING', 'SUCCESS', 'FAILED', name='sync_status'), table=<sync_logs>, nullable=False, default=ScalarElementColumnDefault(<SyncStatus.PENDING: 'pending'>)), Column('documents_processed', Integer(), table=<sync_logs>, nullable=False, default=ScalarElementColumnDefault(0)), Column('documents_added', Integer(), table=<sync_logs>, nullable=False, default=ScalarElementColumnDefault(0)), Column('documents_updated', Integer(), table=<sync_logs>, nullable=False, default=ScalarElementColumnDefault(0)), Column('documents_deleted', Integer(), table=<sync_logs>, nullable=False, default=ScalarElementColumnDefault(0)), Column('error_log', Text(), table=<sync_logs>), schema=None),
 Table('documents', MetaData(), Column('id', UUID(), table=<documents>, primary_key=True, nullable=False, default=CallableColumnDefault(<function uuid4 at 0x78f00101bec0>)), Column('source_id', UUID(), ForeignKey('data_sources.id'), table=<documents>, nullable=False), Column('external_id', String(length=255), table=<documents>, nullable=False), Column('title', Text(), table=<documents>, nullable=False), Column('content', Text(), table=<documents>, nullable=False), Column('url', Text(), table=<documents>), Column('metadata', JSONB(astext_type=Text()), table=<documents>, default=CallableColumnDefault(<function dict at 0x78f000fec360>)), Column('created_at', DateTime(timezone=True), table=<documents>, nullable=False, default=CallableColumnDefault(<function datetime.utcnow at 0x78efe0cbef20>)), Column('updated_at', DateTime(timezone=True), table=<documents>, nullable=False, onupdate=CallableColumnDefault(<function datetime.utcnow at 0x78efe0cbf060>), default=CallableColumnDefault(<function datetime.utcnow at 0x78efe0cbefc0>)), Column('is_deleted', Boolean(), table=<documents>, nullable=False, default=ScalarElementColumnDefault(False)), schema=None),
 Table('document_chunks', MetaData(), Column('id', UUID(), table=<document_chunks>, primary_key=True, nullable=False, default=CallableColumnDefault(<function uuid4 at 0x78efe0ce0720>)), Column('document_id', UUID(), ForeignKey('documents.id'), table=<document_chunks>, nullable=False), Column('chunk_index', Integer(), table=<document_chunks>, nullable=False), Column('content', Text(), table=<document_chunks>, nullable=False), Column('embedding', Vector(dim=384), table=<document_chunks>), Column('metadata', JSONB(astext_type=Text()), table=<document_chunks>, default=CallableColumnDefault(<function dict at 0x78efe0ce07c0>)), Column('created_at', DateTime(timezone=True), table=<document_chunks>, nullable=False, default=CallableColumnDefault(<function datetime.utcnow at 0x78efe0ce09a0>)), schema=None)]
        fkcs       = set()
        metadata   = MetaData()
        self       = <sqlalchemy.sql.ddl.SchemaGenerator object at 0x78efe0ce40d0>
        seq_coll   = []
        table      = Table('users', MetaData(), Column('id', GUID(), table=<users>, primary_key=True, nullable=False, default=CallableColumnDefault(<function uuid4 at 0x78f001182de0>)), Column('email', String(length=255), table=<users>), Column('password_hash', String(length=255), table=<users>), Column('role', Enum('ADMIN', 'USER', 'ANONYMOUS', name='user_role'), table=<users>, nullable=False, default=ScalarElementColumnDefault(<UserRole.ANONYMOUS: 'anonymous'>)), Column('is_active', Boolean(), table=<users>, nullable=False, default=ScalarElementColumnDefault(True)), Column('created_at', DateTime(timezone=True), table=<users>, nullable=False, default=CallableColumnDefault(<function datetime.utcnow at 0x78f0011e8ea0>)), Column('last_login', DateTime(timezone=True), table=<users>), schema=None)
        tables     = [Table('users', MetaData(), Column('id', GUID(), table=<users>, primary_key=True, nullable=False, default=CallableColumnDefault(<function uuid4 at 0x78f001182de0>)), Column('email', String(length=255), table=<users>), Column('password_hash', String(length=255), table=<users>), Column('role', Enum('ADMIN', 'USER', 'ANONYMOUS', name='user_role'), table=<users>, nullable=False, default=ScalarElementColumnDefault(<UserRole.ANONYMOUS: 'anonymous'>)), Column('is_active', Boolean(), table=<users>, nullable=False, default=ScalarElementColumnDefault(True)), Column('created_at', DateTime(timezone=True), table=<users>, nullable=False, default=CallableColumnDefault(<function datetime.utcnow at 0x78f0011e8ea0>)), Column('last_login', DateTime(timezone=True), table=<users>), schema=None),
 Table('chat_sessions', MetaData(), Column('id', GUID(), table=<chat_sessions>, primary_key=True, nullable=False, default=CallableColumnDefault(<function uuid4 at 0x78f001078720>)), Column('user_id', GUID(), ForeignKey('users.id'), table=<chat_sessions>), Column('session_token', String(length=255), table=<chat_sessions>, nullable=False), Column('created_at', DateTime(timezone=True), table=<chat_sessions>, nullable=False, default=CallableColumnDefault(<function datetime.utcnow at 0x78f0010787c0>)), Column('updated_at', DateTime(timezone=True), table=<chat_sessions>, nullable=False, onupdate=CallableColumnDefault(<function datetime.utcnow at 0x78f001078ae0>), default=CallableColumnDefault(<function datetime.utcnow at 0x78f001078a40>)), Column('metadata', JSON(), table=<chat_sessions>, default=CallableColumnDefault(<function dict at 0x78f001078b80>)), schema=None),
 Table('messages', MetaData(), Column('id', GUID(), table=<messages>, primary_key=True, nullable=False, default=CallableColumnDefault(<function uuid4 at 0x78f00107a020>)), Column('session_id', GUID(), ForeignKey('chat_sessions.id'), table=<messages>, nullable=False), Column('role', Enum('USER', 'ASSISTANT', 'SYSTEM', name='message_role'), table=<messages>, nullable=False), Column('content', Text(), table=<messages>, nullable=False), Column('created_at', DateTime(timezone=True), table=<messages>, nullable=False, default=CallableColumnDefault(<function datetime.utcnow at 0x78f00107a3e0>)), Column('sources', JSON(), table=<messages>, default=CallableColumnDefault(<function dict at 0x78f00107a520>)), Column('feedback', JSON(), table=<messages>, default=CallableColumnDefault(<function dict at 0x78f00107a660>)), schema=None),
 Table('data_sources', MetaData(), Column('id', GUID(), table=<data_sources>, primary_key=True, nullable=False, default=CallableColumnDefault(<function uuid4 at 0x78f00107bd80>)), Column('name', String(length=255), table=<data_sources>, nullable=False), Column('type', Enum('CONFLUENCE', 'JIRA', 'GITHUB', 'ONBOARDING', name='source_type'), table=<data_sources>, nullable=False), Column('config', JSON(), table=<data_sources>, nullable=False, default=CallableColumnDefault(<function dict at 0x78f001018040>)), Column('last_sync_at', DateTime(timezone=True), table=<data_sources>), Column('sync_status', Enum('PENDING', 'SYNCING', 'SUCCESS', 'FAILED', name='sync_status'), table=<data_sources>, nullable=False, default=ScalarElementColumnDefault(<SyncStatus.PENDING: 'pending'>)), Column('sync_error', Text(), table=<data_sources>), Column('created_by', GUID(), ForeignKey('users.id'), table=<data_sources>, nullable=False), Column('is_active', Boolean(), table=<data_sources>, nullable=False, default=ScalarElementColumnDefault(True)), schema=None),
 Table('sync_logs', MetaData(), Column('id', GUID(), table=<sync_logs>, primary_key=True, nullable=False, default=CallableColumnDefault(<function uuid4 at 0x78f00101a3e0>)), Column('source_id', GUID(), ForeignKey('data_sources.id'), table=<sync_logs>, nullable=False), Column('started_at', DateTime(timezone=True), table=<sync_logs>, nullable=False, default=CallableColumnDefault(<function datetime.utcnow at 0x78f00101a480>)), Column('completed_at', DateTime(timezone=True), table=<sync_logs>), Column('status', Enum('PENDING', 'SYNCING', 'SUCCESS', 'FAILED', name='sync_status'), table=<sync_logs>, nullable=False, default=ScalarElementColumnDefault(<SyncStatus.PENDING: 'pending'>)), Column('documents_processed', Integer(), table=<sync_logs>, nullable=False, default=ScalarElementColumnDefault(0)), Column('documents_added', Integer(), table=<sync_logs>, nullable=False, default=ScalarElementColumnDefault(0)), Column('documents_updated', Integer(), table=<sync_logs>, nullable=False, default=ScalarElementColumnDefault(0)), Column('documents_deleted', Integer(), table=<sync_logs>, nullable=False, default=ScalarElementColumnDefault(0)), Column('error_log', Text(), table=<sync_logs>), schema=None),
 Table('documents', MetaData(), Column('id', UUID(), table=<documents>, primary_key=True, nullable=False, default=CallableColumnDefault(<function uuid4 at 0x78f00101bec0>)), Column('source_id', UUID(), ForeignKey('data_sources.id'), table=<documents>, nullable=False), Column('external_id', String(length=255), table=<documents>, nullable=False), Column('title', Text(), table=<documents>, nullable=False), Column('content', Text(), table=<documents>, nullable=False), Column('url', Text(), table=<documents>), Column('metadata', JSONB(astext_type=Text()), table=<documents>, default=CallableColumnDefault(<function dict at 0x78f000fec360>)), Column('created_at', DateTime(timezone=True), table=<documents>, nullable=False, default=CallableColumnDefault(<function datetime.utcnow at 0x78efe0cbef20>)), Column('updated_at', DateTime(timezone=True), table=<documents>, nullable=False, onupdate=CallableColumnDefault(<function datetime.utcnow at 0x78efe0cbf060>), default=CallableColumnDefault(<function datetime.utcnow at 0x78efe0cbefc0>)), Column('is_deleted', Boolean(), table=<documents>, nullable=False, default=ScalarElementColumnDefault(False)), schema=None),
 Table('document_chunks', MetaData(), Column('id', UUID(), table=<document_chunks>, primary_key=True, nullable=False, default=CallableColumnDefault(<function uuid4 at 0x78efe0ce0720>)), Column('document_id', UUID(), ForeignKey('documents.id'), table=<document_chunks>, nullable=False), Column('chunk_index', Integer(), table=<document_chunks>, nullable=False), Column('content', Text(), table=<document_chunks>, nullable=False), Column('embedding', Vector(dim=384), table=<document_chunks>), Column('metadata', JSONB(astext_type=Text()), table=<document_chunks>, default=CallableColumnDefault(<function dict at 0x78efe0ce07c0>)), Column('created_at', DateTime(timezone=True), table=<document_chunks>, nullable=False, default=CallableColumnDefault(<function datetime.utcnow at 0x78efe0ce09a0>)), schema=None)]
venv/lib/python3.12/site-packages/sqlalchemy/sql/visitors.py:671: in traverse_single
    return meth(obj, **kw)
        kw         = {'_is_metadata_operation': True,
 'create_ok': True,
 'include_foreign_key_constraints': set()}
        meth       = <bound method SchemaGenerator.visit_table of <sqlalchemy.sql.ddl.SchemaGenerator object at 0x78efe0ce40d0>>
        obj        = Table('users', MetaData(), Column('id', GUID(), table=<users>, primary_key=True, nullable=False, default=CallableColumnDefault(<function uuid4 at 0x78f001182de0>)), Column('email', String(length=255), table=<users>), Column('password_hash', String(length=255), table=<users>), Column('role', Enum('ADMIN', 'USER', 'ANONYMOUS', name='user_role'), table=<users>, nullable=False, default=ScalarElementColumnDefault(<UserRole.ANONYMOUS: 'anonymous'>)), Column('is_active', Boolean(), table=<users>, nullable=False, default=ScalarElementColumnDefault(True)), Column('created_at', DateTime(timezone=True), table=<users>, nullable=False, default=CallableColumnDefault(<function datetime.utcnow at 0x78f0011e8ea0>)), Column('last_login', DateTime(timezone=True), table=<users>), schema=None)
        self       = <sqlalchemy.sql.ddl.SchemaGenerator object at 0x78efe0ce40d0>
        v          = <sqlalchemy.sql.ddl.SchemaGenerator object at 0x78efe0ce40d0>
venv/lib/python3.12/site-packages/sqlalchemy/sql/ddl.py:961: in visit_table
    self.traverse_single(index, create_ok=True)
        _is_metadata_operation = True
        column     = Column('last_login', DateTime(timezone=True), table=<users>)
        create_ok  = True
        include_foreign_key_constraints = None
        index      = Index('ix_users_email', Column('email', String(length=255), table=<users>), unique=True)
        self       = <sqlalchemy.sql.ddl.SchemaGenerator object at 0x78efe0ce40d0>
        table      = Table('users', MetaData(), Column('id', GUID(), table=<users>, primary_key=True, nullable=False, default=CallableColumnDefault(<function uuid4 at 0x78f001182de0>)), Column('email', String(length=255), table=<users>), Column('password_hash', String(length=255), table=<users>), Column('role', Enum('ADMIN', 'USER', 'ANONYMOUS', name='user_role'), table=<users>, nullable=False, default=ScalarElementColumnDefault(<UserRole.ANONYMOUS: 'anonymous'>)), Column('is_active', Boolean(), table=<users>, nullable=False, default=ScalarElementColumnDefault(True)), Column('created_at', DateTime(timezone=True), table=<users>, nullable=False, default=CallableColumnDefault(<function datetime.utcnow at 0x78f0011e8ea0>)), Column('last_login', DateTime(timezone=True), table=<users>), schema=None)
venv/lib/python3.12/site-packages/sqlalchemy/sql/visitors.py:671: in traverse_single
    return meth(obj, **kw)
        kw         = {'create_ok': True}
        meth       = <bound method SchemaGenerator.visit_index of <sqlalchemy.sql.ddl.SchemaGenerator object at 0x78efe0ce40d0>>
        obj        = Index('ix_users_email', Column('email', String(length=255), table=<users>), unique=True)
        self       = <sqlalchemy.sql.ddl.SchemaGenerator object at 0x78efe0ce40d0>
        v          = <sqlalchemy.sql.ddl.SchemaGenerator object at 0x78efe0ce40d0>
venv/lib/python3.12/site-packages/sqlalchemy/sql/ddl.py:998: in visit_index
    CreateIndex(index)._invoke_with(self.connection)
        create_ok  = True
        index      = Index('ix_users_email', Column('email', String(length=255), table=<users>), unique=True)
        self       = <sqlalchemy.sql.ddl.SchemaGenerator object at 0x78efe0ce40d0>
venv/lib/python3.12/site-packages/sqlalchemy/sql/ddl.py:315: in _invoke_with
    return bind.execute(self)
        bind       = <sqlalchemy.engine.base.Connection object at 0x78efe0bd0380>
        self       = <sqlalchemy.sql.ddl.CreateIndex object at 0x78f000fe2900>
venv/lib/python3.12/site-packages/sqlalchemy/engine/base.py:1416: in execute
    return meth(
        distilled_parameters = ()
        execution_options = None
        meth       = <bound method ExecutableDDLElement._execute_on_connection of <sqlalchemy.sql.ddl.CreateIndex object at 0x78f000fe2900>>
        parameters = None
        self       = <sqlalchemy.engine.base.Connection object at 0x78efe0bd0380>
        statement  = <sqlalchemy.sql.ddl.CreateIndex object at 0x78f000fe2900>
venv/lib/python3.12/site-packages/sqlalchemy/sql/ddl.py:181: in _execute_on_connection
    return connection._execute_ddl(
        connection = <sqlalchemy.engine.base.Connection object at 0x78efe0bd0380>
        distilled_params = ()
        execution_options = immutabledict({})
        self       = <sqlalchemy.sql.ddl.CreateIndex object at 0x78f000fe2900>
venv/lib/python3.12/site-packages/sqlalchemy/engine/base.py:1528: in _execute_ddl
    ret = self._execute_context(
        compiled   = <sqlalchemy.dialects.sqlite.base.SQLiteDDLCompiler object at 0x78efe0bd18e0>
        ddl        = <sqlalchemy.sql.ddl.CreateIndex object at 0x78f000fe2900>
        dialect    = <sqlalchemy.dialects.sqlite.aiosqlite.SQLiteDialect_aiosqlite object at 0x78efe0cc3620>
        distilled_parameters = ()
        event_multiparams = None
        event_params = None
        exec_opts  = immutabledict({})
        execution_options = immutabledict({})
        schema_translate_map = None
        self       = <sqlalchemy.engine.base.Connection object at 0x78efe0bd0380>
venv/lib/python3.12/site-packages/sqlalchemy/engine/base.py:1848: in _execute_context
    return self._exec_single_context(
        args       = (<sqlalchemy.dialects.sqlite.base.SQLiteDDLCompiler object at 0x78efe0bd18e0>,)
        conn       = <sqlalchemy.pool.base._ConnectionFairy object at 0x78efe0ba6930>
        constructor = <bound method DefaultExecutionContext._init_ddl of <class 'sqlalchemy.dialects.sqlite.aiosqlite.SQLiteExecutionContext_aiosqlite'>>
        context    = <sqlalchemy.dialects.sqlite.aiosqlite.SQLiteExecutionContext_aiosqlite object at 0x78efe0bd21b0>
        dialect    = <sqlalchemy.dialects.sqlite.aiosqlite.SQLiteDialect_aiosqlite object at 0x78efe0cc3620>
        execution_options = immutabledict({})
        kw         = {}
        parameters = None
        self       = <sqlalchemy.engine.base.Connection object at 0x78efe0bd0380>
        statement  = <sqlalchemy.dialects.sqlite.base.SQLiteDDLCompiler object at 0x78efe0bd18e0>
venv/lib/python3.12/site-packages/sqlalchemy/engine/base.py:1988: in _exec_single_context
    self._handle_dbapi_exception(
        context    = <sqlalchemy.dialects.sqlite.aiosqlite.SQLiteExecutionContext_aiosqlite object at 0x78efe0bd21b0>
        cursor     = <sqlalchemy.dialects.sqlite.aiosqlite.AsyncAdapt_aiosqlite_cursor object at 0x78efe0ba7e20>
        dialect    = <sqlalchemy.dialects.sqlite.aiosqlite.SQLiteDialect_aiosqlite object at 0x78efe0cc3620>
        effective_parameters = ()
        evt_handled = False
        parameters = [()]
        self       = <sqlalchemy.engine.base.Connection object at 0x78efe0bd0380>
        statement  = <sqlalchemy.dialects.sqlite.base.SQLiteDDLCompiler object at 0x78efe0bd18e0>
        str_statement = 'CREATE UNIQUE INDEX ix_users_email ON users (email)'
venv/lib/python3.12/site-packages/sqlalchemy/engine/base.py:2344: in _handle_dbapi_exception
    raise sqlalchemy_exception.with_traceback(exc_info[2]) from e
        context    = <sqlalchemy.dialects.sqlite.aiosqlite.SQLiteExecutionContext_aiosqlite object at 0x78efe0bd21b0>
        cursor     = <sqlalchemy.dialects.sqlite.aiosqlite.AsyncAdapt_aiosqlite_cursor object at 0x78efe0ba7e20>
        e          = OperationalError('index ix_users_email already exists')
        exc_info   = (<class 'sqlite3.OperationalError'>,
 OperationalError('index ix_users_email already exists'),
 <traceback object at 0x78efe0201740>)
        invalidate_pool_on_disconnect = True
        is_exit_exception = False
        is_sub_exec = False
        ismulti    = False
        newraise   = None
        parameters = ()
        self       = <sqlalchemy.engine.base.Connection object at 0x78efe0bd0380>
        should_wrap = True
        sqlalchemy_exception = OperationalError('(sqlite3.OperationalError) index ix_users_email already exists')
        statement  = 'CREATE UNIQUE INDEX ix_users_email ON users (email)'
venv/lib/python3.12/site-packages/sqlalchemy/engine/base.py:1969: in _exec_single_context
    self.dialect.do_execute(
        context    = <sqlalchemy.dialects.sqlite.aiosqlite.SQLiteExecutionContext_aiosqlite object at 0x78efe0bd21b0>
        cursor     = <sqlalchemy.dialects.sqlite.aiosqlite.AsyncAdapt_aiosqlite_cursor object at 0x78efe0ba7e20>
        dialect    = <sqlalchemy.dialects.sqlite.aiosqlite.SQLiteDialect_aiosqlite object at 0x78efe0cc3620>
        effective_parameters = ()
        evt_handled = False
        parameters = [()]
        self       = <sqlalchemy.engine.base.Connection object at 0x78efe0bd0380>
        statement  = <sqlalchemy.dialects.sqlite.base.SQLiteDDLCompiler object at 0x78efe0bd18e0>
        str_statement = 'CREATE UNIQUE INDEX ix_users_email ON users (email)'
venv/lib/python3.12/site-packages/sqlalchemy/engine/default.py:922: in do_execute
    cursor.execute(statement, parameters)
        context    = <sqlalchemy.dialects.sqlite.aiosqlite.SQLiteExecutionContext_aiosqlite object at 0x78efe0bd21b0>
        cursor     = <sqlalchemy.dialects.sqlite.aiosqlite.AsyncAdapt_aiosqlite_cursor object at 0x78efe0ba7e20>
        parameters = ()
        self       = <sqlalchemy.dialects.sqlite.aiosqlite.SQLiteDialect_aiosqlite object at 0x78efe0cc3620>
        statement  = 'CREATE UNIQUE INDEX ix_users_email ON users (email)'
venv/lib/python3.12/site-packages/sqlalchemy/dialects/sqlite/aiosqlite.py:146: in execute
    self._adapt_connection._handle_exception(error)
        _cursor    = <aiosqlite.cursor.Cursor object at 0x78efe0bd2210>
        operation  = 'CREATE UNIQUE INDEX ix_users_email ON users (email)'
        parameters = ()
        self       = <sqlalchemy.dialects.sqlite.aiosqlite.AsyncAdapt_aiosqlite_cursor object at 0x78efe0ba7e20>
venv/lib/python3.12/site-packages/sqlalchemy/dialects/sqlite/aiosqlite.py:298: in _handle_exception
    raise error
        error      = OperationalError('index ix_users_email already exists')
        self       = <AdaptedConnection <aiosqlite.core.Connection object at 0x78efe0bd0950>>
venv/lib/python3.12/site-packages/sqlalchemy/dialects/sqlite/aiosqlite.py:128: in execute
    self.await_(_cursor.execute(operation, parameters))
        _cursor    = <aiosqlite.cursor.Cursor object at 0x78efe0bd2210>
        operation  = 'CREATE UNIQUE INDEX ix_users_email ON users (email)'
        parameters = ()
        self       = <sqlalchemy.dialects.sqlite.aiosqlite.AsyncAdapt_aiosqlite_cursor object at 0x78efe0ba7e20>
venv/lib/python3.12/site-packages/sqlalchemy/util/_concurrency_py3k.py:130: in await_only
    return current.driver.switch(awaitable)  # type: ignore[no-any-return]
        awaitable  = <coroutine object Cursor.execute at 0x78efe0be19a0>
        current    = <_AsyncIoGreenlet object at 0x78efe0b41940 (otid=0x1d6ace30) dead>
venv/lib/python3.12/site-packages/sqlalchemy/util/_concurrency_py3k.py:195: in greenlet_spawn
    value = await result
        _require_await = False
        args       = (<sqlalchemy.engine.base.Connection object at 0x78efe0bd0380>,)
        context    = <_AsyncIoGreenlet object at 0x78efe0b41940 (otid=0x1d6ace30) dead>
        fn         = <bound method MetaData.create_all of MetaData()>
        kwargs     = {}
        result     = <coroutine object Cursor.execute at 0x78efe0be19a0>
        switch_occurred = True
        value      = <aiosqlite.cursor.Cursor object at 0x78efe0bd2210>
venv/lib/python3.12/site-packages/aiosqlite/cursor.py:40: in execute
    await self._execute(self._cursor.execute, sql, parameters)
        parameters = ()
        self       = <aiosqlite.cursor.Cursor object at 0x78efe0bd2210>
        sql        = 'CREATE UNIQUE INDEX ix_users_email ON users (email)'
venv/lib/python3.12/site-packages/aiosqlite/cursor.py:32: in _execute
    return await self._conn._execute(fn, *args, **kwargs)
        args       = ('CREATE UNIQUE INDEX ix_users_email ON users (email)', ())
        fn         = <built-in method execute of sqlite3.Cursor object at 0x78efe0bb97c0>
        kwargs     = {}
        self       = <aiosqlite.cursor.Cursor object at 0x78efe0bd2210>
venv/lib/python3.12/site-packages/aiosqlite/core.py:160: in _execute
    return await future
        args       = ('CREATE UNIQUE INDEX ix_users_email ON users (email)', ())
        fn         = <built-in method execute of sqlite3.Cursor object at 0x78efe0bb97c0>
        function   = functools.partial(<built-in method execute of sqlite3.Cursor object at 0x78efe0bb97c0>, 'CREATE UNIQUE INDEX ix_users_email ON users (email)', ())
        future     = <Future finished exception=OperationalError('index ix_users_email already exists')>
        kwargs     = {}
        self       = <aiosqlite.core.Connection object at 0x78efe0bd0950>
venv/lib/python3.12/site-packages/aiosqlite/core.py:63: in _connection_worker_thread
    result = function()
E   sqlalchemy.exc.OperationalError: (sqlite3.OperationalError) index ix_users_email already exists
E   [SQL: CREATE UNIQUE INDEX ix_users_email ON users (email)]
E   (Background on this error at: https://sqlalche.me/e/20/e3q8)
        function   = functools.partial(<built-in method rollback of sqlite3.Connection object at 0x78efe0b6f2e0>)
        future     = <Future finished result=None>
        result     = None
        tx         = <_queue.SimpleQueue object at 0x78efe0bd7060>
________________ ERROR at setup of test_default_values_applied _________________
venv/lib/python3.12/site-packages/sqlalchemy/engine/base.py:1969: in _exec_single_context
    self.dialect.do_execute(
        context    = <sqlalchemy.dialects.sqlite.aiosqlite.SQLiteExecutionContext_aiosqlite object at 0x78efe0bd21b0>
        cursor     = <sqlalchemy.dialects.sqlite.aiosqlite.AsyncAdapt_aiosqlite_cursor object at 0x78efe0ba7e20>
        dialect    = <sqlalchemy.dialects.sqlite.aiosqlite.SQLiteDialect_aiosqlite object at 0x78efe0cc3620>
        effective_parameters = ()
        evt_handled = False
        parameters = [()]
        self       = <sqlalchemy.engine.base.Connection object at 0x78efe0bd0380>
        statement  = <sqlalchemy.dialects.sqlite.base.SQLiteDDLCompiler object at 0x78efe0bd18e0>
        str_statement = 'CREATE UNIQUE INDEX ix_users_email ON users (email)'
venv/lib/python3.12/site-packages/sqlalchemy/engine/default.py:922: in do_execute
    cursor.execute(statement, parameters)
        context    = <sqlalchemy.dialects.sqlite.aiosqlite.SQLiteExecutionContext_aiosqlite object at 0x78efe0bd21b0>
        cursor     = <sqlalchemy.dialects.sqlite.aiosqlite.AsyncAdapt_aiosqlite_cursor object at 0x78efe0ba7e20>
        parameters = ()
        self       = <sqlalchemy.dialects.sqlite.aiosqlite.SQLiteDialect_aiosqlite object at 0x78efe0cc3620>
        statement  = 'CREATE UNIQUE INDEX ix_users_email ON users (email)'
venv/lib/python3.12/site-packages/sqlalchemy/dialects/sqlite/aiosqlite.py:146: in execute
    self._adapt_connection._handle_exception(error)
        _cursor    = <aiosqlite.cursor.Cursor object at 0x78efe0bd2210>
        operation  = 'CREATE UNIQUE INDEX ix_users_email ON users (email)'
        parameters = ()
        self       = <sqlalchemy.dialects.sqlite.aiosqlite.AsyncAdapt_aiosqlite_cursor object at 0x78efe0ba7e20>
venv/lib/python3.12/site-packages/sqlalchemy/dialects/sqlite/aiosqlite.py:298: in _handle_exception
    raise error
        error      = OperationalError('index ix_users_email already exists')
        self       = <AdaptedConnection <aiosqlite.core.Connection object at 0x78efe0bd0950>>
venv/lib/python3.12/site-packages/sqlalchemy/dialects/sqlite/aiosqlite.py:128: in execute
    self.await_(_cursor.execute(operation, parameters))
        _cursor    = <aiosqlite.cursor.Cursor object at 0x78efe0bd2210>
        operation  = 'CREATE UNIQUE INDEX ix_users_email ON users (email)'
        parameters = ()
        self       = <sqlalchemy.dialects.sqlite.aiosqlite.AsyncAdapt_aiosqlite_cursor object at 0x78efe0ba7e20>
venv/lib/python3.12/site-packages/sqlalchemy/util/_concurrency_py3k.py:130: in await_only
    return current.driver.switch(awaitable)  # type: ignore[no-any-return]
        awaitable  = <coroutine object Cursor.execute at 0x78efe0be19a0>
        current    = <_AsyncIoGreenlet object at 0x78efe0b41940 (otid=0x1d6ace30) dead>
venv/lib/python3.12/site-packages/sqlalchemy/util/_concurrency_py3k.py:195: in greenlet_spawn
    value = await result
        _require_await = False
        args       = (<sqlalchemy.engine.base.Connection object at 0x78efe0bd0380>,)
        context    = <_AsyncIoGreenlet object at 0x78efe0b41940 (otid=0x1d6ace30) dead>
        fn         = <bound method MetaData.create_all of MetaData()>
        kwargs     = {}
        result     = <coroutine object Cursor.execute at 0x78efe0be19a0>
        switch_occurred = True
        value      = <aiosqlite.cursor.Cursor object at 0x78efe0bd2210>
venv/lib/python3.12/site-packages/aiosqlite/cursor.py:40: in execute
    await self._execute(self._cursor.execute, sql, parameters)
        parameters = ()
        self       = <aiosqlite.cursor.Cursor object at 0x78efe0bd2210>
        sql        = 'CREATE UNIQUE INDEX ix_users_email ON users (email)'
venv/lib/python3.12/site-packages/aiosqlite/cursor.py:32: in _execute
    return await self._conn._execute(fn, *args, **kwargs)
        args       = ('CREATE UNIQUE INDEX ix_users_email ON users (email)', ())
        fn         = <built-in method execute of sqlite3.Cursor object at 0x78efe0bb97c0>
        kwargs     = {}
        self       = <aiosqlite.cursor.Cursor object at 0x78efe0bd2210>
venv/lib/python3.12/site-packages/aiosqlite/core.py:160: in _execute
    return await future
        args       = ('CREATE UNIQUE INDEX ix_users_email ON users (email)', ())
        fn         = <built-in method execute of sqlite3.Cursor object at 0x78efe0bb97c0>
        function   = functools.partial(<built-in method execute of sqlite3.Cursor object at 0x78efe0bb97c0>, 'CREATE UNIQUE INDEX ix_users_email ON users (email)', ())
        future     = <Future finished exception=OperationalError('index ix_users_email already exists')>
        kwargs     = {}
        self       = <aiosqlite.core.Connection object at 0x78efe0bd0950>
venv/lib/python3.12/site-packages/aiosqlite/core.py:63: in _connection_worker_thread
    result = function()
E   sqlite3.OperationalError: index ix_users_email already exists
        function   = functools.partial(<built-in method rollback of sqlite3.Connection object at 0x78efe0b6f2e0>)
        future     = <Future finished result=None>
        result     = None
        tx         = <_queue.SimpleQueue object at 0x78efe0bd7060>

The above exception was the direct cause of the following exception:
venv/lib/python3.12/site-packages/pytest_asyncio/plugin.py:336: in _asyncgen_fixture_wrapper
    result = event_loop.run_until_complete(setup())
        event_loop = <_UnixSelectorEventLoop running=False closed=False debug=False>
        event_loop_fixture_id = '_session_event_loop'
        finalizer  = <function _wrap_asyncgen_fixture.<locals>._asyncgen_fixture_wrapper.<locals>.finalizer at 0x78efe0ba99e0>
        fixture    = <function engine at 0x78f001182b60>
        fixturedef = <FixtureDef argname='engine' scope='session' baseid='tests'>
        func       = <function engine at 0x78f001182b60>
        gen_obj    = <async_generator object engine at 0x78efe0b6ec50>
        kwargs     = {}
        request    = <SubRequest 'engine' for <Coroutine test_chat_session_creation_with_user>>
        setup      = <function _wrap_asyncgen_fixture.<locals>._asyncgen_fixture_wrapper.<locals>.setup at 0x78efe0ba9a80>
/usr/lib/python3.12/asyncio/base_events.py:687: in run_until_complete
    return future.result()
        future     = <Task finished name='Task-1' coro=<_wrap_asyncgen_fixture.<locals>._asyncgen_fixture_wrapper.<locals>.setup() done, defined at /mnt/d/workspace/ChatApplication/project-code/backend/venv/lib/python3.12/site-packages/pytest_asyncio/plugin.py:317> exception=OperationalError('(sqlite3.OperationalError) index ix_users_email already exists')>
        new_task   = True
        self       = <_UnixSelectorEventLoop running=False closed=False debug=False>
venv/lib/python3.12/site-packages/pytest_asyncio/plugin.py:318: in setup
    res = await gen_obj.__anext__()
        gen_obj    = <async_generator object engine at 0x78efe0b6ec50>
tests/conftest.py:62: in engine
    await conn.run_sync(Base.metadata.create_all)
        conn       = <sqlalchemy.ext.asyncio.engine.AsyncConnection object at 0x78efe0bd6850>
        test_engine = <sqlalchemy.ext.asyncio.engine.AsyncEngine object at 0x78f001041090>
venv/lib/python3.12/site-packages/sqlalchemy/ext/asyncio/engine.py:891: in run_sync
    return await greenlet_spawn(fn, self._proxied, *arg, **kw)
        arg        = ()
        fn         = <bound method MetaData.create_all of MetaData()>
        kw         = {}
        self       = <sqlalchemy.ext.asyncio.engine.AsyncConnection object at 0x78efe0bd6850>
venv/lib/python3.12/site-packages/sqlalchemy/util/_concurrency_py3k.py:200: in greenlet_spawn
    result = context.throw(*sys.exc_info())
        _require_await = False
        args       = (<sqlalchemy.engine.base.Connection object at 0x78efe0bd0380>,)
        context    = <_AsyncIoGreenlet object at 0x78efe0b41940 (otid=0x1d6ace30) dead>
        fn         = <bound method MetaData.create_all of MetaData()>
        kwargs     = {}
        result     = <coroutine object Cursor.execute at 0x78efe0be19a0>
        switch_occurred = True
        value      = <aiosqlite.cursor.Cursor object at 0x78efe0bd2210>
venv/lib/python3.12/site-packages/sqlalchemy/sql/schema.py:5832: in create_all
    bind._run_ddl_visitor(
        bind       = <sqlalchemy.engine.base.Connection object at 0x78efe0bd0380>
        checkfirst = True
        self       = MetaData()
        tables     = None
venv/lib/python3.12/site-packages/sqlalchemy/engine/base.py:2448: in _run_ddl_visitor
    visitorcallable(self.dialect, self, **kwargs).traverse_single(element)
        element    = MetaData()
        kwargs     = {'checkfirst': True, 'tables': None}
        self       = <sqlalchemy.engine.base.Connection object at 0x78efe0bd0380>
        visitorcallable = <class 'sqlalchemy.sql.ddl.SchemaGenerator'>
venv/lib/python3.12/site-packages/sqlalchemy/sql/visitors.py:671: in traverse_single
    return meth(obj, **kw)
        kw         = {}
        meth       = <bound method SchemaGenerator.visit_metadata of <sqlalchemy.sql.ddl.SchemaGenerator object at 0x78efe0ce40d0>>
        obj        = MetaData()
        self       = <sqlalchemy.sql.ddl.SchemaGenerator object at 0x78efe0ce40d0>
        v          = <sqlalchemy.sql.ddl.SchemaGenerator object at 0x78efe0ce40d0>
venv/lib/python3.12/site-packages/sqlalchemy/sql/ddl.py:919: in visit_metadata
    self.traverse_single(
        collection = [(Table('users', MetaData(), Column('id', GUID(), table=<users>, primary_key=True, nullable=False, default=CallableColumnDefault(<function uuid4 at 0x78f001182de0>)), Column('email', String(length=255), table=<users>), Column('password_hash', String(length=255), table=<users>), Column('role', Enum('ADMIN', 'USER', 'ANONYMOUS', name='user_role'), table=<users>, nullable=False, default=ScalarElementColumnDefault(<UserRole.ANONYMOUS: 'anonymous'>)), Column('is_active', Boolean(), table=<users>, nullable=False, default=ScalarElementColumnDefault(True)), Column('created_at', DateTime(timezone=True), table=<users>, nullable=False, default=CallableColumnDefault(<function datetime.utcnow at 0x78f0011e8ea0>)), Column('last_login', DateTime(timezone=True), table=<users>), schema=None),
  set()),
 (Table('chat_sessions', MetaData(), Column('id', GUID(), table=<chat_sessions>, primary_key=True, nullable=False, default=CallableColumnDefault(<function uuid4 at 0x78f001078720>)), Column('user_id', GUID(), ForeignKey('users.id'), table=<chat_sessions>), Column('session_token', String(length=255), table=<chat_sessions>, nullable=False), Column('created_at', DateTime(timezone=True), table=<chat_sessions>, nullable=False, default=CallableColumnDefault(<function datetime.utcnow at 0x78f0010787c0>)), Column('updated_at', DateTime(timezone=True), table=<chat_sessions>, nullable=False, onupdate=CallableColumnDefault(<function datetime.utcnow at 0x78f001078ae0>), default=CallableColumnDefault(<function datetime.utcnow at 0x78f001078a40>)), Column('metadata', JSON(), table=<chat_sessions>, default=CallableColumnDefault(<function dict at 0x78f001078b80>)), schema=None),
  {ForeignKeyConstraint(<sqlalchemy.sql.base.ReadOnlyColumnCollection object at 0x78efdb3365c0>, None, ondelete='SET NULL', table=Table('chat_sessions', MetaData(), Column('id', GUID(), table=<chat_sessions>, primary_key=True, nullable=False, default=CallableColumnDefault(<function uuid4 at 0x78f001078720>)), Column('user_id', GUID(), ForeignKey('users.id'), table=<chat_sessions>), Column('session_token', String(length=255), table=<chat_sessions>, nullable=False), Column('created_at', DateTime(timezone=True), table=<chat_sessions>, nullable=False, default=CallableColumnDefault(<function datetime.utcnow at 0x78f0010787c0>)), Column('updated_at', DateTime(timezone=True), table=<chat_sessions>, nullable=False, onupdate=CallableColumnDefault(<function datetime.utcnow at 0x78f001078ae0>), default=CallableColumnDefault(<function datetime.utcnow at 0x78f001078a40>)), Column('metadata', JSON(), table=<chat_sessions>, default=CallableColumnDefault(<function dict at 0x78f001078b80>)), schema=None))}),
 (Table('data_sources', MetaData(), Column('id', GUID(), table=<data_sources>, primary_key=True, nullable=False, default=CallableColumnDefault(<function uuid4 at 0x78f00107bd80>)), Column('name', String(length=255), table=<data_sources>, nullable=False), Column('type', Enum('CONFLUENCE', 'JIRA', 'GITHUB', 'ONBOARDING', name='source_type'), table=<data_sources>, nullable=False), Column('config', JSON(), table=<data_sources>, nullable=False, default=CallableColumnDefault(<function dict at 0x78f001018040>)), Column('last_sync_at', DateTime(timezone=True), table=<data_sources>), Column('sync_status', Enum('PENDING', 'SYNCING', 'SUCCESS', 'FAILED', name='sync_status'), table=<data_sources>, nullable=False, default=ScalarElementColumnDefault(<SyncStatus.PENDING: 'pending'>)), Column('sync_error', Text(), table=<data_sources>), Column('created_by', GUID(), ForeignKey('users.id'), table=<data_sources>, nullable=False), Column('is_active', Boolean(), table=<data_sources>, nullable=False, default=ScalarElementColumnDefault(True)), schema=None),
  {ForeignKeyConstraint(<sqlalchemy.sql.base.ReadOnlyColumnCollection object at 0x78efdb336610>, None, ondelete='CASCADE', table=Table('data_sources', MetaData(), Column('id', GUID(), table=<data_sources>, primary_key=True, nullable=False, default=CallableColumnDefault(<function uuid4 at 0x78f00107bd80>)), Column('name', String(length=255), table=<data_sources>, nullable=False), Column('type', Enum('CONFLUENCE', 'JIRA', 'GITHUB', 'ONBOARDING', name='source_type'), table=<data_sources>, nullable=False), Column('config', JSON(), table=<data_sources>, nullable=False, default=CallableColumnDefault(<function dict at 0x78f001018040>)), Column('last_sync_at', DateTime(timezone=True), table=<data_sources>), Column('sync_status', Enum('PENDING', 'SYNCING', 'SUCCESS', 'FAILED', name='sync_status'), table=<data_sources>, nullable=False, default=ScalarElementColumnDefault(<SyncStatus.PENDING: 'pending'>)), Column('sync_error', Text(), table=<data_sources>), Column('created_by', GUID(), ForeignKey('users.id'), table=<data_sources>, nullable=False), Column('is_active', Boolean(), table=<data_sources>, nullable=False, default=ScalarElementColumnDefault(True)), schema=None))}),
 (Table('messages', MetaData(), Column('id', GUID(), table=<messages>, primary_key=True, nullable=False, default=CallableColumnDefault(<function uuid4 at 0x78f00107a020>)), Column('session_id', GUID(), ForeignKey('chat_sessions.id'), table=<messages>, nullable=False), Column('role', Enum('USER', 'ASSISTANT', 'SYSTEM', name='message_role'), table=<messages>, nullable=False), Column('content', Text(), table=<messages>, nullable=False), Column('created_at', DateTime(timezone=True), table=<messages>, nullable=False, default=CallableColumnDefault(<function datetime.utcnow at 0x78f00107a3e0>)), Column('sources', JSON(), table=<messages>, default=CallableColumnDefault(<function dict at 0x78f00107a520>)), Column('feedback', JSON(), table=<messages>, default=CallableColumnDefault(<function dict at 0x78f00107a660>)), schema=None),
  {ForeignKeyConstraint(<sqlalchemy.sql.base.ReadOnlyColumnCollection object at 0x78efdb3366b0>, None, ondelete='CASCADE', table=Table('messages', MetaData(), Column('id', GUID(), table=<messages>, primary_key=True, nullable=False, default=CallableColumnDefault(<function uuid4 at 0x78f00107a020>)), Column('session_id', GUID(), ForeignKey('chat_sessions.id'), table=<messages>, nullable=False), Column('role', Enum('USER', 'ASSISTANT', 'SYSTEM', name='message_role'), table=<messages>, nullable=False), Column('content', Text(), table=<messages>, nullable=False), Column('created_at', DateTime(timezone=True), table=<messages>, nullable=False, default=CallableColumnDefault(<function datetime.utcnow at 0x78f00107a3e0>)), Column('sources', JSON(), table=<messages>, default=CallableColumnDefault(<function dict at 0x78f00107a520>)), Column('feedback', JSON(), table=<messages>, default=CallableColumnDefault(<function dict at 0x78f00107a660>)), schema=None))}),
 (Table('sync_logs', MetaData(), Column('id', GUID(), table=<sync_logs>, primary_key=True, nullable=False, default=CallableColumnDefault(<function uuid4 at 0x78f00101a3e0>)), Column('source_id', GUID(), ForeignKey('data_sources.id'), table=<sync_logs>, nullable=False), Column('started_at', DateTime(timezone=True), table=<sync_logs>, nullable=False, default=CallableColumnDefault(<function datetime.utcnow at 0x78f00101a480>)), Column('completed_at', DateTime(timezone=True), table=<sync_logs>), Column('status', Enum('PENDING', 'SYNCING', 'SUCCESS', 'FAILED', name='sync_status'), table=<sync_logs>, nullable=False, default=ScalarElementColumnDefault(<SyncStatus.PENDING: 'pending'>)), Column('documents_processed', Integer(), table=<sync_logs>, nullable=False, default=ScalarElementColumnDefault(0)), Column('documents_added', Integer(), table=<sync_logs>, nullable=False, default=ScalarElementColumnDefault(0)), Column('documents_updated', Integer(), table=<sync_logs>, nullable=False, default=ScalarElementColumnDefault(0)), Column('documents_deleted', Integer(), table=<sync_logs>, nullable=False, default=ScalarElementColumnDefault(0)), Column('error_log', Text(), table=<sync_logs>), schema=None),
  {ForeignKeyConstraint(<sqlalchemy.sql.base.ReadOnlyColumnCollection object at 0x78efdb336660>, None, ondelete='CASCADE', table=Table('sync_logs', MetaData(), Column('id', GUID(), table=<sync_logs>, primary_key=True, nullable=False, default=CallableColumnDefault(<function uuid4 at 0x78f00101a3e0>)), Column('source_id', GUID(), ForeignKey('data_sources.id'), table=<sync_logs>, nullable=False), Column('started_at', DateTime(timezone=True), table=<sync_logs>, nullable=False, default=CallableColumnDefault(<function datetime.utcnow at 0x78f00101a480>)), Column('completed_at', DateTime(timezone=True), table=<sync_logs>), Column('status', Enum('PENDING', 'SYNCING', 'SUCCESS', 'FAILED', name='sync_status'), table=<sync_logs>, nullable=False, default=ScalarElementColumnDefault(<SyncStatus.PENDING: 'pending'>)), Column('documents_processed', Integer(), table=<sync_logs>, nullable=False, default=ScalarElementColumnDefault(0)), Column('documents_added', Integer(), table=<sync_logs>, nullable=False, default=ScalarElementColumnDefault(0)), Column('documents_updated', Integer(), table=<sync_logs>, nullable=False, default=ScalarElementColumnDefault(0)), Column('documents_deleted', Integer(), table=<sync_logs>, nullable=False, default=ScalarElementColumnDefault(0)), Column('error_log', Text(), table=<sync_logs>), schema=None))}),
 (Table('documents', MetaData(), Column('id', UUID(), table=<documents>, primary_key=True, nullable=False, default=CallableColumnDefault(<function uuid4 at 0x78f00101bec0>)), Column('source_id', UUID(), ForeignKey('data_sources.id'), table=<documents>, nullable=False), Column('external_id', String(length=255), table=<documents>, nullable=False), Column('title', Text(), table=<documents>, nullable=False), Column('content', Text(), table=<documents>, nullable=False), Column('url', Text(), table=<documents>), Column('metadata', JSONB(astext_type=Text()), table=<documents>, default=CallableColumnDefault(<function dict at 0x78f000fec360>)), Column('created_at', DateTime(timezone=True), table=<documents>, nullable=False, default=CallableColumnDefault(<function datetime.utcnow at 0x78efe0cbef20>)), Column('updated_at', DateTime(timezone=True), table=<documents>, nullable=False, onupdate=CallableColumnDefault(<function datetime.utcnow at 0x78efe0cbf060>), default=CallableColumnDefault(<function datetime.utcnow at 0x78efe0cbefc0>)), Column('is_deleted', Boolean(), table=<documents>, nullable=False, default=ScalarElementColumnDefault(False)), schema=None),
  {ForeignKeyConstraint(<sqlalchemy.sql.base.ReadOnlyColumnCollection object at 0x78efdb336750>, None, ondelete='CASCADE', table=Table('documents', MetaData(), Column('id', UUID(), table=<documents>, primary_key=True, nullable=False, default=CallableColumnDefault(<function uuid4 at 0x78f00101bec0>)), Column('source_id', UUID(), ForeignKey('data_sources.id'), table=<documents>, nullable=False), Column('external_id', String(length=255), table=<documents>, nullable=False), Column('title', Text(), table=<documents>, nullable=False), Column('content', Text(), table=<documents>, nullable=False), Column('url', Text(), table=<documents>), Column('metadata', JSONB(astext_type=Text()), table=<documents>, default=CallableColumnDefault(<function dict at 0x78f000fec360>)), Column('created_at', DateTime(timezone=True), table=<documents>, nullable=False, default=CallableColumnDefault(<function datetime.utcnow at 0x78efe0cbef20>)), Column('updated_at', DateTime(timezone=True), table=<documents>, nullable=False, onupdate=CallableColumnDefault(<function datetime.utcnow at 0x78efe0cbf060>), default=CallableColumnDefault(<function datetime.utcnow at 0x78efe0cbefc0>)), Column('is_deleted', Boolean(), table=<documents>, nullable=False, default=ScalarElementColumnDefault(False)), schema=None))}),
 (Table('document_chunks', MetaData(), Column('id', UUID(), table=<document_chunks>, primary_key=True, nullable=False, default=CallableColumnDefault(<function uuid4 at 0x78efe0ce0720>)), Column('document_id', UUID(), ForeignKey('documents.id'), table=<document_chunks>, nullable=False), Column('chunk_index', Integer(), table=<document_chunks>, nullable=False), Column('content', Text(), table=<document_chunks>, nullable=False), Column('embedding', Vector(dim=384), table=<document_chunks>), Column('metadata', JSONB(astext_type=Text()), table=<document_chunks>, default=CallableColumnDefault(<function dict at 0x78efe0ce07c0>)), Column('created_at', DateTime(timezone=True), table=<document_chunks>, nullable=False, default=CallableColumnDefault(<function datetime.utcnow at 0x78efe0ce09a0>)), schema=None),
  {ForeignKeyConstraint(<sqlalchemy.sql.base.ReadOnlyColumnCollection object at 0x78efdb3367a0>, None, ondelete='CASCADE', table=Table('document_chunks', MetaData(), Column('id', UUID(), table=<document_chunks>, primary_key=True, nullable=False, default=CallableColumnDefault(<function uuid4 at 0x78efe0ce0720>)), Column('document_id', UUID(), ForeignKey('documents.id'), table=<document_chunks>, nullable=False), Column('chunk_index', Integer(), table=<document_chunks>, nullable=False), Column('content', Text(), table=<document_chunks>, nullable=False), Column('embedding', Vector(dim=384), table=<document_chunks>), Column('metadata', JSONB(astext_type=Text()), table=<document_chunks>, default=CallableColumnDefault(<function dict at 0x78efe0ce07c0>)), Column('created_at', DateTime(timezone=True), table=<document_chunks>, nullable=False, default=CallableColumnDefault(<function datetime.utcnow at 0x78efe0ce09a0>)), schema=None))}),
 (None, [])]
        event_collection = [Table('users', MetaData(), Column('id', GUID(), table=<users>, primary_key=True, nullable=False, default=CallableColumnDefault(<function uuid4 at 0x78f001182de0>)), Column('email', String(length=255), table=<users>), Column('password_hash', String(length=255), table=<users>), Column('role', Enum('ADMIN', 'USER', 'ANONYMOUS', name='user_role'), table=<users>, nullable=False, default=ScalarElementColumnDefault(<UserRole.ANONYMOUS: 'anonymous'>)), Column('is_active', Boolean(), table=<users>, nullable=False, default=ScalarElementColumnDefault(True)), Column('created_at', DateTime(timezone=True), table=<users>, nullable=False, default=CallableColumnDefault(<function datetime.utcnow at 0x78f0011e8ea0>)), Column('last_login', DateTime(timezone=True), table=<users>), schema=None),
 Table('chat_sessions', MetaData(), Column('id', GUID(), table=<chat_sessions>, primary_key=True, nullable=False, default=CallableColumnDefault(<function uuid4 at 0x78f001078720>)), Column('user_id', GUID(), ForeignKey('users.id'), table=<chat_sessions>), Column('session_token', String(length=255), table=<chat_sessions>, nullable=False), Column('created_at', DateTime(timezone=True), table=<chat_sessions>, nullable=False, default=CallableColumnDefault(<function datetime.utcnow at 0x78f0010787c0>)), Column('updated_at', DateTime(timezone=True), table=<chat_sessions>, nullable=False, onupdate=CallableColumnDefault(<function datetime.utcnow at 0x78f001078ae0>), default=CallableColumnDefault(<function datetime.utcnow at 0x78f001078a40>)), Column('metadata', JSON(), table=<chat_sessions>, default=CallableColumnDefault(<function dict at 0x78f001078b80>)), schema=None),
 Table('data_sources', MetaData(), Column('id', GUID(), table=<data_sources>, primary_key=True, nullable=False, default=CallableColumnDefault(<function uuid4 at 0x78f00107bd80>)), Column('name', String(length=255), table=<data_sources>, nullable=False), Column('type', Enum('CONFLUENCE', 'JIRA', 'GITHUB', 'ONBOARDING', name='source_type'), table=<data_sources>, nullable=False), Column('config', JSON(), table=<data_sources>, nullable=False, default=CallableColumnDefault(<function dict at 0x78f001018040>)), Column('last_sync_at', DateTime(timezone=True), table=<data_sources>), Column('sync_status', Enum('PENDING', 'SYNCING', 'SUCCESS', 'FAILED', name='sync_status'), table=<data_sources>, nullable=False, default=ScalarElementColumnDefault(<SyncStatus.PENDING: 'pending'>)), Column('sync_error', Text(), table=<data_sources>), Column('created_by', GUID(), ForeignKey('users.id'), table=<data_sources>, nullable=False), Column('is_active', Boolean(), table=<data_sources>, nullable=False, default=ScalarElementColumnDefault(True)), schema=None),
 Table('messages', MetaData(), Column('id', GUID(), table=<messages>, primary_key=True, nullable=False, default=CallableColumnDefault(<function uuid4 at 0x78f00107a020>)), Column('session_id', GUID(), ForeignKey('chat_sessions.id'), table=<messages>, nullable=False), Column('role', Enum('USER', 'ASSISTANT', 'SYSTEM', name='message_role'), table=<messages>, nullable=False), Column('content', Text(), table=<messages>, nullable=False), Column('created_at', DateTime(timezone=True), table=<messages>, nullable=False, default=CallableColumnDefault(<function datetime.utcnow at 0x78f00107a3e0>)), Column('sources', JSON(), table=<messages>, default=CallableColumnDefault(<function dict at 0x78f00107a520>)), Column('feedback', JSON(), table=<messages>, default=CallableColumnDefault(<function dict at 0x78f00107a660>)), schema=None),
 Table('sync_logs', MetaData(), Column('id', GUID(), table=<sync_logs>, primary_key=True, nullable=False, default=CallableColumnDefault(<function uuid4 at 0x78f00101a3e0>)), Column('source_id', GUID(), ForeignKey('data_sources.id'), table=<sync_logs>, nullable=False), Column('started_at', DateTime(timezone=True), table=<sync_logs>, nullable=False, default=CallableColumnDefault(<function datetime.utcnow at 0x78f00101a480>)), Column('completed_at', DateTime(timezone=True), table=<sync_logs>), Column('status', Enum('PENDING', 'SYNCING', 'SUCCESS', 'FAILED', name='sync_status'), table=<sync_logs>, nullable=False, default=ScalarElementColumnDefault(<SyncStatus.PENDING: 'pending'>)), Column('documents_processed', Integer(), table=<sync_logs>, nullable=False, default=ScalarElementColumnDefault(0)), Column('documents_added', Integer(), table=<sync_logs>, nullable=False, default=ScalarElementColumnDefault(0)), Column('documents_updated', Integer(), table=<sync_logs>, nullable=False, default=ScalarElementColumnDefault(0)), Column('documents_deleted', Integer(), table=<sync_logs>, nullable=False, default=ScalarElementColumnDefault(0)), Column('error_log', Text(), table=<sync_logs>), schema=None),
 Table('documents', MetaData(), Column('id', UUID(), table=<documents>, primary_key=True, nullable=False, default=CallableColumnDefault(<function uuid4 at 0x78f00101bec0>)), Column('source_id', UUID(), ForeignKey('data_sources.id'), table=<documents>, nullable=False), Column('external_id', String(length=255), table=<documents>, nullable=False), Column('title', Text(), table=<documents>, nullable=False), Column('content', Text(), table=<documents>, nullable=False), Column('url', Text(), table=<documents>), Column('metadata', JSONB(astext_type=Text()), table=<documents>, default=CallableColumnDefault(<function dict at 0x78f000fec360>)), Column('created_at', DateTime(timezone=True), table=<documents>, nullable=False, default=CallableColumnDefault(<function datetime.utcnow at 0x78efe0cbef20>)), Column('updated_at', DateTime(timezone=True), table=<documents>, nullable=False, onupdate=CallableColumnDefault(<function datetime.utcnow at 0x78efe0cbf060>), default=CallableColumnDefault(<function datetime.utcnow at 0x78efe0cbefc0>)), Column('is_deleted', Boolean(), table=<documents>, nullable=False, default=ScalarElementColumnDefault(False)), schema=None),
 Table('document_chunks', MetaData(), Column('id', UUID(), table=<document_chunks>, primary_key=True, nullable=False, default=CallableColumnDefault(<function uuid4 at 0x78efe0ce0720>)), Column('document_id', UUID(), ForeignKey('documents.id'), table=<document_chunks>, nullable=False), Column('chunk_index', Integer(), table=<document_chunks>, nullable=False), Column('content', Text(), table=<document_chunks>, nullable=False), Column('embedding', Vector(dim=384), table=<document_chunks>), Column('metadata', JSONB(astext_type=Text()), table=<document_chunks>, default=CallableColumnDefault(<function dict at 0x78efe0ce07c0>)), Column('created_at', DateTime(timezone=True), table=<document_chunks>, nullable=False, default=CallableColumnDefault(<function datetime.utcnow at 0x78efe0ce09a0>)), schema=None)]
        fkcs       = set()
        metadata   = MetaData()
        self       = <sqlalchemy.sql.ddl.SchemaGenerator object at 0x78efe0ce40d0>
        seq_coll   = []
        table      = Table('users', MetaData(), Column('id', GUID(), table=<users>, primary_key=True, nullable=False, default=CallableColumnDefault(<function uuid4 at 0x78f001182de0>)), Column('email', String(length=255), table=<users>), Column('password_hash', String(length=255), table=<users>), Column('role', Enum('ADMIN', 'USER', 'ANONYMOUS', name='user_role'), table=<users>, nullable=False, default=ScalarElementColumnDefault(<UserRole.ANONYMOUS: 'anonymous'>)), Column('is_active', Boolean(), table=<users>, nullable=False, default=ScalarElementColumnDefault(True)), Column('created_at', DateTime(timezone=True), table=<users>, nullable=False, default=CallableColumnDefault(<function datetime.utcnow at 0x78f0011e8ea0>)), Column('last_login', DateTime(timezone=True), table=<users>), schema=None)
        tables     = [Table('users', MetaData(), Column('id', GUID(), table=<users>, primary_key=True, nullable=False, default=CallableColumnDefault(<function uuid4 at 0x78f001182de0>)), Column('email', String(length=255), table=<users>), Column('password_hash', String(length=255), table=<users>), Column('role', Enum('ADMIN', 'USER', 'ANONYMOUS', name='user_role'), table=<users>, nullable=False, default=ScalarElementColumnDefault(<UserRole.ANONYMOUS: 'anonymous'>)), Column('is_active', Boolean(), table=<users>, nullable=False, default=ScalarElementColumnDefault(True)), Column('created_at', DateTime(timezone=True), table=<users>, nullable=False, default=CallableColumnDefault(<function datetime.utcnow at 0x78f0011e8ea0>)), Column('last_login', DateTime(timezone=True), table=<users>), schema=None),
 Table('chat_sessions', MetaData(), Column('id', GUID(), table=<chat_sessions>, primary_key=True, nullable=False, default=CallableColumnDefault(<function uuid4 at 0x78f001078720>)), Column('user_id', GUID(), ForeignKey('users.id'), table=<chat_sessions>), Column('session_token', String(length=255), table=<chat_sessions>, nullable=False), Column('created_at', DateTime(timezone=True), table=<chat_sessions>, nullable=False, default=CallableColumnDefault(<function datetime.utcnow at 0x78f0010787c0>)), Column('updated_at', DateTime(timezone=True), table=<chat_sessions>, nullable=False, onupdate=CallableColumnDefault(<function datetime.utcnow at 0x78f001078ae0>), default=CallableColumnDefault(<function datetime.utcnow at 0x78f001078a40>)), Column('metadata', JSON(), table=<chat_sessions>, default=CallableColumnDefault(<function dict at 0x78f001078b80>)), schema=None),
 Table('messages', MetaData(), Column('id', GUID(), table=<messages>, primary_key=True, nullable=False, default=CallableColumnDefault(<function uuid4 at 0x78f00107a020>)), Column('session_id', GUID(), ForeignKey('chat_sessions.id'), table=<messages>, nullable=False), Column('role', Enum('USER', 'ASSISTANT', 'SYSTEM', name='message_role'), table=<messages>, nullable=False), Column('content', Text(), table=<messages>, nullable=False), Column('created_at', DateTime(timezone=True), table=<messages>, nullable=False, default=CallableColumnDefault(<function datetime.utcnow at 0x78f00107a3e0>)), Column('sources', JSON(), table=<messages>, default=CallableColumnDefault(<function dict at 0x78f00107a520>)), Column('feedback', JSON(), table=<messages>, default=CallableColumnDefault(<function dict at 0x78f00107a660>)), schema=None),
 Table('data_sources', MetaData(), Column('id', GUID(), table=<data_sources>, primary_key=True, nullable=False, default=CallableColumnDefault(<function uuid4 at 0x78f00107bd80>)), Column('name', String(length=255), table=<data_sources>, nullable=False), Column('type', Enum('CONFLUENCE', 'JIRA', 'GITHUB', 'ONBOARDING', name='source_type'), table=<data_sources>, nullable=False), Column('config', JSON(), table=<data_sources>, nullable=False, default=CallableColumnDefault(<function dict at 0x78f001018040>)), Column('last_sync_at', DateTime(timezone=True), table=<data_sources>), Column('sync_status', Enum('PENDING', 'SYNCING', 'SUCCESS', 'FAILED', name='sync_status'), table=<data_sources>, nullable=False, default=ScalarElementColumnDefault(<SyncStatus.PENDING: 'pending'>)), Column('sync_error', Text(), table=<data_sources>), Column('created_by', GUID(), ForeignKey('users.id'), table=<data_sources>, nullable=False), Column('is_active', Boolean(), table=<data_sources>, nullable=False, default=ScalarElementColumnDefault(True)), schema=None),
 Table('sync_logs', MetaData(), Column('id', GUID(), table=<sync_logs>, primary_key=True, nullable=False, default=CallableColumnDefault(<function uuid4 at 0x78f00101a3e0>)), Column('source_id', GUID(), ForeignKey('data_sources.id'), table=<sync_logs>, nullable=False), Column('started_at', DateTime(timezone=True), table=<sync_logs>, nullable=False, default=CallableColumnDefault(<function datetime.utcnow at 0x78f00101a480>)), Column('completed_at', DateTime(timezone=True), table=<sync_logs>), Column('status', Enum('PENDING', 'SYNCING', 'SUCCESS', 'FAILED', name='sync_status'), table=<sync_logs>, nullable=False, default=ScalarElementColumnDefault(<SyncStatus.PENDING: 'pending'>)), Column('documents_processed', Integer(), table=<sync_logs>, nullable=False, default=ScalarElementColumnDefault(0)), Column('documents_added', Integer(), table=<sync_logs>, nullable=False, default=ScalarElementColumnDefault(0)), Column('documents_updated', Integer(), table=<sync_logs>, nullable=False, default=ScalarElementColumnDefault(0)), Column('documents_deleted', Integer(), table=<sync_logs>, nullable=False, default=ScalarElementColumnDefault(0)), Column('error_log', Text(), table=<sync_logs>), schema=None),
 Table('documents', MetaData(), Column('id', UUID(), table=<documents>, primary_key=True, nullable=False, default=CallableColumnDefault(<function uuid4 at 0x78f00101bec0>)), Column('source_id', UUID(), ForeignKey('data_sources.id'), table=<documents>, nullable=False), Column('external_id', String(length=255), table=<documents>, nullable=False), Column('title', Text(), table=<documents>, nullable=False), Column('content', Text(), table=<documents>, nullable=False), Column('url', Text(), table=<documents>), Column('metadata', JSONB(astext_type=Text()), table=<documents>, default=CallableColumnDefault(<function dict at 0x78f000fec360>)), Column('created_at', DateTime(timezone=True), table=<documents>, nullable=False, default=CallableColumnDefault(<function datetime.utcnow at 0x78efe0cbef20>)), Column('updated_at', DateTime(timezone=True), table=<documents>, nullable=False, onupdate=CallableColumnDefault(<function datetime.utcnow at 0x78efe0cbf060>), default=CallableColumnDefault(<function datetime.utcnow at 0x78efe0cbefc0>)), Column('is_deleted', Boolean(), table=<documents>, nullable=False, default=ScalarElementColumnDefault(False)), schema=None),
 Table('document_chunks', MetaData(), Column('id', UUID(), table=<document_chunks>, primary_key=True, nullable=False, default=CallableColumnDefault(<function uuid4 at 0x78efe0ce0720>)), Column('document_id', UUID(), ForeignKey('documents.id'), table=<document_chunks>, nullable=False), Column('chunk_index', Integer(), table=<document_chunks>, nullable=False), Column('content', Text(), table=<document_chunks>, nullable=False), Column('embedding', Vector(dim=384), table=<document_chunks>), Column('metadata', JSONB(astext_type=Text()), table=<document_chunks>, default=CallableColumnDefault(<function dict at 0x78efe0ce07c0>)), Column('created_at', DateTime(timezone=True), table=<document_chunks>, nullable=False, default=CallableColumnDefault(<function datetime.utcnow at 0x78efe0ce09a0>)), schema=None)]
venv/lib/python3.12/site-packages/sqlalchemy/sql/visitors.py:671: in traverse_single
    return meth(obj, **kw)
        kw         = {'_is_metadata_operation': True,
 'create_ok': True,
 'include_foreign_key_constraints': set()}
        meth       = <bound method SchemaGenerator.visit_table of <sqlalchemy.sql.ddl.SchemaGenerator object at 0x78efe0ce40d0>>
        obj        = Table('users', MetaData(), Column('id', GUID(), table=<users>, primary_key=True, nullable=False, default=CallableColumnDefault(<function uuid4 at 0x78f001182de0>)), Column('email', String(length=255), table=<users>), Column('password_hash', String(length=255), table=<users>), Column('role', Enum('ADMIN', 'USER', 'ANONYMOUS', name='user_role'), table=<users>, nullable=False, default=ScalarElementColumnDefault(<UserRole.ANONYMOUS: 'anonymous'>)), Column('is_active', Boolean(), table=<users>, nullable=False, default=ScalarElementColumnDefault(True)), Column('created_at', DateTime(timezone=True), table=<users>, nullable=False, default=CallableColumnDefault(<function datetime.utcnow at 0x78f0011e8ea0>)), Column('last_login', DateTime(timezone=True), table=<users>), schema=None)
        self       = <sqlalchemy.sql.ddl.SchemaGenerator object at 0x78efe0ce40d0>
        v          = <sqlalchemy.sql.ddl.SchemaGenerator object at 0x78efe0ce40d0>
venv/lib/python3.12/site-packages/sqlalchemy/sql/ddl.py:961: in visit_table
    self.traverse_single(index, create_ok=True)
        _is_metadata_operation = True
        column     = Column('last_login', DateTime(timezone=True), table=<users>)
        create_ok  = True
        include_foreign_key_constraints = None
        index      = Index('ix_users_email', Column('email', String(length=255), table=<users>), unique=True)
        self       = <sqlalchemy.sql.ddl.SchemaGenerator object at 0x78efe0ce40d0>
        table      = Table('users', MetaData(), Column('id', GUID(), table=<users>, primary_key=True, nullable=False, default=CallableColumnDefault(<function uuid4 at 0x78f001182de0>)), Column('email', String(length=255), table=<users>), Column('password_hash', String(length=255), table=<users>), Column('role', Enum('ADMIN', 'USER', 'ANONYMOUS', name='user_role'), table=<users>, nullable=False, default=ScalarElementColumnDefault(<UserRole.ANONYMOUS: 'anonymous'>)), Column('is_active', Boolean(), table=<users>, nullable=False, default=ScalarElementColumnDefault(True)), Column('created_at', DateTime(timezone=True), table=<users>, nullable=False, default=CallableColumnDefault(<function datetime.utcnow at 0x78f0011e8ea0>)), Column('last_login', DateTime(timezone=True), table=<users>), schema=None)
venv/lib/python3.12/site-packages/sqlalchemy/sql/visitors.py:671: in traverse_single
    return meth(obj, **kw)
        kw         = {'create_ok': True}
        meth       = <bound method SchemaGenerator.visit_index of <sqlalchemy.sql.ddl.SchemaGenerator object at 0x78efe0ce40d0>>
        obj        = Index('ix_users_email', Column('email', String(length=255), table=<users>), unique=True)
        self       = <sqlalchemy.sql.ddl.SchemaGenerator object at 0x78efe0ce40d0>
        v          = <sqlalchemy.sql.ddl.SchemaGenerator object at 0x78efe0ce40d0>
venv/lib/python3.12/site-packages/sqlalchemy/sql/ddl.py:998: in visit_index
    CreateIndex(index)._invoke_with(self.connection)
        create_ok  = True
        index      = Index('ix_users_email', Column('email', String(length=255), table=<users>), unique=True)
        self       = <sqlalchemy.sql.ddl.SchemaGenerator object at 0x78efe0ce40d0>
venv/lib/python3.12/site-packages/sqlalchemy/sql/ddl.py:315: in _invoke_with
    return bind.execute(self)
        bind       = <sqlalchemy.engine.base.Connection object at 0x78efe0bd0380>
        self       = <sqlalchemy.sql.ddl.CreateIndex object at 0x78f000fe2900>
venv/lib/python3.12/site-packages/sqlalchemy/engine/base.py:1416: in execute
    return meth(
        distilled_parameters = ()
        execution_options = None
        meth       = <bound method ExecutableDDLElement._execute_on_connection of <sqlalchemy.sql.ddl.CreateIndex object at 0x78f000fe2900>>
        parameters = None
        self       = <sqlalchemy.engine.base.Connection object at 0x78efe0bd0380>
        statement  = <sqlalchemy.sql.ddl.CreateIndex object at 0x78f000fe2900>
venv/lib/python3.12/site-packages/sqlalchemy/sql/ddl.py:181: in _execute_on_connection
    return connection._execute_ddl(
        connection = <sqlalchemy.engine.base.Connection object at 0x78efe0bd0380>
        distilled_params = ()
        execution_options = immutabledict({})
        self       = <sqlalchemy.sql.ddl.CreateIndex object at 0x78f000fe2900>
venv/lib/python3.12/site-packages/sqlalchemy/engine/base.py:1528: in _execute_ddl
    ret = self._execute_context(
        compiled   = <sqlalchemy.dialects.sqlite.base.SQLiteDDLCompiler object at 0x78efe0bd18e0>
        ddl        = <sqlalchemy.sql.ddl.CreateIndex object at 0x78f000fe2900>
        dialect    = <sqlalchemy.dialects.sqlite.aiosqlite.SQLiteDialect_aiosqlite object at 0x78efe0cc3620>
        distilled_parameters = ()
        event_multiparams = None
        event_params = None
        exec_opts  = immutabledict({})
        execution_options = immutabledict({})
        schema_translate_map = None
        self       = <sqlalchemy.engine.base.Connection object at 0x78efe0bd0380>
venv/lib/python3.12/site-packages/sqlalchemy/engine/base.py:1848: in _execute_context
    return self._exec_single_context(
        args       = (<sqlalchemy.dialects.sqlite.base.SQLiteDDLCompiler object at 0x78efe0bd18e0>,)
        conn       = <sqlalchemy.pool.base._ConnectionFairy object at 0x78efe0ba6930>
        constructor = <bound method DefaultExecutionContext._init_ddl of <class 'sqlalchemy.dialects.sqlite.aiosqlite.SQLiteExecutionContext_aiosqlite'>>
        context    = <sqlalchemy.dialects.sqlite.aiosqlite.SQLiteExecutionContext_aiosqlite object at 0x78efe0bd21b0>
        dialect    = <sqlalchemy.dialects.sqlite.aiosqlite.SQLiteDialect_aiosqlite object at 0x78efe0cc3620>
        execution_options = immutabledict({})
        kw         = {}
        parameters = None
        self       = <sqlalchemy.engine.base.Connection object at 0x78efe0bd0380>
        statement  = <sqlalchemy.dialects.sqlite.base.SQLiteDDLCompiler object at 0x78efe0bd18e0>
venv/lib/python3.12/site-packages/sqlalchemy/engine/base.py:1988: in _exec_single_context
    self._handle_dbapi_exception(
        context    = <sqlalchemy.dialects.sqlite.aiosqlite.SQLiteExecutionContext_aiosqlite object at 0x78efe0bd21b0>
        cursor     = <sqlalchemy.dialects.sqlite.aiosqlite.AsyncAdapt_aiosqlite_cursor object at 0x78efe0ba7e20>
        dialect    = <sqlalchemy.dialects.sqlite.aiosqlite.SQLiteDialect_aiosqlite object at 0x78efe0cc3620>
        effective_parameters = ()
        evt_handled = False
        parameters = [()]
        self       = <sqlalchemy.engine.base.Connection object at 0x78efe0bd0380>
        statement  = <sqlalchemy.dialects.sqlite.base.SQLiteDDLCompiler object at 0x78efe0bd18e0>
        str_statement = 'CREATE UNIQUE INDEX ix_users_email ON users (email)'
venv/lib/python3.12/site-packages/sqlalchemy/engine/base.py:2344: in _handle_dbapi_exception
    raise sqlalchemy_exception.with_traceback(exc_info[2]) from e
        context    = <sqlalchemy.dialects.sqlite.aiosqlite.SQLiteExecutionContext_aiosqlite object at 0x78efe0bd21b0>
        cursor     = <sqlalchemy.dialects.sqlite.aiosqlite.AsyncAdapt_aiosqlite_cursor object at 0x78efe0ba7e20>
        e          = OperationalError('index ix_users_email already exists')
        exc_info   = (<class 'sqlite3.OperationalError'>,
 OperationalError('index ix_users_email already exists'),
 <traceback object at 0x78efe0201740>)
        invalidate_pool_on_disconnect = True
        is_exit_exception = False
        is_sub_exec = False
        ismulti    = False
        newraise   = None
        parameters = ()
        self       = <sqlalchemy.engine.base.Connection object at 0x78efe0bd0380>
        should_wrap = True
        sqlalchemy_exception = OperationalError('(sqlite3.OperationalError) index ix_users_email already exists')
        statement  = 'CREATE UNIQUE INDEX ix_users_email ON users (email)'
venv/lib/python3.12/site-packages/sqlalchemy/engine/base.py:1969: in _exec_single_context
    self.dialect.do_execute(
        context    = <sqlalchemy.dialects.sqlite.aiosqlite.SQLiteExecutionContext_aiosqlite object at 0x78efe0bd21b0>
        cursor     = <sqlalchemy.dialects.sqlite.aiosqlite.AsyncAdapt_aiosqlite_cursor object at 0x78efe0ba7e20>
        dialect    = <sqlalchemy.dialects.sqlite.aiosqlite.SQLiteDialect_aiosqlite object at 0x78efe0cc3620>
        effective_parameters = ()
        evt_handled = False
        parameters = [()]
        self       = <sqlalchemy.engine.base.Connection object at 0x78efe0bd0380>
        statement  = <sqlalchemy.dialects.sqlite.base.SQLiteDDLCompiler object at 0x78efe0bd18e0>
        str_statement = 'CREATE UNIQUE INDEX ix_users_email ON users (email)'
venv/lib/python3.12/site-packages/sqlalchemy/engine/default.py:922: in do_execute
    cursor.execute(statement, parameters)
        context    = <sqlalchemy.dialects.sqlite.aiosqlite.SQLiteExecutionContext_aiosqlite object at 0x78efe0bd21b0>
        cursor     = <sqlalchemy.dialects.sqlite.aiosqlite.AsyncAdapt_aiosqlite_cursor object at 0x78efe0ba7e20>
        parameters = ()
        self       = <sqlalchemy.dialects.sqlite.aiosqlite.SQLiteDialect_aiosqlite object at 0x78efe0cc3620>
        statement  = 'CREATE UNIQUE INDEX ix_users_email ON users (email)'
venv/lib/python3.12/site-packages/sqlalchemy/dialects/sqlite/aiosqlite.py:146: in execute
    self._adapt_connection._handle_exception(error)
        _cursor    = <aiosqlite.cursor.Cursor object at 0x78efe0bd2210>
        operation  = 'CREATE UNIQUE INDEX ix_users_email ON users (email)'
        parameters = ()
        self       = <sqlalchemy.dialects.sqlite.aiosqlite.AsyncAdapt_aiosqlite_cursor object at 0x78efe0ba7e20>
venv/lib/python3.12/site-packages/sqlalchemy/dialects/sqlite/aiosqlite.py:298: in _handle_exception
    raise error
        error      = OperationalError('index ix_users_email already exists')
        self       = <AdaptedConnection <aiosqlite.core.Connection object at 0x78efe0bd0950>>
venv/lib/python3.12/site-packages/sqlalchemy/dialects/sqlite/aiosqlite.py:128: in execute
    self.await_(_cursor.execute(operation, parameters))
        _cursor    = <aiosqlite.cursor.Cursor object at 0x78efe0bd2210>
        operation  = 'CREATE UNIQUE INDEX ix_users_email ON users (email)'
        parameters = ()
        self       = <sqlalchemy.dialects.sqlite.aiosqlite.AsyncAdapt_aiosqlite_cursor object at 0x78efe0ba7e20>
venv/lib/python3.12/site-packages/sqlalchemy/util/_concurrency_py3k.py:130: in await_only
    return current.driver.switch(awaitable)  # type: ignore[no-any-return]
        awaitable  = <coroutine object Cursor.execute at 0x78efe0be19a0>
        current    = <_AsyncIoGreenlet object at 0x78efe0b41940 (otid=0x1d6ace30) dead>
venv/lib/python3.12/site-packages/sqlalchemy/util/_concurrency_py3k.py:195: in greenlet_spawn
    value = await result
        _require_await = False
        args       = (<sqlalchemy.engine.base.Connection object at 0x78efe0bd0380>,)
        context    = <_AsyncIoGreenlet object at 0x78efe0b41940 (otid=0x1d6ace30) dead>
        fn         = <bound method MetaData.create_all of MetaData()>
        kwargs     = {}
        result     = <coroutine object Cursor.execute at 0x78efe0be19a0>
        switch_occurred = True
        value      = <aiosqlite.cursor.Cursor object at 0x78efe0bd2210>
venv/lib/python3.12/site-packages/aiosqlite/cursor.py:40: in execute
    await self._execute(self._cursor.execute, sql, parameters)
        parameters = ()
        self       = <aiosqlite.cursor.Cursor object at 0x78efe0bd2210>
        sql        = 'CREATE UNIQUE INDEX ix_users_email ON users (email)'
venv/lib/python3.12/site-packages/aiosqlite/cursor.py:32: in _execute
    return await self._conn._execute(fn, *args, **kwargs)
        args       = ('CREATE UNIQUE INDEX ix_users_email ON users (email)', ())
        fn         = <built-in method execute of sqlite3.Cursor object at 0x78efe0bb97c0>
        kwargs     = {}
        self       = <aiosqlite.cursor.Cursor object at 0x78efe0bd2210>
venv/lib/python3.12/site-packages/aiosqlite/core.py:160: in _execute
    return await future
        args       = ('CREATE UNIQUE INDEX ix_users_email ON users (email)', ())
        fn         = <built-in method execute of sqlite3.Cursor object at 0x78efe0bb97c0>
        function   = functools.partial(<built-in method execute of sqlite3.Cursor object at 0x78efe0bb97c0>, 'CREATE UNIQUE INDEX ix_users_email ON users (email)', ())
        future     = <Future finished exception=OperationalError('index ix_users_email already exists')>
        kwargs     = {}
        self       = <aiosqlite.core.Connection object at 0x78efe0bd0950>
venv/lib/python3.12/site-packages/aiosqlite/core.py:63: in _connection_worker_thread
    result = function()
E   sqlalchemy.exc.OperationalError: (sqlite3.OperationalError) index ix_users_email already exists
E   [SQL: CREATE UNIQUE INDEX ix_users_email ON users (email)]
E   (Background on this error at: https://sqlalche.me/e/20/e3q8)
        function   = functools.partial(<built-in method rollback of sqlite3.Connection object at 0x78efe0b6f2e0>)
        future     = <Future finished result=None>
        result     = None
        tx         = <_queue.SimpleQueue object at 0x78efe0bd7060>

---------- coverage: platform linux, python 3.12.3-final-0 -----------
Name                                    Stmts   Miss Branch BrPart  Cover   Missing
-----------------------------------------------------------------------------------
app/__init__.py                             2      0      0      0   100%
app/api/__init__.py                         0      0      0      0   100%
app/api/routes/__init__.py                  0      0      0      0   100%
app/config/__init__.py                      0      0      0      0   100%
app/core/__init__.py                        0      0      0      0   100%
app/core/config.py                         61      0      0      0   100%
app/core/logging.py                        13     13      0      0     0%   4-33
app/core/security.py                       24     24      2      0     0%   4-43
app/db/__init__.py                          0      0      0      0   100%
app/db/session.py                          19      9      2      1    52%   21, 48-56
app/db/types.py                            47     30     24      1    25%   19, 24-31, 34-41, 53-56, 59-65, 68-74
app/main.py                                16     16      2      0     0%   4-59
app/middleware/__init__.py                  0      0      0      0   100%
app/models/__init__.py                      5      0      0      0   100%
app/models/chat.py                         38      2      0      0    95%   92, 158
app/models/document.py                     38      2      0      0    95%   106, 174
app/models/source.py                       51      2      0      0    96%   118, 199
app/models/user.py                         26      1      0      0    96%   89
app/schemas/__init__.py                     0      0      0      0   100%
app/services/__init__.py                    0      0      0      0   100%
app/services/genai/__init__.py              0      0      0      0   100%
app/services/ingestion/__init__.py          0      0      0      0   100%
app/services/integrations/__init__.py       0      0      0      0   100%
app/tasks/__init__.py                       0      0      0      0   100%
app/utils/__init__.py                       0      0      0      0   100%
-----------------------------------------------------------------------------------
TOTAL                                     340     99     30      2    66%
Coverage HTML written to dir htmlcov
Coverage XML written to file coverage.xml

FAIL Required test coverage of 80% not reached. Total coverage: 65.68%
=========================== short test summary info ============================
SKIPPED [1] tests/unit/models/test_document.py:123: requires PostgreSQL with pgvector
ERROR tests/unit/models/test_chat.py::test_chat_session_creation_with_user - ...
ERROR tests/unit/models/test_chat.py::test_chat_session_anonymous_user - sqla...
ERROR tests/unit/models/test_chat.py::test_chat_session_metadata_jsonb - sqla...
ERROR tests/unit/models/test_chat.py::test_message_cascade_delete - sqlalchem...
ERROR tests/unit/models/test_chat.py::test_message_role_enum_and_jsonb - sqla...
ERROR tests/unit/models/test_document.py::test_document_soft_delete - sqlalch...
ERROR tests/unit/models/test_document.py::test_document_cascade_delete_chunks
ERROR tests/unit/models/test_document.py::test_document_chunk_ordering - sqla...
ERROR tests/unit/models/test_relationships.py::test_async_relationship_loading
ERROR tests/unit/models/test_relationships.py::test_timestamp_automatic_updates
ERROR tests/unit/models/test_relationships.py::test_complex_query_multiple_relationships
ERROR tests/unit/models/test_relationships.py::test_bidirectional_relationships
ERROR tests/unit/models/test_source.py::test_data_source_with_all_source_types
ERROR tests/unit/models/test_source.py::test_data_source_config_jsonb - sqlal...
ERROR tests/unit/models/test_source.py::test_sync_log_creation_and_metrics - ...
ERROR tests/unit/models/test_source.py::test_sync_status_enum_transitions - s...
ERROR tests/unit/models/test_user.py::test_user_creation_with_all_fields - sq...
ERROR tests/unit/models/test_user.py::test_user_email_unique_constraint - sql...
ERROR tests/unit/models/test_user.py::test_user_role_enum_validation - sqlalc...
ERROR tests/unit/models/test_user.py::test_user_default_values - sqlalchemy.e...
ERROR tests/integration/models/test_model_integration.py::test_index_existence_verification
ERROR tests/integration/models/test_model_integration.py::test_full_crud_operations
ERROR tests/integration/models/test_model_integration.py::test_constraint_enforcement
ERROR tests/integration/models/test_model_integration.py::test_default_values_applied
======================== 1 skipped, 24 errors in 32.84s ========================
